[2025-01-29T13:39:18.460+0000][7][gc] Using G1
[2025-01-29T13:39:18.645+0000][7][gc,init] Version: 15.0.1+9 (release)
[2025-01-29T13:39:18.645+0000][7][gc,init] CPUs: 8 total, 8 available
[2025-01-29T13:39:18.646+0000][7][gc,init] Memory: 15868M
[2025-01-29T13:39:18.646+0000][7][gc,init] Large Page Support: Disabled
[2025-01-29T13:39:18.646+0000][7][gc,init] NUMA Support: Disabled
[2025-01-29T13:39:18.646+0000][7][gc,init] Compressed Oops: Enabled (32-bit)
[2025-01-29T13:39:18.646+0000][7][gc,init] Heap Region Size: 4M
[2025-01-29T13:39:18.646+0000][7][gc,init] Heap Min Capacity: 256M
[2025-01-29T13:39:18.646+0000][7][gc,init] Heap Initial Capacity: 256M
[2025-01-29T13:39:18.646+0000][7][gc,init] Heap Max Capacity: 256M
[2025-01-29T13:39:18.646+0000][7][gc,init] Pre-touch: Enabled
[2025-01-29T13:39:18.646+0000][7][gc,init] Parallel Workers: 8
[2025-01-29T13:39:18.646+0000][7][gc,init] Concurrent Workers: 2
[2025-01-29T13:39:18.646+0000][7][gc,init] Concurrent Refinement Workers: 8
[2025-01-29T13:39:18.646+0000][7][gc,init] Periodic GC: Disabled
[2025-01-29T13:39:18.646+0000][7][gc,cds ] Mark closed archive regions in map: [0x00000000ffc00000, 0x00000000ffc7bff8]
[2025-01-29T13:39:18.646+0000][7][gc,cds ] Mark open archive regions in map: [0x00000000ffb00000, 0x00000000ffb51ff8]
[2025-01-29T13:39:18.646+0000][7][gc,metaspace] CDS archive(s) mapped at: [0x0000000800000000-0x0000000800b2a000-0x0000000800b2a000), size 11706368, SharedBaseAddress: 0x0000000800000000, ArchiveRelocationMode: 0.
[2025-01-29T13:39:18.646+0000][7][gc,metaspace] Compressed class space mapped at: 0x0000000800b2c000-0x0000000840b2c000, size: 1073741824
[2025-01-29T13:39:18.646+0000][7][gc,metaspace] Narrow klass base: 0x0000000800000000, Narrow klass shift: 3, Narrow klass range: 0x100000000
[2025-01-29T13:39:19.117+0000][7][safepoint   ] Safepoint "ICBufferFull", Time since last: 455656496 ns, Reaching safepoint: 215027 ns, At safepoint: 40015 ns, Total: 255042 ns
[2025-01-29T13:39:19.246+0000][7][gc,start    ] GC(0) Pause Young (Normal) (G1 Evacuation Pause)
[2025-01-29T13:39:19.247+0000][7][gc,task     ] GC(0) Using 6 workers of 8 for evacuation
[2025-01-29T13:39:19.247+0000][7][gc,age      ] GC(0) Desired survivor size 2097152 bytes, new threshold 15 (max threshold 15)
[2025-01-29T13:39:19.249+0000][7][gc,age      ] GC(0) Age table with threshold 15 (max threshold 15)
[2025-01-29T13:39:19.249+0000][7][gc,age      ] GC(0) - age   1:    3798720 bytes,    3798720 total
[2025-01-29T13:39:19.249+0000][7][gc,phases   ] GC(0)   Pre Evacuate Collection Set: 0.1ms
[2025-01-29T13:39:19.249+0000][7][gc,phases   ] GC(0)   Merge Heap Roots: 0.1ms
[2025-01-29T13:39:19.249+0000][7][gc,phases   ] GC(0)   Evacuate Collection Set: 1.8ms
[2025-01-29T13:39:19.249+0000][7][gc,phases   ] GC(0)   Post Evacuate Collection Set: 0.6ms
[2025-01-29T13:39:19.249+0000][7][gc,phases   ] GC(0)   Other: 1.2ms
[2025-01-29T13:39:19.249+0000][7][gc,heap     ] GC(0) Eden regions: 5->0(5)
[2025-01-29T13:39:19.249+0000][7][gc,heap     ] GC(0) Survivor regions: 0->1(1)
[2025-01-29T13:39:19.249+0000][7][gc,heap     ] GC(0) Old regions: 0->0
[2025-01-29T13:39:19.249+0000][7][gc,heap     ] GC(0) Archive regions: 2->2
[2025-01-29T13:39:19.249+0000][7][gc,heap     ] GC(0) Humongous regions: 0->0
[2025-01-29T13:39:19.249+0000][7][gc,metaspace] GC(0) Metaspace: 6678K(8576K)->6678K(8576K) NonClass: 5949K(7680K)->5949K(7680K) Class: 729K(896K)->729K(896K)
[2025-01-29T13:39:19.249+0000][7][gc          ] GC(0) Pause Young (Normal) (G1 Evacuation Pause) 23M->7M(256M) 3.900ms
[2025-01-29T13:39:19.249+0000][7][gc,cpu      ] GC(0) User=0.01s Sys=0.01s Real=0.00s
[2025-01-29T13:39:19.249+0000][7][safepoint   ] Safepoint "G1CollectForAllocation", Time since last: 128680807 ns, Reaching safepoint: 169424 ns, At safepoint: 4010768 ns, Total: 4180192 ns
[2025-01-29T13:39:20.374+0000][7][safepoint   ] Safepoint "Cleanup", Time since last: 1124134923 ns, Reaching safepoint: 260478 ns, At safepoint: 3361 ns, Total: 263839 ns
[2025-01-29T13:39:20.404+0000][7][gc,start    ] GC(1) Pause Young (Normal) (G1 Evacuation Pause)
[2025-01-29T13:39:20.404+0000][7][gc,task     ] GC(1) Using 6 workers of 8 for evacuation
[2025-01-29T13:39:20.404+0000][7][gc,age      ] GC(1) Desired survivor size 2097152 bytes, new threshold 1 (max threshold 15)
[2025-01-29T13:39:20.412+0000][7][gc,age      ] GC(1) Age table with threshold 1 (max threshold 15)
[2025-01-29T13:39:20.412+0000][7][gc,age      ] GC(1) - age   1:    1860288 bytes,    1860288 total
[2025-01-29T13:39:20.412+0000][7][gc,phases   ] GC(1)   Pre Evacuate Collection Set: 0.1ms
[2025-01-29T13:39:20.412+0000][7][gc,phases   ] GC(1)   Merge Heap Roots: 0.1ms
[2025-01-29T13:39:20.412+0000][7][gc,phases   ] GC(1)   Evacuate Collection Set: 7.1ms
[2025-01-29T13:39:20.412+0000][7][gc,phases   ] GC(1)   Post Evacuate Collection Set: 0.8ms
[2025-01-29T13:39:20.412+0000][7][gc,phases   ] GC(1)   Other: 0.3ms
[2025-01-29T13:39:20.412+0000][7][gc,heap     ] GC(1) Eden regions: 5->0(11)
[2025-01-29T13:39:20.412+0000][7][gc,heap     ] GC(1) Survivor regions: 1->1(1)
[2025-01-29T13:39:20.412+0000][7][gc,heap     ] GC(1) Old regions: 0->1
[2025-01-29T13:39:20.412+0000][7][gc,heap     ] GC(1) Archive regions: 2->2
[2025-01-29T13:39:20.412+0000][7][gc,heap     ] GC(1) Humongous regions: 0->0
[2025-01-29T13:39:20.412+0000][7][gc,metaspace] GC(1) Metaspace: 11819K(12288K)->11819K(12288K) NonClass: 10408K(10752K)->10408K(10752K) Class: 1410K(1536K)->1410K(1536K)
[2025-01-29T13:39:20.412+0000][7][gc          ] GC(1) Pause Young (Normal) (G1 Evacuation Pause) 27M->9M(256M) 8.383ms
[2025-01-29T13:39:20.412+0000][7][gc,cpu      ] GC(1) User=0.02s Sys=0.00s Real=0.00s
[2025-01-29T13:39:20.412+0000][7][safepoint   ] Safepoint "G1CollectForAllocation", Time since last: 29531983 ns, Reaching safepoint: 198617 ns, At safepoint: 8564796 ns, Total: 8763413 ns
[2025-01-29T13:39:21.357+0000][7][safepoint   ] Safepoint "ICBufferFull", Time since last: 944004530 ns, Reaching safepoint: 281789 ns, At safepoint: 47637 ns, Total: 329426 ns
[2025-01-29T13:39:21.474+0000][7][gc,start    ] GC(2) Pause Young (Normal) (G1 Evacuation Pause)
[2025-01-29T13:39:21.474+0000][7][gc,task     ] GC(2) Using 6 workers of 8 for evacuation
[2025-01-29T13:39:21.474+0000][7][gc,age      ] GC(2) Desired survivor size 4194304 bytes, new threshold 15 (max threshold 15)
[2025-01-29T13:39:21.485+0000][7][gc,age      ] GC(2) Age table with threshold 15 (max threshold 15)
[2025-01-29T13:39:21.485+0000][7][gc,age      ] GC(2) - age   1:    1749736 bytes,    1749736 total
[2025-01-29T13:39:21.485+0000][7][gc,age      ] GC(2) - age   2:    1760296 bytes,    3510032 total
[2025-01-29T13:39:21.485+0000][7][gc,phases   ] GC(2)   Pre Evacuate Collection Set: 0.1ms
[2025-01-29T13:39:21.485+0000][7][gc,phases   ] GC(2)   Merge Heap Roots: 0.0ms
[2025-01-29T13:39:21.485+0000][7][gc,phases   ] GC(2)   Evacuate Collection Set: 9.0ms
[2025-01-29T13:39:21.485+0000][7][gc,phases   ] GC(2)   Post Evacuate Collection Set: 1.9ms
[2025-01-29T13:39:21.485+0000][7][gc,phases   ] GC(2)   Other: 0.2ms
[2025-01-29T13:39:21.485+0000][7][gc,heap     ] GC(2) Eden regions: 11->0(36)
[2025-01-29T13:39:21.485+0000][7][gc,heap     ] GC(2) Survivor regions: 1->1(2)
[2025-01-29T13:39:21.485+0000][7][gc,heap     ] GC(2) Old regions: 1->1
[2025-01-29T13:39:21.485+0000][7][gc,heap     ] GC(2) Archive regions: 2->2
[2025-01-29T13:39:21.485+0000][7][gc,heap     ] GC(2) Humongous regions: 0->0
[2025-01-29T13:39:21.485+0000][7][gc,metaspace] GC(2) Metaspace: 14530K(15104K)->14530K(15104K) NonClass: 12859K(13312K)->12859K(13312K) Class: 1671K(1792K)->1671K(1792K)
[2025-01-29T13:39:21.485+0000][7][gc          ] GC(2) Pause Young (Normal) (G1 Evacuation Pause) 53M->10M(256M) 11.360ms
[2025-01-29T13:39:21.485+0000][7][gc,cpu      ] GC(2) User=0.04s Sys=0.01s Real=0.01s
[2025-01-29T13:39:21.485+0000][7][safepoint   ] Safepoint "G1CollectForAllocation", Time since last: 116906393 ns, Reaching safepoint: 150098 ns, At safepoint: 11494185 ns, Total: 11644283 ns
[2025-01-29T13:39:21.768+0000][7][safepoint   ] Safepoint "ICBufferFull", Time since last: 282456266 ns, Reaching safepoint: 189994 ns, At safepoint: 31175 ns, Total: 221169 ns
[2025-01-29T13:39:21.773+0000][7][safepoint   ] Safepoint "ICBufferFull", Time since last: 4808146 ns, Reaching safepoint: 281872 ns, At safepoint: 40321 ns, Total: 322193 ns
[2025-01-29T13:39:21.780+0000][7][safepoint   ] Safepoint "ICBufferFull", Time since last: 6529537 ns, Reaching safepoint: 113824 ns, At safepoint: 5360 ns, Total: 119184 ns
[2025-01-29T13:39:21.783+0000][7][safepoint   ] Safepoint "ICBufferFull", Time since last: 3356928 ns, Reaching safepoint: 137643 ns, At safepoint: 21188 ns, Total: 158831 ns
[2025-01-29T13:39:21.787+0000][7][safepoint   ] Safepoint "ICBufferFull", Time since last: 4001513 ns, Reaching safepoint: 101271 ns, At safepoint: 45597 ns, Total: 146868 ns
[2025-01-29T13:39:21.790+0000][7][safepoint   ] Safepoint "ICBufferFull", Time since last: 2753858 ns, Reaching safepoint: 180362 ns, At safepoint: 4862 ns, Total: 185224 ns
[2025-01-29T13:39:21.794+0000][7][safepoint   ] Safepoint "ICBufferFull", Time since last: 4072332 ns, Reaching safepoint: 124361 ns, At safepoint: 30893 ns, Total: 155254 ns
[2025-01-29T13:39:21.799+0000][7][safepoint   ] Safepoint "ICBufferFull", Time since last: 3895567 ns, Reaching safepoint: 296879 ns, At safepoint: 21807 ns, Total: 318686 ns
[2025-01-29T13:39:21.801+0000][7][safepoint   ] Safepoint "ICBufferFull", Time since last: 2716917 ns, Reaching safepoint: 105249 ns, At safepoint: 21591 ns, Total: 126840 ns
[2025-01-29T13:39:21.805+0000][7][safepoint   ] Safepoint "ICBufferFull", Time since last: 3544309 ns, Reaching safepoint: 110263 ns, At safepoint: 33466 ns, Total: 143729 ns
[2025-01-29T13:39:21.809+0000][7][safepoint   ] Safepoint "ICBufferFull", Time since last: 4108126 ns, Reaching safepoint: 260120 ns, At safepoint: 29535 ns, Total: 289655 ns
[2025-01-29T13:39:21.815+0000][7][safepoint   ] Safepoint "ICBufferFull", Time since last: 5120987 ns, Reaching safepoint: 105247 ns, At safepoint: 19047 ns, Total: 124294 ns
[2025-01-29T13:39:21.817+0000][7][safepoint   ] Safepoint "ICBufferFull", Time since last: 2499932 ns, Reaching safepoint: 183330 ns, At safepoint: 4484 ns, Total: 187814 ns
[2025-01-29T13:39:21.824+0000][7][safepoint   ] Safepoint "ICBufferFull", Time since last: 6729123 ns, Reaching safepoint: 227433 ns, At safepoint: 27136 ns, Total: 254569 ns
[2025-01-29T13:39:21.828+0000][7][safepoint   ] Safepoint "ICBufferFull", Time since last: 3517895 ns, Reaching safepoint: 181403 ns, At safepoint: 60468 ns, Total: 241871 ns
[2025-01-29T13:39:21.833+0000][7][safepoint   ] Safepoint "ICBufferFull", Time since last: 4325432 ns, Reaching safepoint: 300093 ns, At safepoint: 44597 ns, Total: 344690 ns
[2025-01-29T13:39:21.839+0000][7][safepoint   ] Safepoint "ICBufferFull", Time since last: 5687300 ns, Reaching safepoint: 154366 ns, At safepoint: 3569 ns, Total: 157935 ns
[2025-01-29T13:39:21.843+0000][7][safepoint   ] Safepoint "ICBufferFull", Time since last: 4188779 ns, Reaching safepoint: 279293 ns, At safepoint: 28010 ns, Total: 307303 ns
[2025-01-29T13:39:21.851+0000][7][safepoint   ] Safepoint "ICBufferFull", Time since last: 7602278 ns, Reaching safepoint: 193086 ns, At safepoint: 26155 ns, Total: 219241 ns
[2025-01-29T13:39:21.854+0000][7][safepoint   ] Safepoint "ICBufferFull", Time since last: 2524589 ns, Reaching safepoint: 223503 ns, At safepoint: 24552 ns, Total: 248055 ns
[2025-01-29T13:39:21.855+0000][7][safepoint   ] Safepoint "ICBufferFull", Time since last: 1278058 ns, Reaching safepoint: 196629 ns, At safepoint: 25919 ns, Total: 222548 ns
[2025-01-29T13:39:21.857+0000][7][safepoint   ] Safepoint "ICBufferFull", Time since last: 1649747 ns, Reaching safepoint: 201222 ns, At safepoint: 20543 ns, Total: 221765 ns
[2025-01-29T13:39:21.858+0000][7][safepoint   ] Safepoint "ICBufferFull", Time since last: 939536 ns, Reaching safepoint: 149441 ns, At safepoint: 20063 ns, Total: 169504 ns
[2025-01-29T13:39:21.859+0000][7][safepoint   ] Safepoint "ICBufferFull", Time since last: 881814 ns, Reaching safepoint: 143859 ns, At safepoint: 36098 ns, Total: 179957 ns
[2025-01-29T13:39:21.861+0000][7][safepoint   ] Safepoint "ICBufferFull", Time since last: 1426779 ns, Reaching safepoint: 169624 ns, At safepoint: 40743 ns, Total: 210367 ns
[2025-01-29T13:39:21.862+0000][7][safepoint   ] Safepoint "ICBufferFull", Time since last: 1309778 ns, Reaching safepoint: 197122 ns, At safepoint: 24395 ns, Total: 221517 ns
[2025-01-29T13:39:21.864+0000][7][safepoint   ] Safepoint "ICBufferFull", Time since last: 1436843 ns, Reaching safepoint: 60370 ns, At safepoint: 20681 ns, Total: 81051 ns
[2025-01-29T13:39:21.865+0000][7][safepoint   ] Safepoint "ICBufferFull", Time since last: 1281675 ns, Reaching safepoint: 140493 ns, At safepoint: 4212 ns, Total: 144705 ns
[2025-01-29T13:39:21.868+0000][7][safepoint   ] Safepoint "ICBufferFull", Time since last: 2291647 ns, Reaching safepoint: 143808 ns, At safepoint: 7051 ns, Total: 150859 ns
[2025-01-29T13:39:21.869+0000][7][safepoint   ] Safepoint "ICBufferFull", Time since last: 1229333 ns, Reaching safepoint: 116467 ns, At safepoint: 43624 ns, Total: 160091 ns
[2025-01-29T13:39:22.069+0000][7][safepoint   ] Safepoint "ICBufferFull", Time since last: 196330847 ns, Reaching safepoint: 3131494 ns, At safepoint: 47790 ns, Total: 3179284 ns
[2025-01-29T13:39:22.568+0000][7][gc,start    ] GC(3) Pause Young (Normal) (G1 Evacuation Pause)
[2025-01-29T13:39:22.568+0000][7][gc,task     ] GC(3) Using 6 workers of 8 for evacuation
[2025-01-29T13:39:22.568+0000][7][gc,age      ] GC(3) Desired survivor size 10485760 bytes, new threshold 15 (max threshold 15)
[2025-01-29T13:39:22.581+0000][7][gc,age      ] GC(3) Age table with threshold 15 (max threshold 15)
[2025-01-29T13:39:22.581+0000][7][gc,age      ] GC(3) - age   1:    4762408 bytes,    4762408 total
[2025-01-29T13:39:22.581+0000][7][gc,age      ] GC(3) - age   2:    1678728 bytes,    6441136 total
[2025-01-29T13:39:22.581+0000][7][gc,age      ] GC(3) - age   3:    1745320 bytes,    8186456 total
[2025-01-29T13:39:22.581+0000][7][gc,phases   ] GC(3)   Pre Evacuate Collection Set: 0.0ms
[2025-01-29T13:39:22.581+0000][7][gc,phases   ] GC(3)   Merge Heap Roots: 0.1ms
[2025-01-29T13:39:22.581+0000][7][gc,phases   ] GC(3)   Evacuate Collection Set: 12.0ms
[2025-01-29T13:39:22.581+0000][7][gc,phases   ] GC(3)   Post Evacuate Collection Set: 0.8ms
[2025-01-29T13:39:22.581+0000][7][gc,phases   ] GC(3)   Other: 0.2ms
[2025-01-29T13:39:22.581+0000][7][gc,heap     ] GC(3) Eden regions: 36->0(36)
[2025-01-29T13:39:22.581+0000][7][gc,heap     ] GC(3) Survivor regions: 1->2(5)
[2025-01-29T13:39:22.581+0000][7][gc,heap     ] GC(3) Old regions: 1->1
[2025-01-29T13:39:22.581+0000][7][gc,heap     ] GC(3) Archive regions: 2->2
[2025-01-29T13:39:22.581+0000][7][gc,heap     ] GC(3) Humongous regions: 0->0
[2025-01-29T13:39:22.581+0000][7][gc,metaspace] GC(3) Metaspace: 17912K(18432K)->17912K(18432K) NonClass: 15788K(16128K)->15788K(16128K) Class: 2123K(2304K)->2123K(2304K)
[2025-01-29T13:39:22.581+0000][7][gc          ] GC(3) Pause Young (Normal) (G1 Evacuation Pause) 154M->15M(256M) 13.273ms
[2025-01-29T13:39:22.581+0000][7][gc,cpu      ] GC(3) User=0.05s Sys=0.01s Real=0.01s
[2025-01-29T13:39:22.581+0000][7][safepoint   ] Safepoint "G1CollectForAllocation", Time since last: 498517623 ns, Reaching safepoint: 396756 ns, At safepoint: 13358533 ns, Total: 13755289 ns
[2025-01-29T13:39:23.102+0000][7][gc,start    ] GC(4) Pause Young (Normal) (G1 Evacuation Pause)
[2025-01-29T13:39:23.102+0000][7][gc,task     ] GC(4) Using 6 workers of 8 for evacuation
[2025-01-29T13:39:23.102+0000][7][gc,age      ] GC(4) Desired survivor size 10485760 bytes, new threshold 15 (max threshold 15)
[2025-01-29T13:39:23.112+0000][7][gc,age      ] GC(4) Age table with threshold 15 (max threshold 15)
[2025-01-29T13:39:23.112+0000][7][gc,age      ] GC(4) - age   1:    2319856 bytes,    2319856 total
[2025-01-29T13:39:23.112+0000][7][gc,age      ] GC(4) - age   2:    3002848 bytes,    5322704 total
[2025-01-29T13:39:23.112+0000][7][gc,age      ] GC(4) - age   3:    1678728 bytes,    7001432 total
[2025-01-29T13:39:23.112+0000][7][gc,age      ] GC(4) - age   4:    1745320 bytes,    8746752 total
[2025-01-29T13:39:23.112+0000][7][gc,phases   ] GC(4)   Pre Evacuate Collection Set: 0.0ms
[2025-01-29T13:39:23.112+0000][7][gc,phases   ] GC(4)   Merge Heap Roots: 0.0ms
[2025-01-29T13:39:23.112+0000][7][gc,phases   ] GC(4)   Evacuate Collection Set: 8.9ms
[2025-01-29T13:39:23.112+0000][7][gc,phases   ] GC(4)   Post Evacuate Collection Set: 0.8ms
[2025-01-29T13:39:23.112+0000][7][gc,phases   ] GC(4)   Other: 0.3ms
[2025-01-29T13:39:23.112+0000][7][gc,heap     ] GC(4) Eden regions: 36->0(35)
[2025-01-29T13:39:23.112+0000][7][gc,heap     ] GC(4) Survivor regions: 2->3(5)
[2025-01-29T13:39:23.112+0000][7][gc,heap     ] GC(4) Old regions: 1->1
[2025-01-29T13:39:23.112+0000][7][gc,heap     ] GC(4) Archive regions: 2->2
[2025-01-29T13:39:23.112+0000][7][gc,heap     ] GC(4) Humongous regions: 0->0
[2025-01-29T13:39:23.112+0000][7][gc,metaspace] GC(4) Metaspace: 18466K(19328K)->18466K(19328K) NonClass: 16272K(16896K)->16272K(16896K) Class: 2194K(2432K)->2194K(2432K)
[2025-01-29T13:39:23.112+0000][7][gc          ] GC(4) Pause Young (Normal) (G1 Evacuation Pause) 159M->16M(256M) 10.057ms
[2025-01-29T13:39:23.112+0000][7][gc,cpu      ] GC(4) User=0.04s Sys=0.00s Real=0.01s
[2025-01-29T13:39:23.112+0000][7][safepoint   ] Safepoint "G1CollectForAllocation", Time since last: 520448943 ns, Reaching safepoint: 143877 ns, At safepoint: 10140810 ns, Total: 10284687 ns
[2025-01-29T13:39:23.621+0000][7][gc,start    ] GC(5) Pause Young (Normal) (G1 Evacuation Pause)
[2025-01-29T13:39:23.621+0000][7][gc,task     ] GC(5) Using 6 workers of 8 for evacuation
[2025-01-29T13:39:23.621+0000][7][gc,age      ] GC(5) Desired survivor size 10485760 bytes, new threshold 15 (max threshold 15)
[2025-01-29T13:39:23.631+0000][7][gc,age      ] GC(5) Age table with threshold 15 (max threshold 15)
[2025-01-29T13:39:23.631+0000][7][gc,age      ] GC(5) - age   1:    2020184 bytes,    2020184 total
[2025-01-29T13:39:23.631+0000][7][gc,age      ] GC(5) - age   2:    1882896 bytes,    3903080 total
[2025-01-29T13:39:23.632+0000][7][gc,age      ] GC(5) - age   3:    3001800 bytes,    6904880 total
[2025-01-29T13:39:23.632+0000][7][gc,age      ] GC(5) - age   4:    1678728 bytes,    8583608 total
[2025-01-29T13:39:23.632+0000][7][gc,age      ] GC(5) - age   5:    1745320 bytes,   10328928 total
[2025-01-29T13:39:23.632+0000][7][gc,phases   ] GC(5)   Pre Evacuate Collection Set: 0.1ms
[2025-01-29T13:39:23.632+0000][7][gc,phases   ] GC(5)   Merge Heap Roots: 0.1ms
[2025-01-29T13:39:23.632+0000][7][gc,phases   ] GC(5)   Evacuate Collection Set: 9.1ms
[2025-01-29T13:39:23.632+0000][7][gc,phases   ] GC(5)   Post Evacuate Collection Set: 1.1ms
[2025-01-29T13:39:23.632+0000][7][gc,phases   ] GC(5)   Other: 0.3ms
[2025-01-29T13:39:23.632+0000][7][gc,heap     ] GC(5) Eden regions: 35->0(35)
[2025-01-29T13:39:23.632+0000][7][gc,heap     ] GC(5) Survivor regions: 3->3(5)
[2025-01-29T13:39:23.632+0000][7][gc,heap     ] GC(5) Old regions: 1->1
[2025-01-29T13:39:23.632+0000][7][gc,heap     ] GC(5) Archive regions: 2->2
[2025-01-29T13:39:23.632+0000][7][gc,heap     ] GC(5) Humongous regions: 0->0
[2025-01-29T13:39:23.632+0000][7][gc,metaspace] GC(5) Metaspace: 18943K(19968K)->18943K(19968K) NonClass: 16674K(17408K)->16674K(17408K) Class: 2269K(2560K)->2269K(2560K)
[2025-01-29T13:39:23.632+0000][7][gc          ] GC(5) Pause Young (Normal) (G1 Evacuation Pause) 156M->17M(256M) 10.827ms
[2025-01-29T13:39:23.632+0000][7][gc,cpu      ] GC(5) User=0.05s Sys=0.01s Real=0.01s
[2025-01-29T13:39:23.632+0000][7][safepoint   ] Safepoint "G1CollectForAllocation", Time since last: 508838917 ns, Reaching safepoint: 183790 ns, At safepoint: 11068708 ns, Total: 11252498 ns
[2025-01-29T13:39:23.990+0000][7][gc,start    ] GC(6) Pause Young (Normal) (G1 Evacuation Pause)
[2025-01-29T13:39:23.990+0000][7][gc,task     ] GC(6) Using 6 workers of 8 for evacuation
[2025-01-29T13:39:23.990+0000][7][gc,age      ] GC(6) Desired survivor size 10485760 bytes, new threshold 15 (max threshold 15)
[2025-01-29T13:39:23.998+0000][7][gc,age      ] GC(6) Age table with threshold 15 (max threshold 15)
[2025-01-29T13:39:23.998+0000][7][gc,age      ] GC(6) - age   1:    2766912 bytes,    2766912 total
[2025-01-29T13:39:23.998+0000][7][gc,age      ] GC(6) - age   2:    1510504 bytes,    4277416 total
[2025-01-29T13:39:23.998+0000][7][gc,age      ] GC(6) - age   3:    1882896 bytes,    6160312 total
[2025-01-29T13:39:23.998+0000][7][gc,age      ] GC(6) - age   4:    3001800 bytes,    9162112 total
[2025-01-29T13:39:23.998+0000][7][gc,age      ] GC(6) - age   5:    1678728 bytes,   10840840 total
[2025-01-29T13:39:23.998+0000][7][gc,age      ] GC(6) - age   6:    1745320 bytes,   12586160 total
[2025-01-29T13:39:23.998+0000][7][gc,phases   ] GC(6)   Pre Evacuate Collection Set: 0.1ms
[2025-01-29T13:39:23.998+0000][7][gc,phases   ] GC(6)   Merge Heap Roots: 0.1ms
[2025-01-29T13:39:23.998+0000][7][gc,phases   ] GC(6)   Evacuate Collection Set: 6.9ms
[2025-01-29T13:39:23.998+0000][7][gc,phases   ] GC(6)   Post Evacuate Collection Set: 0.9ms
[2025-01-29T13:39:23.998+0000][7][gc,phases   ] GC(6)   Other: 0.3ms
[2025-01-29T13:39:23.998+0000][7][gc,heap     ] GC(6) Eden regions: 35->0(34)
[2025-01-29T13:39:23.998+0000][7][gc,heap     ] GC(6) Survivor regions: 3->4(5)
[2025-01-29T13:39:23.998+0000][7][gc,heap     ] GC(6) Old regions: 1->1
[2025-01-29T13:39:23.998+0000][7][gc,heap     ] GC(6) Archive regions: 2->2
[2025-01-29T13:39:23.998+0000][7][gc,heap     ] GC(6) Humongous regions: 0->0
[2025-01-29T13:39:23.998+0000][7][gc,metaspace] GC(6) Metaspace: 19229K(20224K)->19229K(20224K) NonClass: 16930K(17664K)->16930K(17664K) Class: 2299K(2560K)->2299K(2560K)
[2025-01-29T13:39:23.998+0000][7][gc          ] GC(6) Pause Young (Normal) (G1 Evacuation Pause) 157M->20M(256M) 8.379ms
[2025-01-29T13:39:23.998+0000][7][gc,cpu      ] GC(6) User=0.04s Sys=0.00s Real=0.01s
[2025-01-29T13:39:23.998+0000][7][safepoint   ] Safepoint "G1CollectForAllocation", Time since last: 357454339 ns, Reaching safepoint: 236057 ns, At safepoint: 8523578 ns, Total: 8759635 ns
[2025-01-29T13:39:24.370+0000][7][gc,start    ] GC(7) Pause Young (Normal) (G1 Evacuation Pause)
[2025-01-29T13:39:24.370+0000][7][gc,task     ] GC(7) Using 6 workers of 8 for evacuation
[2025-01-29T13:39:24.370+0000][7][gc,age      ] GC(7) Desired survivor size 10485760 bytes, new threshold 5 (max threshold 15)
[2025-01-29T13:39:24.399+0000][7][gc,age      ] GC(7) Age table with threshold 5 (max threshold 15)
[2025-01-29T13:39:24.399+0000][7][gc,age      ] GC(7) - age   1:    1826232 bytes,    1826232 total
[2025-01-29T13:39:24.399+0000][7][gc,age      ] GC(7) - age   2:    1208752 bytes,    3034984 total
[2025-01-29T13:39:24.399+0000][7][gc,age      ] GC(7) - age   3:    1509760 bytes,    4544744 total
[2025-01-29T13:39:24.399+0000][7][gc,age      ] GC(7) - age   4:    1882864 bytes,    6427608 total
[2025-01-29T13:39:24.399+0000][7][gc,age      ] GC(7) - age   5:    2997848 bytes,    9425456 total
[2025-01-29T13:39:24.399+0000][7][gc,phases   ] GC(7)   Pre Evacuate Collection Set: 2.5ms
[2025-01-29T13:39:24.399+0000][7][gc,phases   ] GC(7)   Merge Heap Roots: 0.1ms
[2025-01-29T13:39:24.399+0000][7][gc,phases   ] GC(7)   Evacuate Collection Set: 21.3ms
[2025-01-29T13:39:24.399+0000][7][gc,phases   ] GC(7)   Post Evacuate Collection Set: 4.6ms
[2025-01-29T13:39:24.399+0000][7][gc,phases   ] GC(7)   Other: 0.3ms
[2025-01-29T13:39:24.399+0000][7][gc,heap     ] GC(7) Eden regions: 34->0(35)
[2025-01-29T13:39:24.399+0000][7][gc,heap     ] GC(7) Survivor regions: 4->3(5)
[2025-01-29T13:39:24.399+0000][7][gc,heap     ] GC(7) Old regions: 1->2
[2025-01-29T13:39:24.399+0000][7][gc,heap     ] GC(7) Archive regions: 2->2
[2025-01-29T13:39:24.399+0000][7][gc,heap     ] GC(7) Humongous regions: 0->0
[2025-01-29T13:39:24.399+0000][7][gc,metaspace] GC(7) Metaspace: 19365K(20480K)->19365K(20480K) NonClass: 17040K(17920K)->17040K(17920K) Class: 2324K(2560K)->2324K(2560K)
[2025-01-29T13:39:24.399+0000][7][gc          ] GC(7) Pause Young (Normal) (G1 Evacuation Pause) 156M->19M(256M) 28.810ms
[2025-01-29T13:39:24.399+0000][7][gc,cpu      ] GC(7) User=0.08s Sys=0.01s Real=0.03s
[2025-01-29T13:39:24.399+0000][7][safepoint   ] Safepoint "G1CollectForAllocation", Time since last: 371766451 ns, Reaching safepoint: 197108 ns, At safepoint: 28921653 ns, Total: 29118761 ns
[2025-01-29T13:39:24.733+0000][7][gc,start    ] GC(8) Pause Young (Normal) (G1 Evacuation Pause)
[2025-01-29T13:39:24.733+0000][7][gc,task     ] GC(8) Using 6 workers of 8 for evacuation
[2025-01-29T13:39:24.733+0000][7][gc,age      ] GC(8) Desired survivor size 10485760 bytes, new threshold 15 (max threshold 15)
[2025-01-29T13:39:24.745+0000][7][gc,age      ] GC(8) Age table with threshold 15 (max threshold 15)
[2025-01-29T13:39:24.745+0000][7][gc,age      ] GC(8) - age   1:     876528 bytes,     876528 total
[2025-01-29T13:39:24.745+0000][7][gc,age      ] GC(8) - age   2:     255504 bytes,    1132032 total
[2025-01-29T13:39:24.745+0000][7][gc,age      ] GC(8) - age   3:    1208752 bytes,    2340784 total
[2025-01-29T13:39:24.745+0000][7][gc,age      ] GC(8) - age   4:    1509760 bytes,    3850544 total
[2025-01-29T13:39:24.745+0000][7][gc,age      ] GC(8) - age   5:    1882864 bytes,    5733408 total
[2025-01-29T13:39:24.745+0000][7][gc,age      ] GC(8) - age   6:    2997848 bytes,    8731256 total
[2025-01-29T13:39:24.745+0000][7][gc,phases   ] GC(8)   Pre Evacuate Collection Set: 0.1ms
[2025-01-29T13:39:24.745+0000][7][gc,phases   ] GC(8)   Merge Heap Roots: 0.1ms
[2025-01-29T13:39:24.745+0000][7][gc,phases   ] GC(8)   Evacuate Collection Set: 10.9ms
[2025-01-29T13:39:24.745+0000][7][gc,phases   ] GC(8)   Post Evacuate Collection Set: 0.6ms
[2025-01-29T13:39:24.745+0000][7][gc,phases   ] GC(8)   Other: 0.3ms
[2025-01-29T13:39:24.745+0000][7][gc,heap     ] GC(8) Eden regions: 35->0(35)
[2025-01-29T13:39:24.745+0000][7][gc,heap     ] GC(8) Survivor regions: 3->3(5)
[2025-01-29T13:39:24.745+0000][7][gc,heap     ] GC(8) Old regions: 2->2
[2025-01-29T13:39:24.745+0000][7][gc,heap     ] GC(8) Archive regions: 2->2
[2025-01-29T13:39:24.745+0000][7][gc,heap     ] GC(8) Humongous regions: 0->0
[2025-01-29T13:39:24.745+0000][7][gc,metaspace] GC(8) Metaspace: 19586K(20864K)->19586K(20864K) NonClass: 17219K(18176K)->17219K(18176K) Class: 2366K(2688K)->2366K(2688K)
[2025-01-29T13:39:24.745+0000][7][gc          ] GC(8) Pause Young (Normal) (G1 Evacuation Pause) 159M->19M(256M) 12.027ms
[2025-01-29T13:39:24.745+0000][7][gc,cpu      ] GC(8) User=0.06s Sys=0.01s Real=0.02s
[2025-01-29T13:39:24.745+0000][7][safepoint   ] Safepoint "G1CollectForAllocation", Time since last: 334016547 ns, Reaching safepoint: 293956 ns, At safepoint: 12147946 ns, Total: 12441902 ns
[2025-01-29T13:39:25.059+0000][7][gc,start    ] GC(9) Pause Young (Normal) (G1 Evacuation Pause)
[2025-01-29T13:39:25.059+0000][7][gc,task     ] GC(9) Using 6 workers of 8 for evacuation
[2025-01-29T13:39:25.059+0000][7][gc,age      ] GC(9) Desired survivor size 10485760 bytes, new threshold 15 (max threshold 15)
[2025-01-29T13:39:25.065+0000][7][gc,age      ] GC(9) Age table with threshold 15 (max threshold 15)
[2025-01-29T13:39:25.065+0000][7][gc,age      ] GC(9) - age   1:    1492344 bytes,    1492344 total
[2025-01-29T13:39:25.065+0000][7][gc,age      ] GC(9) - age   2:     292688 bytes,    1785032 total
[2025-01-29T13:39:25.065+0000][7][gc,age      ] GC(9) - age   3:     255352 bytes,    2040384 total
[2025-01-29T13:39:25.065+0000][7][gc,age      ] GC(9) - age   4:    1208752 bytes,    3249136 total
[2025-01-29T13:39:25.065+0000][7][gc,age      ] GC(9) - age   5:    1509088 bytes,    4758224 total
[2025-01-29T13:39:25.065+0000][7][gc,age      ] GC(9) - age   6:    1882576 bytes,    6640800 total
[2025-01-29T13:39:25.065+0000][7][gc,age      ] GC(9) - age   7:    2997720 bytes,    9638520 total
[2025-01-29T13:39:25.066+0000][7][gc,phases   ] GC(9)   Pre Evacuate Collection Set: 0.0ms
[2025-01-29T13:39:25.066+0000][7][gc,phases   ] GC(9)   Merge Heap Roots: 0.1ms
[2025-01-29T13:39:25.066+0000][7][gc,phases   ] GC(9)   Evacuate Collection Set: 5.0ms
[2025-01-29T13:39:25.066+0000][7][gc,phases   ] GC(9)   Post Evacuate Collection Set: 0.8ms
[2025-01-29T13:39:25.066+0000][7][gc,phases   ] GC(9)   Other: 0.3ms
[2025-01-29T13:39:25.066+0000][7][gc,heap     ] GC(9) Eden regions: 35->0(35)
[2025-01-29T13:39:25.066+0000][7][gc,heap     ] GC(9) Survivor regions: 3->3(5)
[2025-01-29T13:39:25.066+0000][7][gc,heap     ] GC(9) Old regions: 2->2
[2025-01-29T13:39:25.066+0000][7][gc,heap     ] GC(9) Archive regions: 2->2
[2025-01-29T13:39:25.066+0000][7][gc,heap     ] GC(9) Humongous regions: 0->0
[2025-01-29T13:39:25.066+0000][7][gc,metaspace] GC(9) Metaspace: 19654K(20864K)->19654K(20864K) NonClass: 17274K(18176K)->17274K(18176K) Class: 2379K(2688K)->2379K(2688K)
[2025-01-29T13:39:25.066+0000][7][gc          ] GC(9) Pause Young (Normal) (G1 Evacuation Pause) 159M->20M(256M) 6.453ms
[2025-01-29T13:39:25.066+0000][7][gc,cpu      ] GC(9) User=0.04s Sys=0.00s Real=0.01s
[2025-01-29T13:39:25.066+0000][7][safepoint   ] Safepoint "G1CollectForAllocation", Time since last: 313561791 ns, Reaching safepoint: 225413 ns, At safepoint: 6577231 ns, Total: 6802644 ns
[2025-01-29T13:39:25.344+0000][7][gc,start    ] GC(10) Pause Young (Concurrent Start) (Metadata GC Threshold)
[2025-01-29T13:39:25.344+0000][7][gc,task     ] GC(10) Using 6 workers of 8 for evacuation
[2025-01-29T13:39:25.345+0000][7][gc,age      ] GC(10) Desired survivor size 10485760 bytes, new threshold 15 (max threshold 15)
[2025-01-29T13:39:25.350+0000][7][gc,age      ] GC(10) Age table with threshold 15 (max threshold 15)
[2025-01-29T13:39:25.350+0000][7][gc,age      ] GC(10) - age   1:    1683040 bytes,    1683040 total
[2025-01-29T13:39:25.350+0000][7][gc,age      ] GC(10) - age   2:     412536 bytes,    2095576 total
[2025-01-29T13:39:25.350+0000][7][gc,age      ] GC(10) - age   3:     292624 bytes,    2388200 total
[2025-01-29T13:39:25.350+0000][7][gc,age      ] GC(10) - age   4:     255288 bytes,    2643488 total
[2025-01-29T13:39:25.350+0000][7][gc,age      ] GC(10) - age   5:    1208752 bytes,    3852240 total
[2025-01-29T13:39:25.350+0000][7][gc,age      ] GC(10) - age   6:    1508048 bytes,    5360288 total
[2025-01-29T13:39:25.350+0000][7][gc,age      ] GC(10) - age   7:    1882384 bytes,    7242672 total
[2025-01-29T13:39:25.350+0000][7][gc,age      ] GC(10) - age   8:    2997408 bytes,   10240080 total
[2025-01-29T13:39:25.350+0000][7][gc,phases   ] GC(10)   Pre Evacuate Collection Set: 0.1ms
[2025-01-29T13:39:25.350+0000][7][gc,phases   ] GC(10)   Merge Heap Roots: 0.1ms
[2025-01-29T13:39:25.350+0000][7][gc,phases   ] GC(10)   Evacuate Collection Set: 4.8ms
[2025-01-29T13:39:25.350+0000][7][gc,phases   ] GC(10)   Post Evacuate Collection Set: 0.7ms
[2025-01-29T13:39:25.350+0000][7][gc,phases   ] GC(10)   Other: 0.4ms
[2025-01-29T13:39:25.350+0000][7][gc,heap     ] GC(10) Eden regions: 24->0(35)
[2025-01-29T13:39:25.350+0000][7][gc,heap     ] GC(10) Survivor regions: 3->3(5)
[2025-01-29T13:39:25.350+0000][7][gc,heap     ] GC(10) Old regions: 2->2
[2025-01-29T13:39:25.351+0000][7][gc,heap     ] GC(10) Archive regions: 2->2
[2025-01-29T13:39:25.351+0000][7][gc,heap     ] GC(10) Humongous regions: 0->0
[2025-01-29T13:39:25.351+0000][7][gc,metaspace] GC(10) Metaspace: 20051K(21248K)->20051K(21248K) NonClass: 17617K(18432K)->17617K(18432K) Class: 2433K(2816K)->2433K(2816K)
[2025-01-29T13:39:25.351+0000][7][gc          ] GC(10) Pause Young (Concurrent Start) (Metadata GC Threshold) 114M->20M(256M) 6.177ms
[2025-01-29T13:39:25.351+0000][7][gc,cpu      ] GC(10) User=0.03s Sys=0.00s Real=0.00s
[2025-01-29T13:39:25.351+0000][7][gc          ] GC(11) Concurrent Cycle
[2025-01-29T13:39:25.351+0000][7][gc,marking  ] GC(11) Concurrent Clear Claimed Marks
[2025-01-29T13:39:25.351+0000][7][gc,marking  ] GC(11) Concurrent Clear Claimed Marks 0.048ms
[2025-01-29T13:39:25.351+0000][7][gc,marking  ] GC(11) Concurrent Scan Root Regions
[2025-01-29T13:39:25.351+0000][7][safepoint   ] Safepoint "CollectForMetadataAllocation", Time since last: 277112864 ns, Reaching safepoint: 1394637 ns, At safepoint: 7081368 ns, Total: 8476005 ns
[2025-01-29T13:39:25.354+0000][7][gc,marking  ] GC(11) Concurrent Scan Root Regions 3.435ms
[2025-01-29T13:39:25.354+0000][7][gc,marking  ] GC(11) Concurrent Mark (6.901s)
[2025-01-29T13:39:25.354+0000][7][gc,marking  ] GC(11) Concurrent Mark From Roots
[2025-01-29T13:39:25.354+0000][7][gc,task     ] GC(11) Using 2 workers of 2 for marking
[2025-01-29T13:39:25.362+0000][7][gc,marking  ] GC(11) Concurrent Mark From Roots 7.601ms
[2025-01-29T13:39:25.362+0000][7][gc,marking  ] GC(11) Concurrent Preclean
[2025-01-29T13:39:25.362+0000][7][gc,marking  ] GC(11) Concurrent Preclean 0.097ms
[2025-01-29T13:39:25.362+0000][7][gc,marking  ] GC(11) Concurrent Mark (6.901s, 6.909s) 7.779ms
[2025-01-29T13:39:25.362+0000][7][gc,start    ] GC(11) Pause Remark
[2025-01-29T13:39:25.377+0000][7][gc          ] GC(11) Pause Remark 22M->22M(256M) 14.515ms
[2025-01-29T13:39:25.377+0000][7][gc,cpu      ] GC(11) User=0.02s Sys=0.01s Real=0.02s
[2025-01-29T13:39:25.377+0000][7][safepoint   ] Safepoint "G1Concurrent", Time since last: 10676425 ns, Reaching safepoint: 217637 ns, At safepoint: 14757105 ns, Total: 14974742 ns
[2025-01-29T13:39:25.377+0000][7][gc,marking  ] GC(11) Concurrent Rebuild Remembered Sets
[2025-01-29T13:39:25.384+0000][7][gc,marking  ] GC(11) Concurrent Rebuild Remembered Sets 6.574ms
[2025-01-29T13:39:25.390+0000][7][gc,start    ] GC(11) Pause Cleanup
[2025-01-29T13:39:25.390+0000][7][gc          ] GC(11) Pause Cleanup 22M->22M(256M) 0.175ms
[2025-01-29T13:39:25.390+0000][7][gc,cpu      ] GC(11) User=0.00s Sys=0.00s Real=0.00s
[2025-01-29T13:39:25.390+0000][7][safepoint   ] Safepoint "G1Concurrent", Time since last: 6743944 ns, Reaching safepoint: 6040301 ns, At safepoint: 232162 ns, Total: 6272463 ns
[2025-01-29T13:39:25.392+0000][7][gc,marking  ] GC(11) Concurrent Cleanup for Next Mark
[2025-01-29T13:39:25.393+0000][7][gc,marking  ] GC(11) Concurrent Cleanup for Next Mark 0.344ms
[2025-01-29T13:39:25.393+0000][7][gc          ] GC(11) Concurrent Cycle 42.074ms
[2025-01-29T13:39:25.835+0000][7][gc,start    ] GC(12) Pause Young (Normal) (G1 Evacuation Pause)
[2025-01-29T13:39:25.835+0000][7][gc,task     ] GC(12) Using 6 workers of 8 for evacuation
[2025-01-29T13:39:25.835+0000][7][gc,age      ] GC(12) Desired survivor size 10485760 bytes, new threshold 15 (max threshold 15)
[2025-01-29T13:39:25.846+0000][7][gc,age      ] GC(12) Age table with threshold 15 (max threshold 15)
[2025-01-29T13:39:25.846+0000][7][gc,age      ] GC(12) - age   1:    2071072 bytes,    2071072 total
[2025-01-29T13:39:25.846+0000][7][gc,age      ] GC(12) - age   2:    1663496 bytes,    3734568 total
[2025-01-29T13:39:25.846+0000][7][gc,age      ] GC(12) - age   3:     411544 bytes,    4146112 total
[2025-01-29T13:39:25.846+0000][7][gc,age      ] GC(12) - age   4:     292624 bytes,    4438736 total
[2025-01-29T13:39:25.846+0000][7][gc,age      ] GC(12) - age   5:     255288 bytes,    4694024 total
[2025-01-29T13:39:25.846+0000][7][gc,age      ] GC(12) - age   6:    1208752 bytes,    5902776 total
[2025-01-29T13:39:25.846+0000][7][gc,age      ] GC(12) - age   7:    1508048 bytes,    7410824 total
[2025-01-29T13:39:25.846+0000][7][gc,age      ] GC(12) - age   8:    1882384 bytes,    9293208 total
[2025-01-29T13:39:25.846+0000][7][gc,age      ] GC(12) - age   9:    2997408 bytes,   12290616 total
[2025-01-29T13:39:25.846+0000][7][gc,phases   ] GC(12)   Pre Evacuate Collection Set: 0.1ms
[2025-01-29T13:39:25.846+0000][7][gc,phases   ] GC(12)   Merge Heap Roots: 0.1ms
[2025-01-29T13:39:25.846+0000][7][gc,phases   ] GC(12)   Evacuate Collection Set: 9.5ms
[2025-01-29T13:39:25.846+0000][7][gc,phases   ] GC(12)   Post Evacuate Collection Set: 1.0ms
[2025-01-29T13:39:25.846+0000][7][gc,phases   ] GC(12)   Other: 0.3ms
[2025-01-29T13:39:25.846+0000][7][gc,heap     ] GC(12) Eden regions: 35->0(34)
[2025-01-29T13:39:25.846+0000][7][gc,heap     ] GC(12) Survivor regions: 3->4(5)
[2025-01-29T13:39:25.846+0000][7][gc,heap     ] GC(12) Old regions: 2->2
[2025-01-29T13:39:25.846+0000][7][gc,heap     ] GC(12) Archive regions: 2->2
[2025-01-29T13:39:25.846+0000][7][gc,heap     ] GC(12) Humongous regions: 0->0
[2025-01-29T13:39:25.846+0000][7][gc,metaspace] GC(12) Metaspace: 20170K(21504K)->20170K(21504K) NonClass: 17712K(18688K)->17712K(18688K) Class: 2458K(2816K)->2458K(2816K)
[2025-01-29T13:39:25.846+0000][7][gc          ] GC(12) Pause Young (Normal) (G1 Evacuation Pause) 160M->23M(256M) 10.970ms
[2025-01-29T13:39:25.846+0000][7][gc,cpu      ] GC(12) User=0.02s Sys=0.00s Real=0.01s
[2025-01-29T13:39:25.846+0000][7][safepoint   ] Safepoint "G1CollectForAllocation", Time since last: 444887912 ns, Reaching safepoint: 133296 ns, At safepoint: 11054619 ns, Total: 11187915 ns
[2025-01-29T13:39:26.059+0000][7][gc,start    ] GC(13) Pause Young (Normal) (G1 Evacuation Pause)
[2025-01-29T13:39:26.059+0000][7][gc,task     ] GC(13) Using 6 workers of 8 for evacuation
[2025-01-29T13:39:26.059+0000][7][gc,age      ] GC(13) Desired survivor size 10485760 bytes, new threshold 9 (max threshold 15)
[2025-01-29T13:39:26.064+0000][7][gc,age      ] GC(13) Age table with threshold 9 (max threshold 15)
[2025-01-29T13:39:26.064+0000][7][gc,age      ] GC(13) - age   1:    1022048 bytes,    1022048 total
[2025-01-29T13:39:26.064+0000][7][gc,age      ] GC(13) - age   2:     407504 bytes,    1429552 total
[2025-01-29T13:39:26.065+0000][7][gc,age      ] GC(13) - age   3:    1663496 bytes,    3093048 total
[2025-01-29T13:39:26.065+0000][7][gc,age      ] GC(13) - age   4:     411328 bytes,    3504376 total
[2025-01-29T13:39:26.065+0000][7][gc,age      ] GC(13) - age   5:     292624 bytes,    3797000 total
[2025-01-29T13:39:26.065+0000][7][gc,age      ] GC(13) - age   6:     254744 bytes,    4051744 total
[2025-01-29T13:39:26.065+0000][7][gc,age      ] GC(13) - age   7:    1208752 bytes,    5260496 total
[2025-01-29T13:39:26.065+0000][7][gc,age      ] GC(13) - age   8:    1508048 bytes,    6768544 total
[2025-01-29T13:39:26.065+0000][7][gc,age      ] GC(13) - age   9:    1882384 bytes,    8650928 total
[2025-01-29T13:39:26.065+0000][7][gc,phases   ] GC(13)   Pre Evacuate Collection Set: 0.1ms
[2025-01-29T13:39:26.065+0000][7][gc,phases   ] GC(13)   Merge Heap Roots: 0.1ms
[2025-01-29T13:39:26.065+0000][7][gc,phases   ] GC(13)   Evacuate Collection Set: 4.1ms
[2025-01-29T13:39:26.065+0000][7][gc,phases   ] GC(13)   Post Evacuate Collection Set: 1.0ms
[2025-01-29T13:39:26.065+0000][7][gc,phases   ] GC(13)   Other: 0.3ms
[2025-01-29T13:39:26.065+0000][7][gc,heap     ] GC(13) Eden regions: 34->0(35)
[2025-01-29T13:39:26.065+0000][7][gc,heap     ] GC(13) Survivor regions: 4->3(5)
[2025-01-29T13:39:26.065+0000][7][gc,heap     ] GC(13) Old regions: 2->3
[2025-01-29T13:39:26.065+0000][7][gc,heap     ] GC(13) Archive regions: 2->2
[2025-01-29T13:39:26.065+0000][7][gc,heap     ] GC(13) Humongous regions: 0->0
[2025-01-29T13:39:26.065+0000][7][gc,metaspace] GC(13) Metaspace: 20199K(21504K)->20199K(21504K) NonClass: 17736K(18688K)->17736K(18688K) Class: 2463K(2816K)->2463K(2816K)
[2025-01-29T13:39:26.065+0000][7][gc          ] GC(13) Pause Young (Normal) (G1 Evacuation Pause) 159M->22M(256M) 5.789ms
[2025-01-29T13:39:26.065+0000][7][gc,cpu      ] GC(13) User=0.02s Sys=0.00s Real=0.01s
[2025-01-29T13:39:26.065+0000][7][safepoint   ] Safepoint "G1CollectForAllocation", Time since last: 212537936 ns, Reaching safepoint: 193710 ns, At safepoint: 5905691 ns, Total: 6099401 ns
[2025-01-29T13:39:27.182+0000][7][safepoint   ] Safepoint "ICBufferFull", Time since last: 1112450563 ns, Reaching safepoint: 4891946 ns, At safepoint: 25985 ns, Total: 4917931 ns
[2025-01-29T13:39:27.482+0000][7][gc,start    ] GC(14) Pause Young (Normal) (G1 Evacuation Pause)
[2025-01-29T13:39:27.482+0000][7][gc,task     ] GC(14) Using 6 workers of 8 for evacuation
[2025-01-29T13:39:27.482+0000][7][gc,age      ] GC(14) Desired survivor size 10485760 bytes, new threshold 15 (max threshold 15)
[2025-01-29T13:39:27.494+0000][7][gc,age      ] GC(14) Age table with threshold 15 (max threshold 15)
[2025-01-29T13:39:27.494+0000][7][gc,age      ] GC(14) - age   1:    6352304 bytes,    6352304 total
[2025-01-29T13:39:27.494+0000][7][gc,age      ] GC(14) - age   2:     298848 bytes,    6651152 total
[2025-01-29T13:39:27.494+0000][7][gc,age      ] GC(14) - age   3:     406560 bytes,    7057712 total
[2025-01-29T13:39:27.494+0000][7][gc,age      ] GC(14) - age   4:    1659552 bytes,    8717264 total
[2025-01-29T13:39:27.494+0000][7][gc,age      ] GC(14) - age   5:     410736 bytes,    9128000 total
[2025-01-29T13:39:27.494+0000][7][gc,age      ] GC(14) - age   6:     292064 bytes,    9420064 total
[2025-01-29T13:39:27.494+0000][7][gc,age      ] GC(14) - age   7:     247760 bytes,    9667824 total
[2025-01-29T13:39:27.494+0000][7][gc,age      ] GC(14) - age   8:    1205872 bytes,   10873696 total
[2025-01-29T13:39:27.494+0000][7][gc,age      ] GC(14) - age   9:    1504544 bytes,   12378240 total
[2025-01-29T13:39:27.494+0000][7][gc,age      ] GC(14) - age  10:    1875000 bytes,   14253240 total
[2025-01-29T13:39:27.495+0000][7][gc,phases   ] GC(14)   Pre Evacuate Collection Set: 0.1ms
[2025-01-29T13:39:27.495+0000][7][gc,phases   ] GC(14)   Merge Heap Roots: 0.0ms
[2025-01-29T13:39:27.495+0000][7][gc,phases   ] GC(14)   Evacuate Collection Set: 9.4ms
[2025-01-29T13:39:27.495+0000][7][gc,phases   ] GC(14)   Post Evacuate Collection Set: 2.4ms
[2025-01-29T13:39:27.495+0000][7][gc,phases   ] GC(14)   Other: 0.4ms
[2025-01-29T13:39:27.495+0000][7][gc,heap     ] GC(14) Eden regions: 35->0(34)
[2025-01-29T13:39:27.495+0000][7][gc,heap     ] GC(14) Survivor regions: 3->4(5)
[2025-01-29T13:39:27.495+0000][7][gc,heap     ] GC(14) Old regions: 3->3
[2025-01-29T13:39:27.495+0000][7][gc,heap     ] GC(14) Archive regions: 2->2
[2025-01-29T13:39:27.495+0000][7][gc,heap     ] GC(14) Humongous regions: 0->0
[2025-01-29T13:39:27.495+0000][7][gc,metaspace] GC(14) Metaspace: 28408K(30464K)->28408K(30464K) NonClass: 24819K(26368K)->24819K(26368K) Class: 3589K(4096K)->3589K(4096K)
[2025-01-29T13:39:27.495+0000][7][gc          ] GC(14) Pause Young (Normal) (G1 Evacuation Pause) 162M->28M(256M) 12.399ms
[2025-01-29T13:39:27.495+0000][7][gc,cpu      ] GC(14) User=0.06s Sys=0.00s Real=0.02s
[2025-01-29T13:39:27.495+0000][7][safepoint   ] Safepoint "G1CollectForAllocation", Time since last: 299695058 ns, Reaching safepoint: 413370 ns, At safepoint: 12530946 ns, Total: 12944316 ns
[2025-01-29T13:39:28.495+0000][7][safepoint   ] Safepoint "Cleanup", Time since last: 1000199523 ns, Reaching safepoint: 373143 ns, At safepoint: 60283 ns, Total: 433426 ns
[2025-01-29T13:39:29.014+0000][7][gc,start    ] GC(15) Pause Young (Normal) (G1 Evacuation Pause)
[2025-01-29T13:39:29.014+0000][7][gc,task     ] GC(15) Using 6 workers of 8 for evacuation
[2025-01-29T13:39:29.014+0000][7][gc,age      ] GC(15) Desired survivor size 10485760 bytes, new threshold 8 (max threshold 15)
[2025-01-29T13:39:29.052+0000][7][gc,age      ] GC(15) Age table with threshold 8 (max threshold 15)
[2025-01-29T13:39:29.052+0000][7][gc,age      ] GC(15) - age   1:   11704232 bytes,   11704232 total
[2025-01-29T13:39:29.052+0000][7][gc,age      ] GC(15) - age   2:    5720864 bytes,   17425096 total
[2025-01-29T13:39:29.052+0000][7][gc,age      ] GC(15) - age   3:     298848 bytes,   17723944 total
[2025-01-29T13:39:29.052+0000][7][gc,age      ] GC(15) - age   4:     406560 bytes,   18130504 total
[2025-01-29T13:39:29.052+0000][7][gc,age      ] GC(15) - age   5:    1659552 bytes,   19790056 total
[2025-01-29T13:39:29.052+0000][7][gc,age      ] GC(15) - age   6:     410736 bytes,   20200792 total
[2025-01-29T13:39:29.052+0000][7][gc,age      ] GC(15) - age   7:     292064 bytes,   20492856 total
[2025-01-29T13:39:29.052+0000][7][gc,age      ] GC(15) - age   8:     247760 bytes,   20740616 total
[2025-01-29T13:39:29.052+0000][7][gc,phases   ] GC(15)   Pre Evacuate Collection Set: 0.1ms
[2025-01-29T13:39:29.052+0000][7][gc,phases   ] GC(15)   Merge Heap Roots: 0.1ms
[2025-01-29T13:39:29.052+0000][7][gc,phases   ] GC(15)   Evacuate Collection Set: 31.2ms
[2025-01-29T13:39:29.052+0000][7][gc,phases   ] GC(15)   Post Evacuate Collection Set: 6.9ms
[2025-01-29T13:39:29.052+0000][7][gc,phases   ] GC(15)   Other: 0.4ms
[2025-01-29T13:39:29.052+0000][7][gc,heap     ] GC(15) Eden regions: 34->0(33)
[2025-01-29T13:39:29.052+0000][7][gc,heap     ] GC(15) Survivor regions: 4->5(5)
[2025-01-29T13:39:29.052+0000][7][gc,heap     ] GC(15) Old regions: 3->5
[2025-01-29T13:39:29.052+0000][7][gc,heap     ] GC(15) Archive regions: 2->2
[2025-01-29T13:39:29.052+0000][7][gc,heap     ] GC(15) Humongous regions: 0->0
[2025-01-29T13:39:29.052+0000][7][gc,metaspace] GC(15) Metaspace: 29146K(31104K)->29146K(31104K) NonClass: 25477K(26880K)->25477K(26880K) Class: 3668K(4224K)->3668K(4224K)
[2025-01-29T13:39:29.052+0000][7][gc          ] GC(15) Pause Young (Normal) (G1 Evacuation Pause) 164M->43M(256M) 38.703ms
[2025-01-29T13:39:29.052+0000][7][gc,cpu      ] GC(15) User=0.16s Sys=0.01s Real=0.03s
[2025-01-29T13:39:29.053+0000][7][safepoint   ] Safepoint "G1CollectForAllocation", Time since last: 518045166 ns, Reaching safepoint: 233421 ns, At safepoint: 38840431 ns, Total: 39073852 ns
[2025-01-29T13:39:30.053+0000][7][safepoint   ] Safepoint "Cleanup", Time since last: 1000117191 ns, Reaching safepoint: 289113 ns, At safepoint: 7894 ns, Total: 297007 ns
[2025-01-29T13:39:30.297+0000][7][gc,start    ] GC(16) Pause Young (Concurrent Start) (Metadata GC Threshold)
[2025-01-29T13:39:30.297+0000][7][gc,task     ] GC(16) Using 6 workers of 8 for evacuation
[2025-01-29T13:39:30.297+0000][7][gc,age      ] GC(16) Desired survivor size 10485760 bytes, new threshold 1 (max threshold 15)
[2025-01-29T13:39:30.316+0000][7][gc,age      ] GC(16) Age table with threshold 1 (max threshold 15)
[2025-01-29T13:39:30.316+0000][7][gc,age      ] GC(16) - age   1:   16024152 bytes,   16024152 total
[2025-01-29T13:39:30.316+0000][7][gc,phases   ] GC(16)   Pre Evacuate Collection Set: 0.2ms
[2025-01-29T13:39:30.316+0000][7][gc,phases   ] GC(16)   Merge Heap Roots: 0.2ms
[2025-01-29T13:39:30.316+0000][7][gc,phases   ] GC(16)   Evacuate Collection Set: 17.4ms
[2025-01-29T13:39:30.316+0000][7][gc,phases   ] GC(16)   Post Evacuate Collection Set: 0.8ms
[2025-01-29T13:39:30.316+0000][7][gc,phases   ] GC(16)   Other: 0.2ms
[2025-01-29T13:39:30.316+0000][7][gc,heap     ] GC(16) Eden regions: 29->0(29)
[2025-01-29T13:39:30.316+0000][7][gc,heap     ] GC(16) Survivor regions: 5->5(5)
[2025-01-29T13:39:30.316+0000][7][gc,heap     ] GC(16) Old regions: 5->10
[2025-01-29T13:39:30.316+0000][7][gc,heap     ] GC(16) Archive regions: 2->2
[2025-01-29T13:39:30.316+0000][7][gc,heap     ] GC(16) Humongous regions: 0->0
[2025-01-29T13:39:30.316+0000][7][gc,metaspace] GC(16) Metaspace: 33576K(35840K)->33576K(35840K) NonClass: 29233K(30848K)->29233K(30848K) Class: 4342K(4992K)->4342K(4992K)
[2025-01-29T13:39:30.316+0000][7][gc          ] GC(16) Pause Young (Concurrent Start) (Metadata GC Threshold) 157M->60M(256M) 18.808ms
[2025-01-29T13:39:30.316+0000][7][gc,cpu      ] GC(16) User=0.12s Sys=0.00s Real=0.02s
[2025-01-29T13:39:30.316+0000][7][gc          ] GC(17) Concurrent Cycle
[2025-01-29T13:39:30.316+0000][7][gc,marking  ] GC(17) Concurrent Clear Claimed Marks
[2025-01-29T13:39:30.316+0000][7][gc,marking  ] GC(17) Concurrent Clear Claimed Marks 0.088ms
[2025-01-29T13:39:30.316+0000][7][gc,marking  ] GC(17) Concurrent Scan Root Regions
[2025-01-29T13:39:30.316+0000][7][safepoint   ] Safepoint "CollectForMetadataAllocation", Time since last: 243848171 ns, Reaching safepoint: 112304 ns, At safepoint: 19146685 ns, Total: 19258989 ns
[2025-01-29T13:39:30.329+0000][7][gc,marking  ] GC(17) Concurrent Scan Root Regions 13.226ms
[2025-01-29T13:39:30.329+0000][7][gc,marking  ] GC(17) Concurrent Mark (11.876s)
[2025-01-29T13:39:30.329+0000][7][gc,marking  ] GC(17) Concurrent Mark From Roots
[2025-01-29T13:39:30.329+0000][7][gc,task     ] GC(17) Using 2 workers of 2 for marking
[2025-01-29T13:39:30.335+0000][7][safepoint   ] Safepoint "CollectForMetadataAllocation", Time since last: 18790671 ns, Reaching safepoint: 326549 ns, At safepoint: 291829 ns, Total: 618378 ns
[2025-01-29T13:39:30.346+0000][7][gc,marking  ] GC(17) Concurrent Mark From Roots 17.075ms
[2025-01-29T13:39:30.346+0000][7][gc,marking  ] GC(17) Concurrent Preclean
[2025-01-29T13:39:30.347+0000][7][gc,marking  ] GC(17) Concurrent Preclean 0.127ms
[2025-01-29T13:39:30.347+0000][7][gc,marking  ] GC(17) Concurrent Mark (11.876s, 11.894s) 17.309ms
[2025-01-29T13:39:30.347+0000][7][gc,start    ] GC(17) Pause Remark
[2025-01-29T13:39:30.349+0000][7][gc          ] GC(17) Pause Remark 64M->64M(256M) 2.542ms
[2025-01-29T13:39:30.350+0000][7][gc,cpu      ] GC(17) User=0.01s Sys=0.00s Real=0.00s
[2025-01-29T13:39:30.350+0000][7][safepoint   ] Safepoint "G1Concurrent", Time since last: 11163433 ns, Reaching safepoint: 317726 ns, At safepoint: 2682908 ns, Total: 3000634 ns
[2025-01-29T13:39:30.350+0000][7][gc,marking  ] GC(17) Concurrent Rebuild Remembered Sets
[2025-01-29T13:39:30.367+0000][7][gc,marking  ] GC(17) Concurrent Rebuild Remembered Sets 17.724ms
[2025-01-29T13:39:30.368+0000][7][gc,start    ] GC(17) Pause Cleanup
[2025-01-29T13:39:30.368+0000][7][gc          ] GC(17) Pause Cleanup 64M->64M(256M) 0.156ms
[2025-01-29T13:39:30.368+0000][7][gc,cpu      ] GC(17) User=0.00s Sys=0.00s Real=0.00s
[2025-01-29T13:39:30.368+0000][7][safepoint   ] Safepoint "G1Concurrent", Time since last: 17900704 ns, Reaching safepoint: 469558 ns, At safepoint: 259768 ns, Total: 729326 ns
[2025-01-29T13:39:30.368+0000][7][gc,marking  ] GC(17) Concurrent Cleanup for Next Mark
[2025-01-29T13:39:30.369+0000][7][gc,marking  ] GC(17) Concurrent Cleanup for Next Mark 0.246ms
[2025-01-29T13:39:30.369+0000][7][gc          ] GC(17) Concurrent Cycle 52.759ms
[2025-01-29T13:39:30.586+0000][7][gc,start    ] GC(18) Pause Young (Concurrent Start) (G1 Evacuation Pause)
[2025-01-29T13:39:30.586+0000][7][gc,task     ] GC(18) Using 6 workers of 8 for evacuation
[2025-01-29T13:39:30.586+0000][7][gc,age      ] GC(18) Desired survivor size 10485760 bytes, new threshold 1 (max threshold 15)
[2025-01-29T13:39:30.595+0000][7][gc,age      ] GC(18) Age table with threshold 1 (max threshold 15)
[2025-01-29T13:39:30.595+0000][7][gc,age      ] GC(18) - age   1:    1499840 bytes,    1499840 total
[2025-01-29T13:39:30.595+0000][7][gc,phases   ] GC(18)   Pre Evacuate Collection Set: 0.2ms
[2025-01-29T13:39:30.595+0000][7][gc,phases   ] GC(18)   Merge Heap Roots: 0.1ms
[2025-01-29T13:39:30.595+0000][7][gc,phases   ] GC(18)   Evacuate Collection Set: 7.2ms
[2025-01-29T13:39:30.595+0000][7][gc,phases   ] GC(18)   Post Evacuate Collection Set: 1.0ms
[2025-01-29T13:39:30.595+0000][7][gc,phases   ] GC(18)   Other: 0.3ms
[2025-01-29T13:39:30.595+0000][7][gc,heap     ] GC(18) Eden regions: 29->0(30)
[2025-01-29T13:39:30.595+0000][7][gc,heap     ] GC(18) Survivor regions: 5->1(5)
[2025-01-29T13:39:30.595+0000][7][gc,heap     ] GC(18) Old regions: 10->14
[2025-01-29T13:39:30.595+0000][7][gc,heap     ] GC(18) Archive regions: 2->2
[2025-01-29T13:39:30.595+0000][7][gc,heap     ] GC(18) Humongous regions: 0->0
[2025-01-29T13:39:30.595+0000][7][gc,metaspace] GC(18) Metaspace: 35197K(37760K)->35197K(37760K) NonClass: 30703K(32640K)->30703K(32640K) Class: 4493K(5120K)->4493K(5120K)
[2025-01-29T13:39:30.595+0000][7][gc          ] GC(18) Pause Young (Concurrent Start) (G1 Evacuation Pause) 176M->63M(256M) 8.800ms
[2025-01-29T13:39:30.595+0000][7][gc,cpu      ] GC(18) User=0.04s Sys=0.00s Real=0.01s
[2025-01-29T13:39:30.595+0000][7][gc          ] GC(19) Concurrent Cycle
[2025-01-29T13:39:30.595+0000][7][gc,marking  ] GC(19) Concurrent Clear Claimed Marks
[2025-01-29T13:39:30.595+0000][7][safepoint   ] Safepoint "G1CollectForAllocation", Time since last: 217763433 ns, Reaching safepoint: 224399 ns, At safepoint: 8924568 ns, Total: 9148967 ns
[2025-01-29T13:39:30.595+0000][7][gc,marking  ] GC(19) Concurrent Clear Claimed Marks 0.085ms
[2025-01-29T13:39:30.595+0000][7][gc,marking  ] GC(19) Concurrent Scan Root Regions
[2025-01-29T13:39:30.602+0000][7][gc,marking  ] GC(19) Concurrent Scan Root Regions 7.198ms
[2025-01-29T13:39:30.602+0000][7][gc,marking  ] GC(19) Concurrent Mark (12.149s)
[2025-01-29T13:39:30.603+0000][7][gc,marking  ] GC(19) Concurrent Mark From Roots
[2025-01-29T13:39:30.603+0000][7][gc,task     ] GC(19) Using 2 workers of 2 for marking
[2025-01-29T13:39:30.638+0000][7][gc,marking  ] GC(19) Concurrent Mark From Roots 35.252ms
[2025-01-29T13:39:30.638+0000][7][gc,marking  ] GC(19) Concurrent Preclean
[2025-01-29T13:39:30.638+0000][7][gc,marking  ] GC(19) Concurrent Preclean 0.166ms
[2025-01-29T13:39:30.638+0000][7][gc,marking  ] GC(19) Concurrent Mark (12.149s, 12.185s) 35.500ms
[2025-01-29T13:39:30.638+0000][7][gc,start    ] GC(19) Pause Remark
[2025-01-29T13:39:30.641+0000][7][gc          ] GC(19) Pause Remark 69M->69M(256M) 2.433ms
[2025-01-29T13:39:30.641+0000][7][gc,cpu      ] GC(19) User=0.02s Sys=0.00s Real=0.00s
[2025-01-29T13:39:30.641+0000][7][safepoint   ] Safepoint "G1Concurrent", Time since last: 42902560 ns, Reaching safepoint: 142093 ns, At safepoint: 2592317 ns, Total: 2734410 ns
[2025-01-29T13:39:30.641+0000][7][gc,marking  ] GC(19) Concurrent Rebuild Remembered Sets
[2025-01-29T13:39:30.678+0000][7][gc,marking  ] GC(19) Concurrent Rebuild Remembered Sets 36.975ms
[2025-01-29T13:39:30.679+0000][7][gc,start    ] GC(19) Pause Cleanup
[2025-01-29T13:39:30.679+0000][7][gc          ] GC(19) Pause Cleanup 71M->71M(256M) 0.261ms
[2025-01-29T13:39:30.679+0000][7][gc,cpu      ] GC(19) User=0.01s Sys=0.00s Real=0.00s
[2025-01-29T13:39:30.679+0000][7][safepoint   ] Safepoint "G1Concurrent", Time since last: 37316149 ns, Reaching safepoint: 580548 ns, At safepoint: 672404 ns, Total: 1252952 ns
[2025-01-29T13:39:30.680+0000][7][gc,marking  ] GC(19) Concurrent Cleanup for Next Mark
[2025-01-29T13:39:30.680+0000][7][gc,marking  ] GC(19) Concurrent Cleanup for Next Mark 0.369ms
[2025-01-29T13:39:30.680+0000][7][gc          ] GC(19) Concurrent Cycle 84.806ms
[2025-01-29T13:39:32.142+0000][7][safepoint   ] Safepoint "ICBufferFull", Time since last: 1462192842 ns, Reaching safepoint: 318737 ns, At safepoint: 27095 ns, Total: 345832 ns
[2025-01-29T13:39:32.160+0000][7][gc,start    ] GC(20) Pause Young (Normal) (G1 Evacuation Pause)
[2025-01-29T13:39:32.161+0000][7][gc,task     ] GC(20) Using 6 workers of 8 for evacuation
[2025-01-29T13:39:32.161+0000][7][gc,age      ] GC(20) Desired survivor size 8388608 bytes, new threshold 15 (max threshold 15)
[2025-01-29T13:39:32.168+0000][7][gc,age      ] GC(20) Age table with threshold 15 (max threshold 15)
[2025-01-29T13:39:32.168+0000][7][gc,age      ] GC(20) - age   1:    5111000 bytes,    5111000 total
[2025-01-29T13:39:32.168+0000][7][gc,age      ] GC(20) - age   2:    1205552 bytes,    6316552 total
[2025-01-29T13:39:32.168+0000][7][gc,phases   ] GC(20)   Pre Evacuate Collection Set: 0.2ms
[2025-01-29T13:39:32.168+0000][7][gc,phases   ] GC(20)   Merge Heap Roots: 0.1ms
[2025-01-29T13:39:32.168+0000][7][gc,phases   ] GC(20)   Evacuate Collection Set: 5.6ms
[2025-01-29T13:39:32.168+0000][7][gc,phases   ] GC(20)   Post Evacuate Collection Set: 1.1ms
[2025-01-29T13:39:32.168+0000][7][gc,phases   ] GC(20)   Other: 0.2ms
[2025-01-29T13:39:32.168+0000][7][gc,heap     ] GC(20) Eden regions: 30->0(30)
[2025-01-29T13:39:32.168+0000][7][gc,heap     ] GC(20) Survivor regions: 1->2(4)
[2025-01-29T13:39:32.168+0000][7][gc,heap     ] GC(20) Old regions: 14->14
[2025-01-29T13:39:32.168+0000][7][gc,heap     ] GC(20) Archive regions: 2->2
[2025-01-29T13:39:32.168+0000][7][gc,heap     ] GC(20) Humongous regions: 0->0
[2025-01-29T13:39:32.168+0000][7][gc,metaspace] GC(20) Metaspace: 50996K(54016K)->50996K(54016K) NonClass: 44150K(46336K)->44150K(46336K) Class: 6846K(7680K)->6846K(7680K)
[2025-01-29T13:39:32.168+0000][7][gc          ] GC(20) Pause Young (Normal) (G1 Evacuation Pause) 183M->66M(256M) 7.294ms
[2025-01-29T13:39:32.168+0000][7][gc,cpu      ] GC(20) User=0.05s Sys=0.00s Real=0.01s
[2025-01-29T13:39:32.168+0000][7][safepoint   ] Safepoint "G1CollectForAllocation", Time since last: 18297105 ns, Reaching safepoint: 237919 ns, At safepoint: 7420644 ns, Total: 7658563 ns
[2025-01-29T13:39:32.554+0000][7][safepoint   ] Safepoint "ICBufferFull", Time since last: 385773014 ns, Reaching safepoint: 605515 ns, At safepoint: 87043 ns, Total: 692558 ns
[2025-01-29T13:39:33.285+0000][7][safepoint   ] Safepoint "ICBufferFull", Time since last: 730731750 ns, Reaching safepoint: 400287 ns, At safepoint: 27294 ns, Total: 427581 ns
[2025-01-29T13:39:33.697+0000][7][gc,start    ] GC(21) Pause Young (Normal) (G1 Evacuation Pause)
[2025-01-29T13:39:33.697+0000][7][gc,task     ] GC(21) Using 6 workers of 8 for evacuation
[2025-01-29T13:39:33.698+0000][7][gc,age      ] GC(21) Desired survivor size 8388608 bytes, new threshold 15 (max threshold 15)
[2025-01-29T13:39:33.707+0000][7][gc,age      ] GC(21) Age table with threshold 15 (max threshold 15)
[2025-01-29T13:39:33.707+0000][7][gc,age      ] GC(21) - age   1:    5869144 bytes,    5869144 total
[2025-01-29T13:39:33.707+0000][7][gc,age      ] GC(21) - age   2:    4947864 bytes,   10817008 total
[2025-01-29T13:39:33.707+0000][7][gc,age      ] GC(21) - age   3:    1204896 bytes,   12021904 total
[2025-01-29T13:39:33.707+0000][7][gc,phases   ] GC(21)   Pre Evacuate Collection Set: 0.1ms
[2025-01-29T13:39:33.707+0000][7][gc,phases   ] GC(21)   Merge Heap Roots: 0.1ms
[2025-01-29T13:39:33.707+0000][7][gc,phases   ] GC(21)   Evacuate Collection Set: 7.3ms
[2025-01-29T13:39:33.707+0000][7][gc,phases   ] GC(21)   Post Evacuate Collection Set: 1.7ms
[2025-01-29T13:39:33.707+0000][7][gc,phases   ] GC(21)   Other: 0.3ms
[2025-01-29T13:39:33.707+0000][7][gc,heap     ] GC(21) Eden regions: 30->0(28)
[2025-01-29T13:39:33.707+0000][7][gc,heap     ] GC(21) Survivor regions: 2->4(4)
[2025-01-29T13:39:33.707+0000][7][gc,heap     ] GC(21) Old regions: 14->14
[2025-01-29T13:39:33.707+0000][7][gc,heap     ] GC(21) Archive regions: 2->2
[2025-01-29T13:39:33.707+0000][7][gc,heap     ] GC(21) Humongous regions: 0->0
[2025-01-29T13:39:33.707+0000][7][gc,metaspace] GC(21) Metaspace: 59468K(62720K)->59468K(62720K) NonClass: 51640K(54016K)->51640K(54016K) Class: 7828K(8704K)->7828K(8704K)
[2025-01-29T13:39:33.707+0000][7][gc          ] GC(21) Pause Young (Normal) (G1 Evacuation Pause) 186M->72M(256M) 9.546ms
[2025-01-29T13:39:33.707+0000][7][gc,cpu      ] GC(21) User=0.05s Sys=0.00s Real=0.01s
[2025-01-29T13:39:33.707+0000][7][safepoint   ] Safepoint "G1CollectForAllocation", Time since last: 411546263 ns, Reaching safepoint: 371223 ns, At safepoint: 9683599 ns, Total: 10054822 ns
[2025-01-29T13:39:33.741+0000][7][gc,start    ] GC(22) Pause Young (Concurrent Start) (Metadata GC Threshold)
[2025-01-29T13:39:33.741+0000][7][gc,task     ] GC(22) Using 6 workers of 8 for evacuation
[2025-01-29T13:39:33.741+0000][7][gc,age      ] GC(22) Desired survivor size 8388608 bytes, new threshold 2 (max threshold 15)
[2025-01-29T13:39:33.749+0000][7][gc,age      ] GC(22) Age table with threshold 2 (max threshold 15)
[2025-01-29T13:39:33.749+0000][7][gc,age      ] GC(22) - age   1:     100504 bytes,     100504 total
[2025-01-29T13:39:33.749+0000][7][gc,age      ] GC(22) - age   2:    5795048 bytes,    5895552 total
[2025-01-29T13:39:33.749+0000][7][gc,phases   ] GC(22)   Pre Evacuate Collection Set: 0.2ms
[2025-01-29T13:39:33.749+0000][7][gc,phases   ] GC(22)   Merge Heap Roots: 0.2ms
[2025-01-29T13:39:33.749+0000][7][gc,phases   ] GC(22)   Evacuate Collection Set: 6.7ms
[2025-01-29T13:39:33.749+0000][7][gc,phases   ] GC(22)   Post Evacuate Collection Set: 0.9ms
[2025-01-29T13:39:33.749+0000][7][gc,phases   ] GC(22)   Other: 0.2ms
[2025-01-29T13:39:33.749+0000][7][gc,heap     ] GC(22) Eden regions: 2->0(29)
[2025-01-29T13:39:33.749+0000][7][gc,heap     ] GC(22) Survivor regions: 4->2(4)
[2025-01-29T13:39:33.749+0000][7][gc,heap     ] GC(22) Old regions: 14->16
[2025-01-29T13:39:33.749+0000][7][gc,heap     ] GC(22) Archive regions: 2->2
[2025-01-29T13:39:33.749+0000][7][gc,heap     ] GC(22) Humongous regions: 0->0
[2025-01-29T13:39:33.749+0000][7][gc,metaspace] GC(22) Metaspace: 59926K(63104K)->59926K(63104K) NonClass: 52033K(54272K)->52033K(54272K) Class: 7892K(8832K)->7892K(8832K)
[2025-01-29T13:39:33.749+0000][7][gc          ] GC(22) Pause Young (Concurrent Start) (Metadata GC Threshold) 78M->72M(256M) 8.199ms
[2025-01-29T13:39:33.749+0000][7][gc,cpu      ] GC(22) User=0.04s Sys=0.00s Real=0.01s
[2025-01-29T13:39:33.749+0000][7][gc          ] GC(23) Concurrent Cycle
[2025-01-29T13:39:33.749+0000][7][gc,marking  ] GC(23) Concurrent Clear Claimed Marks
[2025-01-29T13:39:33.750+0000][7][gc,marking  ] GC(23) Concurrent Clear Claimed Marks 0.095ms
[2025-01-29T13:39:33.750+0000][7][gc,marking  ] GC(23) Concurrent Scan Root Regions
[2025-01-29T13:39:33.750+0000][7][safepoint   ] Safepoint "CollectForMetadataAllocation", Time since last: 33780716 ns, Reaching safepoint: 210838 ns, At safepoint: 8460193 ns, Total: 8671031 ns
[2025-01-29T13:39:33.755+0000][7][gc,marking  ] GC(23) Concurrent Scan Root Regions 5.134ms
[2025-01-29T13:39:33.755+0000][7][gc,marking  ] GC(23) Concurrent Mark (15.302s)
[2025-01-29T13:39:33.755+0000][7][gc,marking  ] GC(23) Concurrent Mark From Roots
[2025-01-29T13:39:33.755+0000][7][gc,task     ] GC(23) Using 2 workers of 2 for marking
[2025-01-29T13:39:33.787+0000][7][safepoint   ] Safepoint "CollectForMetadataAllocation", Time since last: 37505718 ns, Reaching safepoint: 229850 ns, At safepoint: 166199 ns, Total: 396049 ns
[2025-01-29T13:39:33.816+0000][7][gc,marking  ] GC(23) Concurrent Mark From Roots 61.179ms
[2025-01-29T13:39:33.816+0000][7][gc,marking  ] GC(23) Concurrent Preclean
[2025-01-29T13:39:33.816+0000][7][gc,marking  ] GC(23) Concurrent Preclean 0.201ms
[2025-01-29T13:39:33.816+0000][7][gc,marking  ] GC(23) Concurrent Mark (15.302s, 15.363s) 61.442ms
[2025-01-29T13:39:33.816+0000][7][gc,start    ] GC(23) Pause Remark
[2025-01-29T13:39:33.819+0000][7][gc          ] GC(23) Pause Remark 79M->79M(256M) 2.385ms
[2025-01-29T13:39:33.819+0000][7][gc,cpu      ] GC(23) User=0.01s Sys=0.00s Real=0.00s
[2025-01-29T13:39:33.819+0000][7][safepoint   ] Safepoint "G1Concurrent", Time since last: 28803060 ns, Reaching safepoint: 140310 ns, At safepoint: 2487771 ns, Total: 2628081 ns
[2025-01-29T13:39:33.819+0000][7][gc,marking  ] GC(23) Concurrent Rebuild Remembered Sets
[2025-01-29T13:39:33.853+0000][7][gc,marking  ] GC(23) Concurrent Rebuild Remembered Sets 34.405ms
[2025-01-29T13:39:33.854+0000][7][gc,start    ] GC(23) Pause Cleanup
[2025-01-29T13:39:33.854+0000][7][gc          ] GC(23) Pause Cleanup 82M->82M(256M) 0.161ms
[2025-01-29T13:39:33.854+0000][7][gc,cpu      ] GC(23) User=0.00s Sys=0.00s Real=0.00s
[2025-01-29T13:39:33.854+0000][7][safepoint   ] Safepoint "G1Concurrent", Time since last: 34574396 ns, Reaching safepoint: 798684 ns, At safepoint: 233578 ns, Total: 1032262 ns
[2025-01-29T13:39:33.855+0000][7][gc,marking  ] GC(23) Concurrent Cleanup for Next Mark
[2025-01-29T13:39:33.855+0000][7][gc,marking  ] GC(23) Concurrent Cleanup for Next Mark 0.295ms
[2025-01-29T13:39:33.855+0000][7][gc          ] GC(23) Concurrent Cycle 105.445ms
[2025-01-29T13:39:35.114+0000][7][safepoint   ] Safepoint "Cleanup", Time since last: 1257918952 ns, Reaching safepoint: 1636293 ns, At safepoint: 27917 ns, Total: 1664210 ns
[2025-01-29T13:39:35.800+0000][7][gc,start    ] GC(24) Pause Young (Concurrent Start) (G1 Evacuation Pause)
[2025-01-29T13:39:35.800+0000][7][gc,task     ] GC(24) Using 6 workers of 8 for evacuation
[2025-01-29T13:39:35.800+0000][7][gc,age      ] GC(24) Desired survivor size 8388608 bytes, new threshold 15 (max threshold 15)
[2025-01-29T13:39:35.809+0000][7][gc,age      ] GC(24) Age table with threshold 15 (max threshold 15)
[2025-01-29T13:39:35.809+0000][7][gc,age      ] GC(24) - age   1:    5938960 bytes,    5938960 total
[2025-01-29T13:39:35.809+0000][7][gc,age      ] GC(24) - age   2:      91584 bytes,    6030544 total
[2025-01-29T13:39:35.809+0000][7][gc,age      ] GC(24) - age   3:    5758424 bytes,   11788968 total
[2025-01-29T13:39:35.809+0000][7][gc,phases   ] GC(24)   Pre Evacuate Collection Set: 0.2ms
[2025-01-29T13:39:35.809+0000][7][gc,phases   ] GC(24)   Merge Heap Roots: 0.2ms
[2025-01-29T13:39:35.809+0000][7][gc,phases   ] GC(24)   Evacuate Collection Set: 7.5ms
[2025-01-29T13:39:35.809+0000][7][gc,phases   ] GC(24)   Post Evacuate Collection Set: 1.2ms
[2025-01-29T13:39:35.809+0000][7][gc,phases   ] GC(24)   Other: 0.2ms
[2025-01-29T13:39:35.809+0000][7][gc,heap     ] GC(24) Eden regions: 29->0(27)
[2025-01-29T13:39:35.809+0000][7][gc,heap     ] GC(24) Survivor regions: 2->4(4)
[2025-01-29T13:39:35.809+0000][7][gc,heap     ] GC(24) Old regions: 16->16
[2025-01-29T13:39:35.809+0000][7][gc,heap     ] GC(24) Archive regions: 2->2
[2025-01-29T13:39:35.809+0000][7][gc,heap     ] GC(24) Humongous regions: 0->0
[2025-01-29T13:39:35.809+0000][7][gc,metaspace] GC(24) Metaspace: 76577K(80256K)->76577K(80256K) NonClass: 66265K(68864K)->66265K(68864K) Class: 10312K(11392K)->10312K(11392K)
[2025-01-29T13:39:35.809+0000][7][gc          ] GC(24) Pause Young (Concurrent Start) (G1 Evacuation Pause) 188M->77M(256M) 9.294ms
[2025-01-29T13:39:35.809+0000][7][gc,cpu      ] GC(24) User=0.06s Sys=0.00s Real=0.01s
[2025-01-29T13:39:35.809+0000][7][gc          ] GC(25) Concurrent Cycle
[2025-01-29T13:39:35.809+0000][7][gc,marking  ] GC(25) Concurrent Clear Claimed Marks
[2025-01-29T13:39:35.809+0000][7][safepoint   ] Safepoint "G1CollectForAllocation", Time since last: 685416039 ns, Reaching safepoint: 257620 ns, At safepoint: 9443791 ns, Total: 9701411 ns
[2025-01-29T13:39:35.809+0000][7][gc,marking  ] GC(25) Concurrent Clear Claimed Marks 0.111ms
[2025-01-29T13:39:35.809+0000][7][gc,marking  ] GC(25) Concurrent Scan Root Regions
[2025-01-29T13:39:35.817+0000][7][gc,marking  ] GC(25) Concurrent Scan Root Regions 7.458ms
[2025-01-29T13:39:35.817+0000][7][gc,marking  ] GC(25) Concurrent Mark (17.364s)
[2025-01-29T13:39:35.817+0000][7][gc,marking  ] GC(25) Concurrent Mark From Roots
[2025-01-29T13:39:35.817+0000][7][gc,task     ] GC(25) Using 2 workers of 2 for marking
[2025-01-29T13:39:35.878+0000][7][gc,marking  ] GC(25) Concurrent Mark From Roots 61.467ms
[2025-01-29T13:39:35.878+0000][7][gc,marking  ] GC(25) Concurrent Preclean
[2025-01-29T13:39:35.878+0000][7][gc,marking  ] GC(25) Concurrent Preclean 0.135ms
[2025-01-29T13:39:35.878+0000][7][gc,marking  ] GC(25) Concurrent Mark (17.364s, 17.425s) 61.660ms
[2025-01-29T13:39:35.879+0000][7][gc,start    ] GC(25) Pause Remark
[2025-01-29T13:39:35.882+0000][7][gc          ] GC(25) Pause Remark 83M->83M(256M) 2.753ms
[2025-01-29T13:39:35.882+0000][7][gc,cpu      ] GC(25) User=0.01s Sys=0.00s Real=0.00s
[2025-01-29T13:39:35.882+0000][7][safepoint   ] Safepoint "G1Concurrent", Time since last: 69379998 ns, Reaching safepoint: 352289 ns, At safepoint: 2895687 ns, Total: 3247976 ns
[2025-01-29T13:39:35.882+0000][7][gc,marking  ] GC(25) Concurrent Rebuild Remembered Sets
[2025-01-29T13:39:35.915+0000][7][gc,marking  ] GC(25) Concurrent Rebuild Remembered Sets 32.959ms
[2025-01-29T13:39:35.916+0000][7][gc,start    ] GC(25) Pause Cleanup
[2025-01-29T13:39:35.916+0000][7][gc          ] GC(25) Pause Cleanup 85M->85M(256M) 0.147ms
[2025-01-29T13:39:35.916+0000][7][gc,cpu      ] GC(25) User=0.00s Sys=0.00s Real=0.00s
[2025-01-29T13:39:35.916+0000][7][safepoint   ] Safepoint "G1Concurrent", Time since last: 33226486 ns, Reaching safepoint: 658473 ns, At safepoint: 214540 ns, Total: 873013 ns
[2025-01-29T13:39:35.916+0000][7][gc,marking  ] GC(25) Concurrent Cleanup for Next Mark
[2025-01-29T13:39:35.916+0000][7][gc,marking  ] GC(25) Concurrent Cleanup for Next Mark 0.273ms
[2025-01-29T13:39:35.916+0000][7][gc          ] GC(25) Concurrent Cycle 107.140ms
[2025-01-29T13:39:36.866+0000][7][safepoint   ] Safepoint "ICBufferFull", Time since last: 949418581 ns, Reaching safepoint: 331298 ns, At safepoint: 35687 ns, Total: 366985 ns
[2025-01-29T13:39:37.100+0000][7][gc,start    ] GC(26) Pause Young (Concurrent Start) (G1 Humongous Allocation)
[2025-01-29T13:39:37.100+0000][7][gc,task     ] GC(26) Using 6 workers of 8 for evacuation
[2025-01-29T13:39:37.100+0000][7][gc,age      ] GC(26) Desired survivor size 8388608 bytes, new threshold 3 (max threshold 15)
[2025-01-29T13:39:37.112+0000][7][gc,age      ] GC(26) Age table with threshold 3 (max threshold 15)
[2025-01-29T13:39:37.112+0000][7][gc,age      ] GC(26) - age   1:    4961168 bytes,    4961168 total
[2025-01-29T13:39:37.112+0000][7][gc,age      ] GC(26) - age   2:    5357528 bytes,   10318696 total
[2025-01-29T13:39:37.112+0000][7][gc,age      ] GC(26) - age   3:      91008 bytes,   10409704 total
[2025-01-29T13:39:37.112+0000][7][gc,phases   ] GC(26)   Pre Evacuate Collection Set: 0.2ms
[2025-01-29T13:39:37.112+0000][7][gc,phases   ] GC(26)   Merge Heap Roots: 0.2ms
[2025-01-29T13:39:37.112+0000][7][gc,phases   ] GC(26)   Evacuate Collection Set: 9.9ms
[2025-01-29T13:39:37.112+0000][7][gc,phases   ] GC(26)   Post Evacuate Collection Set: 1.5ms
[2025-01-29T13:39:37.112+0000][7][gc,phases   ] GC(26)   Other: 0.3ms
[2025-01-29T13:39:37.112+0000][7][gc,heap     ] GC(26) Eden regions: 19->0(26)
[2025-01-29T13:39:37.112+0000][7][gc,heap     ] GC(26) Survivor regions: 4->3(4)
[2025-01-29T13:39:37.112+0000][7][gc,heap     ] GC(26) Old regions: 16->17
[2025-01-29T13:39:37.112+0000][7][gc,heap     ] GC(26) Archive regions: 2->2
[2025-01-29T13:39:37.112+0000][7][gc,heap     ] GC(26) Humongous regions: 1->1
[2025-01-29T13:39:37.112+0000][7][gc,metaspace] GC(26) Metaspace: 87021K(91264K)->87021K(91264K) NonClass: 75209K(78336K)->75209K(78336K) Class: 11811K(12928K)->11811K(12928K)
[2025-01-29T13:39:37.112+0000][7][gc          ] GC(26) Pause Young (Concurrent Start) (G1 Humongous Allocation) 155M->86M(256M) 12.126ms
[2025-01-29T13:39:37.112+0000][7][gc,cpu      ] GC(26) User=0.07s Sys=0.00s Real=0.01s
[2025-01-29T13:39:37.112+0000][7][safepoint   ] Safepoint "G1TryInitiateConcMark", Time since last: 234053861 ns, Reaching safepoint: 394939 ns, At safepoint: 12274631 ns, Total: 12669570 ns
[2025-01-29T13:39:37.112+0000][7][gc          ] GC(27) Concurrent Cycle
[2025-01-29T13:39:37.113+0000][7][gc,marking  ] GC(27) Concurrent Clear Claimed Marks
[2025-01-29T13:39:37.113+0000][7][gc,marking  ] GC(27) Concurrent Clear Claimed Marks 0.152ms
[2025-01-29T13:39:37.113+0000][7][gc,marking  ] GC(27) Concurrent Scan Root Regions
[2025-01-29T13:39:37.122+0000][7][gc,marking  ] GC(27) Concurrent Scan Root Regions 8.926ms
[2025-01-29T13:39:37.122+0000][7][gc,marking  ] GC(27) Concurrent Mark (18.669s)
[2025-01-29T13:39:37.122+0000][7][gc,marking  ] GC(27) Concurrent Mark From Roots
[2025-01-29T13:39:37.122+0000][7][gc,task     ] GC(27) Using 2 workers of 2 for marking
[2025-01-29T13:39:37.185+0000][7][gc,marking  ] GC(27) Concurrent Mark From Roots 63.393ms
[2025-01-29T13:39:37.185+0000][7][gc,marking  ] GC(27) Concurrent Preclean
[2025-01-29T13:39:37.185+0000][7][gc,marking  ] GC(27) Concurrent Preclean 0.178ms
[2025-01-29T13:39:37.185+0000][7][gc,marking  ] GC(27) Concurrent Mark (18.669s, 18.732s) 63.641ms
[2025-01-29T13:39:37.186+0000][7][gc,start    ] GC(27) Pause Remark
[2025-01-29T13:39:37.188+0000][7][gc          ] GC(27) Pause Remark 98M->98M(256M) 2.299ms
[2025-01-29T13:39:37.188+0000][7][gc,cpu      ] GC(27) User=0.00s Sys=0.00s Real=0.00s
[2025-01-29T13:39:37.188+0000][7][safepoint   ] Safepoint "G1Concurrent", Time since last: 72972160 ns, Reaching safepoint: 262972 ns, At safepoint: 2432084 ns, Total: 2695056 ns
[2025-01-29T13:39:37.188+0000][7][gc,marking  ] GC(27) Concurrent Rebuild Remembered Sets
[2025-01-29T13:39:37.229+0000][7][gc,marking  ] GC(27) Concurrent Rebuild Remembered Sets 40.725ms
[2025-01-29T13:39:37.229+0000][7][gc,start    ] GC(27) Pause Cleanup
[2025-01-29T13:39:37.230+0000][7][gc          ] GC(27) Pause Cleanup 101M->101M(256M) 0.156ms
[2025-01-29T13:39:37.230+0000][7][gc,cpu      ] GC(27) User=0.00s Sys=0.00s Real=0.00s
[2025-01-29T13:39:37.230+0000][7][safepoint   ] Safepoint "G1Concurrent", Time since last: 40903406 ns, Reaching safepoint: 490377 ns, At safepoint: 234706 ns, Total: 725083 ns
[2025-01-29T13:39:37.230+0000][7][gc,marking  ] GC(27) Concurrent Cleanup for Next Mark
[2025-01-29T13:39:37.230+0000][7][gc,marking  ] GC(27) Concurrent Cleanup for Next Mark 0.333ms
[2025-01-29T13:39:37.230+0000][7][gc          ] GC(27) Concurrent Cycle 117.684ms
[2025-01-29T13:39:37.554+0000][7][safepoint   ] Safepoint "ICBufferFull", Time since last: 324141934 ns, Reaching safepoint: 472052 ns, At safepoint: 94124 ns, Total: 566176 ns
[2025-01-29T13:39:37.880+0000][7][safepoint   ] Safepoint "ICBufferFull", Time since last: 324932575 ns, Reaching safepoint: 380418 ns, At safepoint: 68323 ns, Total: 448741 ns
[2025-01-29T13:39:38.342+0000][7][safepoint   ] Safepoint "ICBufferFull", Time since last: 461415663 ns, Reaching safepoint: 275878 ns, At safepoint: 74684 ns, Total: 350562 ns
[2025-01-29T13:39:38.688+0000][7][gc,start    ] GC(28) Pause Young (Normal) (G1 Evacuation Pause)
[2025-01-29T13:39:38.688+0000][7][gc,task     ] GC(28) Using 6 workers of 8 for evacuation
[2025-01-29T13:39:38.688+0000][7][gc,age      ] GC(28) Desired survivor size 8388608 bytes, new threshold 2 (max threshold 15)
[2025-01-29T13:39:38.703+0000][7][gc,age      ] GC(28) Age table with threshold 2 (max threshold 15)
[2025-01-29T13:39:38.703+0000][7][gc,age      ] GC(28) - age   1:    1247616 bytes,    1247616 total
[2025-01-29T13:39:38.703+0000][7][gc,age      ] GC(28) - age   2:    4655592 bytes,    5903208 total
[2025-01-29T13:39:38.703+0000][7][gc,phases   ] GC(28)   Pre Evacuate Collection Set: 0.2ms
[2025-01-29T13:39:38.703+0000][7][gc,phases   ] GC(28)   Merge Heap Roots: 0.3ms
[2025-01-29T13:39:38.703+0000][7][gc,phases   ] GC(28)   Evacuate Collection Set: 12.9ms
[2025-01-29T13:39:38.703+0000][7][gc,phases   ] GC(28)   Post Evacuate Collection Set: 1.3ms
[2025-01-29T13:39:38.703+0000][7][gc,phases   ] GC(28)   Other: 0.3ms
[2025-01-29T13:39:38.703+0000][7][gc,heap     ] GC(28) Eden regions: 26->0(25)
[2025-01-29T13:39:38.703+0000][7][gc,heap     ] GC(28) Survivor regions: 3->2(4)
[2025-01-29T13:39:38.703+0000][7][gc,heap     ] GC(28) Old regions: 17->19
[2025-01-29T13:39:38.703+0000][7][gc,heap     ] GC(28) Archive regions: 2->2
[2025-01-29T13:39:38.703+0000][7][gc,heap     ] GC(28) Humongous regions: 2->2
[2025-01-29T13:39:38.703+0000][7][gc,metaspace] GC(28) Metaspace: 90818K(95104K)->90818K(95104K) NonClass: 78545K(81664K)->78545K(81664K) Class: 12273K(13440K)->12273K(13440K)
[2025-01-29T13:39:38.703+0000][7][gc          ] GC(28) Pause Young (Normal) (G1 Evacuation Pause) 194M->91M(256M) 14.953ms
[2025-01-29T13:39:38.703+0000][7][gc,cpu      ] GC(28) User=0.07s Sys=0.01s Real=0.01s
[2025-01-29T13:39:38.703+0000][7][safepoint   ] Safepoint "G1CollectForAllocation", Time since last: 345998945 ns, Reaching safepoint: 230793 ns, At safepoint: 15087724 ns, Total: 15318517 ns
[2025-01-29T13:39:39.704+0000][7][safepoint   ] Safepoint "Cleanup", Time since last: 1000217293 ns, Reaching safepoint: 378012 ns, At safepoint: 39069 ns, Total: 417081 ns
[2025-01-29T13:39:40.704+0000][7][safepoint   ] Safepoint "Cleanup", Time since last: 1000189181 ns, Reaching safepoint: 175796 ns, At safepoint: 22551 ns, Total: 198347 ns
[2025-01-29T13:39:41.705+0000][7][safepoint   ] Safepoint "Cleanup", Time since last: 1000210681 ns, Reaching safepoint: 289965 ns, At safepoint: 72256 ns, Total: 362221 ns
[2025-01-29T13:39:42.705+0000][7][safepoint   ] Safepoint "Cleanup", Time since last: 1000275996 ns, Reaching safepoint: 406787 ns, At safepoint: 80854 ns, Total: 487641 ns
[2025-01-29T13:39:43.706+0000][7][safepoint   ] Safepoint "Cleanup", Time since last: 1000181786 ns, Reaching safepoint: 153484 ns, At safepoint: 18770 ns, Total: 172254 ns
[2025-01-29T13:39:46.706+0000][7][safepoint   ] Safepoint "Cleanup", Time since last: 3000379731 ns, Reaching safepoint: 152606 ns, At safepoint: 20372 ns, Total: 172978 ns
[2025-01-29T13:39:50.318+0000][7][gc,heap,exit] Heap
[2025-01-29T13:39:50.318+0000][7][gc,heap,exit]  garbage-first heap   total 262144K, used 142908K [0x00000000f0000000, 0x0000000100000000)
[2025-01-29T13:39:50.318+0000][7][gc,heap,exit]   region size 4096K, 15 young (61440K), 2 survivors (8192K)
[2025-01-29T13:39:50.318+0000][7][gc,heap,exit]  Metaspace       used 91261K, capacity 94644K, committed 95360K, reserved 1130496K
[2025-01-29T13:39:50.318+0000][7][gc,heap,exit]   class space    used 12326K, capacity 13398K, committed 13440K, reserved 1048576K
