[2025-01-29T16:31:16.718+0000][7][gc] Using G1
[2025-01-29T16:31:16.841+0000][7][gc,init] Version: 15.0.1+9 (release)
[2025-01-29T16:31:16.841+0000][7][gc,init] CPUs: 8 total, 8 available
[2025-01-29T16:31:16.841+0000][7][gc,init] Memory: 15868M
[2025-01-29T16:31:16.841+0000][7][gc,init] Large Page Support: Disabled
[2025-01-29T16:31:16.841+0000][7][gc,init] NUMA Support: Disabled
[2025-01-29T16:31:16.841+0000][7][gc,init] Compressed Oops: Enabled (32-bit)
[2025-01-29T16:31:16.841+0000][7][gc,init] Heap Region Size: 4M
[2025-01-29T16:31:16.841+0000][7][gc,init] Heap Min Capacity: 256M
[2025-01-29T16:31:16.841+0000][7][gc,init] Heap Initial Capacity: 256M
[2025-01-29T16:31:16.841+0000][7][gc,init] Heap Max Capacity: 256M
[2025-01-29T16:31:16.841+0000][7][gc,init] Pre-touch: Enabled
[2025-01-29T16:31:16.841+0000][7][gc,init] Parallel Workers: 8
[2025-01-29T16:31:16.841+0000][7][gc,init] Concurrent Workers: 2
[2025-01-29T16:31:16.842+0000][7][gc,init] Concurrent Refinement Workers: 8
[2025-01-29T16:31:16.842+0000][7][gc,init] Periodic GC: Disabled
[2025-01-29T16:31:16.842+0000][7][gc,cds ] Mark closed archive regions in map: [0x00000000ffc00000, 0x00000000ffc7bff8]
[2025-01-29T16:31:16.842+0000][7][gc,cds ] Mark open archive regions in map: [0x00000000ffb00000, 0x00000000ffb51ff8]
[2025-01-29T16:31:16.842+0000][7][gc,metaspace] CDS archive(s) mapped at: [0x0000000800000000-0x0000000800b2a000-0x0000000800b2a000), size 11706368, SharedBaseAddress: 0x0000000800000000, ArchiveRelocationMode: 0.
[2025-01-29T16:31:16.842+0000][7][gc,metaspace] Compressed class space mapped at: 0x0000000800b2c000-0x0000000840b2c000, size: 1073741824
[2025-01-29T16:31:16.842+0000][7][gc,metaspace] Narrow klass base: 0x0000000800000000, Narrow klass shift: 3, Narrow klass range: 0x100000000
[2025-01-29T16:31:17.828+0000][7][safepoint   ] Safepoint "ICBufferFull", Time since last: 967291723 ns, Reaching safepoint: 293966 ns, At safepoint: 53836 ns, Total: 347802 ns
[2025-01-29T16:31:18.059+0000][7][gc,start    ] GC(0) Pause Young (Normal) (G1 Evacuation Pause)
[2025-01-29T16:31:18.061+0000][7][gc,task     ] GC(0) Using 6 workers of 8 for evacuation
[2025-01-29T16:31:18.061+0000][7][gc,age      ] GC(0) Desired survivor size 2097152 bytes, new threshold 15 (max threshold 15)
[2025-01-29T16:31:18.064+0000][7][gc,age      ] GC(0) Age table with threshold 15 (max threshold 15)
[2025-01-29T16:31:18.064+0000][7][gc,age      ] GC(0) - age   1:    3657080 bytes,    3657080 total
[2025-01-29T16:31:18.064+0000][7][gc,phases   ] GC(0)   Pre Evacuate Collection Set: 0.1ms
[2025-01-29T16:31:18.064+0000][7][gc,phases   ] GC(0)   Merge Heap Roots: 0.1ms
[2025-01-29T16:31:18.064+0000][7][gc,phases   ] GC(0)   Evacuate Collection Set: 2.4ms
[2025-01-29T16:31:18.064+0000][7][gc,phases   ] GC(0)   Post Evacuate Collection Set: 0.8ms
[2025-01-29T16:31:18.064+0000][7][gc,phases   ] GC(0)   Other: 2.4ms
[2025-01-29T16:31:18.064+0000][7][gc,heap     ] GC(0) Eden regions: 5->0(5)
[2025-01-29T16:31:18.064+0000][7][gc,heap     ] GC(0) Survivor regions: 0->1(1)
[2025-01-29T16:31:18.064+0000][7][gc,heap     ] GC(0) Old regions: 0->0
[2025-01-29T16:31:18.064+0000][7][gc,heap     ] GC(0) Archive regions: 2->2
[2025-01-29T16:31:18.064+0000][7][gc,heap     ] GC(0) Humongous regions: 0->0
[2025-01-29T16:31:18.064+0000][7][gc,metaspace] GC(0) Metaspace: 6702K(8960K)->6702K(8960K) NonClass: 5970K(7936K)->5970K(7936K) Class: 731K(1024K)->731K(1024K)
[2025-01-29T16:31:18.064+0000][7][gc          ] GC(0) Pause Young (Normal) (G1 Evacuation Pause) 23M->7M(256M) 5.785ms
[2025-01-29T16:31:18.064+0000][7][gc,cpu      ] GC(0) User=0.02s Sys=0.00s Real=0.01s
[2025-01-29T16:31:18.065+0000][7][safepoint   ] Safepoint "G1CollectForAllocation", Time since last: 230015248 ns, Reaching safepoint: 178822 ns, At safepoint: 5933314 ns, Total: 6112136 ns
[2025-01-29T16:31:19.380+0000][7][safepoint   ] Safepoint "ICBufferFull", Time since last: 1315070805 ns, Reaching safepoint: 406722 ns, At safepoint: 130948 ns, Total: 537670 ns
[2025-01-29T16:31:19.461+0000][7][gc,start    ] GC(1) Pause Young (Normal) (G1 Evacuation Pause)
[2025-01-29T16:31:19.461+0000][7][gc,task     ] GC(1) Using 6 workers of 8 for evacuation
[2025-01-29T16:31:19.461+0000][7][gc,age      ] GC(1) Desired survivor size 2097152 bytes, new threshold 1 (max threshold 15)
[2025-01-29T16:31:19.478+0000][7][gc,age      ] GC(1) Age table with threshold 1 (max threshold 15)
[2025-01-29T16:31:19.478+0000][7][gc,age      ] GC(1) - age   1:    1987816 bytes,    1987816 total
[2025-01-29T16:31:19.478+0000][7][gc,phases   ] GC(1)   Pre Evacuate Collection Set: 0.1ms
[2025-01-29T16:31:19.478+0000][7][gc,phases   ] GC(1)   Merge Heap Roots: 0.1ms
[2025-01-29T16:31:19.478+0000][7][gc,phases   ] GC(1)   Evacuate Collection Set: 15.5ms
[2025-01-29T16:31:19.478+0000][7][gc,phases   ] GC(1)   Post Evacuate Collection Set: 1.1ms
[2025-01-29T16:31:19.478+0000][7][gc,phases   ] GC(1)   Other: 0.4ms
[2025-01-29T16:31:19.478+0000][7][gc,heap     ] GC(1) Eden regions: 5->0(11)
[2025-01-29T16:31:19.478+0000][7][gc,heap     ] GC(1) Survivor regions: 1->1(1)
[2025-01-29T16:31:19.478+0000][7][gc,heap     ] GC(1) Old regions: 0->1
[2025-01-29T16:31:19.478+0000][7][gc,heap     ] GC(1) Archive regions: 2->2
[2025-01-29T16:31:19.478+0000][7][gc,heap     ] GC(1) Humongous regions: 0->0
[2025-01-29T16:31:19.478+0000][7][gc,metaspace] GC(1) Metaspace: 11789K(12288K)->11789K(12288K) NonClass: 10379K(10752K)->10379K(10752K) Class: 1410K(1536K)->1410K(1536K)
[2025-01-29T16:31:19.478+0000][7][gc          ] GC(1) Pause Young (Normal) (G1 Evacuation Pause) 27M->9M(256M) 17.279ms
[2025-01-29T16:31:19.479+0000][7][gc,cpu      ] GC(1) User=0.04s Sys=0.01s Real=0.01s
[2025-01-29T16:31:19.479+0000][7][safepoint   ] Safepoint "G1CollectForAllocation", Time since last: 72839475 ns, Reaching safepoint: 8160993 ns, At safepoint: 17468613 ns, Total: 25629606 ns
[2025-01-29T16:31:20.587+0000][7][safepoint   ] Safepoint "ICBufferFull", Time since last: 1107702138 ns, Reaching safepoint: 339554 ns, At safepoint: 152780 ns, Total: 492334 ns
[2025-01-29T16:31:20.750+0000][7][gc,start    ] GC(2) Pause Young (Normal) (G1 Evacuation Pause)
[2025-01-29T16:31:20.750+0000][7][gc,task     ] GC(2) Using 6 workers of 8 for evacuation
[2025-01-29T16:31:20.750+0000][7][gc,age      ] GC(2) Desired survivor size 4194304 bytes, new threshold 15 (max threshold 15)
[2025-01-29T16:31:20.760+0000][7][gc,age      ] GC(2) Age table with threshold 15 (max threshold 15)
[2025-01-29T16:31:20.760+0000][7][gc,age      ] GC(2) - age   1:    1755576 bytes,    1755576 total
[2025-01-29T16:31:20.760+0000][7][gc,age      ] GC(2) - age   2:    1888032 bytes,    3643608 total
[2025-01-29T16:31:20.760+0000][7][gc,phases   ] GC(2)   Pre Evacuate Collection Set: 0.1ms
[2025-01-29T16:31:20.760+0000][7][gc,phases   ] GC(2)   Merge Heap Roots: 0.1ms
[2025-01-29T16:31:20.760+0000][7][gc,phases   ] GC(2)   Evacuate Collection Set: 7.9ms
[2025-01-29T16:31:20.760+0000][7][gc,phases   ] GC(2)   Post Evacuate Collection Set: 2.4ms
[2025-01-29T16:31:20.760+0000][7][gc,phases   ] GC(2)   Other: 0.3ms
[2025-01-29T16:31:20.760+0000][7][gc,heap     ] GC(2) Eden regions: 11->0(36)
[2025-01-29T16:31:20.760+0000][7][gc,heap     ] GC(2) Survivor regions: 1->1(2)
[2025-01-29T16:31:20.760+0000][7][gc,heap     ] GC(2) Old regions: 1->1
[2025-01-29T16:31:20.760+0000][7][gc,heap     ] GC(2) Archive regions: 2->2
[2025-01-29T16:31:20.760+0000][7][gc,heap     ] GC(2) Humongous regions: 0->0
[2025-01-29T16:31:20.760+0000][7][gc,metaspace] GC(2) Metaspace: 14477K(15104K)->14477K(15104K) NonClass: 12804K(13312K)->12804K(13312K) Class: 1673K(1792K)->1673K(1792K)
[2025-01-29T16:31:20.760+0000][7][gc          ] GC(2) Pause Young (Normal) (G1 Evacuation Pause) 53M->11M(256M) 10.751ms
[2025-01-29T16:31:20.760+0000][7][gc,cpu      ] GC(2) User=0.03s Sys=0.00s Real=0.01s
[2025-01-29T16:31:20.761+0000][7][safepoint   ] Safepoint "G1CollectForAllocation", Time since last: 162644980 ns, Reaching safepoint: 181312 ns, At safepoint: 10941694 ns, Total: 11123006 ns
[2025-01-29T16:31:21.449+0000][7][safepoint   ] Safepoint "ICBufferFull", Time since last: 671407918 ns, Reaching safepoint: 17393446 ns, At safepoint: 52614 ns, Total: 17446060 ns
[2025-01-29T16:31:21.479+0000][7][safepoint   ] Safepoint "ICBufferFull", Time since last: 29640153 ns, Reaching safepoint: 236497 ns, At safepoint: 6910 ns, Total: 243407 ns
[2025-01-29T16:31:21.492+0000][7][safepoint   ] Safepoint "ICBufferFull", Time since last: 12014985 ns, Reaching safepoint: 200548 ns, At safepoint: 7042 ns, Total: 207590 ns
[2025-01-29T16:31:21.506+0000][7][safepoint   ] Safepoint "ICBufferFull", Time since last: 13927033 ns, Reaching safepoint: 222933 ns, At safepoint: 5792 ns, Total: 228725 ns
[2025-01-29T16:31:21.521+0000][7][safepoint   ] Safepoint "ICBufferFull", Time since last: 15393519 ns, Reaching safepoint: 193127 ns, At safepoint: 6448 ns, Total: 199575 ns
[2025-01-29T16:31:21.543+0000][7][safepoint   ] Safepoint "ICBufferFull", Time since last: 21383826 ns, Reaching safepoint: 201912 ns, At safepoint: 36895 ns, Total: 238807 ns
[2025-01-29T16:31:21.554+0000][7][safepoint   ] Safepoint "ICBufferFull", Time since last: 10034913 ns, Reaching safepoint: 1079446 ns, At safepoint: 7470 ns, Total: 1086916 ns
[2025-01-29T16:31:21.562+0000][7][safepoint   ] Safepoint "ICBufferFull", Time since last: 7278426 ns, Reaching safepoint: 243991 ns, At safepoint: 4540 ns, Total: 248531 ns
[2025-01-29T16:31:21.565+0000][7][safepoint   ] Safepoint "ICBufferFull", Time since last: 3076019 ns, Reaching safepoint: 182226 ns, At safepoint: 4706 ns, Total: 186932 ns
[2025-01-29T16:31:21.580+0000][7][safepoint   ] Safepoint "ICBufferFull", Time since last: 14895203 ns, Reaching safepoint: 193808 ns, At safepoint: 4754 ns, Total: 198562 ns
[2025-01-29T16:31:21.585+0000][7][safepoint   ] Safepoint "ICBufferFull", Time since last: 5040607 ns, Reaching safepoint: 197928 ns, At safepoint: 4493 ns, Total: 202421 ns
[2025-01-29T16:31:21.600+0000][7][safepoint   ] Safepoint "ICBufferFull", Time since last: 14682223 ns, Reaching safepoint: 178277 ns, At safepoint: 3581 ns, Total: 181858 ns
[2025-01-29T16:31:21.606+0000][7][safepoint   ] Safepoint "ICBufferFull", Time since last: 5446323 ns, Reaching safepoint: 195114 ns, At safepoint: 3430 ns, Total: 198544 ns
[2025-01-29T16:31:21.616+0000][7][safepoint   ] Safepoint "ICBufferFull", Time since last: 10548796 ns, Reaching safepoint: 216447 ns, At safepoint: 4535 ns, Total: 220982 ns
[2025-01-29T16:31:21.627+0000][7][safepoint   ] Safepoint "ICBufferFull", Time since last: 3319093 ns, Reaching safepoint: 7224748 ns, At safepoint: 34840 ns, Total: 7259588 ns
[2025-01-29T16:31:21.639+0000][7][safepoint   ] Safepoint "ICBufferFull", Time since last: 12008188 ns, Reaching safepoint: 238602 ns, At safepoint: 24766 ns, Total: 263368 ns
[2025-01-29T16:31:21.651+0000][7][safepoint   ] Safepoint "ICBufferFull", Time since last: 11350642 ns, Reaching safepoint: 102335 ns, At safepoint: 4439 ns, Total: 106774 ns
[2025-01-29T16:31:21.667+0000][7][safepoint   ] Safepoint "ICBufferFull", Time since last: 15636287 ns, Reaching safepoint: 216431 ns, At safepoint: 11371 ns, Total: 227802 ns
[2025-01-29T16:31:21.690+0000][7][safepoint   ] Safepoint "ICBufferFull", Time since last: 23029401 ns, Reaching safepoint: 96431 ns, At safepoint: 5866 ns, Total: 102297 ns
[2025-01-29T16:31:21.699+0000][7][safepoint   ] Safepoint "ICBufferFull", Time since last: 9218359 ns, Reaching safepoint: 101464 ns, At safepoint: 3784 ns, Total: 105248 ns
[2025-01-29T16:31:21.701+0000][7][safepoint   ] Safepoint "ICBufferFull", Time since last: 2058183 ns, Reaching safepoint: 159823 ns, At safepoint: 4561 ns, Total: 164384 ns
[2025-01-29T16:31:21.703+0000][7][safepoint   ] Safepoint "ICBufferFull", Time since last: 1883951 ns, Reaching safepoint: 186803 ns, At safepoint: 3972 ns, Total: 190775 ns
[2025-01-29T16:31:21.706+0000][7][safepoint   ] Safepoint "ICBufferFull", Time since last: 2941650 ns, Reaching safepoint: 170510 ns, At safepoint: 7693 ns, Total: 178203 ns
[2025-01-29T16:31:21.710+0000][7][safepoint   ] Safepoint "ICBufferFull", Time since last: 2998922 ns, Reaching safepoint: 149844 ns, At safepoint: 3725 ns, Total: 153569 ns
[2025-01-29T16:31:21.726+0000][7][safepoint   ] Safepoint "ICBufferFull", Time since last: 16589381 ns, Reaching safepoint: 159134 ns, At safepoint: 3247 ns, Total: 162381 ns
[2025-01-29T16:31:21.734+0000][7][safepoint   ] Safepoint "ICBufferFull", Time since last: 6317493 ns, Reaching safepoint: 1166170 ns, At safepoint: 10548 ns, Total: 1176718 ns
[2025-01-29T16:31:21.737+0000][7][safepoint   ] Safepoint "ICBufferFull", Time since last: 2984125 ns, Reaching safepoint: 369697 ns, At safepoint: 4162 ns, Total: 373859 ns
[2025-01-29T16:31:21.739+0000][7][safepoint   ] Safepoint "ICBufferFull", Time since last: 1215845 ns, Reaching safepoint: 136436 ns, At safepoint: 6510 ns, Total: 142946 ns
[2025-01-29T16:31:21.740+0000][7][safepoint   ] Safepoint "ICBufferFull", Time since last: 1378296 ns, Reaching safepoint: 167652 ns, At safepoint: 3644 ns, Total: 171296 ns
[2025-01-29T16:31:21.743+0000][7][safepoint   ] Safepoint "ICBufferFull", Time since last: 2239448 ns, Reaching safepoint: 273371 ns, At safepoint: 27891 ns, Total: 301262 ns
[2025-01-29T16:31:22.392+0000][7][safepoint   ] Safepoint "ICBufferFull", Time since last: 645655331 ns, Reaching safepoint: 2306657 ns, At safepoint: 537444 ns, Total: 2844101 ns
[2025-01-29T16:31:22.773+0000][7][gc,start    ] GC(3) Pause Young (Normal) (G1 Evacuation Pause)
[2025-01-29T16:31:22.773+0000][7][gc,task     ] GC(3) Using 6 workers of 8 for evacuation
[2025-01-29T16:31:22.773+0000][7][gc,age      ] GC(3) Desired survivor size 10485760 bytes, new threshold 15 (max threshold 15)
[2025-01-29T16:31:22.800+0000][7][gc,age      ] GC(3) Age table with threshold 15 (max threshold 15)
[2025-01-29T16:31:22.800+0000][7][gc,age      ] GC(3) - age   1:    4988072 bytes,    4988072 total
[2025-01-29T16:31:22.800+0000][7][gc,age      ] GC(3) - age   2:    1676096 bytes,    6664168 total
[2025-01-29T16:31:22.800+0000][7][gc,age      ] GC(3) - age   3:    1873152 bytes,    8537320 total
[2025-01-29T16:31:22.800+0000][7][gc,phases   ] GC(3)   Pre Evacuate Collection Set: 0.1ms
[2025-01-29T16:31:22.800+0000][7][gc,phases   ] GC(3)   Merge Heap Roots: 0.0ms
[2025-01-29T16:31:22.800+0000][7][gc,phases   ] GC(3)   Evacuate Collection Set: 17.1ms
[2025-01-29T16:31:22.800+0000][7][gc,phases   ] GC(3)   Post Evacuate Collection Set: 9.7ms
[2025-01-29T16:31:22.800+0000][7][gc,phases   ] GC(3)   Other: 0.3ms
[2025-01-29T16:31:22.800+0000][7][gc,heap     ] GC(3) Eden regions: 36->0(35)
[2025-01-29T16:31:22.800+0000][7][gc,heap     ] GC(3) Survivor regions: 1->3(5)
[2025-01-29T16:31:22.800+0000][7][gc,heap     ] GC(3) Old regions: 1->1
[2025-01-29T16:31:22.800+0000][7][gc,heap     ] GC(3) Archive regions: 2->2
[2025-01-29T16:31:22.800+0000][7][gc,heap     ] GC(3) Humongous regions: 0->0
[2025-01-29T16:31:22.800+0000][7][gc,metaspace] GC(3) Metaspace: 17850K(18432K)->17850K(18432K) NonClass: 15724K(16128K)->15724K(16128K) Class: 2126K(2304K)->2126K(2304K)
[2025-01-29T16:31:22.800+0000][7][gc          ] GC(3) Pause Young (Normal) (G1 Evacuation Pause) 155M->15M(256M) 27.326ms
[2025-01-29T16:31:22.800+0000][7][gc,cpu      ] GC(3) User=0.07s Sys=0.00s Real=0.03s
[2025-01-29T16:31:22.800+0000][7][safepoint   ] Safepoint "G1CollectForAllocation", Time since last: 374848420 ns, Reaching safepoint: 6605687 ns, At safepoint: 27485611 ns, Total: 34091298 ns
[2025-01-29T16:31:23.454+0000][7][gc,start    ] GC(4) Pause Young (Normal) (G1 Evacuation Pause)
[2025-01-29T16:31:23.454+0000][7][gc,task     ] GC(4) Using 6 workers of 8 for evacuation
[2025-01-29T16:31:23.454+0000][7][gc,age      ] GC(4) Desired survivor size 10485760 bytes, new threshold 15 (max threshold 15)
[2025-01-29T16:31:23.467+0000][7][gc,age      ] GC(4) Age table with threshold 15 (max threshold 15)
[2025-01-29T16:31:23.467+0000][7][gc,age      ] GC(4) - age   1:    3091904 bytes,    3091904 total
[2025-01-29T16:31:23.467+0000][7][gc,age      ] GC(4) - age   2:    3002768 bytes,    6094672 total
[2025-01-29T16:31:23.467+0000][7][gc,age      ] GC(4) - age   3:    1676096 bytes,    7770768 total
[2025-01-29T16:31:23.467+0000][7][gc,age      ] GC(4) - age   4:    1873152 bytes,    9643920 total
[2025-01-29T16:31:23.467+0000][7][gc,phases   ] GC(4)   Pre Evacuate Collection Set: 0.1ms
[2025-01-29T16:31:23.467+0000][7][gc,phases   ] GC(4)   Merge Heap Roots: 0.0ms
[2025-01-29T16:31:23.467+0000][7][gc,phases   ] GC(4)   Evacuate Collection Set: 12.0ms
[2025-01-29T16:31:23.467+0000][7][gc,phases   ] GC(4)   Post Evacuate Collection Set: 0.8ms
[2025-01-29T16:31:23.467+0000][7][gc,phases   ] GC(4)   Other: 0.3ms
[2025-01-29T16:31:23.467+0000][7][gc,heap     ] GC(4) Eden regions: 35->0(35)
[2025-01-29T16:31:23.467+0000][7][gc,heap     ] GC(4) Survivor regions: 3->3(5)
[2025-01-29T16:31:23.467+0000][7][gc,heap     ] GC(4) Old regions: 1->1
[2025-01-29T16:31:23.467+0000][7][gc,heap     ] GC(4) Archive regions: 2->2
[2025-01-29T16:31:23.467+0000][7][gc,heap     ] GC(4) Humongous regions: 0->0
[2025-01-29T16:31:23.467+0000][7][gc,metaspace] GC(4) Metaspace: 18407K(19328K)->18407K(19328K) NonClass: 16210K(16896K)->16210K(16896K) Class: 2196K(2432K)->2196K(2432K)
[2025-01-29T16:31:23.467+0000][7][gc          ] GC(4) Pause Young (Normal) (G1 Evacuation Pause) 155M->17M(256M) 13.251ms
[2025-01-29T16:31:23.467+0000][7][gc,cpu      ] GC(4) User=0.04s Sys=0.01s Real=0.01s
[2025-01-29T16:31:23.467+0000][7][safepoint   ] Safepoint "G1CollectForAllocation", Time since last: 650315964 ns, Reaching safepoint: 3573407 ns, At safepoint: 13354688 ns, Total: 16928095 ns
[2025-01-29T16:31:24.095+0000][7][gc,start    ] GC(5) Pause Young (Normal) (G1 Evacuation Pause)
[2025-01-29T16:31:24.095+0000][7][gc,task     ] GC(5) Using 6 workers of 8 for evacuation
[2025-01-29T16:31:24.095+0000][7][gc,age      ] GC(5) Desired survivor size 10485760 bytes, new threshold 15 (max threshold 15)
[2025-01-29T16:31:24.110+0000][7][gc,age      ] GC(5) Age table with threshold 15 (max threshold 15)
[2025-01-29T16:31:24.110+0000][7][gc,age      ] GC(5) - age   1:    1508760 bytes,    1508760 total
[2025-01-29T16:31:24.110+0000][7][gc,age      ] GC(5) - age   2:    1882496 bytes,    3391256 total
[2025-01-29T16:31:24.110+0000][7][gc,age      ] GC(5) - age   3:    3001720 bytes,    6392976 total
[2025-01-29T16:31:24.110+0000][7][gc,age      ] GC(5) - age   4:    1676096 bytes,    8069072 total
[2025-01-29T16:31:24.110+0000][7][gc,age      ] GC(5) - age   5:    1873152 bytes,    9942224 total
[2025-01-29T16:31:24.110+0000][7][gc,phases   ] GC(5)   Pre Evacuate Collection Set: 0.1ms
[2025-01-29T16:31:24.110+0000][7][gc,phases   ] GC(5)   Merge Heap Roots: 0.1ms
[2025-01-29T16:31:24.110+0000][7][gc,phases   ] GC(5)   Evacuate Collection Set: 13.4ms
[2025-01-29T16:31:24.110+0000][7][gc,phases   ] GC(5)   Post Evacuate Collection Set: 0.8ms
[2025-01-29T16:31:24.110+0000][7][gc,phases   ] GC(5)   Other: 0.3ms
[2025-01-29T16:31:24.110+0000][7][gc,heap     ] GC(5) Eden regions: 35->0(35)
[2025-01-29T16:31:24.110+0000][7][gc,heap     ] GC(5) Survivor regions: 3->3(5)
[2025-01-29T16:31:24.110+0000][7][gc,heap     ] GC(5) Old regions: 1->1
[2025-01-29T16:31:24.111+0000][7][gc,heap     ] GC(5) Archive regions: 2->2
[2025-01-29T16:31:24.111+0000][7][gc,heap     ] GC(5) Humongous regions: 0->0
[2025-01-29T16:31:24.111+0000][7][gc,metaspace] GC(5) Metaspace: 18888K(19712K)->18888K(19712K) NonClass: 16618K(17152K)->16618K(17152K) Class: 2270K(2560K)->2270K(2560K)
[2025-01-29T16:31:24.111+0000][7][gc          ] GC(5) Pause Young (Normal) (G1 Evacuation Pause) 157M->17M(256M) 15.526ms
[2025-01-29T16:31:24.111+0000][7][gc,cpu      ] GC(5) User=0.05s Sys=0.00s Real=0.02s
[2025-01-29T16:31:24.111+0000][7][safepoint   ] Safepoint "G1CollectForAllocation", Time since last: 627092853 ns, Reaching safepoint: 803389 ns, At safepoint: 15663379 ns, Total: 16466768 ns
[2025-01-29T16:31:24.523+0000][7][gc,start    ] GC(6) Pause Young (Normal) (G1 Evacuation Pause)
[2025-01-29T16:31:24.523+0000][7][gc,task     ] GC(6) Using 6 workers of 8 for evacuation
[2025-01-29T16:31:24.523+0000][7][gc,age      ] GC(6) Desired survivor size 10485760 bytes, new threshold 15 (max threshold 15)
[2025-01-29T16:31:24.536+0000][7][gc,age      ] GC(6) Age table with threshold 15 (max threshold 15)
[2025-01-29T16:31:24.536+0000][7][gc,age      ] GC(6) - age   1:    1917864 bytes,    1917864 total
[2025-01-29T16:31:24.536+0000][7][gc,age      ] GC(6) - age   2:    1484064 bytes,    3401928 total
[2025-01-29T16:31:24.536+0000][7][gc,age      ] GC(6) - age   3:    1882496 bytes,    5284424 total
[2025-01-29T16:31:24.536+0000][7][gc,age      ] GC(6) - age   4:    3001720 bytes,    8286144 total
[2025-01-29T16:31:24.536+0000][7][gc,age      ] GC(6) - age   5:    1676096 bytes,    9962240 total
[2025-01-29T16:31:24.536+0000][7][gc,age      ] GC(6) - age   6:    1873152 bytes,   11835392 total
[2025-01-29T16:31:24.536+0000][7][gc,phases   ] GC(6)   Pre Evacuate Collection Set: 0.2ms
[2025-01-29T16:31:24.536+0000][7][gc,phases   ] GC(6)   Merge Heap Roots: 0.1ms
[2025-01-29T16:31:24.536+0000][7][gc,phases   ] GC(6)   Evacuate Collection Set: 11.8ms
[2025-01-29T16:31:24.536+0000][7][gc,phases   ] GC(6)   Post Evacuate Collection Set: 1.0ms
[2025-01-29T16:31:24.536+0000][7][gc,phases   ] GC(6)   Other: 0.4ms
[2025-01-29T16:31:24.536+0000][7][gc,heap     ] GC(6) Eden regions: 35->0(35)
[2025-01-29T16:31:24.536+0000][7][gc,heap     ] GC(6) Survivor regions: 3->3(5)
[2025-01-29T16:31:24.536+0000][7][gc,heap     ] GC(6) Old regions: 1->1
[2025-01-29T16:31:24.536+0000][7][gc,heap     ] GC(6) Archive regions: 2->2
[2025-01-29T16:31:24.536+0000][7][gc,heap     ] GC(6) Humongous regions: 0->0
[2025-01-29T16:31:24.536+0000][7][gc,metaspace] GC(6) Metaspace: 19175K(20224K)->19175K(20224K) NonClass: 16874K(17664K)->16874K(17664K) Class: 2301K(2560K)->2301K(2560K)
[2025-01-29T16:31:24.536+0000][7][gc          ] GC(6) Pause Young (Normal) (G1 Evacuation Pause) 157M->19M(256M) 13.506ms
[2025-01-29T16:31:24.536+0000][7][gc,cpu      ] GC(6) User=0.03s Sys=0.00s Real=0.01s
[2025-01-29T16:31:24.537+0000][7][safepoint   ] Safepoint "G1CollectForAllocation", Time since last: 410611709 ns, Reaching safepoint: 1321089 ns, At safepoint: 13635548 ns, Total: 14956637 ns
[2025-01-29T16:31:24.969+0000][7][gc,start    ] GC(7) Pause Young (Normal) (G1 Evacuation Pause)
[2025-01-29T16:31:24.969+0000][7][gc,task     ] GC(7) Using 6 workers of 8 for evacuation
[2025-01-29T16:31:24.969+0000][7][gc,age      ] GC(7) Desired survivor size 10485760 bytes, new threshold 6 (max threshold 15)
[2025-01-29T16:31:24.980+0000][7][gc,age      ] GC(7) Age table with threshold 6 (max threshold 15)
[2025-01-29T16:31:24.980+0000][7][gc,age      ] GC(7) - age   1:    1829616 bytes,    1829616 total
[2025-01-29T16:31:24.980+0000][7][gc,age      ] GC(7) - age   2:    1235088 bytes,    3064704 total
[2025-01-29T16:31:24.980+0000][7][gc,age      ] GC(7) - age   3:    1483456 bytes,    4548160 total
[2025-01-29T16:31:24.980+0000][7][gc,age      ] GC(7) - age   4:    1882464 bytes,    6430624 total
[2025-01-29T16:31:24.980+0000][7][gc,age      ] GC(7) - age   5:    2997768 bytes,    9428392 total
[2025-01-29T16:31:24.980+0000][7][gc,age      ] GC(7) - age   6:    1676096 bytes,   11104488 total
[2025-01-29T16:31:24.980+0000][7][gc,phases   ] GC(7)   Pre Evacuate Collection Set: 0.1ms
[2025-01-29T16:31:24.980+0000][7][gc,phases   ] GC(7)   Merge Heap Roots: 0.1ms
[2025-01-29T16:31:24.980+0000][7][gc,phases   ] GC(7)   Evacuate Collection Set: 9.1ms
[2025-01-29T16:31:24.980+0000][7][gc,phases   ] GC(7)   Post Evacuate Collection Set: 1.4ms
[2025-01-29T16:31:24.980+0000][7][gc,phases   ] GC(7)   Other: 0.3ms
[2025-01-29T16:31:24.980+0000][7][gc,heap     ] GC(7) Eden regions: 35->0(35)
[2025-01-29T16:31:24.980+0000][7][gc,heap     ] GC(7) Survivor regions: 3->3(5)
[2025-01-29T16:31:24.980+0000][7][gc,heap     ] GC(7) Old regions: 1->2
[2025-01-29T16:31:24.980+0000][7][gc,heap     ] GC(7) Archive regions: 2->2
[2025-01-29T16:31:24.980+0000][7][gc,heap     ] GC(7) Humongous regions: 0->0
[2025-01-29T16:31:24.980+0000][7][gc,metaspace] GC(7) Metaspace: 19311K(20224K)->19311K(20224K) NonClass: 16984K(17664K)->16984K(17664K) Class: 2326K(2560K)->2326K(2560K)
[2025-01-29T16:31:24.980+0000][7][gc          ] GC(7) Pause Young (Normal) (G1 Evacuation Pause) 159M->20M(256M) 11.133ms
[2025-01-29T16:31:24.980+0000][7][gc,cpu      ] GC(7) User=0.04s Sys=0.03s Real=0.02s
[2025-01-29T16:31:24.980+0000][7][safepoint   ] Safepoint "G1CollectForAllocation", Time since last: 432084537 ns, Reaching safepoint: 107562 ns, At safepoint: 11298115 ns, Total: 11405677 ns
[2025-01-29T16:31:25.441+0000][7][gc,start    ] GC(8) Pause Young (Normal) (G1 Evacuation Pause)
[2025-01-29T16:31:25.441+0000][7][gc,task     ] GC(8) Using 6 workers of 8 for evacuation
[2025-01-29T16:31:25.441+0000][7][gc,age      ] GC(8) Desired survivor size 10485760 bytes, new threshold 6 (max threshold 15)
[2025-01-29T16:31:25.501+0000][7][gc,age      ] GC(8) Age table with threshold 6 (max threshold 15)
[2025-01-29T16:31:25.501+0000][7][gc,age      ] GC(8) - age   1:     978408 bytes,     978408 total
[2025-01-29T16:31:25.501+0000][7][gc,age      ] GC(8) - age   2:     255504 bytes,    1233912 total
[2025-01-29T16:31:25.501+0000][7][gc,age      ] GC(8) - age   3:    1235088 bytes,    2469000 total
[2025-01-29T16:31:25.501+0000][7][gc,age      ] GC(8) - age   4:    1483456 bytes,    3952456 total
[2025-01-29T16:31:25.501+0000][7][gc,age      ] GC(8) - age   5:    1882464 bytes,    5834920 total
[2025-01-29T16:31:25.501+0000][7][gc,age      ] GC(8) - age   6:    2997768 bytes,    8832688 total
[2025-01-29T16:31:25.501+0000][7][gc,phases   ] GC(8)   Pre Evacuate Collection Set: 0.1ms
[2025-01-29T16:31:25.501+0000][7][gc,phases   ] GC(8)   Merge Heap Roots: 0.1ms
[2025-01-29T16:31:25.501+0000][7][gc,phases   ] GC(8)   Evacuate Collection Set: 59.6ms
[2025-01-29T16:31:25.501+0000][7][gc,phases   ] GC(8)   Post Evacuate Collection Set: 0.7ms
[2025-01-29T16:31:25.502+0000][7][gc,phases   ] GC(8)   Other: 0.3ms
[2025-01-29T16:31:25.502+0000][7][gc,heap     ] GC(8) Eden regions: 35->0(35)
[2025-01-29T16:31:25.502+0000][7][gc,heap     ] GC(8) Survivor regions: 3->3(5)
[2025-01-29T16:31:25.502+0000][7][gc,heap     ] GC(8) Old regions: 2->2
[2025-01-29T16:31:25.502+0000][7][gc,heap     ] GC(8) Archive regions: 2->2
[2025-01-29T16:31:25.502+0000][7][gc,heap     ] GC(8) Humongous regions: 0->0
[2025-01-29T16:31:25.502+0000][7][gc,metaspace] GC(8) Metaspace: 19532K(20864K)->19532K(20864K) NonClass: 17164K(18176K)->17164K(18176K) Class: 2368K(2688K)->2368K(2688K)
[2025-01-29T16:31:25.502+0000][7][gc          ] GC(8) Pause Young (Normal) (G1 Evacuation Pause) 160M->20M(256M) 60.772ms
[2025-01-29T16:31:25.502+0000][7][gc,cpu      ] GC(8) User=0.13s Sys=0.03s Real=0.06s
[2025-01-29T16:31:25.502+0000][7][safepoint   ] Safepoint "G1CollectForAllocation", Time since last: 460681819 ns, Reaching safepoint: 102342 ns, At safepoint: 60905457 ns, Total: 61007799 ns
[2025-01-29T16:31:25.908+0000][7][gc,start    ] GC(9) Pause Young (Normal) (G1 Evacuation Pause)
[2025-01-29T16:31:25.908+0000][7][gc,task     ] GC(9) Using 6 workers of 8 for evacuation
[2025-01-29T16:31:25.908+0000][7][gc,age      ] GC(9) Desired survivor size 10485760 bytes, new threshold 15 (max threshold 15)
[2025-01-29T16:31:25.925+0000][7][gc,age      ] GC(9) Age table with threshold 15 (max threshold 15)
[2025-01-29T16:31:25.925+0000][7][gc,age      ] GC(9) - age   1:    1607552 bytes,    1607552 total
[2025-01-29T16:31:25.925+0000][7][gc,age      ] GC(9) - age   2:     292744 bytes,    1900296 total
[2025-01-29T16:31:25.925+0000][7][gc,age      ] GC(9) - age   3:     255352 bytes,    2155648 total
[2025-01-29T16:31:25.925+0000][7][gc,age      ] GC(9) - age   4:    1235088 bytes,    3390736 total
[2025-01-29T16:31:25.925+0000][7][gc,age      ] GC(9) - age   5:    1482784 bytes,    4873520 total
[2025-01-29T16:31:25.925+0000][7][gc,age      ] GC(9) - age   6:    1882176 bytes,    6755696 total
[2025-01-29T16:31:25.925+0000][7][gc,age      ] GC(9) - age   7:    2997640 bytes,    9753336 total
[2025-01-29T16:31:25.925+0000][7][gc,phases   ] GC(9)   Pre Evacuate Collection Set: 0.1ms
[2025-01-29T16:31:25.925+0000][7][gc,phases   ] GC(9)   Merge Heap Roots: 0.0ms
[2025-01-29T16:31:25.925+0000][7][gc,phases   ] GC(9)   Evacuate Collection Set: 10.8ms
[2025-01-29T16:31:25.925+0000][7][gc,phases   ] GC(9)   Post Evacuate Collection Set: 5.9ms
[2025-01-29T16:31:25.925+0000][7][gc,phases   ] GC(9)   Other: 0.3ms
[2025-01-29T16:31:25.925+0000][7][gc,heap     ] GC(9) Eden regions: 35->0(35)
[2025-01-29T16:31:25.925+0000][7][gc,heap     ] GC(9) Survivor regions: 3->3(5)
[2025-01-29T16:31:25.925+0000][7][gc,heap     ] GC(9) Old regions: 2->2
[2025-01-29T16:31:25.925+0000][7][gc,heap     ] GC(9) Archive regions: 2->2
[2025-01-29T16:31:25.925+0000][7][gc,heap     ] GC(9) Humongous regions: 0->0
[2025-01-29T16:31:25.926+0000][7][gc,metaspace] GC(9) Metaspace: 19601K(20864K)->19601K(20864K) NonClass: 17219K(18176K)->17219K(18176K) Class: 2381K(2688K)->2381K(2688K)
[2025-01-29T16:31:25.926+0000][7][gc          ] GC(9) Pause Young (Normal) (G1 Evacuation Pause) 160M->21M(256M) 17.251ms
[2025-01-29T16:31:25.926+0000][7][gc,cpu      ] GC(9) User=0.05s Sys=0.01s Real=0.02s
[2025-01-29T16:31:25.928+0000][7][safepoint   ] Safepoint "G1CollectForAllocation", Time since last: 406351545 ns, Reaching safepoint: 208540 ns, At safepoint: 20179231 ns, Total: 20387771 ns
[2025-01-29T16:31:26.605+0000][7][gc,start    ] GC(10) Pause Young (Normal) (G1 Evacuation Pause)
[2025-01-29T16:31:26.605+0000][7][gc,task     ] GC(10) Using 6 workers of 8 for evacuation
[2025-01-29T16:31:26.605+0000][7][gc,age      ] GC(10) Desired survivor size 10485760 bytes, new threshold 15 (max threshold 15)
[2025-01-29T16:31:26.622+0000][7][gc,age      ] GC(10) Age table with threshold 15 (max threshold 15)
[2025-01-29T16:31:26.622+0000][7][gc,age      ] GC(10) - age   1:    3196808 bytes,    3196808 total
[2025-01-29T16:31:26.622+0000][7][gc,age      ] GC(10) - age   2:     412536 bytes,    3609344 total
[2025-01-29T16:31:26.622+0000][7][gc,age      ] GC(10) - age   3:     292680 bytes,    3902024 total
[2025-01-29T16:31:26.622+0000][7][gc,age      ] GC(10) - age   4:     255288 bytes,    4157312 total
[2025-01-29T16:31:26.622+0000][7][gc,age      ] GC(10) - age   5:    1235088 bytes,    5392400 total
[2025-01-29T16:31:26.622+0000][7][gc,age      ] GC(10) - age   6:    1481744 bytes,    6874144 total
[2025-01-29T16:31:26.622+0000][7][gc,age      ] GC(10) - age   7:    1881984 bytes,    8756128 total
[2025-01-29T16:31:26.622+0000][7][gc,age      ] GC(10) - age   8:    2997328 bytes,   11753456 total
[2025-01-29T16:31:26.622+0000][7][gc,phases   ] GC(10)   Pre Evacuate Collection Set: 0.1ms
[2025-01-29T16:31:26.622+0000][7][gc,phases   ] GC(10)   Merge Heap Roots: 0.1ms
[2025-01-29T16:31:26.622+0000][7][gc,phases   ] GC(10)   Evacuate Collection Set: 13.4ms
[2025-01-29T16:31:26.622+0000][7][gc,phases   ] GC(10)   Post Evacuate Collection Set: 2.9ms
[2025-01-29T16:31:26.622+0000][7][gc,phases   ] GC(10)   Other: 0.3ms
[2025-01-29T16:31:26.622+0000][7][gc,heap     ] GC(10) Eden regions: 35->0(35)
[2025-01-29T16:31:26.622+0000][7][gc,heap     ] GC(10) Survivor regions: 3->3(5)
[2025-01-29T16:31:26.622+0000][7][gc,heap     ] GC(10) Old regions: 2->2
[2025-01-29T16:31:26.622+0000][7][gc,heap     ] GC(10) Archive regions: 2->2
[2025-01-29T16:31:26.622+0000][7][gc,heap     ] GC(10) Humongous regions: 0->0
[2025-01-29T16:31:26.622+0000][7][gc,metaspace] GC(10) Metaspace: 20075K(21296K)->20075K(21296K) NonClass: 17624K(18608K)->17624K(18608K) Class: 2450K(2688K)->2450K(2688K)
[2025-01-29T16:31:26.622+0000][7][gc          ] GC(10) Pause Young (Normal) (G1 Evacuation Pause) 161M->22M(256M) 17.073ms
[2025-01-29T16:31:26.622+0000][7][gc,cpu      ] GC(10) User=0.04s Sys=0.00s Real=0.02s
[2025-01-29T16:31:26.622+0000][7][safepoint   ] Safepoint "G1CollectForAllocation", Time since last: 676474720 ns, Reaching safepoint: 147133 ns, At safepoint: 17231067 ns, Total: 17378200 ns
[2025-01-29T16:31:27.046+0000][7][gc,start    ] GC(11) Pause Young (Normal) (G1 Evacuation Pause)
[2025-01-29T16:31:27.046+0000][7][gc,task     ] GC(11) Using 6 workers of 8 for evacuation
[2025-01-29T16:31:27.047+0000][7][gc,age      ] GC(11) Desired survivor size 10485760 bytes, new threshold 8 (max threshold 15)
[2025-01-29T16:31:27.070+0000][7][gc,age      ] GC(11) Age table with threshold 8 (max threshold 15)
[2025-01-29T16:31:27.070+0000][7][gc,age      ] GC(11) - age   1:     895184 bytes,     895184 total
[2025-01-29T16:31:27.070+0000][7][gc,age      ] GC(11) - age   2:    1730144 bytes,    2625328 total
[2025-01-29T16:31:27.070+0000][7][gc,age      ] GC(11) - age   3:     411544 bytes,    3036872 total
[2025-01-29T16:31:27.070+0000][7][gc,age      ] GC(11) - age   4:     292680 bytes,    3329552 total
[2025-01-29T16:31:27.070+0000][7][gc,age      ] GC(11) - age   5:     255016 bytes,    3584568 total
[2025-01-29T16:31:27.070+0000][7][gc,age      ] GC(11) - age   6:    1235088 bytes,    4819656 total
[2025-01-29T16:31:27.070+0000][7][gc,age      ] GC(11) - age   7:    1481744 bytes,    6301400 total
[2025-01-29T16:31:27.070+0000][7][gc,age      ] GC(11) - age   8:    1881984 bytes,    8183384 total
[2025-01-29T16:31:27.070+0000][7][gc,phases   ] GC(11)   Pre Evacuate Collection Set: 0.1ms
[2025-01-29T16:31:27.070+0000][7][gc,phases   ] GC(11)   Merge Heap Roots: 0.0ms
[2025-01-29T16:31:27.070+0000][7][gc,phases   ] GC(11)   Evacuate Collection Set: 21.7ms
[2025-01-29T16:31:27.070+0000][7][gc,phases   ] GC(11)   Post Evacuate Collection Set: 0.6ms
[2025-01-29T16:31:27.070+0000][7][gc,phases   ] GC(11)   Other: 1.8ms
[2025-01-29T16:31:27.070+0000][7][gc,heap     ] GC(11) Eden regions: 35->0(35)
[2025-01-29T16:31:27.070+0000][7][gc,heap     ] GC(11) Survivor regions: 3->3(5)
[2025-01-29T16:31:27.070+0000][7][gc,heap     ] GC(11) Old regions: 2->3
[2025-01-29T16:31:27.070+0000][7][gc,heap     ] GC(11) Archive regions: 2->2
[2025-01-29T16:31:27.070+0000][7][gc,heap     ] GC(11) Humongous regions: 0->0
[2025-01-29T16:31:27.070+0000][7][gc,metaspace] GC(11) Metaspace: 20165K(21296K)->20165K(21296K) NonClass: 17702K(18608K)->17702K(18608K) Class: 2463K(2688K)->2463K(2688K)
[2025-01-29T16:31:27.070+0000][7][gc          ] GC(11) Pause Young (Normal) (G1 Evacuation Pause) 162M->22M(256M) 24.296ms
[2025-01-29T16:31:27.070+0000][7][gc,cpu      ] GC(11) User=0.03s Sys=0.01s Real=0.03s
[2025-01-29T16:31:27.070+0000][7][safepoint   ] Safepoint "G1CollectForAllocation", Time since last: 423532552 ns, Reaching safepoint: 138558 ns, At safepoint: 24394488 ns, Total: 24533046 ns
[2025-01-29T16:31:27.103+0000][7][gc,start    ] GC(12) Pause Young (Concurrent Start) (Metadata GC Threshold)
[2025-01-29T16:31:27.103+0000][7][gc,task     ] GC(12) Using 6 workers of 8 for evacuation
[2025-01-29T16:31:27.103+0000][7][gc,age      ] GC(12) Desired survivor size 10485760 bytes, new threshold 15 (max threshold 15)
[2025-01-29T16:31:27.113+0000][7][gc,age      ] GC(12) Age table with threshold 15 (max threshold 15)
[2025-01-29T16:31:27.114+0000][7][gc,age      ] GC(12) - age   1:      49776 bytes,      49776 total
[2025-01-29T16:31:27.114+0000][7][gc,age      ] GC(12) - age   2:     536352 bytes,     586128 total
[2025-01-29T16:31:27.114+0000][7][gc,age      ] GC(12) - age   3:    1730144 bytes,    2316272 total
[2025-01-29T16:31:27.114+0000][7][gc,age      ] GC(12) - age   4:     411544 bytes,    2727816 total
[2025-01-29T16:31:27.114+0000][7][gc,age      ] GC(12) - age   5:     292680 bytes,    3020496 total
[2025-01-29T16:31:27.114+0000][7][gc,age      ] GC(12) - age   6:     255016 bytes,    3275512 total
[2025-01-29T16:31:27.114+0000][7][gc,age      ] GC(12) - age   7:    1235088 bytes,    4510600 total
[2025-01-29T16:31:27.114+0000][7][gc,age      ] GC(12) - age   8:    1481744 bytes,    5992344 total
[2025-01-29T16:31:27.114+0000][7][gc,age      ] GC(12) - age   9:    1881984 bytes,    7874328 total
[2025-01-29T16:31:27.114+0000][7][gc,phases   ] GC(12)   Pre Evacuate Collection Set: 0.1ms
[2025-01-29T16:31:27.114+0000][7][gc,phases   ] GC(12)   Merge Heap Roots: 0.1ms
[2025-01-29T16:31:27.114+0000][7][gc,phases   ] GC(12)   Evacuate Collection Set: 9.3ms
[2025-01-29T16:31:27.114+0000][7][gc,phases   ] GC(12)   Post Evacuate Collection Set: 0.7ms
[2025-01-29T16:31:27.114+0000][7][gc,phases   ] GC(12)   Other: 0.3ms
[2025-01-29T16:31:27.114+0000][7][gc,heap     ] GC(12) Eden regions: 3->0(36)
[2025-01-29T16:31:27.114+0000][7][gc,heap     ] GC(12) Survivor regions: 3->2(5)
[2025-01-29T16:31:27.114+0000][7][gc,heap     ] GC(12) Old regions: 3->3
[2025-01-29T16:31:27.114+0000][7][gc,heap     ] GC(12) Archive regions: 2->2
[2025-01-29T16:31:27.114+0000][7][gc,heap     ] GC(12) Humongous regions: 0->0
[2025-01-29T16:31:27.114+0000][7][gc,metaspace] GC(12) Metaspace: 20167K(21296K)->20167K(21296K) NonClass: 17704K(18608K)->17704K(18608K) Class: 2463K(2688K)->2463K(2688K)
[2025-01-29T16:31:27.114+0000][7][gc          ] GC(12) Pause Young (Concurrent Start) (Metadata GC Threshold) 34M->21M(256M) 10.576ms
[2025-01-29T16:31:27.114+0000][7][gc,cpu      ] GC(12) User=0.01s Sys=0.00s Real=0.01s
[2025-01-29T16:31:27.114+0000][7][safepoint   ] Safepoint "CollectForMetadataAllocation", Time since last: 32677845 ns, Reaching safepoint: 108456 ns, At safepoint: 10756549 ns, Total: 10865005 ns
[2025-01-29T16:31:27.118+0000][7][gc          ] GC(13) Concurrent Cycle
[2025-01-29T16:31:27.118+0000][7][gc,marking  ] GC(13) Concurrent Clear Claimed Marks
[2025-01-29T16:31:27.119+0000][7][gc,marking  ] GC(13) Concurrent Clear Claimed Marks 0.172ms
[2025-01-29T16:31:27.119+0000][7][gc,marking  ] GC(13) Concurrent Scan Root Regions
[2025-01-29T16:31:27.128+0000][7][gc,marking  ] GC(13) Concurrent Scan Root Regions 8.998ms
[2025-01-29T16:31:27.128+0000][7][gc,marking  ] GC(13) Concurrent Mark (10.427s)
[2025-01-29T16:31:27.128+0000][7][gc,marking  ] GC(13) Concurrent Mark From Roots
[2025-01-29T16:31:27.128+0000][7][gc,task     ] GC(13) Using 2 workers of 2 for marking
[2025-01-29T16:31:27.141+0000][7][gc,marking  ] GC(13) Concurrent Mark From Roots 13.088ms
[2025-01-29T16:31:27.141+0000][7][gc,marking  ] GC(13) Concurrent Preclean
[2025-01-29T16:31:27.141+0000][7][gc,marking  ] GC(13) Concurrent Preclean 0.103ms
[2025-01-29T16:31:27.141+0000][7][gc,marking  ] GC(13) Concurrent Mark (10.427s, 10.441s) 13.268ms
[2025-01-29T16:31:27.141+0000][7][gc,start    ] GC(13) Pause Remark
[2025-01-29T16:31:27.145+0000][7][gc          ] GC(13) Pause Remark 37M->37M(256M) 3.299ms
[2025-01-29T16:31:27.145+0000][7][gc,cpu      ] GC(13) User=0.01s Sys=0.01s Real=0.00s
[2025-01-29T16:31:27.145+0000][7][safepoint   ] Safepoint "G1Concurrent", Time since last: 27054646 ns, Reaching safepoint: 413357 ns, At safepoint: 3458632 ns, Total: 3871989 ns
[2025-01-29T16:31:27.145+0000][7][gc,marking  ] GC(13) Concurrent Rebuild Remembered Sets
[2025-01-29T16:31:27.156+0000][7][gc,marking  ] GC(13) Concurrent Rebuild Remembered Sets 10.828ms
[2025-01-29T16:31:27.157+0000][7][gc,start    ] GC(13) Pause Cleanup
[2025-01-29T16:31:27.157+0000][7][gc          ] GC(13) Pause Cleanup 43M->43M(256M) 0.156ms
[2025-01-29T16:31:27.157+0000][7][gc,cpu      ] GC(13) User=0.00s Sys=0.00s Real=0.00s
[2025-01-29T16:31:27.157+0000][7][safepoint   ] Safepoint "G1Concurrent", Time since last: 10991009 ns, Reaching safepoint: 802619 ns, At safepoint: 214232 ns, Total: 1016851 ns
[2025-01-29T16:31:27.157+0000][7][gc,marking  ] GC(13) Concurrent Cleanup for Next Mark
[2025-01-29T16:31:27.157+0000][7][gc,marking  ] GC(13) Concurrent Cleanup for Next Mark 0.329ms
[2025-01-29T16:31:27.157+0000][7][gc          ] GC(13) Concurrent Cycle 38.885ms
[2025-01-29T16:31:27.486+0000][7][gc,start    ] GC(14) Pause Young (Normal) (G1 Evacuation Pause)
[2025-01-29T16:31:27.486+0000][7][gc,task     ] GC(14) Using 6 workers of 8 for evacuation
[2025-01-29T16:31:27.486+0000][7][gc,age      ] GC(14) Desired survivor size 10485760 bytes, new threshold 15 (max threshold 15)
[2025-01-29T16:31:27.502+0000][7][gc,age      ] GC(14) Age table with threshold 15 (max threshold 15)
[2025-01-29T16:31:27.502+0000][7][gc,age      ] GC(14) - age   1:     993760 bytes,     993760 total
[2025-01-29T16:31:27.502+0000][7][gc,age      ] GC(14) - age   2:      31912 bytes,    1025672 total
[2025-01-29T16:31:27.502+0000][7][gc,age      ] GC(14) - age   3:     536352 bytes,    1562024 total
[2025-01-29T16:31:27.502+0000][7][gc,age      ] GC(14) - age   4:    1730112 bytes,    3292136 total
[2025-01-29T16:31:27.502+0000][7][gc,age      ] GC(14) - age   5:     411328 bytes,    3703464 total
[2025-01-29T16:31:27.502+0000][7][gc,age      ] GC(14) - age   6:     292680 bytes,    3996144 total
[2025-01-29T16:31:27.502+0000][7][gc,age      ] GC(14) - age   7:     254744 bytes,    4250888 total
[2025-01-29T16:31:27.502+0000][7][gc,age      ] GC(14) - age   8:    1235088 bytes,    5485976 total
[2025-01-29T16:31:27.502+0000][7][gc,age      ] GC(14) - age   9:    1481744 bytes,    6967720 total
[2025-01-29T16:31:27.502+0000][7][gc,age      ] GC(14) - age  10:    1881984 bytes,    8849704 total
[2025-01-29T16:31:27.502+0000][7][gc,phases   ] GC(14)   Pre Evacuate Collection Set: 0.1ms
[2025-01-29T16:31:27.502+0000][7][gc,phases   ] GC(14)   Merge Heap Roots: 0.1ms
[2025-01-29T16:31:27.502+0000][7][gc,phases   ] GC(14)   Evacuate Collection Set: 15.3ms
[2025-01-29T16:31:27.502+0000][7][gc,phases   ] GC(14)   Post Evacuate Collection Set: 0.7ms
[2025-01-29T16:31:27.502+0000][7][gc,phases   ] GC(14)   Other: 0.4ms
[2025-01-29T16:31:27.502+0000][7][gc,heap     ] GC(14) Eden regions: 36->0(35)
[2025-01-29T16:31:27.502+0000][7][gc,heap     ] GC(14) Survivor regions: 2->3(5)
[2025-01-29T16:31:27.502+0000][7][gc,heap     ] GC(14) Old regions: 3->3
[2025-01-29T16:31:27.502+0000][7][gc,heap     ] GC(14) Archive regions: 2->2
[2025-01-29T16:31:27.502+0000][7][gc,heap     ] GC(14) Humongous regions: 0->0
[2025-01-29T16:31:27.503+0000][7][gc,metaspace] GC(14) Metaspace: 20201K(21680K)->20201K(21680K) NonClass: 17728K(18864K)->17728K(18864K) Class: 2472K(2816K)->2472K(2816K)
[2025-01-29T16:31:27.503+0000][7][gc          ] GC(14) Pause Young (Normal) (G1 Evacuation Pause) 165M->22M(256M) 16.515ms
[2025-01-29T16:31:27.503+0000][7][gc,cpu      ] GC(14) User=0.03s Sys=0.00s Real=0.02s
[2025-01-29T16:31:27.503+0000][7][safepoint   ] Safepoint "G1CollectForAllocation", Time since last: 328903641 ns, Reaching safepoint: 201921 ns, At safepoint: 16652918 ns, Total: 16854839 ns
[2025-01-29T16:31:28.772+0000][7][safepoint   ] Safepoint "Cleanup", Time since last: 1268584674 ns, Reaching safepoint: 349623 ns, At safepoint: 6520 ns, Total: 356143 ns
[2025-01-29T16:31:29.783+0000][7][safepoint   ] Safepoint "Cleanup", Time since last: 1007442540 ns, Reaching safepoint: 3939670 ns, At safepoint: 33304 ns, Total: 3972974 ns
[2025-01-29T16:31:30.800+0000][7][safepoint   ] Safepoint "Cleanup", Time since last: 1016185669 ns, Reaching safepoint: 327566 ns, At safepoint: 58100 ns, Total: 385666 ns
[2025-01-29T16:31:31.253+0000][7][gc,start    ] GC(15) Pause Young (Normal) (G1 Evacuation Pause)
[2025-01-29T16:31:31.253+0000][7][gc,task     ] GC(15) Using 6 workers of 8 for evacuation
[2025-01-29T16:31:31.253+0000][7][gc,age      ] GC(15) Desired survivor size 10485760 bytes, new threshold 15 (max threshold 15)
[2025-01-29T16:31:31.281+0000][7][gc,age      ] GC(15) Age table with threshold 15 (max threshold 15)
[2025-01-29T16:31:31.281+0000][7][gc,age      ] GC(15) - age   1:   12421440 bytes,   12421440 total
[2025-01-29T16:31:31.281+0000][7][gc,age      ] GC(15) - age   2:     344856 bytes,   12766296 total
[2025-01-29T16:31:31.281+0000][7][gc,age      ] GC(15) - age   3:      31912 bytes,   12798208 total
[2025-01-29T16:31:31.281+0000][7][gc,age      ] GC(15) - age   4:     535880 bytes,   13334088 total
[2025-01-29T16:31:31.281+0000][7][gc,age      ] GC(15) - age   5:    1725576 bytes,   15059664 total
[2025-01-29T16:31:31.281+0000][7][gc,age      ] GC(15) - age   6:     410768 bytes,   15470432 total
[2025-01-29T16:31:31.281+0000][7][gc,age      ] GC(15) - age   7:     292152 bytes,   15762584 total
[2025-01-29T16:31:31.281+0000][7][gc,age      ] GC(15) - age   8:     247792 bytes,   16010376 total
[2025-01-29T16:31:31.281+0000][7][gc,age      ] GC(15) - age   9:    1232208 bytes,   17242584 total
[2025-01-29T16:31:31.281+0000][7][gc,age      ] GC(15) - age  10:    1478080 bytes,   18720664 total
[2025-01-29T16:31:31.281+0000][7][gc,age      ] GC(15) - age  11:    1874280 bytes,   20594944 total
[2025-01-29T16:31:31.281+0000][7][gc,phases   ] GC(15)   Pre Evacuate Collection Set: 0.1ms
[2025-01-29T16:31:31.281+0000][7][gc,phases   ] GC(15)   Merge Heap Roots: 0.1ms
[2025-01-29T16:31:31.281+0000][7][gc,phases   ] GC(15)   Evacuate Collection Set: 25.9ms
[2025-01-29T16:31:31.281+0000][7][gc,phases   ] GC(15)   Post Evacuate Collection Set: 1.6ms
[2025-01-29T16:31:31.281+0000][7][gc,phases   ] GC(15)   Other: 0.4ms
[2025-01-29T16:31:31.281+0000][7][gc,heap     ] GC(15) Eden regions: 35->0(33)
[2025-01-29T16:31:31.281+0000][7][gc,heap     ] GC(15) Survivor regions: 3->5(5)
[2025-01-29T16:31:31.281+0000][7][gc,heap     ] GC(15) Old regions: 3->3
[2025-01-29T16:31:31.281+0000][7][gc,heap     ] GC(15) Archive regions: 2->2
[2025-01-29T16:31:31.281+0000][7][gc,heap     ] GC(15) Humongous regions: 0->0
[2025-01-29T16:31:31.281+0000][7][gc,metaspace] GC(15) Metaspace: 30003K(32176K)->30003K(32176K) NonClass: 26251K(27824K)->26251K(27824K) Class: 3751K(4352K)->3751K(4352K)
[2025-01-29T16:31:31.281+0000][7][gc          ] GC(15) Pause Young (Normal) (G1 Evacuation Pause) 162M->35M(256M) 28.179ms
[2025-01-29T16:31:31.281+0000][7][gc,cpu      ] GC(15) User=0.11s Sys=0.02s Real=0.03s
[2025-01-29T16:31:31.281+0000][7][safepoint   ] Safepoint "G1CollectForAllocation", Time since last: 453381890 ns, Reaching safepoint: 214135 ns, At safepoint: 28338488 ns, Total: 28552623 ns
[2025-01-29T16:31:32.282+0000][7][safepoint   ] Safepoint "Cleanup", Time since last: 1000128262 ns, Reaching safepoint: 275930 ns, At safepoint: 17924 ns, Total: 293854 ns
[2025-01-29T16:31:32.854+0000][7][gc,start    ] GC(16) Pause Young (Normal) (G1 Evacuation Pause)
[2025-01-29T16:31:32.854+0000][7][gc,task     ] GC(16) Using 6 workers of 8 for evacuation
[2025-01-29T16:31:32.854+0000][7][gc,age      ] GC(16) Desired survivor size 10485760 bytes, new threshold 1 (max threshold 15)
[2025-01-29T16:31:32.884+0000][7][gc,age      ] GC(16) Age table with threshold 1 (max threshold 15)
[2025-01-29T16:31:32.884+0000][7][gc,age      ] GC(16) - age   1:   17480896 bytes,   17480896 total
[2025-01-29T16:31:32.884+0000][7][gc,phases   ] GC(16)   Pre Evacuate Collection Set: 0.1ms
[2025-01-29T16:31:32.884+0000][7][gc,phases   ] GC(16)   Merge Heap Roots: 0.1ms
[2025-01-29T16:31:32.884+0000][7][gc,phases   ] GC(16)   Evacuate Collection Set: 27.9ms
[2025-01-29T16:31:32.884+0000][7][gc,phases   ] GC(16)   Post Evacuate Collection Set: 0.8ms
[2025-01-29T16:31:32.884+0000][7][gc,phases   ] GC(16)   Other: 0.3ms
[2025-01-29T16:31:32.884+0000][7][gc,heap     ] GC(16) Eden regions: 33->0(32)
[2025-01-29T16:31:32.884+0000][7][gc,heap     ] GC(16) Survivor regions: 5->5(5)
[2025-01-29T16:31:32.884+0000][7][gc,heap     ] GC(16) Old regions: 3->8
[2025-01-29T16:31:32.884+0000][7][gc,heap     ] GC(16) Archive regions: 2->2
[2025-01-29T16:31:32.884+0000][7][gc,heap     ] GC(16) Humongous regions: 0->0
[2025-01-29T16:31:32.884+0000][7][gc,metaspace] GC(16) Metaspace: 30102K(32176K)->30102K(32176K) NonClass: 26339K(27824K)->26339K(27824K) Class: 3763K(4352K)->3763K(4352K)
[2025-01-29T16:31:32.884+0000][7][gc          ] GC(16) Pause Young (Normal) (G1 Evacuation Pause) 167M->52M(256M) 29.373ms
[2025-01-29T16:31:32.884+0000][7][gc,cpu      ] GC(16) User=0.20s Sys=0.02s Real=0.03s
[2025-01-29T16:31:32.884+0000][7][safepoint   ] Safepoint "G1CollectForAllocation", Time since last: 572293447 ns, Reaching safepoint: 165354 ns, At safepoint: 29485266 ns, Total: 29650620 ns
[2025-01-29T16:31:33.506+0000][7][gc,start    ] GC(17) Pause Young (Concurrent Start) (Metadata GC Threshold)
[2025-01-29T16:31:33.506+0000][7][gc,task     ] GC(17) Using 6 workers of 8 for evacuation
[2025-01-29T16:31:33.506+0000][7][gc,age      ] GC(17) Desired survivor size 10485760 bytes, new threshold 1 (max threshold 15)
[2025-01-29T16:31:33.546+0000][7][gc,age      ] GC(17) Age table with threshold 1 (max threshold 15)
[2025-01-29T16:31:33.546+0000][7][gc,age      ] GC(17) - age   1:    7630840 bytes,    7630840 total
[2025-01-29T16:31:33.546+0000][7][gc,phases   ] GC(17)   Pre Evacuate Collection Set: 0.4ms
[2025-01-29T16:31:33.547+0000][7][gc,phases   ] GC(17)   Merge Heap Roots: 0.3ms
[2025-01-29T16:31:33.547+0000][7][gc,phases   ] GC(17)   Evacuate Collection Set: 36.3ms
[2025-01-29T16:31:33.547+0000][7][gc,phases   ] GC(17)   Post Evacuate Collection Set: 2.4ms
[2025-01-29T16:31:33.547+0000][7][gc,phases   ] GC(17)   Other: 0.6ms
[2025-01-29T16:31:33.547+0000][7][gc,heap     ] GC(17) Eden regions: 12->0(28)
[2025-01-29T16:31:33.547+0000][7][gc,heap     ] GC(17) Survivor regions: 5->3(5)
[2025-01-29T16:31:33.547+0000][7][gc,heap     ] GC(17) Old regions: 8->12
[2025-01-29T16:31:33.547+0000][7][gc,heap     ] GC(17) Archive regions: 2->2
[2025-01-29T16:31:33.547+0000][7][gc,heap     ] GC(17) Humongous regions: 0->0
[2025-01-29T16:31:33.547+0000][7][gc,metaspace] GC(17) Metaspace: 33512K(35632K)->33512K(35632K) NonClass: 29180K(30640K)->29180K(30640K) Class: 4332K(4992K)->4332K(4992K)
[2025-01-29T16:31:33.547+0000][7][gc          ] GC(17) Pause Young (Concurrent Start) (Metadata GC Threshold) 100M->60M(256M) 40.541ms
[2025-01-29T16:31:33.547+0000][7][gc,cpu      ] GC(17) User=0.22s Sys=0.01s Real=0.04s
[2025-01-29T16:31:33.547+0000][7][gc          ] GC(18) Concurrent Cycle
[2025-01-29T16:31:33.547+0000][7][gc,marking  ] GC(18) Concurrent Clear Claimed Marks
[2025-01-29T16:31:33.547+0000][7][gc,marking  ] GC(18) Concurrent Clear Claimed Marks 0.108ms
[2025-01-29T16:31:33.547+0000][7][gc,marking  ] GC(18) Concurrent Scan Root Regions
[2025-01-29T16:31:33.547+0000][7][safepoint   ] Safepoint "CollectForMetadataAllocation", Time since last: 621862329 ns, Reaching safepoint: 479700 ns, At safepoint: 41276161 ns, Total: 41755861 ns
[2025-01-29T16:31:33.581+0000][7][gc,marking  ] GC(18) Concurrent Scan Root Regions 34.123ms
[2025-01-29T16:31:33.581+0000][7][gc,marking  ] GC(18) Concurrent Mark (16.881s)
[2025-01-29T16:31:33.581+0000][7][gc,marking  ] GC(18) Concurrent Mark From Roots
[2025-01-29T16:31:33.581+0000][7][gc,task     ] GC(18) Using 2 workers of 2 for marking
[2025-01-29T16:31:33.646+0000][7][safepoint   ] Safepoint "CollectForMetadataAllocation", Time since last: 94094480 ns, Reaching safepoint: 3880116 ns, At safepoint: 334830 ns, Total: 4214946 ns
[2025-01-29T16:31:33.649+0000][7][safepoint   ] Safepoint "CollectForMetadataAllocation", Time since last: 2618919 ns, Reaching safepoint: 372445 ns, At safepoint: 109728 ns, Total: 482173 ns
[2025-01-29T16:31:33.656+0000][7][gc,marking  ] GC(18) Concurrent Mark From Roots 74.192ms
[2025-01-29T16:31:33.656+0000][7][gc,marking  ] GC(18) Concurrent Preclean
[2025-01-29T16:31:33.656+0000][7][gc,marking  ] GC(18) Concurrent Preclean 0.222ms
[2025-01-29T16:31:33.656+0000][7][gc,marking  ] GC(18) Concurrent Mark (16.881s, 16.955s) 74.503ms
[2025-01-29T16:31:33.657+0000][7][gc,start    ] GC(18) Pause Remark
[2025-01-29T16:31:33.664+0000][7][gc          ] GC(18) Pause Remark 64M->64M(256M) 6.918ms
[2025-01-29T16:31:33.664+0000][7][gc,cpu      ] GC(18) User=0.02s Sys=0.00s Real=0.01s
[2025-01-29T16:31:33.664+0000][7][safepoint   ] Safepoint "G1Concurrent", Time since last: 7138171 ns, Reaching safepoint: 795902 ns, At safepoint: 7104408 ns, Total: 7900310 ns
[2025-01-29T16:31:33.664+0000][7][gc,marking  ] GC(18) Concurrent Rebuild Remembered Sets
[2025-01-29T16:31:33.744+0000][7][gc,marking  ] GC(18) Concurrent Rebuild Remembered Sets 79.770ms
[2025-01-29T16:31:33.748+0000][7][gc,start    ] GC(18) Pause Cleanup
[2025-01-29T16:31:33.748+0000][7][gc          ] GC(18) Pause Cleanup 66M->66M(256M) 0.240ms
[2025-01-29T16:31:33.748+0000][7][gc,cpu      ] GC(18) User=0.00s Sys=0.00s Real=0.00s
[2025-01-29T16:31:33.748+0000][7][safepoint   ] Safepoint "G1Concurrent", Time since last: 80386223 ns, Reaching safepoint: 3379137 ns, At safepoint: 367533 ns, Total: 3746670 ns
[2025-01-29T16:31:33.748+0000][7][gc,marking  ] GC(18) Concurrent Cleanup for Next Mark
[2025-01-29T16:31:33.751+0000][7][gc,marking  ] GC(18) Concurrent Cleanup for Next Mark 3.379ms
[2025-01-29T16:31:33.752+0000][7][gc          ] GC(18) Concurrent Cycle 204.544ms
[2025-01-29T16:31:34.175+0000][7][gc,start    ] GC(19) Pause Young (Concurrent Start) (G1 Evacuation Pause)
[2025-01-29T16:31:34.175+0000][7][gc,task     ] GC(19) Using 6 workers of 8 for evacuation
[2025-01-29T16:31:34.175+0000][7][gc,age      ] GC(19) Desired survivor size 8388608 bytes, new threshold 15 (max threshold 15)
[2025-01-29T16:31:34.192+0000][7][gc,age      ] GC(19) Age table with threshold 15 (max threshold 15)
[2025-01-29T16:31:34.192+0000][7][gc,age      ] GC(19) - age   1:     636600 bytes,     636600 total
[2025-01-29T16:31:34.193+0000][7][gc,age      ] GC(19) - age   2:    7547688 bytes,    8184288 total
[2025-01-29T16:31:34.193+0000][7][gc,phases   ] GC(19)   Pre Evacuate Collection Set: 0.3ms
[2025-01-29T16:31:34.193+0000][7][gc,phases   ] GC(19)   Merge Heap Roots: 0.2ms
[2025-01-29T16:31:34.193+0000][7][gc,phases   ] GC(19)   Evacuate Collection Set: 11.5ms
[2025-01-29T16:31:34.193+0000][7][gc,phases   ] GC(19)   Post Evacuate Collection Set: 4.4ms
[2025-01-29T16:31:34.193+0000][7][gc,phases   ] GC(19)   Other: 1.5ms
[2025-01-29T16:31:34.193+0000][7][gc,heap     ] GC(19) Eden regions: 28->0(29)
[2025-01-29T16:31:34.193+0000][7][gc,heap     ] GC(19) Survivor regions: 3->3(4)
[2025-01-29T16:31:34.193+0000][7][gc,heap     ] GC(19) Old regions: 12->12
[2025-01-29T16:31:34.193+0000][7][gc,heap     ] GC(19) Archive regions: 2->2
[2025-01-29T16:31:34.193+0000][7][gc,heap     ] GC(19) Humongous regions: 0->0
[2025-01-29T16:31:34.193+0000][7][gc,metaspace] GC(19) Metaspace: 35800K(38088K)->35800K(38088K) NonClass: 31236K(32840K)->31236K(32840K) Class: 4564K(5248K)->4564K(5248K)
[2025-01-29T16:31:34.194+0000][7][gc          ] GC(19) Pause Young (Concurrent Start) (G1 Evacuation Pause) 172M->60M(256M) 18.141ms
[2025-01-29T16:31:34.194+0000][7][gc,cpu      ] GC(19) User=0.06s Sys=0.00s Real=0.02s
[2025-01-29T16:31:34.194+0000][7][gc          ] GC(20) Concurrent Cycle
[2025-01-29T16:31:34.194+0000][7][safepoint   ] Safepoint "G1CollectForAllocation", Time since last: 426951307 ns, Reaching safepoint: 353678 ns, At safepoint: 18353589 ns, Total: 18707267 ns
[2025-01-29T16:31:34.194+0000][7][gc,marking  ] GC(20) Concurrent Clear Claimed Marks
[2025-01-29T16:31:34.194+0000][7][gc,marking  ] GC(20) Concurrent Clear Claimed Marks 0.202ms
[2025-01-29T16:31:34.194+0000][7][gc,marking  ] GC(20) Concurrent Scan Root Regions
[2025-01-29T16:31:34.205+0000][7][gc,marking  ] GC(20) Concurrent Scan Root Regions 10.608ms
[2025-01-29T16:31:34.205+0000][7][gc,marking  ] GC(20) Concurrent Mark (17.504s)
[2025-01-29T16:31:34.205+0000][7][gc,marking  ] GC(20) Concurrent Mark From Roots
[2025-01-29T16:31:34.205+0000][7][gc,task     ] GC(20) Using 2 workers of 2 for marking
[2025-01-29T16:31:34.339+0000][7][gc,marking  ] GC(20) Concurrent Mark From Roots 134.877ms
[2025-01-29T16:31:34.340+0000][7][gc,marking  ] GC(20) Concurrent Preclean
[2025-01-29T16:31:34.340+0000][7][gc,marking  ] GC(20) Concurrent Preclean 0.239ms
[2025-01-29T16:31:34.340+0000][7][gc,marking  ] GC(20) Concurrent Mark (17.504s, 17.639s) 135.255ms
[2025-01-29T16:31:34.341+0000][7][gc,start    ] GC(20) Pause Remark
[2025-01-29T16:31:34.348+0000][7][gc          ] GC(20) Pause Remark 62M->62M(256M) 7.099ms
[2025-01-29T16:31:34.348+0000][7][gc,cpu      ] GC(20) User=0.02s Sys=0.00s Real=0.00s
[2025-01-29T16:31:34.349+0000][7][safepoint   ] Safepoint "G1Concurrent", Time since last: 146267630 ns, Reaching safepoint: 1117337 ns, At safepoint: 7662990 ns, Total: 8780327 ns
[2025-01-29T16:31:34.349+0000][7][gc,marking  ] GC(20) Concurrent Rebuild Remembered Sets
[2025-01-29T16:31:34.446+0000][7][gc,marking  ] GC(20) Concurrent Rebuild Remembered Sets 97.000ms
[2025-01-29T16:31:34.451+0000][7][gc,start    ] GC(20) Pause Cleanup
[2025-01-29T16:31:34.451+0000][7][gc          ] GC(20) Pause Cleanup 64M->64M(256M) 0.244ms
[2025-01-29T16:31:34.451+0000][7][gc,cpu      ] GC(20) User=0.00s Sys=0.00s Real=0.00s
[2025-01-29T16:31:34.451+0000][7][safepoint   ] Safepoint "G1Concurrent", Time since last: 97359242 ns, Reaching safepoint: 5031259 ns, At safepoint: 357747 ns, Total: 5389006 ns
[2025-01-29T16:31:34.457+0000][7][gc,marking  ] GC(20) Concurrent Cleanup for Next Mark
[2025-01-29T16:31:34.458+0000][7][gc,marking  ] GC(20) Concurrent Cleanup for Next Mark 1.130ms
[2025-01-29T16:31:34.458+0000][7][gc          ] GC(20) Concurrent Cycle 264.636ms
[2025-01-29T16:31:35.708+0000][7][safepoint   ] Safepoint "Cleanup", Time since last: 1256463070 ns, Reaching safepoint: 318003 ns, At safepoint: 70344 ns, Total: 388347 ns
[2025-01-29T16:31:36.924+0000][7][safepoint   ] Safepoint "Cleanup", Time since last: 1215035083 ns, Reaching safepoint: 365721 ns, At safepoint: 98434 ns, Total: 464155 ns
[2025-01-29T16:31:37.947+0000][7][safepoint   ] Safepoint "Cleanup", Time since last: 1005715720 ns, Reaching safepoint: 16655129 ns, At safepoint: 138216 ns, Total: 16793345 ns
[2025-01-29T16:31:38.948+0000][7][safepoint   ] Safepoint "Cleanup", Time since last: 1000737802 ns, Reaching safepoint: 919921 ns, At safepoint: 88137 ns, Total: 1008058 ns
[2025-01-29T16:31:39.445+0000][7][gc,start    ] GC(21) Pause Young (Normal) (G1 Evacuation Pause)
[2025-01-29T16:31:39.445+0000][7][gc,task     ] GC(21) Using 6 workers of 8 for evacuation
[2025-01-29T16:31:39.445+0000][7][gc,age      ] GC(21) Desired survivor size 8388608 bytes, new threshold 15 (max threshold 15)
[2025-01-29T16:31:39.522+0000][7][gc,age      ] GC(21) Age table with threshold 15 (max threshold 15)
[2025-01-29T16:31:39.522+0000][7][gc,age      ] GC(21) - age   1:    5946616 bytes,    5946616 total
[2025-01-29T16:31:39.522+0000][7][gc,age      ] GC(21) - age   2:     618656 bytes,    6565272 total
[2025-01-29T16:31:39.522+0000][7][gc,age      ] GC(21) - age   3:    7524240 bytes,   14089512 total
[2025-01-29T16:31:39.522+0000][7][gc,phases   ] GC(21)   Pre Evacuate Collection Set: 0.2ms
[2025-01-29T16:31:39.522+0000][7][gc,phases   ] GC(21)   Merge Heap Roots: 0.2ms
[2025-01-29T16:31:39.522+0000][7][gc,phases   ] GC(21)   Evacuate Collection Set: 74.1ms
[2025-01-29T16:31:39.522+0000][7][gc,phases   ] GC(21)   Post Evacuate Collection Set: 2.1ms
[2025-01-29T16:31:39.522+0000][7][gc,phases   ] GC(21)   Other: 0.4ms
[2025-01-29T16:31:39.522+0000][7][gc,heap     ] GC(21) Eden regions: 29->0(29)
[2025-01-29T16:31:39.522+0000][7][gc,heap     ] GC(21) Survivor regions: 3->4(4)
[2025-01-29T16:31:39.522+0000][7][gc,heap     ] GC(21) Old regions: 12->12
[2025-01-29T16:31:39.522+0000][7][gc,heap     ] GC(21) Archive regions: 2->2
[2025-01-29T16:31:39.522+0000][7][gc,heap     ] GC(21) Humongous regions: 0->0
[2025-01-29T16:31:39.522+0000][7][gc,metaspace] GC(21) Metaspace: 51736K(55240K)->51736K(55240K) NonClass: 44818K(47432K)->44818K(47432K) Class: 6918K(7808K)->6918K(7808K)
[2025-01-29T16:31:39.522+0000][7][gc          ] GC(21) Pause Young (Normal) (G1 Evacuation Pause) 176M->66M(256M) 77.018ms
[2025-01-29T16:31:39.522+0000][7][gc,cpu      ] GC(21) User=0.28s Sys=0.08s Real=0.08s
[2025-01-29T16:31:39.522+0000][7][safepoint   ] Safepoint "G1CollectForAllocation", Time since last: 496569834 ns, Reaching safepoint: 252575 ns, At safepoint: 77223712 ns, Total: 77476287 ns
[2025-01-29T16:31:39.604+0000][7][safepoint   ] Safepoint "ICBufferFull", Time since last: 81471375 ns, Reaching safepoint: 576060 ns, At safepoint: 69398 ns, Total: 645458 ns
[2025-01-29T16:31:41.314+0000][7][safepoint   ] Safepoint "Cleanup", Time since last: 1708604040 ns, Reaching safepoint: 1009428 ns, At safepoint: 7295 ns, Total: 1016723 ns
[2025-01-29T16:31:42.456+0000][7][safepoint   ] Safepoint "Cleanup", Time since last: 1126097848 ns, Reaching safepoint: 16274228 ns, At safepoint: 14176 ns, Total: 16288404 ns
[2025-01-29T16:31:43.459+0000][7][safepoint   ] Safepoint "Cleanup", Time since last: 1002414642 ns, Reaching safepoint: 880694 ns, At safepoint: 20079 ns, Total: 900773 ns
[2025-01-29T16:31:44.463+0000][7][safepoint   ] Safepoint "Cleanup", Time since last: 1001763138 ns, Reaching safepoint: 1713557 ns, At safepoint: 79839 ns, Total: 1793396 ns
[2025-01-29T16:31:45.471+0000][7][safepoint   ] Safepoint "Cleanup", Time since last: 1007742425 ns, Reaching safepoint: 217327 ns, At safepoint: 38515 ns, Total: 255842 ns
[2025-01-29T16:31:46.022+0000][7][gc,start    ] GC(22) Pause Young (Normal) (G1 Evacuation Pause)
[2025-01-29T16:31:46.022+0000][7][gc,task     ] GC(22) Using 6 workers of 8 for evacuation
[2025-01-29T16:31:46.022+0000][7][gc,age      ] GC(22) Desired survivor size 10485760 bytes, new threshold 3 (max threshold 15)
[2025-01-29T16:31:46.091+0000][7][gc,age      ] GC(22) Age table with threshold 3 (max threshold 15)
[2025-01-29T16:31:46.091+0000][7][gc,age      ] GC(22) - age   1:    4201696 bytes,    4201696 total
[2025-01-29T16:31:46.091+0000][7][gc,age      ] GC(22) - age   2:    5746424 bytes,    9948120 total
[2025-01-29T16:31:46.091+0000][7][gc,age      ] GC(22) - age   3:     617232 bytes,   10565352 total
[2025-01-29T16:31:46.091+0000][7][gc,phases   ] GC(22)   Pre Evacuate Collection Set: 0.2ms
[2025-01-29T16:31:46.091+0000][7][gc,phases   ] GC(22)   Merge Heap Roots: 0.2ms
[2025-01-29T16:31:46.091+0000][7][gc,phases   ] GC(22)   Evacuate Collection Set: 57.3ms
[2025-01-29T16:31:46.091+0000][7][gc,phases   ] GC(22)   Post Evacuate Collection Set: 11.4ms
[2025-01-29T16:31:46.091+0000][7][gc,phases   ] GC(22)   Other: 0.4ms
[2025-01-29T16:31:46.091+0000][7][gc,heap     ] GC(22) Eden regions: 29->0(29)
[2025-01-29T16:31:46.091+0000][7][gc,heap     ] GC(22) Survivor regions: 4->3(5)
[2025-01-29T16:31:46.091+0000][7][gc,heap     ] GC(22) Old regions: 12->14
[2025-01-29T16:31:46.091+0000][7][gc,heap     ] GC(22) Archive regions: 2->2
[2025-01-29T16:31:46.091+0000][7][gc,heap     ] GC(22) Humongous regions: 0->0
[2025-01-29T16:31:46.091+0000][7][gc,metaspace] GC(22) Metaspace: 57476K(61128K)->57476K(61128K) NonClass: 49929K(52552K)->49929K(52552K) Class: 7547K(8576K)->7547K(8576K)
[2025-01-29T16:31:46.091+0000][7][gc          ] GC(22) Pause Young (Normal) (G1 Evacuation Pause) 182M->70M(256M) 69.643ms
[2025-01-29T16:31:46.091+0000][7][gc,cpu      ] GC(22) User=0.35s Sys=0.03s Real=0.07s
[2025-01-29T16:31:46.091+0000][7][safepoint   ] Safepoint "G1CollectForAllocation", Time since last: 550124152 ns, Reaching safepoint: 397155 ns, At safepoint: 69850219 ns, Total: 70247374 ns
[2025-01-29T16:31:47.175+0000][7][gc,start    ] GC(23) Pause Young (Concurrent Start) (Metadata GC Threshold)
[2025-01-29T16:31:47.175+0000][7][gc,task     ] GC(23) Using 6 workers of 8 for evacuation
[2025-01-29T16:31:47.175+0000][7][gc,age      ] GC(23) Desired survivor size 8388608 bytes, new threshold 2 (max threshold 15)
[2025-01-29T16:31:47.198+0000][7][gc,age      ] GC(23) Age table with threshold 2 (max threshold 15)
[2025-01-29T16:31:47.198+0000][7][gc,age      ] GC(23) - age   1:    1619512 bytes,    1619512 total
[2025-01-29T16:31:47.198+0000][7][gc,age      ] GC(23) - age   2:    4157064 bytes,    5776576 total
[2025-01-29T16:31:47.198+0000][7][gc,phases   ] GC(23)   Pre Evacuate Collection Set: 0.3ms
[2025-01-29T16:31:47.198+0000][7][gc,phases   ] GC(23)   Merge Heap Roots: 0.2ms
[2025-01-29T16:31:47.198+0000][7][gc,phases   ] GC(23)   Evacuate Collection Set: 20.6ms
[2025-01-29T16:31:47.198+0000][7][gc,phases   ] GC(23)   Post Evacuate Collection Set: 1.6ms
[2025-01-29T16:31:47.198+0000][7][gc,phases   ] GC(23)   Other: 0.4ms
[2025-01-29T16:31:47.198+0000][7][gc,heap     ] GC(23) Eden regions: 5->0(28)
[2025-01-29T16:31:47.198+0000][7][gc,heap     ] GC(23) Survivor regions: 3->2(4)
[2025-01-29T16:31:47.198+0000][7][gc,heap     ] GC(23) Old regions: 14->16
[2025-01-29T16:31:47.198+0000][7][gc,heap     ] GC(23) Archive regions: 2->2
[2025-01-29T16:31:47.198+0000][7][gc,heap     ] GC(23) Humongous regions: 0->0
[2025-01-29T16:31:47.198+0000][7][gc,metaspace] GC(23) Metaspace: 60386K(63908K)->60386K(63908K) NonClass: 52433K(55076K)->52433K(55076K) Class: 7952K(8832K)->7952K(8832K)
[2025-01-29T16:31:47.198+0000][7][gc          ] GC(23) Pause Young (Concurrent Start) (Metadata GC Threshold) 89M->71M(256M) 23.146ms
[2025-01-29T16:31:47.198+0000][7][gc,cpu      ] GC(23) User=0.11s Sys=0.02s Real=0.02s
[2025-01-29T16:31:47.198+0000][7][gc          ] GC(24) Concurrent Cycle
[2025-01-29T16:31:47.198+0000][7][gc,marking  ] GC(24) Concurrent Clear Claimed Marks
[2025-01-29T16:31:47.198+0000][7][gc,marking  ] GC(24) Concurrent Clear Claimed Marks 0.128ms
[2025-01-29T16:31:47.198+0000][7][gc,marking  ] GC(24) Concurrent Scan Root Regions
[2025-01-29T16:31:47.198+0000][7][safepoint   ] Safepoint "CollectForMetadataAllocation", Time since last: 1082959527 ns, Reaching safepoint: 549078 ns, At safepoint: 23527189 ns, Total: 24076267 ns
[2025-01-29T16:31:47.215+0000][7][gc,marking  ] GC(24) Concurrent Scan Root Regions 16.266ms
[2025-01-29T16:31:47.215+0000][7][gc,marking  ] GC(24) Concurrent Mark (30.514s)
[2025-01-29T16:31:47.215+0000][7][gc,marking  ] GC(24) Concurrent Mark From Roots
[2025-01-29T16:31:47.215+0000][7][gc,task     ] GC(24) Using 2 workers of 2 for marking
[2025-01-29T16:31:47.293+0000][7][safepoint   ] Safepoint "CollectForMetadataAllocation", Time since last: 94250203 ns, Reaching safepoint: 320077 ns, At safepoint: 301515 ns, Total: 621592 ns
[2025-01-29T16:31:47.438+0000][7][gc,marking  ] GC(24) Concurrent Mark From Roots 223.273ms
[2025-01-29T16:31:47.438+0000][7][gc,marking  ] GC(24) Concurrent Preclean
[2025-01-29T16:31:47.439+0000][7][gc,marking  ] GC(24) Concurrent Preclean 0.529ms
[2025-01-29T16:31:47.439+0000][7][gc,marking  ] GC(24) Concurrent Mark (30.514s, 30.738s) 224.001ms
[2025-01-29T16:31:47.440+0000][7][gc,start    ] GC(24) Pause Remark
[2025-01-29T16:31:47.471+0000][7][gc          ] GC(24) Pause Remark 78M->78M(256M) 31.248ms
[2025-01-29T16:31:47.472+0000][7][gc,cpu      ] GC(24) User=0.07s Sys=0.01s Real=0.03s
[2025-01-29T16:31:47.472+0000][7][safepoint   ] Safepoint "G1Concurrent", Time since last: 145617315 ns, Reaching safepoint: 1278843 ns, At safepoint: 31428800 ns, Total: 32707643 ns
[2025-01-29T16:31:47.472+0000][7][gc,marking  ] GC(24) Concurrent Rebuild Remembered Sets
[2025-01-29T16:31:47.622+0000][7][gc,marking  ] GC(24) Concurrent Rebuild Remembered Sets 149.943ms
[2025-01-29T16:31:47.627+0000][7][gc,start    ] GC(24) Pause Cleanup
[2025-01-29T16:31:47.627+0000][7][gc          ] GC(24) Pause Cleanup 81M->81M(256M) 0.240ms
[2025-01-29T16:31:47.627+0000][7][gc,cpu      ] GC(24) User=0.00s Sys=0.00s Real=0.00s
[2025-01-29T16:31:47.627+0000][7][safepoint   ] Safepoint "G1Concurrent", Time since last: 150141809 ns, Reaching safepoint: 4885755 ns, At safepoint: 418083 ns, Total: 5303838 ns
[2025-01-29T16:31:47.627+0000][7][gc,marking  ] GC(24) Concurrent Cleanup for Next Mark
[2025-01-29T16:31:47.628+0000][7][gc,marking  ] GC(24) Concurrent Cleanup for Next Mark 0.471ms
[2025-01-29T16:31:47.628+0000][7][gc          ] GC(24) Concurrent Cycle 429.436ms
[2025-01-29T16:31:48.645+0000][7][safepoint   ] Safepoint "Cleanup", Time since last: 1015635610 ns, Reaching safepoint: 2671950 ns, At safepoint: 79002 ns, Total: 2750952 ns
[2025-01-29T16:31:49.646+0000][7][safepoint   ] Safepoint "Cleanup", Time since last: 1000234210 ns, Reaching safepoint: 402393 ns, At safepoint: 32078 ns, Total: 434471 ns
[2025-01-29T16:31:50.647+0000][7][safepoint   ] Safepoint "Cleanup", Time since last: 1000477360 ns, Reaching safepoint: 381865 ns, At safepoint: 31489 ns, Total: 413354 ns
[2025-01-29T16:31:51.218+0000][7][gc,start    ] GC(25) Pause Young (Concurrent Start) (G1 Evacuation Pause)
[2025-01-29T16:31:51.219+0000][7][gc,task     ] GC(25) Using 6 workers of 8 for evacuation
[2025-01-29T16:31:51.219+0000][7][gc,age      ] GC(25) Desired survivor size 8388608 bytes, new threshold 15 (max threshold 15)
[2025-01-29T16:31:51.241+0000][7][gc,age      ] GC(25) Age table with threshold 15 (max threshold 15)
[2025-01-29T16:31:51.241+0000][7][gc,age      ] GC(25) - age   1:    5828920 bytes,    5828920 total
[2025-01-29T16:31:51.241+0000][7][gc,age      ] GC(25) - age   2:    1590224 bytes,    7419144 total
[2025-01-29T16:31:51.241+0000][7][gc,age      ] GC(25) - age   3:    4129392 bytes,   11548536 total
[2025-01-29T16:31:51.241+0000][7][gc,phases   ] GC(25)   Pre Evacuate Collection Set: 0.3ms
[2025-01-29T16:31:51.241+0000][7][gc,phases   ] GC(25)   Merge Heap Roots: 0.2ms
[2025-01-29T16:31:51.241+0000][7][gc,phases   ] GC(25)   Evacuate Collection Set: 19.1ms
[2025-01-29T16:31:51.241+0000][7][gc,phases   ] GC(25)   Post Evacuate Collection Set: 2.7ms
[2025-01-29T16:31:51.241+0000][7][gc,phases   ] GC(25)   Other: 0.4ms
[2025-01-29T16:31:51.241+0000][7][gc,heap     ] GC(25) Eden regions: 28->0(27)
[2025-01-29T16:31:51.241+0000][7][gc,heap     ] GC(25) Survivor regions: 2->3(4)
[2025-01-29T16:31:51.241+0000][7][gc,heap     ] GC(25) Old regions: 16->16
[2025-01-29T16:31:51.241+0000][7][gc,heap     ] GC(25) Archive regions: 2->2
[2025-01-29T16:31:51.241+0000][7][gc,heap     ] GC(25) Humongous regions: 0->0
[2025-01-29T16:31:51.241+0000][7][gc,metaspace] GC(25) Metaspace: 76832K(80752K)->76832K(80752K) NonClass: 66507K(69360K)->66507K(69360K) Class: 10324K(11392K)->10324K(11392K)
[2025-01-29T16:31:51.241+0000][7][gc          ] GC(25) Pause Young (Concurrent Start) (G1 Evacuation Pause) 183M->77M(256M) 22.930ms
[2025-01-29T16:31:51.241+0000][7][gc,cpu      ] GC(25) User=0.11s Sys=0.02s Real=0.03s
[2025-01-29T16:31:51.242+0000][7][gc          ] GC(26) Concurrent Cycle
[2025-01-29T16:31:51.242+0000][7][gc,marking  ] GC(26) Concurrent Clear Claimed Marks
[2025-01-29T16:31:51.242+0000][7][gc,marking  ] GC(26) Concurrent Clear Claimed Marks 0.131ms
[2025-01-29T16:31:51.242+0000][7][gc,marking  ] GC(26) Concurrent Scan Root Regions
[2025-01-29T16:31:51.248+0000][7][safepoint   ] Safepoint "G1CollectForAllocation", Time since last: 571209112 ns, Reaching safepoint: 209765 ns, At safepoint: 29440030 ns, Total: 29649795 ns
[2025-01-29T16:31:51.259+0000][7][gc,marking  ] GC(26) Concurrent Scan Root Regions 17.381ms
[2025-01-29T16:31:51.259+0000][7][gc,marking  ] GC(26) Concurrent Mark (34.559s)
[2025-01-29T16:31:51.259+0000][7][gc,marking  ] GC(26) Concurrent Mark From Roots
[2025-01-29T16:31:51.259+0000][7][gc,task     ] GC(26) Using 2 workers of 2 for marking
[2025-01-29T16:31:51.383+0000][7][gc,marking  ] GC(26) Concurrent Mark From Roots 123.976ms
[2025-01-29T16:31:51.383+0000][7][gc,marking  ] GC(26) Concurrent Preclean
[2025-01-29T16:31:51.384+0000][7][gc,marking  ] GC(26) Concurrent Preclean 0.207ms
[2025-01-29T16:31:51.384+0000][7][gc,marking  ] GC(26) Concurrent Mark (34.559s, 34.683s) 124.280ms
[2025-01-29T16:31:51.384+0000][7][gc,start    ] GC(26) Pause Remark
[2025-01-29T16:31:51.391+0000][7][gc          ] GC(26) Pause Remark 83M->83M(256M) 6.602ms
[2025-01-29T16:31:51.391+0000][7][gc,cpu      ] GC(26) User=0.04s Sys=0.00s Real=0.01s
[2025-01-29T16:31:51.391+0000][7][safepoint   ] Safepoint "G1Concurrent", Time since last: 135850749 ns, Reaching safepoint: 334191 ns, At safepoint: 6792604 ns, Total: 7126795 ns
[2025-01-29T16:31:51.391+0000][7][gc,marking  ] GC(26) Concurrent Rebuild Remembered Sets
[2025-01-29T16:31:51.471+0000][7][gc,marking  ] GC(26) Concurrent Rebuild Remembered Sets 80.490ms
[2025-01-29T16:31:51.472+0000][7][gc,start    ] GC(26) Pause Cleanup
[2025-01-29T16:31:51.473+0000][7][gc          ] GC(26) Pause Cleanup 85M->85M(256M) 0.254ms
[2025-01-29T16:31:51.473+0000][7][gc,cpu      ] GC(26) User=0.00s Sys=0.00s Real=0.00s
[2025-01-29T16:31:51.473+0000][7][safepoint   ] Safepoint "G1Concurrent", Time since last: 80719415 ns, Reaching safepoint: 846777 ns, At safepoint: 389851 ns, Total: 1236628 ns
[2025-01-29T16:31:51.473+0000][7][gc,marking  ] GC(26) Concurrent Cleanup for Next Mark
[2025-01-29T16:31:51.473+0000][7][gc,marking  ] GC(26) Concurrent Cleanup for Next Mark 0.435ms
[2025-01-29T16:31:51.473+0000][7][gc          ] GC(26) Concurrent Cycle 231.647ms
[2025-01-29T16:31:52.474+0000][7][safepoint   ] Safepoint "Cleanup", Time since last: 1000251215 ns, Reaching safepoint: 447966 ns, At safepoint: 32850 ns, Total: 480816 ns
[2025-01-29T16:31:52.916+0000][7][safepoint   ] Safepoint "ICBufferFull", Time since last: 441591889 ns, Reaching safepoint: 394949 ns, At safepoint: 64887 ns, Total: 459836 ns
[2025-01-29T16:31:53.610+0000][7][safepoint   ] Safepoint "ICBufferFull", Time since last: 693963707 ns, Reaching safepoint: 332957 ns, At safepoint: 69385 ns, Total: 402342 ns
[2025-01-29T16:31:54.611+0000][7][safepoint   ] Safepoint "Cleanup", Time since last: 1000664610 ns, Reaching safepoint: 313120 ns, At safepoint: 31002 ns, Total: 344122 ns
[2025-01-29T16:31:55.612+0000][7][safepoint   ] Safepoint "Cleanup", Time since last: 1000684471 ns, Reaching safepoint: 300164 ns, At safepoint: 4779 ns, Total: 304943 ns
[2025-01-29T16:31:56.615+0000][7][safepoint   ] Safepoint "Cleanup", Time since last: 1002942359 ns, Reaching safepoint: 216502 ns, At safepoint: 4740 ns, Total: 221242 ns
[2025-01-29T16:31:57.615+0000][7][safepoint   ] Safepoint "Cleanup", Time since last: 1000173269 ns, Reaching safepoint: 163940 ns, At safepoint: 25659 ns, Total: 189599 ns
[2025-01-29T16:31:58.616+0000][7][safepoint   ] Safepoint "Cleanup", Time since last: 1000181957 ns, Reaching safepoint: 290489 ns, At safepoint: 39897 ns, Total: 330386 ns
[2025-01-29T16:31:59.617+0000][7][safepoint   ] Safepoint "Cleanup", Time since last: 1000236786 ns, Reaching safepoint: 257131 ns, At safepoint: 32375 ns, Total: 289506 ns
[2025-01-29T16:32:03.619+0000][7][safepoint   ] Safepoint "Cleanup", Time since last: 4001936321 ns, Reaching safepoint: 218607 ns, At safepoint: 31997 ns, Total: 250604 ns
[2025-01-29T16:32:04.619+0000][7][safepoint   ] Safepoint "Cleanup", Time since last: 1000247852 ns, Reaching safepoint: 274813 ns, At safepoint: 44712 ns, Total: 319525 ns
[2025-01-29T16:32:13.643+0000][7][safepoint   ] Safepoint "Cleanup", Time since last: 9015230221 ns, Reaching safepoint: 190504 ns, At safepoint: 29584 ns, Total: 220088 ns
[2025-01-29T16:32:16.647+0000][7][safepoint   ] Safepoint "Cleanup", Time since last: 3003157896 ns, Reaching safepoint: 273190 ns, At safepoint: 30826 ns, Total: 304016 ns
[2025-01-29T16:32:17.647+0000][7][safepoint   ] Safepoint "Cleanup", Time since last: 1000204666 ns, Reaching safepoint: 218880 ns, At safepoint: 4642 ns, Total: 223522 ns
[2025-01-29T16:32:22.648+0000][7][safepoint   ] Safepoint "Cleanup", Time since last: 5000851423 ns, Reaching safepoint: 237337 ns, At safepoint: 26054 ns, Total: 263391 ns
[2025-01-29T16:32:23.649+0000][7][safepoint   ] Safepoint "Cleanup", Time since last: 1000191547 ns, Reaching safepoint: 185562 ns, At safepoint: 25353 ns, Total: 210915 ns
[2025-01-29T16:32:24.649+0000][7][safepoint   ] Safepoint "Cleanup", Time since last: 1000181506 ns, Reaching safepoint: 161719 ns, At safepoint: 23976 ns, Total: 185695 ns
[2025-01-29T16:32:37.663+0000][7][safepoint   ] Safepoint "Cleanup", Time since last: 13013216576 ns, Reaching safepoint: 427211 ns, At safepoint: 32772 ns, Total: 459983 ns
[2025-01-29T16:32:38.655+0000][7][safepoint   ] Safepoint "Cleanup", Time since last: 1000236113 ns, Reaching safepoint: 502809 ns, At safepoint: 26619 ns, Total: 529428 ns
[2025-01-29T16:32:41.656+0000][7][safepoint   ] Safepoint "Cleanup", Time since last: 3000581499 ns, Reaching safepoint: 329897 ns, At safepoint: 45839 ns, Total: 375736 ns
[2025-01-29T16:32:43.656+0000][7][safepoint   ] Safepoint "Cleanup", Time since last: 2000269383 ns, Reaching safepoint: 361033 ns, At safepoint: 27597 ns, Total: 388630 ns
[2025-01-29T16:32:45.657+0000][7][safepoint   ] Safepoint "Cleanup", Time since last: 2000230097 ns, Reaching safepoint: 145929 ns, At safepoint: 21436 ns, Total: 167365 ns
[2025-01-29T16:32:46.657+0000][7][safepoint   ] Safepoint "Cleanup", Time since last: 1000173141 ns, Reaching safepoint: 337673 ns, At safepoint: 29053 ns, Total: 366726 ns
[2025-01-29T16:32:49.658+0000][7][safepoint   ] Safepoint "Cleanup", Time since last: 3000399947 ns, Reaching safepoint: 265714 ns, At safepoint: 30093 ns, Total: 295807 ns
[2025-01-29T16:32:53.659+0000][7][safepoint   ] Safepoint "Cleanup", Time since last: 4000677409 ns, Reaching safepoint: 167150 ns, At safepoint: 9760 ns, Total: 176910 ns
[2025-01-29T16:32:55.434+0000][7][safepoint   ] Safepoint "Cleanup", Time since last: 1774792760 ns, Reaching safepoint: 164391 ns, At safepoint: 6195 ns, Total: 170586 ns
[2025-01-29T16:32:56.435+0000][7][safepoint   ] Safepoint "Cleanup", Time since last: 1000371838 ns, Reaching safepoint: 208594 ns, At safepoint: 45360 ns, Total: 253954 ns
[2025-01-29T16:33:02.436+0000][7][safepoint   ] Safepoint "Cleanup", Time since last: 6001027736 ns, Reaching safepoint: 197391 ns, At safepoint: 22536 ns, Total: 219927 ns
[2025-01-29T16:33:10.437+0000][7][safepoint   ] Safepoint "Cleanup", Time since last: 8001488786 ns, Reaching safepoint: 161748 ns, At safepoint: 24015 ns, Total: 185763 ns
[2025-01-29T16:33:13.438+0000][7][safepoint   ] Safepoint "Cleanup", Time since last: 3000528109 ns, Reaching safepoint: 291587 ns, At safepoint: 43358 ns, Total: 334945 ns
[2025-01-29T16:33:14.438+0000][7][safepoint   ] Safepoint "Cleanup", Time since last: 1000205295 ns, Reaching safepoint: 211081 ns, At safepoint: 5084 ns, Total: 216165 ns
[2025-01-29T16:33:23.196+0000][7][gc,start    ] GC(27) Pause Young (Normal) (G1 Evacuation Pause)
[2025-01-29T16:33:23.196+0000][7][gc,task     ] GC(27) Using 6 workers of 8 for evacuation
[2025-01-29T16:33:23.196+0000][7][gc,age      ] GC(27) Desired survivor size 8388608 bytes, new threshold 3 (max threshold 15)
[2025-01-29T16:33:23.213+0000][7][gc,age      ] GC(27) Age table with threshold 3 (max threshold 15)
[2025-01-29T16:33:23.213+0000][7][gc,age      ] GC(27) - age   1:    4309184 bytes,    4309184 total
[2025-01-29T16:33:23.213+0000][7][gc,age      ] GC(27) - age   2:    5270256 bytes,    9579440 total
[2025-01-29T16:33:23.213+0000][7][gc,age      ] GC(27) - age   3:    1581976 bytes,   11161416 total
[2025-01-29T16:33:23.213+0000][7][gc,phases   ] GC(27)   Pre Evacuate Collection Set: 0.2ms
[2025-01-29T16:33:23.213+0000][7][gc,phases   ] GC(27)   Merge Heap Roots: 0.1ms
[2025-01-29T16:33:23.213+0000][7][gc,phases   ] GC(27)   Evacuate Collection Set: 15.3ms
[2025-01-29T16:33:23.213+0000][7][gc,phases   ] GC(27)   Post Evacuate Collection Set: 1.4ms
[2025-01-29T16:33:23.213+0000][7][gc,phases   ] GC(27)   Other: 0.2ms
[2025-01-29T16:33:23.213+0000][7][gc,heap     ] GC(27) Eden regions: 27->0(27)
[2025-01-29T16:33:23.213+0000][7][gc,heap     ] GC(27) Survivor regions: 3->3(4)
[2025-01-29T16:33:23.213+0000][7][gc,heap     ] GC(27) Old regions: 16->17
[2025-01-29T16:33:23.213+0000][7][gc,heap     ] GC(27) Archive regions: 2->2
[2025-01-29T16:33:23.213+0000][7][gc,heap     ] GC(27) Humongous regions: 0->0
[2025-01-29T16:33:23.213+0000][7][gc,metaspace] GC(27) Metaspace: 89777K(94448K)->89777K(94448K) NonClass: 77607K(81136K)->77607K(81136K) Class: 12169K(13312K)->12169K(13312K)
[2025-01-29T16:33:23.213+0000][7][gc          ] GC(27) Pause Young (Normal) (G1 Evacuation Pause) 185M->81M(256M) 17.328ms
[2025-01-29T16:33:23.213+0000][7][gc,cpu      ] GC(27) User=0.09s Sys=0.00s Real=0.02s
[2025-01-29T16:33:23.213+0000][7][safepoint   ] Safepoint "G1CollectForAllocation", Time since last: 8757531283 ns, Reaching safepoint: 301881 ns, At safepoint: 17466822 ns, Total: 17768703 ns
[2025-01-29T16:33:30.215+0000][7][safepoint   ] Safepoint "Cleanup", Time since last: 7001389829 ns, Reaching safepoint: 433022 ns, At safepoint: 77488 ns, Total: 510510 ns
[2025-01-29T16:33:31.216+0000][7][safepoint   ] Safepoint "Cleanup", Time since last: 1000238793 ns, Reaching safepoint: 254861 ns, At safepoint: 63326 ns, Total: 318187 ns
[2025-01-29T16:33:33.217+0000][7][safepoint   ] Safepoint "Cleanup", Time since last: 2000520590 ns, Reaching safepoint: 541290 ns, At safepoint: 83421 ns, Total: 624711 ns
[2025-01-29T16:33:34.217+0000][7][safepoint   ] Safepoint "Cleanup", Time since last: 1000278923 ns, Reaching safepoint: 115585 ns, At safepoint: 25033 ns, Total: 140618 ns
[2025-01-29T16:33:35.218+0000][7][safepoint   ] Safepoint "Cleanup", Time since last: 1000215563 ns, Reaching safepoint: 150260 ns, At safepoint: 19806 ns, Total: 170066 ns
[2025-01-29T16:33:40.218+0000][7][safepoint   ] Safepoint "Cleanup", Time since last: 5000695620 ns, Reaching safepoint: 167081 ns, At safepoint: 20735 ns, Total: 187816 ns
[2025-01-29T16:33:42.219+0000][7][safepoint   ] Safepoint "Cleanup", Time since last: 2000368595 ns, Reaching safepoint: 197001 ns, At safepoint: 20420 ns, Total: 217421 ns
[2025-01-29T16:33:48.220+0000][7][safepoint   ] Safepoint "Cleanup", Time since last: 6001545528 ns, Reaching safepoint: 168110 ns, At safepoint: 26219 ns, Total: 194329 ns
[2025-01-29T16:33:53.222+0000][7][safepoint   ] Safepoint "Cleanup", Time since last: 5000977589 ns, Reaching safepoint: 150819 ns, At safepoint: 3791 ns, Total: 154610 ns
[2025-01-29T16:33:58.222+0000][7][safepoint   ] Safepoint "Cleanup", Time since last: 5000756250 ns, Reaching safepoint: 142441 ns, At safepoint: 21772 ns, Total: 164213 ns
[2025-01-29T16:33:59.223+0000][7][safepoint   ] Safepoint "Cleanup", Time since last: 1000218869 ns, Reaching safepoint: 392406 ns, At safepoint: 49079 ns, Total: 441485 ns
[2025-01-29T16:34:09.225+0000][7][safepoint   ] Safepoint "Cleanup", Time since last: 10001454668 ns, Reaching safepoint: 192600 ns, At safepoint: 42011 ns, Total: 234611 ns
[2025-01-29T16:34:21.227+0000][7][safepoint   ] Safepoint "Cleanup", Time since last: 12002274995 ns, Reaching safepoint: 218267 ns, At safepoint: 28205 ns, Total: 246472 ns
[2025-01-29T16:34:29.229+0000][7][safepoint   ] Safepoint "Cleanup", Time since last: 8001333365 ns, Reaching safepoint: 281941 ns, At safepoint: 56909 ns, Total: 338850 ns
[2025-01-29T16:34:34.230+0000][7][safepoint   ] Safepoint "Cleanup", Time since last: 5000954620 ns, Reaching safepoint: 244909 ns, At safepoint: 38240 ns, Total: 283149 ns
[2025-01-29T16:34:49.233+0000][7][safepoint   ] Safepoint "Cleanup", Time since last: 15002591146 ns, Reaching safepoint: 315947 ns, At safepoint: 46729 ns, Total: 362676 ns
[2025-01-29T16:34:51.234+0000][7][safepoint   ] Safepoint "Cleanup", Time since last: 2000330402 ns, Reaching safepoint: 585978 ns, At safepoint: 60066 ns, Total: 646044 ns
[2025-01-29T16:34:52.234+0000][7][safepoint   ] Safepoint "Cleanup", Time since last: 1000210384 ns, Reaching safepoint: 221290 ns, At safepoint: 23078 ns, Total: 244368 ns
[2025-01-29T16:34:53.235+0000][7][safepoint   ] Safepoint "Cleanup", Time since last: 1000193672 ns, Reaching safepoint: 226398 ns, At safepoint: 31188 ns, Total: 257586 ns
[2025-01-29T16:35:03.237+0000][7][safepoint   ] Safepoint "Cleanup", Time since last: 10001630640 ns, Reaching safepoint: 149280 ns, At safepoint: 21127 ns, Total: 170407 ns
[2025-01-29T16:35:04.237+0000][7][safepoint   ] Safepoint "Cleanup", Time since last: 1000246480 ns, Reaching safepoint: 315653 ns, At safepoint: 43525 ns, Total: 359178 ns
[2025-01-29T16:35:14.245+0000][7][safepoint   ] Safepoint "Cleanup", Time since last: 10007578716 ns, Reaching safepoint: 220236 ns, At safepoint: 37434 ns, Total: 257670 ns
[2025-01-29T16:35:19.246+0000][7][safepoint   ] Safepoint "Cleanup", Time since last: 5000903843 ns, Reaching safepoint: 220072 ns, At safepoint: 43216 ns, Total: 263288 ns
[2025-01-29T16:35:23.247+0000][7][safepoint   ] Safepoint "Cleanup", Time since last: 4000776972 ns, Reaching safepoint: 209047 ns, At safepoint: 16567 ns, Total: 225614 ns
[2025-01-29T16:35:51.254+0000][7][safepoint   ] Safepoint "Cleanup", Time since last: 28005929727 ns, Reaching safepoint: 491384 ns, At safepoint: 11824 ns, Total: 503208 ns
[2025-01-29T16:35:53.254+0000][7][safepoint   ] Safepoint "Cleanup", Time since last: 2000424542 ns, Reaching safepoint: 313594 ns, At safepoint: 24936 ns, Total: 338530 ns
[2025-01-29T16:35:59.256+0000][7][safepoint   ] Safepoint "Cleanup", Time since last: 6000915787 ns, Reaching safepoint: 289774 ns, At safepoint: 29099 ns, Total: 318873 ns
[2025-01-29T16:35:59.678+0000][7][gc,start    ] GC(28) Pause Young (Concurrent Start) (G1 Humongous Allocation)
[2025-01-29T16:35:59.678+0000][7][gc,task     ] GC(28) Using 6 workers of 8 for evacuation
[2025-01-29T16:35:59.678+0000][7][gc,age      ] GC(28) Desired survivor size 8388608 bytes, new threshold 2 (max threshold 15)
[2025-01-29T16:35:59.692+0000][7][gc,age      ] GC(28) Age table with threshold 2 (max threshold 15)
[2025-01-29T16:35:59.692+0000][7][gc,age      ] GC(28) - age   1:     680856 bytes,     680856 total
[2025-01-29T16:35:59.692+0000][7][gc,age      ] GC(28) - age   2:    4121936 bytes,    4802792 total
[2025-01-29T16:35:59.692+0000][7][gc,phases   ] GC(28)   Pre Evacuate Collection Set: 0.3ms
[2025-01-29T16:35:59.692+0000][7][gc,phases   ] GC(28)   Merge Heap Roots: 0.1ms
[2025-01-29T16:35:59.692+0000][7][gc,phases   ] GC(28)   Evacuate Collection Set: 12.4ms
[2025-01-29T16:35:59.692+0000][7][gc,phases   ] GC(28)   Post Evacuate Collection Set: 1.4ms
[2025-01-29T16:35:59.692+0000][7][gc,phases   ] GC(28)   Other: 0.4ms
[2025-01-29T16:35:59.692+0000][7][gc,heap     ] GC(28) Eden regions: 13->0(27)
[2025-01-29T16:35:59.692+0000][7][gc,heap     ] GC(28) Survivor regions: 3->2(4)
[2025-01-29T16:35:59.692+0000][7][gc,heap     ] GC(28) Old regions: 17->19
[2025-01-29T16:35:59.692+0000][7][gc,heap     ] GC(28) Archive regions: 2->2
[2025-01-29T16:35:59.692+0000][7][gc,heap     ] GC(28) Humongous regions: 0->0
[2025-01-29T16:35:59.692+0000][7][gc,metaspace] GC(28) Metaspace: 90497K(95344K)->90497K(95344K) NonClass: 78248K(81904K)->78248K(81904K) Class: 12249K(13440K)->12249K(13440K)
[2025-01-29T16:35:59.692+0000][7][gc          ] GC(28) Pause Young (Concurrent Start) (G1 Humongous Allocation) 132M->82M(256M) 14.752ms
[2025-01-29T16:35:59.692+0000][7][gc,cpu      ] GC(28) User=0.07s Sys=0.00s Real=0.01s
[2025-01-29T16:35:59.693+0000][7][safepoint   ] Safepoint "G1TryInitiateConcMark", Time since last: 421659891 ns, Reaching safepoint: 279587 ns, At safepoint: 14948290 ns, Total: 15227877 ns
[2025-01-29T16:35:59.693+0000][7][gc          ] GC(29) Concurrent Cycle
[2025-01-29T16:35:59.693+0000][7][gc,marking  ] GC(29) Concurrent Clear Claimed Marks
[2025-01-29T16:35:59.694+0000][7][gc,marking  ] GC(29) Concurrent Clear Claimed Marks 0.757ms
[2025-01-29T16:35:59.694+0000][7][gc,marking  ] GC(29) Concurrent Scan Root Regions
[2025-01-29T16:35:59.705+0000][7][gc,marking  ] GC(29) Concurrent Scan Root Regions 10.905ms
[2025-01-29T16:35:59.705+0000][7][gc,marking  ] GC(29) Concurrent Mark (283.006s)
[2025-01-29T16:35:59.705+0000][7][gc,marking  ] GC(29) Concurrent Mark From Roots
[2025-01-29T16:35:59.705+0000][7][gc,task     ] GC(29) Using 2 workers of 2 for marking
[2025-01-29T16:35:59.797+0000][7][gc,marking  ] GC(29) Concurrent Mark From Roots 91.588ms
[2025-01-29T16:35:59.797+0000][7][gc,marking  ] GC(29) Concurrent Preclean
[2025-01-29T16:35:59.797+0000][7][gc,marking  ] GC(29) Concurrent Preclean 0.776ms
[2025-01-29T16:35:59.798+0000][7][gc,marking  ] GC(29) Concurrent Mark (283.006s, 283.099s) 92.475ms
[2025-01-29T16:35:59.798+0000][7][gc,start    ] GC(29) Pause Remark
[2025-01-29T16:35:59.816+0000][7][gc          ] GC(29) Pause Remark 92M->92M(256M) 18.696ms
[2025-01-29T16:35:59.817+0000][7][gc,cpu      ] GC(29) User=0.08s Sys=0.00s Real=0.01s
[2025-01-29T16:35:59.817+0000][7][safepoint   ] Safepoint "G1Concurrent", Time since last: 105078434 ns, Reaching safepoint: 174375 ns, At safepoint: 18878827 ns, Total: 19053202 ns
[2025-01-29T16:35:59.817+0000][7][gc,marking  ] GC(29) Concurrent Rebuild Remembered Sets
[2025-01-29T16:35:59.895+0000][7][gc,marking  ] GC(29) Concurrent Rebuild Remembered Sets 77.803ms
[2025-01-29T16:35:59.897+0000][7][gc,start    ] GC(29) Pause Cleanup
[2025-01-29T16:35:59.898+0000][7][gc          ] GC(29) Pause Cleanup 94M->94M(256M) 0.178ms
[2025-01-29T16:35:59.898+0000][7][gc,cpu      ] GC(29) User=0.00s Sys=0.00s Real=0.00s
[2025-01-29T16:35:59.898+0000][7][safepoint   ] Safepoint "G1Concurrent", Time since last: 78037732 ns, Reaching safepoint: 2722827 ns, At safepoint: 268457 ns, Total: 2991284 ns
[2025-01-29T16:35:59.898+0000][7][gc,marking  ] GC(29) Concurrent Cleanup for Next Mark
[2025-01-29T16:35:59.898+0000][7][gc,marking  ] GC(29) Concurrent Cleanup for Next Mark 0.412ms
[2025-01-29T16:35:59.898+0000][7][gc          ] GC(29) Concurrent Cycle 205.333ms
[2025-01-29T16:36:00.199+0000][7][safepoint   ] Safepoint "ICBufferFull", Time since last: 301379651 ns, Reaching safepoint: 340810 ns, At safepoint: 69113 ns, Total: 409923 ns
[2025-01-29T16:36:00.676+0000][7][safepoint   ] Safepoint "ICBufferFull", Time since last: 476154969 ns, Reaching safepoint: 430348 ns, At safepoint: 46009 ns, Total: 476357 ns
[2025-01-29T16:36:01.677+0000][7][safepoint   ] Safepoint "Cleanup", Time since last: 1000521546 ns, Reaching safepoint: 308577 ns, At safepoint: 33131 ns, Total: 341708 ns
[2025-01-29T16:36:02.678+0000][7][safepoint   ] Safepoint "Cleanup", Time since last: 1000828307 ns, Reaching safepoint: 326521 ns, At safepoint: 12172 ns, Total: 338693 ns
[2025-01-29T16:36:05.679+0000][7][safepoint   ] Safepoint "Cleanup", Time since last: 3000643382 ns, Reaching safepoint: 313213 ns, At safepoint: 29937 ns, Total: 343150 ns
[2025-01-29T16:36:15.682+0000][7][safepoint   ] Safepoint "Cleanup", Time since last: 10002269700 ns, Reaching safepoint: 399726 ns, At safepoint: 9272 ns, Total: 408998 ns
[2025-01-29T16:36:18.683+0000][7][safepoint   ] Safepoint "Cleanup", Time since last: 3000571295 ns, Reaching safepoint: 520509 ns, At safepoint: 67132 ns, Total: 587641 ns
[2025-01-29T16:36:23.684+0000][7][safepoint   ] Safepoint "Cleanup", Time since last: 5000989207 ns, Reaching safepoint: 289221 ns, At safepoint: 263438 ns, Total: 552659 ns
[2025-01-29T16:36:24.685+0000][7][safepoint   ] Safepoint "Cleanup", Time since last: 1000177299 ns, Reaching safepoint: 433235 ns, At safepoint: 30660 ns, Total: 463895 ns
[2025-01-29T16:36:25.686+0000][7][safepoint   ] Safepoint "Cleanup", Time since last: 1000567725 ns, Reaching safepoint: 836779 ns, At safepoint: 36341 ns, Total: 873120 ns
[2025-01-29T16:36:28.688+0000][7][safepoint   ] Safepoint "Cleanup", Time since last: 3000903890 ns, Reaching safepoint: 274481 ns, At safepoint: 9587 ns, Total: 284068 ns
[2025-01-29T16:36:29.689+0000][7][safepoint   ] Safepoint "Cleanup", Time since last: 1000237234 ns, Reaching safepoint: 643169 ns, At safepoint: 72177 ns, Total: 715346 ns
[2025-01-29T16:36:30.689+0000][7][safepoint   ] Safepoint "Cleanup", Time since last: 1000270425 ns, Reaching safepoint: 368185 ns, At safepoint: 7461 ns, Total: 375646 ns
[2025-01-29T16:36:31.690+0000][7][safepoint   ] Safepoint "Cleanup", Time since last: 1000544915 ns, Reaching safepoint: 457744 ns, At safepoint: 51452 ns, Total: 509196 ns
[2025-01-29T16:36:32.691+0000][7][safepoint   ] Safepoint "Cleanup", Time since last: 1000340652 ns, Reaching safepoint: 331175 ns, At safepoint: 45245 ns, Total: 376420 ns
[2025-01-29T16:36:33.692+0000][7][safepoint   ] Safepoint "Cleanup", Time since last: 1000226344 ns, Reaching safepoint: 391053 ns, At safepoint: 29959 ns, Total: 421012 ns
[2025-01-29T16:36:37.693+0000][7][safepoint   ] Safepoint "Cleanup", Time since last: 4001059582 ns, Reaching safepoint: 263688 ns, At safepoint: 27933 ns, Total: 291621 ns
[2025-01-29T16:36:38.693+0000][7][safepoint   ] Safepoint "Cleanup", Time since last: 1000245083 ns, Reaching safepoint: 312283 ns, At safepoint: 20569 ns, Total: 332852 ns
[2025-01-29T16:36:48.700+0000][7][safepoint   ] Safepoint "Cleanup", Time since last: 10005459918 ns, Reaching safepoint: 851903 ns, At safepoint: 43309 ns, Total: 895212 ns
[2025-01-29T16:36:50.701+0000][7][safepoint   ] Safepoint "Cleanup", Time since last: 2000670644 ns, Reaching safepoint: 830300 ns, At safepoint: 90021 ns, Total: 920321 ns
[2025-01-29T16:36:52.703+0000][7][safepoint   ] Safepoint "Cleanup", Time since last: 2000606212 ns, Reaching safepoint: 623743 ns, At safepoint: 75134 ns, Total: 698877 ns
[2025-01-29T16:36:53.703+0000][7][safepoint   ] Safepoint "Cleanup", Time since last: 1000232652 ns, Reaching safepoint: 327288 ns, At safepoint: 83340 ns, Total: 410628 ns
[2025-01-29T16:37:03.706+0000][7][safepoint   ] Safepoint "Cleanup", Time since last: 10001947048 ns, Reaching safepoint: 365647 ns, At safepoint: 29217 ns, Total: 394864 ns
[2025-01-29T16:37:12.714+0000][7][safepoint   ] Safepoint "Cleanup", Time since last: 9007656510 ns, Reaching safepoint: 389433 ns, At safepoint: 89131 ns, Total: 478564 ns
[2025-01-29T16:37:19.716+0000][7][safepoint   ] Safepoint "Cleanup", Time since last: 7001471885 ns, Reaching safepoint: 524252 ns, At safepoint: 77780 ns, Total: 602032 ns
[2025-01-29T16:37:22.717+0000][7][safepoint   ] Safepoint "Cleanup", Time since last: 3000887613 ns, Reaching safepoint: 402642 ns, At safepoint: 40383 ns, Total: 443025 ns
[2025-01-29T16:37:24.718+0000][7][safepoint   ] Safepoint "Cleanup", Time since last: 2000312036 ns, Reaching safepoint: 244699 ns, At safepoint: 34062 ns, Total: 278761 ns
[2025-01-29T16:37:33.721+0000][7][safepoint   ] Safepoint "Cleanup", Time since last: 9002119167 ns, Reaching safepoint: 755893 ns, At safepoint: 15192 ns, Total: 771085 ns
[2025-01-29T16:37:38.720+0000][7][safepoint   ] Safepoint "Cleanup", Time since last: 5001386771 ns, Reaching safepoint: 463927 ns, At safepoint: 45476 ns, Total: 509403 ns
[2025-01-29T16:37:43.447+0000][7][gc,start    ] GC(30) Pause Young (Normal) (G1 Evacuation Pause)
[2025-01-29T16:37:43.447+0000][7][gc,task     ] GC(30) Using 6 workers of 8 for evacuation
[2025-01-29T16:37:43.448+0000][7][gc,age      ] GC(30) Desired survivor size 8388608 bytes, new threshold 15 (max threshold 15)
[2025-01-29T16:37:43.467+0000][7][gc,age      ] GC(30) Age table with threshold 15 (max threshold 15)
[2025-01-29T16:37:43.467+0000][7][gc,age      ] GC(30) - age   1:    4459480 bytes,    4459480 total
[2025-01-29T16:37:43.467+0000][7][gc,age      ] GC(30) - age   2:     502648 bytes,    4962128 total
[2025-01-29T16:37:43.467+0000][7][gc,age      ] GC(30) - age   3:    3860016 bytes,    8822144 total
[2025-01-29T16:37:43.467+0000][7][gc,phases   ] GC(30)   Pre Evacuate Collection Set: 0.4ms
[2025-01-29T16:37:43.467+0000][7][gc,phases   ] GC(30)   Merge Heap Roots: 0.3ms
[2025-01-29T16:37:43.467+0000][7][gc,phases   ] GC(30)   Evacuate Collection Set: 15.3ms
[2025-01-29T16:37:43.467+0000][7][gc,phases   ] GC(30)   Post Evacuate Collection Set: 3.2ms
[2025-01-29T16:37:43.467+0000][7][gc,phases   ] GC(30)   Other: 1.0ms
[2025-01-29T16:37:43.467+0000][7][gc,heap     ] GC(30) Eden regions: 27->0(24)
[2025-01-29T16:37:43.467+0000][7][gc,heap     ] GC(30) Survivor regions: 2->3(4)
[2025-01-29T16:37:43.468+0000][7][gc,heap     ] GC(30) Old regions: 19->19
[2025-01-29T16:37:43.468+0000][7][gc,heap     ] GC(30) Archive regions: 2->2
[2025-01-29T16:37:43.468+0000][7][gc,heap     ] GC(30) Humongous regions: 2->2
[2025-01-29T16:37:43.468+0000][7][gc,metaspace] GC(30) Metaspace: 97931K(102896K)->97931K(102896K) NonClass: 84532K(88304K)->84532K(88304K) Class: 13399K(14592K)->13399K(14592K)
[2025-01-29T16:37:43.468+0000][7][gc          ] GC(30) Pause Young (Normal) (G1 Evacuation Pause) 198M->93M(256M) 20.390ms
[2025-01-29T16:37:43.468+0000][7][gc,cpu      ] GC(30) User=0.09s Sys=0.00s Real=0.02s
[2025-01-29T16:37:43.468+0000][7][safepoint   ] Safepoint "G1CollectForAllocation", Time since last: 4726521284 ns, Reaching safepoint: 402542 ns, At safepoint: 20631798 ns, Total: 21034340 ns
[2025-01-29T16:37:52.477+0000][7][safepoint   ] Safepoint "Cleanup", Time since last: 9008070780 ns, Reaching safepoint: 604763 ns, At safepoint: 59356 ns, Total: 664119 ns
[2025-01-29T16:37:56.478+0000][7][safepoint   ] Safepoint "Cleanup", Time since last: 4000739421 ns, Reaching safepoint: 283168 ns, At safepoint: 34711 ns, Total: 317879 ns
[2025-01-29T16:38:01.479+0000][7][safepoint   ] Safepoint "Cleanup", Time since last: 5001074740 ns, Reaching safepoint: 511103 ns, At safepoint: 67604 ns, Total: 578707 ns
[2025-01-29T16:38:02.480+0000][7][safepoint   ] Safepoint "Cleanup", Time since last: 1000242077 ns, Reaching safepoint: 348436 ns, At safepoint: 45557 ns, Total: 393993 ns
[2025-01-29T16:38:06.481+0000][7][safepoint   ] Safepoint "Cleanup", Time since last: 4000823001 ns, Reaching safepoint: 344856 ns, At safepoint: 28110 ns, Total: 372966 ns
[2025-01-29T16:38:30.490+0000][7][safepoint   ] Safepoint "Cleanup", Time since last: 24006258906 ns, Reaching safepoint: 523971 ns, At safepoint: 83793 ns, Total: 607764 ns
[2025-01-29T16:38:33.491+0000][7][safepoint   ] Safepoint "Cleanup", Time since last: 3000586958 ns, Reaching safepoint: 352627 ns, At safepoint: 36913 ns, Total: 389540 ns
[2025-01-29T16:38:50.494+0000][7][safepoint   ] Safepoint "Cleanup", Time since last: 17002933144 ns, Reaching safepoint: 248213 ns, At safepoint: 7709 ns, Total: 255922 ns
[2025-01-29T16:38:53.495+0000][7][safepoint   ] Safepoint "Cleanup", Time since last: 3000585331 ns, Reaching safepoint: 302622 ns, At safepoint: 45911 ns, Total: 348533 ns
[2025-01-29T16:39:01.497+0000][7][safepoint   ] Safepoint "Cleanup", Time since last: 8001714999 ns, Reaching safepoint: 280180 ns, At safepoint: 32662 ns, Total: 312842 ns
[2025-01-29T16:39:23.502+0000][7][safepoint   ] Safepoint "Cleanup", Time since last: 22003964518 ns, Reaching safepoint: 596023 ns, At safepoint: 85414 ns, Total: 681437 ns
[2025-01-29T16:39:30.504+0000][7][safepoint   ] Safepoint "Cleanup", Time since last: 7001379745 ns, Reaching safepoint: 441819 ns, At safepoint: 51888 ns, Total: 493707 ns
[2025-01-29T16:39:33.505+0000][7][safepoint   ] Safepoint "Cleanup", Time since last: 3000559179 ns, Reaching safepoint: 337411 ns, At safepoint: 33071 ns, Total: 370482 ns
[2025-01-29T16:39:48.508+0000][7][safepoint   ] Safepoint "Cleanup", Time since last: 15002901476 ns, Reaching safepoint: 423754 ns, At safepoint: 7465 ns, Total: 431219 ns
[2025-01-29T16:39:52.509+0000][7][safepoint   ] Safepoint "Cleanup", Time since last: 4000718576 ns, Reaching safepoint: 226294 ns, At safepoint: 17532 ns, Total: 243826 ns
[2025-01-29T16:39:53.510+0000][7][safepoint   ] Safepoint "Cleanup", Time since last: 1000212667 ns, Reaching safepoint: 585969 ns, At safepoint: 80216 ns, Total: 666185 ns
[2025-01-29T16:39:54.511+0000][7][safepoint   ] Safepoint "Cleanup", Time since last: 1000221421 ns, Reaching safepoint: 943406 ns, At safepoint: 245032 ns, Total: 1188438 ns
[2025-01-29T16:39:56.512+0000][7][safepoint   ] Safepoint "Cleanup", Time since last: 2000413354 ns, Reaching safepoint: 247716 ns, At safepoint: 34756 ns, Total: 282472 ns
[2025-01-29T16:40:00.513+0000][7][safepoint   ] Safepoint "Cleanup", Time since last: 4000706094 ns, Reaching safepoint: 330057 ns, At safepoint: 31384 ns, Total: 361441 ns
[2025-01-29T16:40:21.517+0000][7][safepoint   ] Safepoint "Cleanup", Time since last: 21003829324 ns, Reaching safepoint: 528401 ns, At safepoint: 67736 ns, Total: 596137 ns
[2025-01-29T16:40:31.519+0000][7][safepoint   ] Safepoint "Cleanup", Time since last: 10001460259 ns, Reaching safepoint: 686668 ns, At safepoint: 68728 ns, Total: 755396 ns
[2025-01-29T16:40:33.520+0000][7][safepoint   ] Safepoint "Cleanup", Time since last: 2000402367 ns, Reaching safepoint: 247246 ns, At safepoint: 9711 ns, Total: 256957 ns
[2025-01-29T16:40:43.522+0000][7][safepoint   ] Safepoint "Cleanup", Time since last: 10001800811 ns, Reaching safepoint: 390020 ns, At safepoint: 31100 ns, Total: 421120 ns
[2025-01-29T16:40:53.525+0000][7][safepoint   ] Safepoint "Cleanup", Time since last: 10001950406 ns, Reaching safepoint: 462614 ns, At safepoint: 32708 ns, Total: 495322 ns
[2025-01-29T16:41:00.527+0000][7][safepoint   ] Safepoint "Cleanup", Time since last: 7001410603 ns, Reaching safepoint: 586343 ns, At safepoint: 39490 ns, Total: 625833 ns
[2025-01-29T16:41:01.528+0000][7][safepoint   ] Safepoint "Cleanup", Time since last: 1000216910 ns, Reaching safepoint: 464599 ns, At safepoint: 70895 ns, Total: 535494 ns
[2025-01-29T16:41:06.529+0000][7][safepoint   ] Safepoint "Cleanup", Time since last: 5001097905 ns, Reaching safepoint: 563269 ns, At safepoint: 72409 ns, Total: 635678 ns
[2025-01-29T16:41:24.533+0000][7][safepoint   ] Safepoint "Cleanup", Time since last: 18003615264 ns, Reaching safepoint: 255963 ns, At safepoint: 40889 ns, Total: 296852 ns
[2025-01-29T16:41:26.534+0000][7][safepoint   ] Safepoint "Cleanup", Time since last: 2000580003 ns, Reaching safepoint: 433219 ns, At safepoint: 67479 ns, Total: 500698 ns
[2025-01-29T16:41:29.535+0000][7][safepoint   ] Safepoint "Cleanup", Time since last: 3001201144 ns, Reaching safepoint: 223812 ns, At safepoint: 40744 ns, Total: 264556 ns
[2025-01-29T16:41:30.536+0000][7][safepoint   ] Safepoint "Cleanup", Time since last: 1000340814 ns, Reaching safepoint: 284732 ns, At safepoint: 44989 ns, Total: 329721 ns
[2025-01-29T16:41:33.537+0000][7][safepoint   ] Safepoint "Cleanup", Time since last: 3000536278 ns, Reaching safepoint: 301639 ns, At safepoint: 32670 ns, Total: 334309 ns
[2025-01-29T16:41:53.542+0000][7][safepoint   ] Safepoint "Cleanup", Time since last: 20004213030 ns, Reaching safepoint: 362571 ns, At safepoint: 45904 ns, Total: 408475 ns
[2025-01-29T16:41:56.542+0000][7][safepoint   ] Safepoint "Cleanup", Time since last: 3000507810 ns, Reaching safepoint: 220548 ns, At safepoint: 34449 ns, Total: 254997 ns
[2025-01-29T16:42:23.551+0000][7][safepoint   ] Safepoint "Cleanup", Time since last: 27005611362 ns, Reaching safepoint: 3154556 ns, At safepoint: 22135 ns, Total: 3176691 ns
[2025-01-29T16:42:26.552+0000][7][safepoint   ] Safepoint "Cleanup", Time since last: 3000894923 ns, Reaching safepoint: 397494 ns, At safepoint: 55771 ns, Total: 453265 ns
[2025-01-29T16:42:33.554+0000][7][safepoint   ] Safepoint "Cleanup", Time since last: 7001212647 ns, Reaching safepoint: 462052 ns, At safepoint: 74501 ns, Total: 536553 ns
[2025-01-29T16:42:47.557+0000][7][safepoint   ] Safepoint "Cleanup", Time since last: 14003405411 ns, Reaching safepoint: 253343 ns, At safepoint: 60855 ns, Total: 314198 ns
[2025-01-29T16:42:53.559+0000][7][safepoint   ] Safepoint "Cleanup", Time since last: 6001156128 ns, Reaching safepoint: 219831 ns, At safepoint: 49616 ns, Total: 269447 ns
[2025-01-29T16:43:00.560+0000][7][safepoint   ] Safepoint "Cleanup", Time since last: 7001281378 ns, Reaching safepoint: 230438 ns, At safepoint: 33854 ns, Total: 264292 ns
[2025-01-29T16:43:18.718+0000][7][gc,start    ] GC(31) Pause Young (Concurrent Start) (G1 Evacuation Pause)
[2025-01-29T16:43:18.718+0000][7][gc,task     ] GC(31) Using 6 workers of 8 for evacuation
[2025-01-29T16:43:18.718+0000][7][gc,age      ] GC(31) Desired survivor size 8388608 bytes, new threshold 3 (max threshold 15)
[2025-01-29T16:43:18.751+0000][7][gc,age      ] GC(31) Age table with threshold 3 (max threshold 15)
[2025-01-29T16:43:18.751+0000][7][gc,age      ] GC(31) - age   1:     365200 bytes,     365200 total
[2025-01-29T16:43:18.751+0000][7][gc,age      ] GC(31) - age   2:    4173088 bytes,    4538288 total
[2025-01-29T16:43:18.751+0000][7][gc,age      ] GC(31) - age   3:     414632 bytes,    4952920 total
[2025-01-29T16:43:18.751+0000][7][gc,phases   ] GC(31)   Pre Evacuate Collection Set: 0.8ms
[2025-01-29T16:43:18.751+0000][7][gc,phases   ] GC(31)   Merge Heap Roots: 0.6ms
[2025-01-29T16:43:18.751+0000][7][gc,phases   ] GC(31)   Evacuate Collection Set: 26.5ms
[2025-01-29T16:43:18.751+0000][7][gc,phases   ] GC(31)   Post Evacuate Collection Set: 4.4ms
[2025-01-29T16:43:18.751+0000][7][gc,phases   ] GC(31)   Other: 0.7ms
[2025-01-29T16:43:18.751+0000][7][gc,heap     ] GC(31) Eden regions: 24->0(25)
[2025-01-29T16:43:18.751+0000][7][gc,heap     ] GC(31) Survivor regions: 3->2(4)
[2025-01-29T16:43:18.751+0000][7][gc,heap     ] GC(31) Old regions: 19->20
[2025-01-29T16:43:18.751+0000][7][gc,heap     ] GC(31) Archive regions: 2->2
[2025-01-29T16:43:18.751+0000][7][gc,heap     ] GC(31) Humongous regions: 2->2
[2025-01-29T16:43:18.751+0000][7][gc,metaspace] GC(31) Metaspace: 98152K(102896K)->98152K(102896K) NonClass: 84742K(88304K)->84742K(88304K) Class: 13410K(14592K)->13410K(14592K)
[2025-01-29T16:43:18.751+0000][7][gc          ] GC(31) Pause Young (Concurrent Start) (G1 Evacuation Pause) 189M->93M(256M) 32.984ms
[2025-01-29T16:43:18.751+0000][7][gc,cpu      ] GC(31) User=0.13s Sys=0.02s Real=0.03s
[2025-01-29T16:43:18.751+0000][7][gc          ] GC(32) Concurrent Cycle
[2025-01-29T16:43:18.751+0000][7][gc,marking  ] GC(32) Concurrent Clear Claimed Marks
[2025-01-29T16:43:18.751+0000][7][safepoint   ] Safepoint "G1CollectForAllocation", Time since last: 18157420817 ns, Reaching safepoint: 599612 ns, At safepoint: 33305058 ns, Total: 33904670 ns
[2025-01-29T16:43:18.751+0000][7][gc,marking  ] GC(32) Concurrent Clear Claimed Marks 0.229ms
[2025-01-29T16:43:18.751+0000][7][gc,marking  ] GC(32) Concurrent Scan Root Regions
[2025-01-29T16:43:18.764+0000][7][gc,marking  ] GC(32) Concurrent Scan Root Regions 12.427ms
[2025-01-29T16:43:18.764+0000][7][gc,marking  ] GC(32) Concurrent Mark (722.067s)
[2025-01-29T16:43:18.764+0000][7][gc,marking  ] GC(32) Concurrent Mark From Roots
[2025-01-29T16:43:18.764+0000][7][gc,task     ] GC(32) Using 2 workers of 2 for marking
[2025-01-29T16:43:18.856+0000][7][gc,marking  ] GC(32) Concurrent Mark From Roots 92.274ms
[2025-01-29T16:43:18.856+0000][7][gc,marking  ] GC(32) Concurrent Preclean
[2025-01-29T16:43:18.857+0000][7][gc,marking  ] GC(32) Concurrent Preclean 0.420ms
[2025-01-29T16:43:18.857+0000][7][gc,marking  ] GC(32) Concurrent Mark (722.067s, 722.160s) 92.797ms
[2025-01-29T16:43:18.857+0000][7][gc,start    ] GC(32) Pause Remark
[2025-01-29T16:43:18.871+0000][7][gc          ] GC(32) Pause Remark 95M->95M(256M) 13.383ms
[2025-01-29T16:43:18.871+0000][7][gc,cpu      ] GC(32) User=0.07s Sys=0.00s Real=0.01s
[2025-01-29T16:43:18.871+0000][7][safepoint   ] Safepoint "G1Concurrent", Time since last: 105660655 ns, Reaching safepoint: 327817 ns, At safepoint: 13544667 ns, Total: 13872484 ns
[2025-01-29T16:43:18.871+0000][7][gc,marking  ] GC(32) Concurrent Rebuild Remembered Sets
[2025-01-29T16:43:18.917+0000][7][gc,marking  ] GC(32) Concurrent Rebuild Remembered Sets 46.130ms
[2025-01-29T16:43:18.918+0000][7][gc,start    ] GC(32) Pause Cleanup
[2025-01-29T16:43:18.918+0000][7][gc          ] GC(32) Pause Cleanup 95M->95M(256M) 0.220ms
[2025-01-29T16:43:18.918+0000][7][gc,cpu      ] GC(32) User=0.00s Sys=0.00s Real=0.00s
[2025-01-29T16:43:18.918+0000][7][safepoint   ] Safepoint "G1Concurrent", Time since last: 46392722 ns, Reaching safepoint: 617592 ns, At safepoint: 336051 ns, Total: 953643 ns
[2025-01-29T16:43:18.918+0000][7][gc,marking  ] GC(32) Concurrent Cleanup for Next Mark
[2025-01-29T16:43:18.919+0000][7][gc,marking  ] GC(32) Concurrent Cleanup for Next Mark 0.878ms
[2025-01-29T16:43:18.919+0000][7][gc          ] GC(32) Concurrent Cycle 167.876ms
[2025-01-29T16:43:19.919+0000][7][safepoint   ] Safepoint "Cleanup", Time since last: 1000252302 ns, Reaching safepoint: 308516 ns, At safepoint: 43251 ns, Total: 351767 ns
[2025-01-29T16:43:22.919+0000][7][safepoint   ] Safepoint "Cleanup", Time since last: 3000424625 ns, Reaching safepoint: 224032 ns, At safepoint: 25398 ns, Total: 249430 ns
[2025-01-29T16:43:23.920+0000][7][safepoint   ] Safepoint "Cleanup", Time since last: 1000185593 ns, Reaching safepoint: 438723 ns, At safepoint: 54950 ns, Total: 493673 ns
[2025-01-29T16:43:26.921+0000][7][safepoint   ] Safepoint "Cleanup", Time since last: 3000556129 ns, Reaching safepoint: 448261 ns, At safepoint: 62417 ns, Total: 510678 ns
[2025-01-29T16:43:30.922+0000][7][safepoint   ] Safepoint "Cleanup", Time since last: 4000772794 ns, Reaching safepoint: 307783 ns, At safepoint: 44101 ns, Total: 351884 ns
[2025-01-29T16:43:33.923+0000][7][safepoint   ] Safepoint "Cleanup", Time since last: 3000664728 ns, Reaching safepoint: 309135 ns, At safepoint: 33582 ns, Total: 342717 ns
[2025-01-29T16:43:51.927+0000][7][safepoint   ] Safepoint "Cleanup", Time since last: 18003833268 ns, Reaching safepoint: 373698 ns, At safepoint: 52563 ns, Total: 426261 ns
[2025-01-29T16:43:53.928+0000][7][safepoint   ] Safepoint "Cleanup", Time since last: 2000524991 ns, Reaching safepoint: 498596 ns, At safepoint: 62501 ns, Total: 561097 ns
[2025-01-29T16:44:09.933+0000][7][safepoint   ] Safepoint "Cleanup", Time since last: 16003358888 ns, Reaching safepoint: 533133 ns, At safepoint: 66344 ns, Total: 599477 ns
[2025-01-29T16:44:30.937+0000][7][safepoint   ] Safepoint "Cleanup", Time since last: 21004023239 ns, Reaching safepoint: 251201 ns, At safepoint: 27229 ns, Total: 278430 ns
[2025-01-29T16:44:33.938+0000][7][safepoint   ] Safepoint "Cleanup", Time since last: 3000567337 ns, Reaching safepoint: 179697 ns, At safepoint: 10817 ns, Total: 190514 ns
[2025-01-29T16:44:35.939+0000][7][safepoint   ] Safepoint "Cleanup", Time since last: 2000569477 ns, Reaching safepoint: 611823 ns, At safepoint: 73260 ns, Total: 685083 ns
[2025-01-29T16:44:45.941+0000][7][safepoint   ] Safepoint "Cleanup", Time since last: 10002008960 ns, Reaching safepoint: 376903 ns, At safepoint: 37263 ns, Total: 414166 ns
[2025-01-29T16:44:46.942+0000][7][safepoint   ] Safepoint "Cleanup", Time since last: 1000202830 ns, Reaching safepoint: 252551 ns, At safepoint: 35394 ns, Total: 287945 ns
[2025-01-29T16:44:48.943+0000][7][safepoint   ] Safepoint "Cleanup", Time since last: 2000398482 ns, Reaching safepoint: 243131 ns, At safepoint: 349122 ns, Total: 592253 ns
[2025-01-29T16:45:23.951+0000][7][safepoint   ] Safepoint "Cleanup", Time since last: 35007604995 ns, Reaching safepoint: 802895 ns, At safepoint: 65788 ns, Total: 868683 ns
[2025-01-29T16:45:33.954+0000][7][safepoint   ] Safepoint "Cleanup", Time since last: 10002076559 ns, Reaching safepoint: 656769 ns, At safepoint: 26916 ns, Total: 683685 ns
[2025-01-29T16:46:00.965+0000][7][safepoint   ] Safepoint "Cleanup", Time since last: 27011318640 ns, Reaching safepoint: 336641 ns, At safepoint: 58369 ns, Total: 395010 ns
[2025-01-29T16:46:33.972+0000][7][safepoint   ] Safepoint "Cleanup", Time since last: 33005660439 ns, Reaching safepoint: 596603 ns, At safepoint: 76416 ns, Total: 673019 ns
[2025-01-29T16:46:39.974+0000][7][safepoint   ] Safepoint "Cleanup", Time since last: 6001715222 ns, Reaching safepoint: 399738 ns, At safepoint: 40665 ns, Total: 440403 ns
[2025-01-29T16:46:53.994+0000][7][safepoint   ] Safepoint "Cleanup", Time since last: 14019340604 ns, Reaching safepoint: 388120 ns, At safepoint: 37343 ns, Total: 425463 ns
[2025-01-29T16:46:55.994+0000][7][safepoint   ] Safepoint "Cleanup", Time since last: 2000289221 ns, Reaching safepoint: 301096 ns, At safepoint: 27568 ns, Total: 328664 ns
[2025-01-29T16:47:00.996+0000][7][safepoint   ] Safepoint "Cleanup", Time since last: 5000824773 ns, Reaching safepoint: 340054 ns, At safepoint: 14728 ns, Total: 354782 ns
[2025-01-29T16:47:34.001+0000][7][safepoint   ] Safepoint "Cleanup", Time since last: 33005118967 ns, Reaching safepoint: 473237 ns, At safepoint: 60616 ns, Total: 533853 ns
[2025-01-29T16:47:46.004+0000][7][safepoint   ] Safepoint "Cleanup", Time since last: 12002606179 ns, Reaching safepoint: 265133 ns, At safepoint: 30489 ns, Total: 295622 ns
[2025-01-29T16:48:01.007+0000][7][safepoint   ] Safepoint "Cleanup", Time since last: 15002331636 ns, Reaching safepoint: 601735 ns, At safepoint: 17293 ns, Total: 619028 ns
[2025-01-29T16:48:34.013+0000][7][safepoint   ] Safepoint "Cleanup", Time since last: 33005900075 ns, Reaching safepoint: 491774 ns, At safepoint: 64304 ns, Total: 556078 ns
[2025-01-29T16:48:53.017+0000][7][safepoint   ] Safepoint "Cleanup", Time since last: 19003946469 ns, Reaching safepoint: 348190 ns, At safepoint: 33153 ns, Total: 381343 ns
[2025-01-29T16:49:01.019+0000][7][safepoint   ] Safepoint "Cleanup", Time since last: 8001579531 ns, Reaching safepoint: 726923 ns, At safepoint: 87659 ns, Total: 814582 ns
[2025-01-29T16:49:19.044+0000][7][gc,start    ] GC(33) Pause Young (Normal) (G1 Evacuation Pause)
[2025-01-29T16:49:19.044+0000][7][gc,task     ] GC(33) Using 6 workers of 8 for evacuation
[2025-01-29T16:49:19.044+0000][7][gc,age      ] GC(33) Desired survivor size 8388608 bytes, new threshold 15 (max threshold 15)
[2025-01-29T16:49:19.059+0000][7][gc,age      ] GC(33) Age table with threshold 15 (max threshold 15)
[2025-01-29T16:49:19.059+0000][7][gc,age      ] GC(33) - age   1:     111928 bytes,     111928 total
[2025-01-29T16:49:19.059+0000][7][gc,age      ] GC(33) - age   2:     297072 bytes,     409000 total
[2025-01-29T16:49:19.059+0000][7][gc,age      ] GC(33) - age   3:    3716824 bytes,    4125824 total
[2025-01-29T16:49:19.059+0000][7][gc,age      ] GC(33) - age   4:     373256 bytes,    4499080 total
[2025-01-29T16:49:19.059+0000][7][gc,phases   ] GC(33)   Pre Evacuate Collection Set: 0.3ms
[2025-01-29T16:49:19.059+0000][7][gc,phases   ] GC(33)   Merge Heap Roots: 0.5ms
[2025-01-29T16:49:19.059+0000][7][gc,phases   ] GC(33)   Evacuate Collection Set: 11.4ms
[2025-01-29T16:49:19.059+0000][7][gc,phases   ] GC(33)   Post Evacuate Collection Set: 2.6ms
[2025-01-29T16:49:19.059+0000][7][gc,phases   ] GC(33)   Other: 0.5ms
[2025-01-29T16:49:19.059+0000][7][gc,heap     ] GC(33) Eden regions: 25->0(25)
[2025-01-29T16:49:19.059+0000][7][gc,heap     ] GC(33) Survivor regions: 2->2(4)
[2025-01-29T16:49:19.059+0000][7][gc,heap     ] GC(33) Old regions: 20->20
[2025-01-29T16:49:19.059+0000][7][gc,heap     ] GC(33) Archive regions: 2->2
[2025-01-29T16:49:19.059+0000][7][gc,heap     ] GC(33) Humongous regions: 2->2
[2025-01-29T16:49:19.059+0000][7][gc,metaspace] GC(33) Metaspace: 98296K(103152K)->98296K(103152K) NonClass: 84884K(88560K)->84884K(88560K) Class: 13411K(14592K)->13411K(14592K)
[2025-01-29T16:49:19.059+0000][7][gc          ] GC(33) Pause Young (Normal) (G1 Evacuation Pause) 193M->93M(256M) 15.232ms
[2025-01-29T16:49:19.059+0000][7][gc,cpu      ] GC(33) User=0.06s Sys=0.00s Real=0.01s
[2025-01-29T16:49:19.059+0000][7][safepoint   ] Safepoint "G1CollectForAllocation", Time since last: 18024334004 ns, Reaching safepoint: 420001 ns, At safepoint: 15458650 ns, Total: 15878651 ns
[2025-01-29T16:49:34.063+0000][7][safepoint   ] Safepoint "Cleanup", Time since last: 15002794793 ns, Reaching safepoint: 559745 ns, At safepoint: 76734 ns, Total: 636479 ns
[2025-01-29T16:50:24.072+0000][7][safepoint   ] Safepoint "Cleanup", Time since last: 50009124524 ns, Reaching safepoint: 471399 ns, At safepoint: 11988 ns, Total: 483387 ns
[2025-01-29T16:50:31.074+0000][7][safepoint   ] Safepoint "Cleanup", Time since last: 7001162651 ns, Reaching safepoint: 451037 ns, At safepoint: 30521 ns, Total: 481558 ns
[2025-01-29T16:51:28.085+0000][7][safepoint   ] Safepoint "Cleanup", Time since last: 57010972043 ns, Reaching safepoint: 281786 ns, At safepoint: 6292 ns, Total: 288078 ns
[2025-01-29T16:51:34.087+0000][7][safepoint   ] Safepoint "Cleanup", Time since last: 6000919667 ns, Reaching safepoint: 436046 ns, At safepoint: 35379 ns, Total: 471425 ns
[2025-01-29T16:51:40.088+0000][7][safepoint   ] Safepoint "Cleanup", Time since last: 6000887149 ns, Reaching safepoint: 335634 ns, At safepoint: 31335 ns, Total: 366969 ns
[2025-01-29T16:51:54.093+0000][7][safepoint   ] Safepoint "Cleanup", Time since last: 14005049081 ns, Reaching safepoint: 273856 ns, At safepoint: 49671 ns, Total: 323527 ns
[2025-01-29T16:52:01.097+0000][7][safepoint   ] Safepoint "Cleanup", Time since last: 7001372828 ns, Reaching safepoint: 2717883 ns, At safepoint: 50969 ns, Total: 2768852 ns
[2025-01-29T16:52:34.108+0000][7][safepoint   ] Safepoint "Cleanup", Time since last: 33009829313 ns, Reaching safepoint: 730752 ns, At safepoint: 68121 ns, Total: 798873 ns
[2025-01-29T16:52:42.110+0000][7][safepoint   ] Safepoint "Cleanup", Time since last: 8002084728 ns, Reaching safepoint: 365281 ns, At safepoint: 89037 ns, Total: 454318 ns
[2025-01-29T16:53:01.114+0000][7][safepoint   ] Safepoint "Cleanup", Time since last: 19003939362 ns, Reaching safepoint: 547596 ns, At safepoint: 62620 ns, Total: 610216 ns
[2025-01-29T16:53:06.116+0000][7][safepoint   ] Safepoint "Cleanup", Time since last: 5001014441 ns, Reaching safepoint: 232558 ns, At safepoint: 19108 ns, Total: 251666 ns
[2025-01-29T16:53:19.119+0000][7][safepoint   ] Safepoint "Cleanup", Time since last: 13002930418 ns, Reaching safepoint: 560023 ns, At safepoint: 70331 ns, Total: 630354 ns
[2025-01-29T16:53:23.120+0000][7][safepoint   ] Safepoint "Cleanup", Time since last: 4000886504 ns, Reaching safepoint: 525159 ns, At safepoint: 67974 ns, Total: 593133 ns
[2025-01-29T16:53:24.121+0000][7][safepoint   ] Safepoint "Cleanup", Time since last: 1000205352 ns, Reaching safepoint: 282812 ns, At safepoint: 34349 ns, Total: 317161 ns
[2025-01-29T16:53:31.122+0000][7][safepoint   ] Safepoint "Cleanup", Time since last: 7000985284 ns, Reaching safepoint: 374090 ns, At safepoint: 31884 ns, Total: 405974 ns
[2025-01-29T16:53:34.123+0000][7][safepoint   ] Safepoint "Cleanup", Time since last: 3000405763 ns, Reaching safepoint: 315565 ns, At safepoint: 6626 ns, Total: 322191 ns
[2025-01-29T16:53:56.132+0000][7][safepoint   ] Safepoint "Cleanup", Time since last: 22008835282 ns, Reaching safepoint: 342378 ns, At safepoint: 84048 ns, Total: 426426 ns
[2025-01-29T16:53:59.133+0000][7][safepoint   ] Safepoint "Cleanup", Time since last: 3000549796 ns, Reaching safepoint: 225218 ns, At safepoint: 31551 ns, Total: 256769 ns
[2025-01-29T16:54:01.138+0000][7][safepoint   ] Safepoint "Cleanup", Time since last: 2004675795 ns, Reaching safepoint: 462402 ns, At safepoint: 67493 ns, Total: 529895 ns
[2025-01-29T16:54:22.142+0000][7][safepoint   ] Safepoint "Cleanup", Time since last: 21003623501 ns, Reaching safepoint: 230643 ns, At safepoint: 28964 ns, Total: 259607 ns
[2025-01-29T16:54:24.143+0000][7][safepoint   ] Safepoint "Cleanup", Time since last: 2000312843 ns, Reaching safepoint: 456169 ns, At safepoint: 56772 ns, Total: 512941 ns
[2025-01-29T16:54:34.145+0000][7][safepoint   ] Safepoint "Cleanup", Time since last: 10001413132 ns, Reaching safepoint: 239045 ns, At safepoint: 44428 ns, Total: 283473 ns
[2025-01-29T16:54:42.147+0000][7][safepoint   ] Safepoint "Cleanup", Time since last: 8001736641 ns, Reaching safepoint: 746474 ns, At safepoint: 85832 ns, Total: 832306 ns
[2025-01-29T16:54:52.150+0000][7][safepoint   ] Safepoint "Cleanup", Time since last: 10002003344 ns, Reaching safepoint: 538518 ns, At safepoint: 70247 ns, Total: 608765 ns
[2025-01-29T16:54:54.151+0000][7][safepoint   ] Safepoint "Cleanup", Time since last: 2000522773 ns, Reaching safepoint: 693279 ns, At safepoint: 82531 ns, Total: 775810 ns
[2025-01-29T16:55:19.327+0000][7][gc,start    ] GC(34) Pause Young (Concurrent Start) (G1 Evacuation Pause)
[2025-01-29T16:55:19.327+0000][7][gc,task     ] GC(34) Using 6 workers of 8 for evacuation
[2025-01-29T16:55:19.327+0000][7][gc,age      ] GC(34) Desired survivor size 8388608 bytes, new threshold 15 (max threshold 15)
[2025-01-29T16:55:19.339+0000][7][gc,age      ] GC(34) Age table with threshold 15 (max threshold 15)
[2025-01-29T16:55:19.339+0000][7][gc,age      ] GC(34) - age   1:     113952 bytes,     113952 total
[2025-01-29T16:55:19.339+0000][7][gc,age      ] GC(34) - age   2:      63432 bytes,     177384 total
[2025-01-29T16:55:19.339+0000][7][gc,age      ] GC(34) - age   3:     296384 bytes,     473768 total
[2025-01-29T16:55:19.339+0000][7][gc,age      ] GC(34) - age   4:    3684280 bytes,    4158048 total
[2025-01-29T16:55:19.339+0000][7][gc,age      ] GC(34) - age   5:     373160 bytes,    4531208 total
[2025-01-29T16:55:19.339+0000][7][gc,phases   ] GC(34)   Pre Evacuate Collection Set: 0.5ms
[2025-01-29T16:55:19.339+0000][7][gc,phases   ] GC(34)   Merge Heap Roots: 0.2ms
[2025-01-29T16:55:19.339+0000][7][gc,phases   ] GC(34)   Evacuate Collection Set: 8.0ms
[2025-01-29T16:55:19.339+0000][7][gc,phases   ] GC(34)   Post Evacuate Collection Set: 2.2ms
[2025-01-29T16:55:19.339+0000][7][gc,phases   ] GC(34)   Other: 0.4ms
[2025-01-29T16:55:19.339+0000][7][gc,heap     ] GC(34) Eden regions: 25->0(26)
[2025-01-29T16:55:19.339+0000][7][gc,heap     ] GC(34) Survivor regions: 2->2(4)
[2025-01-29T16:55:19.339+0000][7][gc,heap     ] GC(34) Old regions: 20->20
[2025-01-29T16:55:19.339+0000][7][gc,heap     ] GC(34) Archive regions: 2->2
[2025-01-29T16:55:19.339+0000][7][gc,heap     ] GC(34) Humongous regions: 2->2
[2025-01-29T16:55:19.339+0000][7][gc,metaspace] GC(34) Metaspace: 98425K(103408K)->98425K(103408K) NonClass: 85012K(88816K)->85012K(88816K) Class: 13412K(14592K)->13412K(14592K)
[2025-01-29T16:55:19.339+0000][7][gc          ] GC(34) Pause Young (Concurrent Start) (G1 Evacuation Pause) 193M->92M(256M) 11.520ms
[2025-01-29T16:55:19.339+0000][7][gc,cpu      ] GC(34) User=0.05s Sys=0.00s Real=0.01s
[2025-01-29T16:55:19.339+0000][7][safepoint   ] Safepoint "G1CollectForAllocation", Time since last: 25176000366 ns, Reaching safepoint: 266463 ns, At safepoint: 11728169 ns, Total: 11994632 ns
[2025-01-29T16:55:19.339+0000][7][gc          ] GC(35) Concurrent Cycle
[2025-01-29T16:55:19.339+0000][7][gc,marking  ] GC(35) Concurrent Clear Claimed Marks
[2025-01-29T16:55:19.339+0000][7][gc,marking  ] GC(35) Concurrent Clear Claimed Marks 0.177ms
[2025-01-29T16:55:19.339+0000][7][gc,marking  ] GC(35) Concurrent Scan Root Regions
[2025-01-29T16:55:19.346+0000][7][gc,marking  ] GC(35) Concurrent Scan Root Regions 6.864ms
[2025-01-29T16:55:19.346+0000][7][gc,marking  ] GC(35) Concurrent Mark (1442.652s)
[2025-01-29T16:55:19.346+0000][7][gc,marking  ] GC(35) Concurrent Mark From Roots
[2025-01-29T16:55:19.346+0000][7][gc,task     ] GC(35) Using 2 workers of 2 for marking
[2025-01-29T16:55:19.433+0000][7][gc,marking  ] GC(35) Concurrent Mark From Roots 86.968ms
[2025-01-29T16:55:19.433+0000][7][gc,marking  ] GC(35) Concurrent Preclean
[2025-01-29T16:55:19.434+0000][7][gc,marking  ] GC(35) Concurrent Preclean 0.249ms
[2025-01-29T16:55:19.434+0000][7][gc,marking  ] GC(35) Concurrent Mark (1442.652s, 1442.740s) 87.343ms
[2025-01-29T16:55:19.434+0000][7][gc,start    ] GC(35) Pause Remark
[2025-01-29T16:55:19.449+0000][7][gc          ] GC(35) Pause Remark 94M->94M(256M) 14.781ms
[2025-01-29T16:55:19.449+0000][7][gc,cpu      ] GC(35) User=0.08s Sys=0.00s Real=0.01s
[2025-01-29T16:55:19.449+0000][7][safepoint   ] Safepoint "G1Concurrent", Time since last: 94737086 ns, Reaching safepoint: 329738 ns, At safepoint: 14979319 ns, Total: 15309057 ns
[2025-01-29T16:55:19.449+0000][7][gc,marking  ] GC(35) Concurrent Rebuild Remembered Sets
[2025-01-29T16:55:19.496+0000][7][gc,marking  ] GC(35) Concurrent Rebuild Remembered Sets 47.080ms
[2025-01-29T16:55:19.497+0000][7][gc,start    ] GC(35) Pause Cleanup
[2025-01-29T16:55:19.497+0000][7][gc          ] GC(35) Pause Cleanup 94M->94M(256M) 0.157ms
[2025-01-29T16:55:19.497+0000][7][gc,cpu      ] GC(35) User=0.00s Sys=0.00s Real=0.00s
[2025-01-29T16:55:19.497+0000][7][safepoint   ] Safepoint "G1Concurrent", Time since last: 47298178 ns, Reaching safepoint: 244811 ns, At safepoint: 237002 ns, Total: 481813 ns
[2025-01-29T16:55:19.497+0000][7][gc,marking  ] GC(35) Concurrent Cleanup for Next Mark
[2025-01-29T16:55:19.497+0000][7][gc,marking  ] GC(35) Concurrent Cleanup for Next Mark 0.550ms
[2025-01-29T16:55:19.498+0000][7][gc          ] GC(35) Concurrent Cycle 158.497ms
[2025-01-29T16:55:20.497+0000][7][safepoint   ] Safepoint "Cleanup", Time since last: 1000171107 ns, Reaching safepoint: 372030 ns, At safepoint: 33933 ns, Total: 405963 ns
[2025-01-29T16:55:22.498+0000][7][safepoint   ] Safepoint "Cleanup", Time since last: 2000500142 ns, Reaching safepoint: 235832 ns, At safepoint: 27526 ns, Total: 263358 ns
[2025-01-29T16:55:23.499+0000][7][safepoint   ] Safepoint "Cleanup", Time since last: 1000190315 ns, Reaching safepoint: 313397 ns, At safepoint: 26219 ns, Total: 339616 ns
[2025-01-29T16:55:24.500+0000][7][safepoint   ] Safepoint "Cleanup", Time since last: 1000269600 ns, Reaching safepoint: 519383 ns, At safepoint: 43479 ns, Total: 562862 ns
[2025-01-29T16:55:27.501+0000][7][safepoint   ] Safepoint "Cleanup", Time since last: 3000635884 ns, Reaching safepoint: 461431 ns, At safepoint: 54698 ns, Total: 516129 ns
[2025-01-29T16:55:30.270+0000][7][safepoint   ] Safepoint "Cleanup", Time since last: 2769018661 ns, Reaching safepoint: 345208 ns, At safepoint: 36801 ns, Total: 382009 ns
[2025-01-29T16:55:31.271+0000][7][safepoint   ] Safepoint "Cleanup", Time since last: 1000402804 ns, Reaching safepoint: 351368 ns, At safepoint: 47629 ns, Total: 398997 ns
[2025-01-29T16:55:34.272+0000][7][safepoint   ] Safepoint "Cleanup", Time since last: 3000431905 ns, Reaching safepoint: 282815 ns, At safepoint: 9603 ns, Total: 292418 ns
[2025-01-29T16:55:34.896+0000][7][gc,heap,exit] Heap
[2025-01-29T16:55:34.896+0000][7][gc,heap,exit]  garbage-first heap   total 262144K, used 107513K [0x00000000f0000000, 0x0000000100000000)
[2025-01-29T16:55:34.896+0000][7][gc,heap,exit]   region size 4096K, 6 young (24576K), 2 survivors (8192K)
[2025-01-29T16:55:34.896+0000][7][gc,heap,exit]  Metaspace       used 98617K, capacity 102084K, committed 103408K, reserved 1138688K
[2025-01-29T16:55:34.896+0000][7][gc,heap,exit]   class space    used 13441K, capacity 14515K, committed 14592K, reserved 1048576K
