[2025-01-29T13:43:54.308+0000][7][gc] Using G1
[2025-01-29T13:43:54.542+0000][7][gc,init] Version: 15.0.1+9 (release)
[2025-01-29T13:43:54.542+0000][7][gc,init] CPUs: 8 total, 8 available
[2025-01-29T13:43:54.542+0000][7][gc,init] Memory: 15868M
[2025-01-29T13:43:54.542+0000][7][gc,init] Large Page Support: Disabled
[2025-01-29T13:43:54.542+0000][7][gc,init] NUMA Support: Disabled
[2025-01-29T13:43:54.542+0000][7][gc,init] Compressed Oops: Enabled (32-bit)
[2025-01-29T13:43:54.542+0000][7][gc,init] Heap Region Size: 4M
[2025-01-29T13:43:54.542+0000][7][gc,init] Heap Min Capacity: 256M
[2025-01-29T13:43:54.542+0000][7][gc,init] Heap Initial Capacity: 256M
[2025-01-29T13:43:54.542+0000][7][gc,init] Heap Max Capacity: 256M
[2025-01-29T13:43:54.542+0000][7][gc,init] Pre-touch: Enabled
[2025-01-29T13:43:54.542+0000][7][gc,init] Parallel Workers: 8
[2025-01-29T13:43:54.542+0000][7][gc,init] Concurrent Workers: 2
[2025-01-29T13:43:54.542+0000][7][gc,init] Concurrent Refinement Workers: 8
[2025-01-29T13:43:54.542+0000][7][gc,init] Periodic GC: Disabled
[2025-01-29T13:43:54.543+0000][7][gc,cds ] Mark closed archive regions in map: [0x00000000ffc00000, 0x00000000ffc7bff8]
[2025-01-29T13:43:54.543+0000][7][gc,cds ] Mark open archive regions in map: [0x00000000ffb00000, 0x00000000ffb51ff8]
[2025-01-29T13:43:54.543+0000][7][gc,metaspace] CDS archive(s) mapped at: [0x0000000800000000-0x0000000800b2a000-0x0000000800b2a000), size 11706368, SharedBaseAddress: 0x0000000800000000, ArchiveRelocationMode: 0.
[2025-01-29T13:43:54.543+0000][7][gc,metaspace] Compressed class space mapped at: 0x0000000800b2c000-0x0000000840b2c000, size: 1073741824
[2025-01-29T13:43:54.543+0000][7][gc,metaspace] Narrow klass base: 0x0000000800000000, Narrow klass shift: 3, Narrow klass range: 0x100000000
[2025-01-29T13:43:55.375+0000][7][safepoint   ] Safepoint "ICBufferFull", Time since last: 817070084 ns, Reaching safepoint: 437399 ns, At safepoint: 32396 ns, Total: 469795 ns
[2025-01-29T13:43:55.453+0000][7][gc,start    ] GC(0) Pause Young (Normal) (G1 Evacuation Pause)
[2025-01-29T13:43:55.462+0000][7][gc,task     ] GC(0) Using 6 workers of 8 for evacuation
[2025-01-29T13:43:55.463+0000][7][gc,age      ] GC(0) Desired survivor size 2097152 bytes, new threshold 15 (max threshold 15)
[2025-01-29T13:43:55.472+0000][7][gc,age      ] GC(0) Age table with threshold 15 (max threshold 15)
[2025-01-29T13:43:55.472+0000][7][gc,age      ] GC(0) - age   1:    3779080 bytes,    3779080 total
[2025-01-29T13:43:55.472+0000][7][gc,phases   ] GC(0)   Pre Evacuate Collection Set: 0.1ms
[2025-01-29T13:43:55.472+0000][7][gc,phases   ] GC(0)   Merge Heap Roots: 0.1ms
[2025-01-29T13:43:55.472+0000][7][gc,phases   ] GC(0)   Evacuate Collection Set: 8.0ms
[2025-01-29T13:43:55.472+0000][7][gc,phases   ] GC(0)   Post Evacuate Collection Set: 0.8ms
[2025-01-29T13:43:55.472+0000][7][gc,phases   ] GC(0)   Other: 9.5ms
[2025-01-29T13:43:55.472+0000][7][gc,heap     ] GC(0) Eden regions: 5->0(5)
[2025-01-29T13:43:55.472+0000][7][gc,heap     ] GC(0) Survivor regions: 0->1(1)
[2025-01-29T13:43:55.472+0000][7][gc,heap     ] GC(0) Old regions: 0->0
[2025-01-29T13:43:55.472+0000][7][gc,heap     ] GC(0) Archive regions: 2->2
[2025-01-29T13:43:55.472+0000][7][gc,heap     ] GC(0) Humongous regions: 0->0
[2025-01-29T13:43:55.472+0000][7][gc,metaspace] GC(0) Metaspace: 6654K(8576K)->6654K(8576K) NonClass: 5926K(7680K)->5926K(7680K) Class: 728K(896K)->728K(896K)
[2025-01-29T13:43:55.472+0000][7][gc          ] GC(0) Pause Young (Normal) (G1 Evacuation Pause) 23M->7M(256M) 18.552ms
[2025-01-29T13:43:55.472+0000][7][gc,cpu      ] GC(0) User=0.02s Sys=0.01s Real=0.02s
[2025-01-29T13:43:55.472+0000][7][safepoint   ] Safepoint "G1CollectForAllocation", Time since last: 78437288 ns, Reaching safepoint: 135258 ns, At safepoint: 18758640 ns, Total: 18893898 ns
[2025-01-29T13:43:56.578+0000][7][safepoint   ] Safepoint "Cleanup", Time since last: 1105914901 ns, Reaching safepoint: 169831 ns, At safepoint: 29384 ns, Total: 199215 ns
[2025-01-29T13:43:56.593+0000][7][gc,start    ] GC(1) Pause Young (Normal) (G1 Evacuation Pause)
[2025-01-29T13:43:56.593+0000][7][gc,task     ] GC(1) Using 6 workers of 8 for evacuation
[2025-01-29T13:43:56.593+0000][7][gc,age      ] GC(1) Desired survivor size 2097152 bytes, new threshold 1 (max threshold 15)
[2025-01-29T13:43:56.605+0000][7][gc,age      ] GC(1) Age table with threshold 1 (max threshold 15)
[2025-01-29T13:43:56.605+0000][7][gc,age      ] GC(1) - age   1:    1809728 bytes,    1809728 total
[2025-01-29T13:43:56.606+0000][7][gc,phases   ] GC(1)   Pre Evacuate Collection Set: 0.1ms
[2025-01-29T13:43:56.606+0000][7][gc,phases   ] GC(1)   Merge Heap Roots: 0.0ms
[2025-01-29T13:43:56.606+0000][7][gc,phases   ] GC(1)   Evacuate Collection Set: 11.5ms
[2025-01-29T13:43:56.606+0000][7][gc,phases   ] GC(1)   Post Evacuate Collection Set: 0.9ms
[2025-01-29T13:43:56.606+0000][7][gc,phases   ] GC(1)   Other: 0.3ms
[2025-01-29T13:43:56.606+0000][7][gc,heap     ] GC(1) Eden regions: 5->0(11)
[2025-01-29T13:43:56.606+0000][7][gc,heap     ] GC(1) Survivor regions: 1->1(1)
[2025-01-29T13:43:56.606+0000][7][gc,heap     ] GC(1) Old regions: 0->1
[2025-01-29T13:43:56.606+0000][7][gc,heap     ] GC(1) Archive regions: 2->2
[2025-01-29T13:43:56.606+0000][7][gc,heap     ] GC(1) Humongous regions: 0->0
[2025-01-29T13:43:56.606+0000][7][gc,metaspace] GC(1) Metaspace: 11763K(12288K)->11763K(12288K) NonClass: 10348K(10752K)->10348K(10752K) Class: 1415K(1536K)->1415K(1536K)
[2025-01-29T13:43:56.606+0000][7][gc          ] GC(1) Pause Young (Normal) (G1 Evacuation Pause) 27M->9M(256M) 12.825ms
[2025-01-29T13:43:56.606+0000][7][gc,cpu      ] GC(1) User=0.01s Sys=0.00s Real=0.01s
[2025-01-29T13:43:56.606+0000][7][safepoint   ] Safepoint "G1CollectForAllocation", Time since last: 14441728 ns, Reaching safepoint: 191928 ns, At safepoint: 12968665 ns, Total: 13160593 ns
[2025-01-29T13:43:57.512+0000][7][gc,start    ] GC(2) Pause Young (Normal) (G1 Evacuation Pause)
[2025-01-29T13:43:57.512+0000][7][gc,task     ] GC(2) Using 6 workers of 8 for evacuation
[2025-01-29T13:43:57.512+0000][7][gc,age      ] GC(2) Desired survivor size 4194304 bytes, new threshold 15 (max threshold 15)
[2025-01-29T13:43:57.531+0000][7][gc,age      ] GC(2) Age table with threshold 15 (max threshold 15)
[2025-01-29T13:43:57.531+0000][7][gc,age      ] GC(2) - age   1:    1791984 bytes,    1791984 total
[2025-01-29T13:43:57.531+0000][7][gc,age      ] GC(2) - age   2:    1713792 bytes,    3505776 total
[2025-01-29T13:43:57.531+0000][7][gc,phases   ] GC(2)   Pre Evacuate Collection Set: 0.1ms
[2025-01-29T13:43:57.531+0000][7][gc,phases   ] GC(2)   Merge Heap Roots: 0.1ms
[2025-01-29T13:43:57.531+0000][7][gc,phases   ] GC(2)   Evacuate Collection Set: 13.2ms
[2025-01-29T13:43:57.531+0000][7][gc,phases   ] GC(2)   Post Evacuate Collection Set: 5.0ms
[2025-01-29T13:43:57.531+0000][7][gc,phases   ] GC(2)   Other: 0.2ms
[2025-01-29T13:43:57.531+0000][7][gc,heap     ] GC(2) Eden regions: 11->0(36)
[2025-01-29T13:43:57.531+0000][7][gc,heap     ] GC(2) Survivor regions: 1->1(2)
[2025-01-29T13:43:57.531+0000][7][gc,heap     ] GC(2) Old regions: 1->1
[2025-01-29T13:43:57.531+0000][7][gc,heap     ] GC(2) Archive regions: 2->2
[2025-01-29T13:43:57.531+0000][7][gc,heap     ] GC(2) Humongous regions: 0->0
[2025-01-29T13:43:57.531+0000][7][gc,metaspace] GC(2) Metaspace: 14393K(14848K)->14393K(14848K) NonClass: 12723K(13056K)->12723K(13056K) Class: 1670K(1792K)->1670K(1792K)
[2025-01-29T13:43:57.531+0000][7][gc          ] GC(2) Pause Young (Normal) (G1 Evacuation Pause) 53M->10M(256M) 18.698ms
[2025-01-29T13:43:57.531+0000][7][gc,cpu      ] GC(2) User=0.02s Sys=0.00s Real=0.01s
[2025-01-29T13:43:57.531+0000][7][safepoint   ] Safepoint "G1CollectForAllocation", Time since last: 906243066 ns, Reaching safepoint: 324562 ns, At safepoint: 18809300 ns, Total: 19133862 ns
[2025-01-29T13:43:57.858+0000][7][safepoint   ] Safepoint "ICBufferFull", Time since last: 326835627 ns, Reaching safepoint: 153365 ns, At safepoint: 35726 ns, Total: 189091 ns
[2025-01-29T13:43:57.867+0000][7][safepoint   ] Safepoint "ICBufferFull", Time since last: 9044581 ns, Reaching safepoint: 116139 ns, At safepoint: 3948 ns, Total: 120087 ns
[2025-01-29T13:43:57.871+0000][7][safepoint   ] Safepoint "ICBufferFull", Time since last: 4061186 ns, Reaching safepoint: 91672 ns, At safepoint: 3781 ns, Total: 95453 ns
[2025-01-29T13:43:57.876+0000][7][safepoint   ] Safepoint "ICBufferFull", Time since last: 3986218 ns, Reaching safepoint: 199056 ns, At safepoint: 7358 ns, Total: 206414 ns
[2025-01-29T13:43:57.880+0000][7][safepoint   ] Safepoint "ICBufferFull", Time since last: 4111961 ns, Reaching safepoint: 534697 ns, At safepoint: 9071 ns, Total: 543768 ns
[2025-01-29T13:43:57.884+0000][7][safepoint   ] Safepoint "ICBufferFull", Time since last: 3441442 ns, Reaching safepoint: 208532 ns, At safepoint: 7668 ns, Total: 216200 ns
[2025-01-29T13:43:57.887+0000][7][safepoint   ] Safepoint "ICBufferFull", Time since last: 3332834 ns, Reaching safepoint: 187378 ns, At safepoint: 8261 ns, Total: 195639 ns
[2025-01-29T13:43:57.892+0000][7][safepoint   ] Safepoint "ICBufferFull", Time since last: 3756714 ns, Reaching safepoint: 245398 ns, At safepoint: 30816 ns, Total: 276214 ns
[2025-01-29T13:43:57.895+0000][7][safepoint   ] Safepoint "ICBufferFull", Time since last: 3577681 ns, Reaching safepoint: 238196 ns, At safepoint: 6694 ns, Total: 244890 ns
[2025-01-29T13:43:57.901+0000][7][safepoint   ] Safepoint "ICBufferFull", Time since last: 5509178 ns, Reaching safepoint: 161330 ns, At safepoint: 5407 ns, Total: 166737 ns
[2025-01-29T13:43:57.906+0000][7][safepoint   ] Safepoint "ICBufferFull", Time since last: 4429914 ns, Reaching safepoint: 145537 ns, At safepoint: 21665 ns, Total: 167202 ns
[2025-01-29T13:43:57.909+0000][7][safepoint   ] Safepoint "ICBufferFull", Time since last: 2987058 ns, Reaching safepoint: 88618 ns, At safepoint: 5897 ns, Total: 94515 ns
[2025-01-29T13:43:57.912+0000][7][safepoint   ] Safepoint "ICBufferFull", Time since last: 3153752 ns, Reaching safepoint: 196795 ns, At safepoint: 18608 ns, Total: 215403 ns
[2025-01-29T13:43:57.918+0000][7][safepoint   ] Safepoint "ICBufferFull", Time since last: 6184873 ns, Reaching safepoint: 195978 ns, At safepoint: 5575 ns, Total: 201553 ns
[2025-01-29T13:43:57.924+0000][7][safepoint   ] Safepoint "ICBufferFull", Time since last: 5102662 ns, Reaching safepoint: 188963 ns, At safepoint: 9038 ns, Total: 198001 ns
[2025-01-29T13:43:57.928+0000][7][safepoint   ] Safepoint "ICBufferFull", Time since last: 3592517 ns, Reaching safepoint: 197912 ns, At safepoint: 5876 ns, Total: 203788 ns
[2025-01-29T13:43:57.934+0000][7][safepoint   ] Safepoint "ICBufferFull", Time since last: 3716787 ns, Reaching safepoint: 2762496 ns, At safepoint: 14522 ns, Total: 2777018 ns
[2025-01-29T13:43:57.955+0000][7][safepoint   ] Safepoint "ICBufferFull", Time since last: 5676625 ns, Reaching safepoint: 14807937 ns, At safepoint: 32402 ns, Total: 14840339 ns
[2025-01-29T13:43:57.972+0000][7][safepoint   ] Safepoint "ICBufferFull", Time since last: 16369153 ns, Reaching safepoint: 1307032 ns, At safepoint: 16138 ns, Total: 1323170 ns
[2025-01-29T13:43:57.975+0000][7][safepoint   ] Safepoint "ICBufferFull", Time since last: 2743040 ns, Reaching safepoint: 177335 ns, At safepoint: 5383 ns, Total: 182718 ns
[2025-01-29T13:43:57.977+0000][7][safepoint   ] Safepoint "ICBufferFull", Time since last: 1390363 ns, Reaching safepoint: 167652 ns, At safepoint: 4700 ns, Total: 172352 ns
[2025-01-29T13:43:57.978+0000][7][safepoint   ] Safepoint "ICBufferFull", Time since last: 1090542 ns, Reaching safepoint: 133913 ns, At safepoint: 3266 ns, Total: 137179 ns
[2025-01-29T13:43:57.979+0000][7][safepoint   ] Safepoint "ICBufferFull", Time since last: 1137618 ns, Reaching safepoint: 167288 ns, At safepoint: 3815 ns, Total: 171103 ns
[2025-01-29T13:43:57.981+0000][7][safepoint   ] Safepoint "ICBufferFull", Time since last: 1980305 ns, Reaching safepoint: 162195 ns, At safepoint: 4136 ns, Total: 166331 ns
[2025-01-29T13:43:57.983+0000][7][safepoint   ] Safepoint "ICBufferFull", Time since last: 1249845 ns, Reaching safepoint: 150713 ns, At safepoint: 3595 ns, Total: 154308 ns
[2025-01-29T13:43:57.985+0000][7][safepoint   ] Safepoint "ICBufferFull", Time since last: 1640567 ns, Reaching safepoint: 157038 ns, At safepoint: 2557 ns, Total: 159595 ns
[2025-01-29T13:43:57.986+0000][7][safepoint   ] Safepoint "ICBufferFull", Time since last: 1112667 ns, Reaching safepoint: 142339 ns, At safepoint: 2526 ns, Total: 144865 ns
[2025-01-29T13:43:57.987+0000][7][safepoint   ] Safepoint "ICBufferFull", Time since last: 1171338 ns, Reaching safepoint: 199982 ns, At safepoint: 7184 ns, Total: 207166 ns
[2025-01-29T13:43:57.989+0000][7][safepoint   ] Safepoint "ICBufferFull", Time since last: 1379953 ns, Reaching safepoint: 497663 ns, At safepoint: 4833 ns, Total: 502496 ns
[2025-01-29T13:43:57.992+0000][7][safepoint   ] Safepoint "ICBufferFull", Time since last: 2460296 ns, Reaching safepoint: 300552 ns, At safepoint: 4317 ns, Total: 304869 ns
[2025-01-29T13:43:57.993+0000][7][safepoint   ] Safepoint "ICBufferFull", Time since last: 1211419 ns, Reaching safepoint: 157604 ns, At safepoint: 3739 ns, Total: 161343 ns
[2025-01-29T13:43:57.995+0000][7][safepoint   ] Safepoint "ICBufferFull", Time since last: 1540616 ns, Reaching safepoint: 135840 ns, At safepoint: 3208 ns, Total: 139048 ns
[2025-01-29T13:43:57.999+0000][7][safepoint   ] Safepoint "ICBufferFull", Time since last: 1497294 ns, Reaching safepoint: 2414487 ns, At safepoint: 9553 ns, Total: 2424040 ns
[2025-01-29T13:43:58.011+0000][7][safepoint   ] Safepoint "ICBufferFull", Time since last: 1556520 ns, Reaching safepoint: 10151324 ns, At safepoint: 13067 ns, Total: 10164391 ns
[2025-01-29T13:43:58.012+0000][7][safepoint   ] Safepoint "ICBufferFull", Time since last: 1505509 ns, Reaching safepoint: 185790 ns, At safepoint: 26403 ns, Total: 212193 ns
[2025-01-29T13:43:58.014+0000][7][safepoint   ] Safepoint "ICBufferFull", Time since last: 1807143 ns, Reaching safepoint: 195823 ns, At safepoint: 4473 ns, Total: 200296 ns
[2025-01-29T13:43:58.022+0000][7][safepoint   ] Safepoint "ICBufferFull", Time since last: 7169769 ns, Reaching safepoint: 165744 ns, At safepoint: 5221 ns, Total: 170965 ns
[2025-01-29T13:43:58.027+0000][7][safepoint   ] Safepoint "ICBufferFull", Time since last: 4796977 ns, Reaching safepoint: 154835 ns, At safepoint: 2733 ns, Total: 157568 ns
[2025-01-29T13:43:58.032+0000][7][safepoint   ] Safepoint "ICBufferFull", Time since last: 5173788 ns, Reaching safepoint: 135899 ns, At safepoint: 26743 ns, Total: 162642 ns
[2025-01-29T13:43:58.041+0000][7][safepoint   ] Safepoint "ICBufferFull", Time since last: 8696007 ns, Reaching safepoint: 137120 ns, At safepoint: 5553 ns, Total: 142673 ns
[2025-01-29T13:43:58.087+0000][7][safepoint   ] Safepoint "ICBufferFull", Time since last: 46510312 ns, Reaching safepoint: 122439 ns, At safepoint: 5424 ns, Total: 127863 ns
[2025-01-29T13:43:58.091+0000][7][safepoint   ] Safepoint "ICBufferFull", Time since last: 2392039 ns, Reaching safepoint: 1533291 ns, At safepoint: 49022 ns, Total: 1582313 ns
[2025-01-29T13:43:58.094+0000][7][safepoint   ] Safepoint "ICBufferFull", Time since last: 2139832 ns, Reaching safepoint: 216477 ns, At safepoint: 64602 ns, Total: 281079 ns
[2025-01-29T13:43:58.095+0000][7][safepoint   ] Safepoint "ICBufferFull", Time since last: 1331714 ns, Reaching safepoint: 233659 ns, At safepoint: 77051 ns, Total: 310710 ns
[2025-01-29T13:43:58.098+0000][7][safepoint   ] Safepoint "ICBufferFull", Time since last: 2446141 ns, Reaching safepoint: 297609 ns, At safepoint: 42811 ns, Total: 340420 ns
[2025-01-29T13:43:58.100+0000][7][safepoint   ] Safepoint "ICBufferFull", Time since last: 1412355 ns, Reaching safepoint: 306419 ns, At safepoint: 41917 ns, Total: 348336 ns
[2025-01-29T13:43:58.102+0000][7][safepoint   ] Safepoint "ICBufferFull", Time since last: 1393251 ns, Reaching safepoint: 198974 ns, At safepoint: 40732 ns, Total: 239706 ns
[2025-01-29T13:43:58.103+0000][7][safepoint   ] Safepoint "ICBufferFull", Time since last: 1635621 ns, Reaching safepoint: 181041 ns, At safepoint: 4079 ns, Total: 185120 ns
[2025-01-29T13:43:58.105+0000][7][safepoint   ] Safepoint "ICBufferFull", Time since last: 1118545 ns, Reaching safepoint: 180117 ns, At safepoint: 3910 ns, Total: 184027 ns
[2025-01-29T13:43:58.106+0000][7][safepoint   ] Safepoint "ICBufferFull", Time since last: 1316273 ns, Reaching safepoint: 184426 ns, At safepoint: 4267 ns, Total: 188693 ns
[2025-01-29T13:43:58.108+0000][7][safepoint   ] Safepoint "ICBufferFull", Time since last: 1246232 ns, Reaching safepoint: 197492 ns, At safepoint: 38414 ns, Total: 235906 ns
[2025-01-29T13:43:58.110+0000][7][safepoint   ] Safepoint "ICBufferFull", Time since last: 1626912 ns, Reaching safepoint: 174493 ns, At safepoint: 4452 ns, Total: 178945 ns
[2025-01-29T13:43:58.111+0000][7][safepoint   ] Safepoint "ICBufferFull", Time since last: 1105062 ns, Reaching safepoint: 184626 ns, At safepoint: 4197 ns, Total: 188823 ns
[2025-01-29T13:43:58.114+0000][7][safepoint   ] Safepoint "ICBufferFull", Time since last: 2948410 ns, Reaching safepoint: 183587 ns, At safepoint: 6733 ns, Total: 190320 ns
[2025-01-29T13:43:58.117+0000][7][safepoint   ] Safepoint "ICBufferFull", Time since last: 2377213 ns, Reaching safepoint: 848524 ns, At safepoint: 10290 ns, Total: 858814 ns
[2025-01-29T13:43:58.120+0000][7][safepoint   ] Safepoint "ICBufferFull", Time since last: 2140053 ns, Reaching safepoint: 455253 ns, At safepoint: 60201 ns, Total: 515454 ns
[2025-01-29T13:43:58.122+0000][7][safepoint   ] Safepoint "ICBufferFull", Time since last: 2223305 ns, Reaching safepoint: 222566 ns, At safepoint: 49085 ns, Total: 271651 ns
[2025-01-29T13:43:58.124+0000][7][safepoint   ] Safepoint "ICBufferFull", Time since last: 1138578 ns, Reaching safepoint: 177907 ns, At safepoint: 4104 ns, Total: 182011 ns
[2025-01-29T13:43:58.129+0000][7][safepoint   ] Safepoint "ICBufferFull", Time since last: 4731440 ns, Reaching safepoint: 165378 ns, At safepoint: 3015 ns, Total: 168393 ns
[2025-01-29T13:43:58.288+0000][7][safepoint   ] Safepoint "ICBufferFull", Time since last: 159221504 ns, Reaching safepoint: 139031 ns, At safepoint: 14384 ns, Total: 153415 ns
[2025-01-29T13:43:58.292+0000][7][safepoint   ] Safepoint "ICBufferFull", Time since last: 3673755 ns, Reaching safepoint: 362229 ns, At safepoint: 48227 ns, Total: 410456 ns
[2025-01-29T13:43:58.294+0000][7][safepoint   ] Safepoint "ICBufferFull", Time since last: 1826355 ns, Reaching safepoint: 143254 ns, At safepoint: 24135 ns, Total: 167389 ns
[2025-01-29T13:43:58.295+0000][7][safepoint   ] Safepoint "ICBufferFull", Time since last: 1041482 ns, Reaching safepoint: 172958 ns, At safepoint: 5793 ns, Total: 178751 ns
[2025-01-29T13:43:58.297+0000][7][safepoint   ] Safepoint "ICBufferFull", Time since last: 1579221 ns, Reaching safepoint: 148930 ns, At safepoint: 4749 ns, Total: 153679 ns
[2025-01-29T13:43:58.298+0000][7][safepoint   ] Safepoint "ICBufferFull", Time since last: 1076905 ns, Reaching safepoint: 178576 ns, At safepoint: 5739 ns, Total: 184315 ns
[2025-01-29T13:43:58.300+0000][7][safepoint   ] Safepoint "ICBufferFull", Time since last: 1078405 ns, Reaching safepoint: 192676 ns, At safepoint: 3480 ns, Total: 196156 ns
[2025-01-29T13:43:58.301+0000][7][safepoint   ] Safepoint "ICBufferFull", Time since last: 1528567 ns, Reaching safepoint: 211482 ns, At safepoint: 4527 ns, Total: 216009 ns
[2025-01-29T13:43:58.303+0000][7][safepoint   ] Safepoint "ICBufferFull", Time since last: 1746412 ns, Reaching safepoint: 272528 ns, At safepoint: 5042 ns, Total: 277570 ns
[2025-01-29T13:43:58.305+0000][7][safepoint   ] Safepoint "ICBufferFull", Time since last: 1172371 ns, Reaching safepoint: 196177 ns, At safepoint: 4903 ns, Total: 201080 ns
[2025-01-29T13:43:58.307+0000][7][safepoint   ] Safepoint "ICBufferFull", Time since last: 1948194 ns, Reaching safepoint: 112481 ns, At safepoint: 4187 ns, Total: 116668 ns
[2025-01-29T13:43:58.309+0000][7][safepoint   ] Safepoint "ICBufferFull", Time since last: 1930845 ns, Reaching safepoint: 64271 ns, At safepoint: 6709 ns, Total: 70980 ns
[2025-01-29T13:43:58.312+0000][7][safepoint   ] Safepoint "ICBufferFull", Time since last: 1351525 ns, Reaching safepoint: 2267445 ns, At safepoint: 29197 ns, Total: 2296642 ns
[2025-01-29T13:43:58.316+0000][7][safepoint   ] Safepoint "ICBufferFull", Time since last: 3152488 ns, Reaching safepoint: 417196 ns, At safepoint: 26624 ns, Total: 443820 ns
[2025-01-29T13:43:58.317+0000][7][safepoint   ] Safepoint "ICBufferFull", Time since last: 1255556 ns, Reaching safepoint: 97135 ns, At safepoint: 2636 ns, Total: 99771 ns
[2025-01-29T13:43:58.318+0000][7][safepoint   ] Safepoint "ICBufferFull", Time since last: 962179 ns, Reaching safepoint: 73600 ns, At safepoint: 3727 ns, Total: 77327 ns
[2025-01-29T13:43:58.599+0000][7][gc,start    ] GC(3) Pause Young (Normal) (G1 Evacuation Pause)
[2025-01-29T13:43:58.600+0000][7][gc,task     ] GC(3) Using 6 workers of 8 for evacuation
[2025-01-29T13:43:58.600+0000][7][gc,age      ] GC(3) Desired survivor size 10485760 bytes, new threshold 15 (max threshold 15)
[2025-01-29T13:43:58.617+0000][7][gc,age      ] GC(3) Age table with threshold 15 (max threshold 15)
[2025-01-29T13:43:58.617+0000][7][gc,age      ] GC(3) - age   1:    4730600 bytes,    4730600 total
[2025-01-29T13:43:58.617+0000][7][gc,age      ] GC(3) - age   2:    1717656 bytes,    6448256 total
[2025-01-29T13:43:58.617+0000][7][gc,age      ] GC(3) - age   3:    1698648 bytes,    8146904 total
[2025-01-29T13:43:58.617+0000][7][gc,phases   ] GC(3)   Pre Evacuate Collection Set: 0.1ms
[2025-01-29T13:43:58.617+0000][7][gc,phases   ] GC(3)   Merge Heap Roots: 0.0ms
[2025-01-29T13:43:58.617+0000][7][gc,phases   ] GC(3)   Evacuate Collection Set: 15.0ms
[2025-01-29T13:43:58.617+0000][7][gc,phases   ] GC(3)   Post Evacuate Collection Set: 1.9ms
[2025-01-29T13:43:58.617+0000][7][gc,phases   ] GC(3)   Other: 0.6ms
[2025-01-29T13:43:58.617+0000][7][gc,heap     ] GC(3) Eden regions: 36->0(36)
[2025-01-29T13:43:58.617+0000][7][gc,heap     ] GC(3) Survivor regions: 1->2(5)
[2025-01-29T13:43:58.617+0000][7][gc,heap     ] GC(3) Old regions: 1->1
[2025-01-29T13:43:58.617+0000][7][gc,heap     ] GC(3) Archive regions: 2->2
[2025-01-29T13:43:58.617+0000][7][gc,heap     ] GC(3) Humongous regions: 0->0
[2025-01-29T13:43:58.617+0000][7][gc,metaspace] GC(3) Metaspace: 17771K(18432K)->17771K(18432K) NonClass: 15648K(16128K)->15648K(16128K) Class: 2123K(2304K)->2123K(2304K)
[2025-01-29T13:43:58.617+0000][7][gc          ] GC(3) Pause Young (Normal) (G1 Evacuation Pause) 154M->15M(256M) 17.711ms
[2025-01-29T13:43:58.617+0000][7][gc,cpu      ] GC(3) User=0.03s Sys=0.01s Real=0.02s
[2025-01-29T13:43:58.617+0000][7][safepoint   ] Safepoint "G1CollectForAllocation", Time since last: 279780998 ns, Reaching safepoint: 1151214 ns, At safepoint: 17841441 ns, Total: 18992655 ns
[2025-01-29T13:43:59.091+0000][7][gc,start    ] GC(4) Pause Young (Normal) (G1 Evacuation Pause)
[2025-01-29T13:43:59.091+0000][7][gc,task     ] GC(4) Using 6 workers of 8 for evacuation
[2025-01-29T13:43:59.091+0000][7][gc,age      ] GC(4) Desired survivor size 10485760 bytes, new threshold 15 (max threshold 15)
[2025-01-29T13:43:59.112+0000][7][gc,age      ] GC(4) Age table with threshold 15 (max threshold 15)
[2025-01-29T13:43:59.112+0000][7][gc,age      ] GC(4) - age   1:    2090952 bytes,    2090952 total
[2025-01-29T13:43:59.112+0000][7][gc,age      ] GC(4) - age   2:    3004296 bytes,    5095248 total
[2025-01-29T13:43:59.112+0000][7][gc,age      ] GC(4) - age   3:    1717656 bytes,    6812904 total
[2025-01-29T13:43:59.112+0000][7][gc,age      ] GC(4) - age   4:    1698648 bytes,    8511552 total
[2025-01-29T13:43:59.112+0000][7][gc,phases   ] GC(4)   Pre Evacuate Collection Set: 0.1ms
[2025-01-29T13:43:59.112+0000][7][gc,phases   ] GC(4)   Merge Heap Roots: 0.0ms
[2025-01-29T13:43:59.112+0000][7][gc,phases   ] GC(4)   Evacuate Collection Set: 20.0ms
[2025-01-29T13:43:59.112+0000][7][gc,phases   ] GC(4)   Post Evacuate Collection Set: 0.8ms
[2025-01-29T13:43:59.112+0000][7][gc,phases   ] GC(4)   Other: 0.2ms
[2025-01-29T13:43:59.112+0000][7][gc,heap     ] GC(4) Eden regions: 36->0(35)
[2025-01-29T13:43:59.112+0000][7][gc,heap     ] GC(4) Survivor regions: 2->3(5)
[2025-01-29T13:43:59.112+0000][7][gc,heap     ] GC(4) Old regions: 1->1
[2025-01-29T13:43:59.112+0000][7][gc,heap     ] GC(4) Archive regions: 2->2
[2025-01-29T13:43:59.112+0000][7][gc,heap     ] GC(4) Humongous regions: 0->0
[2025-01-29T13:43:59.112+0000][7][gc,metaspace] GC(4) Metaspace: 18315K(19072K)->18315K(19072K) NonClass: 16122K(16640K)->16122K(16640K) Class: 2193K(2432K)->2193K(2432K)
[2025-01-29T13:43:59.112+0000][7][gc          ] GC(4) Pause Young (Normal) (G1 Evacuation Pause) 159M->16M(256M) 21.248ms
[2025-01-29T13:43:59.112+0000][7][gc,cpu      ] GC(4) User=0.01s Sys=0.01s Real=0.03s
[2025-01-29T13:43:59.112+0000][7][safepoint   ] Safepoint "G1CollectForAllocation", Time since last: 468070013 ns, Reaching safepoint: 5780402 ns, At safepoint: 21360076 ns, Total: 27140478 ns
[2025-01-29T13:43:59.520+0000][7][gc,start    ] GC(5) Pause Young (Normal) (G1 Evacuation Pause)
[2025-01-29T13:43:59.520+0000][7][gc,task     ] GC(5) Using 6 workers of 8 for evacuation
[2025-01-29T13:43:59.520+0000][7][gc,age      ] GC(5) Desired survivor size 10485760 bytes, new threshold 15 (max threshold 15)
[2025-01-29T13:43:59.533+0000][7][gc,age      ] GC(5) Age table with threshold 15 (max threshold 15)
[2025-01-29T13:43:59.534+0000][7][gc,age      ] GC(5) - age   1:    1751744 bytes,    1751744 total
[2025-01-29T13:43:59.534+0000][7][gc,age      ] GC(5) - age   2:    1882320 bytes,    3634064 total
[2025-01-29T13:43:59.534+0000][7][gc,age      ] GC(5) - age   3:    3003248 bytes,    6637312 total
[2025-01-29T13:43:59.534+0000][7][gc,age      ] GC(5) - age   4:    1717656 bytes,    8354968 total
[2025-01-29T13:43:59.534+0000][7][gc,age      ] GC(5) - age   5:    1698648 bytes,   10053616 total
[2025-01-29T13:43:59.534+0000][7][gc,phases   ] GC(5)   Pre Evacuate Collection Set: 2.0ms
[2025-01-29T13:43:59.534+0000][7][gc,phases   ] GC(5)   Merge Heap Roots: 0.1ms
[2025-01-29T13:43:59.534+0000][7][gc,phases   ] GC(5)   Evacuate Collection Set: 9.0ms
[2025-01-29T13:43:59.534+0000][7][gc,phases   ] GC(5)   Post Evacuate Collection Set: 1.9ms
[2025-01-29T13:43:59.534+0000][7][gc,phases   ] GC(5)   Other: 0.8ms
[2025-01-29T13:43:59.534+0000][7][gc,heap     ] GC(5) Eden regions: 35->0(35)
[2025-01-29T13:43:59.534+0000][7][gc,heap     ] GC(5) Survivor regions: 3->3(5)
[2025-01-29T13:43:59.534+0000][7][gc,heap     ] GC(5) Old regions: 1->1
[2025-01-29T13:43:59.534+0000][7][gc,heap     ] GC(5) Archive regions: 2->2
[2025-01-29T13:43:59.534+0000][7][gc,heap     ] GC(5) Humongous regions: 0->0
[2025-01-29T13:43:59.534+0000][7][gc,metaspace] GC(5) Metaspace: 18788K(19712K)->18788K(19712K) NonClass: 16520K(17152K)->16520K(17152K) Class: 2267K(2560K)->2267K(2560K)
[2025-01-29T13:43:59.534+0000][7][gc          ] GC(5) Pause Young (Normal) (G1 Evacuation Pause) 156M->17M(256M) 13.888ms
[2025-01-29T13:43:59.534+0000][7][gc,cpu      ] GC(5) User=0.04s Sys=0.00s Real=0.02s
[2025-01-29T13:43:59.534+0000][7][safepoint   ] Safepoint "G1CollectForAllocation", Time since last: 403374601 ns, Reaching safepoint: 4394629 ns, At safepoint: 13992604 ns, Total: 18387233 ns
[2025-01-29T13:43:59.911+0000][7][gc,start    ] GC(6) Pause Young (Normal) (G1 Evacuation Pause)
[2025-01-29T13:43:59.911+0000][7][gc,task     ] GC(6) Using 6 workers of 8 for evacuation
[2025-01-29T13:43:59.911+0000][7][gc,age      ] GC(6) Desired survivor size 10485760 bytes, new threshold 15 (max threshold 15)
[2025-01-29T13:43:59.925+0000][7][gc,age      ] GC(6) Age table with threshold 15 (max threshold 15)
[2025-01-29T13:43:59.926+0000][7][gc,age      ] GC(6) - age   1:    2646104 bytes,    2646104 total
[2025-01-29T13:43:59.926+0000][7][gc,age      ] GC(6) - age   2:    1510504 bytes,    4156608 total
[2025-01-29T13:43:59.926+0000][7][gc,age      ] GC(6) - age   3:    1882320 bytes,    6038928 total
[2025-01-29T13:43:59.926+0000][7][gc,age      ] GC(6) - age   4:    3003248 bytes,    9042176 total
[2025-01-29T13:43:59.926+0000][7][gc,age      ] GC(6) - age   5:    1717656 bytes,   10759832 total
[2025-01-29T13:43:59.926+0000][7][gc,age      ] GC(6) - age   6:    1698648 bytes,   12458480 total
[2025-01-29T13:43:59.926+0000][7][gc,phases   ] GC(6)   Pre Evacuate Collection Set: 0.1ms
[2025-01-29T13:43:59.926+0000][7][gc,phases   ] GC(6)   Merge Heap Roots: 0.0ms
[2025-01-29T13:43:59.926+0000][7][gc,phases   ] GC(6)   Evacuate Collection Set: 13.6ms
[2025-01-29T13:43:59.926+0000][7][gc,phases   ] GC(6)   Post Evacuate Collection Set: 0.8ms
[2025-01-29T13:43:59.926+0000][7][gc,phases   ] GC(6)   Other: 0.3ms
[2025-01-29T13:43:59.926+0000][7][gc,heap     ] GC(6) Eden regions: 35->0(34)
[2025-01-29T13:43:59.926+0000][7][gc,heap     ] GC(6) Survivor regions: 3->4(5)
[2025-01-29T13:43:59.926+0000][7][gc,heap     ] GC(6) Old regions: 1->1
[2025-01-29T13:43:59.926+0000][7][gc,heap     ] GC(6) Archive regions: 2->2
[2025-01-29T13:43:59.926+0000][7][gc,heap     ] GC(6) Humongous regions: 0->0
[2025-01-29T13:43:59.926+0000][7][gc,metaspace] GC(6) Metaspace: 19077K(19968K)->19077K(19968K) NonClass: 16779K(17408K)->16779K(17408K) Class: 2298K(2560K)->2298K(2560K)
[2025-01-29T13:43:59.926+0000][7][gc          ] GC(6) Pause Young (Normal) (G1 Evacuation Pause) 157M->20M(256M) 14.897ms
[2025-01-29T13:43:59.926+0000][7][gc,cpu      ] GC(6) User=0.03s Sys=0.01s Real=0.02s
[2025-01-29T13:43:59.926+0000][7][safepoint   ] Safepoint "G1CollectForAllocation", Time since last: 369270192 ns, Reaching safepoint: 7315629 ns, At safepoint: 15040861 ns, Total: 22356490 ns
[2025-01-29T13:44:00.258+0000][7][gc,start    ] GC(7) Pause Young (Normal) (G1 Evacuation Pause)
[2025-01-29T13:44:00.258+0000][7][gc,task     ] GC(7) Using 6 workers of 8 for evacuation
[2025-01-29T13:44:00.258+0000][7][gc,age      ] GC(7) Desired survivor size 10485760 bytes, new threshold 5 (max threshold 15)
[2025-01-29T13:44:00.268+0000][7][gc,age      ] GC(7) Age table with threshold 5 (max threshold 15)
[2025-01-29T13:44:00.268+0000][7][gc,age      ] GC(7) - age   1:    1728344 bytes,    1728344 total
[2025-01-29T13:44:00.268+0000][7][gc,age      ] GC(7) - age   2:    1208752 bytes,    2937096 total
[2025-01-29T13:44:00.268+0000][7][gc,age      ] GC(7) - age   3:    1509760 bytes,    4446856 total
[2025-01-29T13:44:00.268+0000][7][gc,age      ] GC(7) - age   4:    1882288 bytes,    6329144 total
[2025-01-29T13:44:00.268+0000][7][gc,age      ] GC(7) - age   5:    2999296 bytes,    9328440 total
[2025-01-29T13:44:00.268+0000][7][gc,phases   ] GC(7)   Pre Evacuate Collection Set: 0.1ms
[2025-01-29T13:44:00.268+0000][7][gc,phases   ] GC(7)   Merge Heap Roots: 0.1ms
[2025-01-29T13:44:00.268+0000][7][gc,phases   ] GC(7)   Evacuate Collection Set: 9.5ms
[2025-01-29T13:44:00.268+0000][7][gc,phases   ] GC(7)   Post Evacuate Collection Set: 0.8ms
[2025-01-29T13:44:00.268+0000][7][gc,phases   ] GC(7)   Other: 0.3ms
[2025-01-29T13:44:00.268+0000][7][gc,heap     ] GC(7) Eden regions: 34->0(35)
[2025-01-29T13:44:00.268+0000][7][gc,heap     ] GC(7) Survivor regions: 4->3(5)
[2025-01-29T13:44:00.268+0000][7][gc,heap     ] GC(7) Old regions: 1->2
[2025-01-29T13:44:00.268+0000][7][gc,heap     ] GC(7) Archive regions: 2->2
[2025-01-29T13:44:00.268+0000][7][gc,heap     ] GC(7) Humongous regions: 0->0
[2025-01-29T13:44:00.268+0000][7][gc,metaspace] GC(7) Metaspace: 19213K(20224K)->19213K(20224K) NonClass: 16889K(17664K)->16889K(17664K) Class: 2323K(2560K)->2323K(2560K)
[2025-01-29T13:44:00.269+0000][7][gc          ] GC(7) Pause Young (Normal) (G1 Evacuation Pause) 156M->20M(256M) 11.005ms
[2025-01-29T13:44:00.269+0000][7][gc,cpu      ] GC(7) User=0.03s Sys=0.00s Real=0.01s
[2025-01-29T13:44:00.269+0000][7][safepoint   ] Safepoint "G1CollectForAllocation", Time since last: 331581715 ns, Reaching safepoint: 119588 ns, At safepoint: 11167344 ns, Total: 11286932 ns
[2025-01-29T13:44:00.517+0000][7][gc,start    ] GC(8) Pause Young (Normal) (G1 Evacuation Pause)
[2025-01-29T13:44:00.517+0000][7][gc,task     ] GC(8) Using 6 workers of 8 for evacuation
[2025-01-29T13:44:00.517+0000][7][gc,age      ] GC(8) Desired survivor size 10485760 bytes, new threshold 15 (max threshold 15)
[2025-01-29T13:44:00.522+0000][7][gc,age      ] GC(8) Age table with threshold 15 (max threshold 15)
[2025-01-29T13:44:00.522+0000][7][gc,age      ] GC(8) - age   1:     888280 bytes,     888280 total
[2025-01-29T13:44:00.522+0000][7][gc,age      ] GC(8) - age   2:     255504 bytes,    1143784 total
[2025-01-29T13:44:00.522+0000][7][gc,age      ] GC(8) - age   3:    1208752 bytes,    2352536 total
[2025-01-29T13:44:00.522+0000][7][gc,age      ] GC(8) - age   4:    1509760 bytes,    3862296 total
[2025-01-29T13:44:00.522+0000][7][gc,age      ] GC(8) - age   5:    1882288 bytes,    5744584 total
[2025-01-29T13:44:00.522+0000][7][gc,age      ] GC(8) - age   6:    2999296 bytes,    8743880 total
[2025-01-29T13:44:00.522+0000][7][gc,phases   ] GC(8)   Pre Evacuate Collection Set: 0.1ms
[2025-01-29T13:44:00.522+0000][7][gc,phases   ] GC(8)   Merge Heap Roots: 0.1ms
[2025-01-29T13:44:00.522+0000][7][gc,phases   ] GC(8)   Evacuate Collection Set: 3.8ms
[2025-01-29T13:44:00.522+0000][7][gc,phases   ] GC(8)   Post Evacuate Collection Set: 0.7ms
[2025-01-29T13:44:00.522+0000][7][gc,phases   ] GC(8)   Other: 0.3ms
[2025-01-29T13:44:00.522+0000][7][gc,heap     ] GC(8) Eden regions: 35->0(35)
[2025-01-29T13:44:00.522+0000][7][gc,heap     ] GC(8) Survivor regions: 3->3(5)
[2025-01-29T13:44:00.522+0000][7][gc,heap     ] GC(8) Old regions: 2->2
[2025-01-29T13:44:00.522+0000][7][gc,heap     ] GC(8) Archive regions: 2->2
[2025-01-29T13:44:00.522+0000][7][gc,heap     ] GC(8) Humongous regions: 0->0
[2025-01-29T13:44:00.522+0000][7][gc,metaspace] GC(8) Metaspace: 19433K(20608K)->19433K(20608K) NonClass: 17068K(17920K)->17068K(17920K) Class: 2365K(2688K)->2365K(2688K)
[2025-01-29T13:44:00.522+0000][7][gc          ] GC(8) Pause Young (Normal) (G1 Evacuation Pause) 160M->19M(256M) 5.054ms
[2025-01-29T13:44:00.522+0000][7][gc,cpu      ] GC(8) User=0.03s Sys=0.01s Real=0.01s
[2025-01-29T13:44:00.522+0000][7][safepoint   ] Safepoint "G1CollectForAllocation", Time since last: 248266678 ns, Reaching safepoint: 117670 ns, At safepoint: 5150984 ns, Total: 5268654 ns
[2025-01-29T13:44:00.741+0000][7][gc,start    ] GC(9) Pause Young (Normal) (G1 Evacuation Pause)
[2025-01-29T13:44:00.741+0000][7][gc,task     ] GC(9) Using 6 workers of 8 for evacuation
[2025-01-29T13:44:00.741+0000][7][gc,age      ] GC(9) Desired survivor size 10485760 bytes, new threshold 15 (max threshold 15)
[2025-01-29T13:44:00.745+0000][7][gc,age      ] GC(9) Age table with threshold 15 (max threshold 15)
[2025-01-29T13:44:00.745+0000][7][gc,age      ] GC(9) - age   1:    1366096 bytes,    1366096 total
[2025-01-29T13:44:00.745+0000][7][gc,age      ] GC(9) - age   2:     293144 bytes,    1659240 total
[2025-01-29T13:44:00.745+0000][7][gc,age      ] GC(9) - age   3:     255352 bytes,    1914592 total
[2025-01-29T13:44:00.745+0000][7][gc,age      ] GC(9) - age   4:    1208752 bytes,    3123344 total
[2025-01-29T13:44:00.745+0000][7][gc,age      ] GC(9) - age   5:    1509088 bytes,    4632432 total
[2025-01-29T13:44:00.745+0000][7][gc,age      ] GC(9) - age   6:    1882000 bytes,    6514432 total
[2025-01-29T13:44:00.745+0000][7][gc,age      ] GC(9) - age   7:    2999168 bytes,    9513600 total
[2025-01-29T13:44:00.745+0000][7][gc,phases   ] GC(9)   Pre Evacuate Collection Set: 0.1ms
[2025-01-29T13:44:00.745+0000][7][gc,phases   ] GC(9)   Merge Heap Roots: 0.1ms
[2025-01-29T13:44:00.745+0000][7][gc,phases   ] GC(9)   Evacuate Collection Set: 3.5ms
[2025-01-29T13:44:00.745+0000][7][gc,phases   ] GC(9)   Post Evacuate Collection Set: 0.5ms
[2025-01-29T13:44:00.745+0000][7][gc,phases   ] GC(9)   Other: 0.2ms
[2025-01-29T13:44:00.745+0000][7][gc,heap     ] GC(9) Eden regions: 35->0(35)
[2025-01-29T13:44:00.745+0000][7][gc,heap     ] GC(9) Survivor regions: 3->3(5)
[2025-01-29T13:44:00.745+0000][7][gc,heap     ] GC(9) Old regions: 2->2
[2025-01-29T13:44:00.745+0000][7][gc,heap     ] GC(9) Archive regions: 2->2
[2025-01-29T13:44:00.745+0000][7][gc,heap     ] GC(9) Humongous regions: 0->0
[2025-01-29T13:44:00.745+0000][7][gc,metaspace] GC(9) Metaspace: 19502K(20608K)->19502K(20608K) NonClass: 17124K(17920K)->17124K(17920K) Class: 2378K(2688K)->2378K(2688K)
[2025-01-29T13:44:00.745+0000][7][gc          ] GC(9) Pause Young (Normal) (G1 Evacuation Pause) 159M->20M(256M) 4.464ms
[2025-01-29T13:44:00.745+0000][7][gc,cpu      ] GC(9) User=0.02s Sys=0.00s Real=0.01s
[2025-01-29T13:44:00.745+0000][7][safepoint   ] Safepoint "G1CollectForAllocation", Time since last: 218462540 ns, Reaching safepoint: 115218 ns, At safepoint: 4563025 ns, Total: 4678243 ns
[2025-01-29T13:44:00.966+0000][7][gc,start    ] GC(10) Pause Young (Normal) (G1 Evacuation Pause)
[2025-01-29T13:44:00.966+0000][7][gc,task     ] GC(10) Using 6 workers of 8 for evacuation
[2025-01-29T13:44:00.966+0000][7][gc,age      ] GC(10) Desired survivor size 10485760 bytes, new threshold 15 (max threshold 15)
[2025-01-29T13:44:00.972+0000][7][gc,age      ] GC(10) Age table with threshold 15 (max threshold 15)
[2025-01-29T13:44:00.973+0000][7][gc,age      ] GC(10) - age   1:    2882824 bytes,    2882824 total
[2025-01-29T13:44:00.973+0000][7][gc,age      ] GC(10) - age   2:     412144 bytes,    3294968 total
[2025-01-29T13:44:00.973+0000][7][gc,age      ] GC(10) - age   3:     293080 bytes,    3588048 total
[2025-01-29T13:44:00.973+0000][7][gc,age      ] GC(10) - age   4:     255288 bytes,    3843336 total
[2025-01-29T13:44:00.973+0000][7][gc,age      ] GC(10) - age   5:    1208752 bytes,    5052088 total
[2025-01-29T13:44:00.973+0000][7][gc,age      ] GC(10) - age   6:    1508048 bytes,    6560136 total
[2025-01-29T13:44:00.973+0000][7][gc,age      ] GC(10) - age   7:    1881808 bytes,    8441944 total
[2025-01-29T13:44:00.973+0000][7][gc,age      ] GC(10) - age   8:    2998856 bytes,   11440800 total
[2025-01-29T13:44:00.973+0000][7][gc,phases   ] GC(10)   Pre Evacuate Collection Set: 0.1ms
[2025-01-29T13:44:00.973+0000][7][gc,phases   ] GC(10)   Merge Heap Roots: 0.1ms
[2025-01-29T13:44:00.973+0000][7][gc,phases   ] GC(10)   Evacuate Collection Set: 5.3ms
[2025-01-29T13:44:00.973+0000][7][gc,phases   ] GC(10)   Post Evacuate Collection Set: 0.9ms
[2025-01-29T13:44:00.973+0000][7][gc,phases   ] GC(10)   Other: 0.3ms
[2025-01-29T13:44:00.973+0000][7][gc,heap     ] GC(10) Eden regions: 35->0(35)
[2025-01-29T13:44:00.973+0000][7][gc,heap     ] GC(10) Survivor regions: 3->3(5)
[2025-01-29T13:44:00.973+0000][7][gc,heap     ] GC(10) Old regions: 2->2
[2025-01-29T13:44:00.973+0000][7][gc,heap     ] GC(10) Archive regions: 2->2
[2025-01-29T13:44:00.973+0000][7][gc,heap     ] GC(10) Humongous regions: 0->0
[2025-01-29T13:44:00.973+0000][7][gc,metaspace] GC(10) Metaspace: 19977K(21248K)->19977K(21248K) NonClass: 17529K(18432K)->17529K(18432K) Class: 2447K(2816K)->2447K(2816K)
[2025-01-29T13:44:00.973+0000][7][gc          ] GC(10) Pause Young (Normal) (G1 Evacuation Pause) 160M->21M(256M) 6.744ms
[2025-01-29T13:44:00.973+0000][7][gc,cpu      ] GC(10) User=0.02s Sys=0.00s Real=0.01s
[2025-01-29T13:44:00.973+0000][7][safepoint   ] Safepoint "G1CollectForAllocation", Time since last: 220441348 ns, Reaching safepoint: 166072 ns, At safepoint: 6844625 ns, Total: 7010697 ns
[2025-01-29T13:44:01.197+0000][7][gc,start    ] GC(11) Pause Young (Normal) (G1 Evacuation Pause)
[2025-01-29T13:44:01.197+0000][7][gc,task     ] GC(11) Using 6 workers of 8 for evacuation
[2025-01-29T13:44:01.197+0000][7][gc,age      ] GC(11) Desired survivor size 10485760 bytes, new threshold 8 (max threshold 15)
[2025-01-29T13:44:01.202+0000][7][gc,age      ] GC(11) Age table with threshold 8 (max threshold 15)
[2025-01-29T13:44:01.202+0000][7][gc,age      ] GC(11) - age   1:     755160 bytes,     755160 total
[2025-01-29T13:44:01.202+0000][7][gc,age      ] GC(11) - age   2:    1729944 bytes,    2485104 total
[2025-01-29T13:44:01.202+0000][7][gc,age      ] GC(11) - age   3:     411152 bytes,    2896256 total
[2025-01-29T13:44:01.202+0000][7][gc,age      ] GC(11) - age   4:     293080 bytes,    3189336 total
[2025-01-29T13:44:01.202+0000][7][gc,age      ] GC(11) - age   5:     255016 bytes,    3444352 total
[2025-01-29T13:44:01.202+0000][7][gc,age      ] GC(11) - age   6:    1208752 bytes,    4653104 total
[2025-01-29T13:44:01.202+0000][7][gc,age      ] GC(11) - age   7:    1508048 bytes,    6161152 total
[2025-01-29T13:44:01.202+0000][7][gc,age      ] GC(11) - age   8:    1881808 bytes,    8042960 total
[2025-01-29T13:44:01.202+0000][7][gc,phases   ] GC(11)   Pre Evacuate Collection Set: 0.1ms
[2025-01-29T13:44:01.202+0000][7][gc,phases   ] GC(11)   Merge Heap Roots: 0.1ms
[2025-01-29T13:44:01.202+0000][7][gc,phases   ] GC(11)   Evacuate Collection Set: 4.4ms
[2025-01-29T13:44:01.202+0000][7][gc,phases   ] GC(11)   Post Evacuate Collection Set: 0.9ms
[2025-01-29T13:44:01.202+0000][7][gc,phases   ] GC(11)   Other: 0.3ms
[2025-01-29T13:44:01.202+0000][7][gc,heap     ] GC(11) Eden regions: 35->0(35)
[2025-01-29T13:44:01.202+0000][7][gc,heap     ] GC(11) Survivor regions: 3->3(5)
[2025-01-29T13:44:01.202+0000][7][gc,heap     ] GC(11) Old regions: 2->3
[2025-01-29T13:44:01.202+0000][7][gc,heap     ] GC(11) Archive regions: 2->2
[2025-01-29T13:44:01.202+0000][7][gc,heap     ] GC(11) Humongous regions: 0->0
[2025-01-29T13:44:01.202+0000][7][gc,metaspace] GC(11) Metaspace: 20069K(21296K)->20069K(21296K) NonClass: 17609K(18480K)->17609K(18480K) Class: 2460K(2816K)->2460K(2816K)
[2025-01-29T13:44:01.202+0000][7][gc          ] GC(11) Pause Young (Normal) (G1 Evacuation Pause) 161M->22M(256M) 5.951ms
[2025-01-29T13:44:01.202+0000][7][gc,cpu      ] GC(11) User=0.03s Sys=0.00s Real=0.01s
[2025-01-29T13:44:01.202+0000][7][safepoint   ] Safepoint "G1CollectForAllocation", Time since last: 223142645 ns, Reaching safepoint: 548077 ns, At safepoint: 6034281 ns, Total: 6582358 ns
[2025-01-29T13:44:01.263+0000][7][gc,start    ] GC(12) Pause Young (Concurrent Start) (Metadata GC Threshold)
[2025-01-29T13:44:01.263+0000][7][gc,task     ] GC(12) Using 6 workers of 8 for evacuation
[2025-01-29T13:44:01.263+0000][7][gc,age      ] GC(12) Desired survivor size 10485760 bytes, new threshold 15 (max threshold 15)
[2025-01-29T13:44:01.267+0000][7][gc,age      ] GC(12) Age table with threshold 15 (max threshold 15)
[2025-01-29T13:44:01.267+0000][7][gc,age      ] GC(12) - age   1:      84016 bytes,      84016 total
[2025-01-29T13:44:01.267+0000][7][gc,age      ] GC(12) - age   2:     536352 bytes,     620368 total
[2025-01-29T13:44:01.267+0000][7][gc,age      ] GC(12) - age   3:    1729944 bytes,    2350312 total
[2025-01-29T13:44:01.267+0000][7][gc,age      ] GC(12) - age   4:     411152 bytes,    2761464 total
[2025-01-29T13:44:01.267+0000][7][gc,age      ] GC(12) - age   5:     293080 bytes,    3054544 total
[2025-01-29T13:44:01.267+0000][7][gc,age      ] GC(12) - age   6:     254744 bytes,    3309288 total
[2025-01-29T13:44:01.267+0000][7][gc,age      ] GC(12) - age   7:    1208752 bytes,    4518040 total
[2025-01-29T13:44:01.267+0000][7][gc,age      ] GC(12) - age   8:    1508048 bytes,    6026088 total
[2025-01-29T13:44:01.267+0000][7][gc,age      ] GC(12) - age   9:    1881808 bytes,    7907896 total
[2025-01-29T13:44:01.268+0000][7][gc,phases   ] GC(12)   Pre Evacuate Collection Set: 0.2ms
[2025-01-29T13:44:01.268+0000][7][gc,phases   ] GC(12)   Merge Heap Roots: 0.1ms
[2025-01-29T13:44:01.268+0000][7][gc,phases   ] GC(12)   Evacuate Collection Set: 3.4ms
[2025-01-29T13:44:01.268+0000][7][gc,phases   ] GC(12)   Post Evacuate Collection Set: 0.8ms
[2025-01-29T13:44:01.268+0000][7][gc,phases   ] GC(12)   Other: 0.3ms
[2025-01-29T13:44:01.268+0000][7][gc,heap     ] GC(12) Eden regions: 11->0(36)
[2025-01-29T13:44:01.268+0000][7][gc,heap     ] GC(12) Survivor regions: 3->2(5)
[2025-01-29T13:44:01.268+0000][7][gc,heap     ] GC(12) Old regions: 3->3
[2025-01-29T13:44:01.268+0000][7][gc,heap     ] GC(12) Archive regions: 2->2
[2025-01-29T13:44:01.268+0000][7][gc,heap     ] GC(12) Humongous regions: 0->0
[2025-01-29T13:44:01.268+0000][7][gc,metaspace] GC(12) Metaspace: 20074K(21296K)->20074K(21296K) NonClass: 17613K(18480K)->17613K(18480K) Class: 2461K(2816K)->2461K(2816K)
[2025-01-29T13:44:01.268+0000][7][gc          ] GC(12) Pause Young (Concurrent Start) (Metadata GC Threshold) 62M->21M(256M) 4.849ms
[2025-01-29T13:44:01.268+0000][7][gc,cpu      ] GC(12) User=0.02s Sys=0.01s Real=0.00s
[2025-01-29T13:44:01.268+0000][7][gc          ] GC(13) Concurrent Cycle
[2025-01-29T13:44:01.268+0000][7][gc,marking  ] GC(13) Concurrent Clear Claimed Marks
[2025-01-29T13:44:01.268+0000][7][gc,marking  ] GC(13) Concurrent Clear Claimed Marks 0.043ms
[2025-01-29T13:44:01.268+0000][7][gc,marking  ] GC(13) Concurrent Scan Root Regions
[2025-01-29T13:44:01.268+0000][7][safepoint   ] Safepoint "CollectForMetadataAllocation", Time since last: 60086436 ns, Reaching safepoint: 133915 ns, At safepoint: 5252951 ns, Total: 5386866 ns
[2025-01-29T13:44:01.270+0000][7][gc,marking  ] GC(13) Concurrent Scan Root Regions 2.414ms
[2025-01-29T13:44:01.270+0000][7][gc,marking  ] GC(13) Concurrent Mark (6.978s)
[2025-01-29T13:44:01.270+0000][7][gc,marking  ] GC(13) Concurrent Mark From Roots
[2025-01-29T13:44:01.270+0000][7][gc,task     ] GC(13) Using 2 workers of 2 for marking
[2025-01-29T13:44:01.278+0000][7][gc,marking  ] GC(13) Concurrent Mark From Roots 7.680ms
[2025-01-29T13:44:01.278+0000][7][gc,marking  ] GC(13) Concurrent Preclean
[2025-01-29T13:44:01.278+0000][7][gc,marking  ] GC(13) Concurrent Preclean 0.086ms
[2025-01-29T13:44:01.278+0000][7][gc,marking  ] GC(13) Concurrent Mark (6.978s, 6.986s) 7.845ms
[2025-01-29T13:44:01.279+0000][7][gc,start    ] GC(13) Pause Remark
[2025-01-29T13:44:01.283+0000][7][gc          ] GC(13) Pause Remark 29M->29M(256M) 4.393ms
[2025-01-29T13:44:01.283+0000][7][gc,cpu      ] GC(13) User=0.00s Sys=0.00s Real=0.01s
[2025-01-29T13:44:01.283+0000][7][safepoint   ] Safepoint "G1Concurrent", Time since last: 10419260 ns, Reaching safepoint: 228052 ns, At safepoint: 4505173 ns, Total: 4733225 ns
[2025-01-29T13:44:01.283+0000][7][gc,marking  ] GC(13) Concurrent Rebuild Remembered Sets
[2025-01-29T13:44:01.288+0000][7][gc,marking  ] GC(13) Concurrent Rebuild Remembered Sets 4.947ms
[2025-01-29T13:44:01.289+0000][7][gc,start    ] GC(13) Pause Cleanup
[2025-01-29T13:44:01.289+0000][7][gc          ] GC(13) Pause Cleanup 31M->31M(256M) 0.139ms
[2025-01-29T13:44:01.289+0000][7][gc,cpu      ] GC(13) User=0.00s Sys=0.00s Real=0.00s
[2025-01-29T13:44:01.289+0000][7][safepoint   ] Safepoint "G1Concurrent", Time since last: 5146197 ns, Reaching safepoint: 637445 ns, At safepoint: 208080 ns, Total: 845525 ns
[2025-01-29T13:44:01.289+0000][7][gc,marking  ] GC(13) Concurrent Cleanup for Next Mark
[2025-01-29T13:44:01.289+0000][7][gc,marking  ] GC(13) Concurrent Cleanup for Next Mark 0.246ms
[2025-01-29T13:44:01.289+0000][7][gc          ] GC(13) Concurrent Cycle 21.757ms
[2025-01-29T13:44:01.474+0000][7][gc,start    ] GC(14) Pause Young (Normal) (G1 Evacuation Pause)
[2025-01-29T13:44:01.474+0000][7][gc,task     ] GC(14) Using 6 workers of 8 for evacuation
[2025-01-29T13:44:01.474+0000][7][gc,age      ] GC(14) Desired survivor size 10485760 bytes, new threshold 15 (max threshold 15)
[2025-01-29T13:44:01.480+0000][7][gc,age      ] GC(14) Age table with threshold 15 (max threshold 15)
[2025-01-29T13:44:01.480+0000][7][gc,age      ] GC(14) - age   1:    2171368 bytes,    2171368 total
[2025-01-29T13:44:01.480+0000][7][gc,age      ] GC(14) - age   2:      66328 bytes,    2237696 total
[2025-01-29T13:44:01.480+0000][7][gc,age      ] GC(14) - age   3:     536352 bytes,    2774048 total
[2025-01-29T13:44:01.480+0000][7][gc,age      ] GC(14) - age   4:    1729912 bytes,    4503960 total
[2025-01-29T13:44:01.480+0000][7][gc,age      ] GC(14) - age   5:     410936 bytes,    4914896 total
[2025-01-29T13:44:01.480+0000][7][gc,age      ] GC(14) - age   6:     293080 bytes,    5207976 total
[2025-01-29T13:44:01.480+0000][7][gc,age      ] GC(14) - age   7:     254744 bytes,    5462720 total
[2025-01-29T13:44:01.480+0000][7][gc,age      ] GC(14) - age   8:    1208752 bytes,    6671472 total
[2025-01-29T13:44:01.480+0000][7][gc,age      ] GC(14) - age   9:    1508048 bytes,    8179520 total
[2025-01-29T13:44:01.480+0000][7][gc,age      ] GC(14) - age  10:    1881808 bytes,   10061328 total
[2025-01-29T13:44:01.480+0000][7][gc,phases   ] GC(14)   Pre Evacuate Collection Set: 0.2ms
[2025-01-29T13:44:01.480+0000][7][gc,phases   ] GC(14)   Merge Heap Roots: 0.1ms
[2025-01-29T13:44:01.480+0000][7][gc,phases   ] GC(14)   Evacuate Collection Set: 4.2ms
[2025-01-29T13:44:01.480+0000][7][gc,phases   ] GC(14)   Post Evacuate Collection Set: 0.8ms
[2025-01-29T13:44:01.480+0000][7][gc,phases   ] GC(14)   Other: 0.2ms
[2025-01-29T13:44:01.480+0000][7][gc,heap     ] GC(14) Eden regions: 36->0(35)
[2025-01-29T13:44:01.480+0000][7][gc,heap     ] GC(14) Survivor regions: 2->3(5)
[2025-01-29T13:44:01.480+0000][7][gc,heap     ] GC(14) Old regions: 3->3
[2025-01-29T13:44:01.480+0000][7][gc,heap     ] GC(14) Archive regions: 2->2
[2025-01-29T13:44:01.480+0000][7][gc,heap     ] GC(14) Humongous regions: 0->0
[2025-01-29T13:44:01.480+0000][7][gc,metaspace] GC(14) Metaspace: 20107K(21552K)->20107K(21552K) NonClass: 17637K(18736K)->17637K(18736K) Class: 2469K(2816K)->2469K(2816K)
[2025-01-29T13:44:01.480+0000][7][gc          ] GC(14) Pause Young (Normal) (G1 Evacuation Pause) 165M->23M(256M) 5.484ms
[2025-01-29T13:44:01.480+0000][7][gc,cpu      ] GC(14) User=0.02s Sys=0.00s Real=0.00s
[2025-01-29T13:44:01.480+0000][7][safepoint   ] Safepoint "G1CollectForAllocation", Time since last: 185153389 ns, Reaching safepoint: 103971 ns, At safepoint: 5577127 ns, Total: 5681098 ns
[2025-01-29T13:44:02.481+0000][7][safepoint   ] Safepoint "ICBufferFull", Time since last: 1000940694 ns, Reaching safepoint: 427229 ns, At safepoint: 48757 ns, Total: 475986 ns
[2025-01-29T13:44:03.485+0000][7][safepoint   ] Safepoint "Cleanup", Time since last: 1003620023 ns, Reaching safepoint: 469908 ns, At safepoint: 28826 ns, Total: 498734 ns
[2025-01-29T13:44:03.673+0000][7][gc,start    ] GC(15) Pause Young (Normal) (G1 Evacuation Pause)
[2025-01-29T13:44:03.673+0000][7][gc,task     ] GC(15) Using 6 workers of 8 for evacuation
[2025-01-29T13:44:03.673+0000][7][gc,age      ] GC(15) Desired survivor size 10485760 bytes, new threshold 15 (max threshold 15)
[2025-01-29T13:44:03.704+0000][7][gc,age      ] GC(15) Age table with threshold 15 (max threshold 15)
[2025-01-29T13:44:03.704+0000][7][gc,age      ] GC(15) - age   1:   12641312 bytes,   12641312 total
[2025-01-29T13:44:03.704+0000][7][gc,age      ] GC(15) - age   2:     310800 bytes,   12952112 total
[2025-01-29T13:44:03.704+0000][7][gc,age      ] GC(15) - age   3:      66328 bytes,   13018440 total
[2025-01-29T13:44:03.704+0000][7][gc,age      ] GC(15) - age   4:     535880 bytes,   13554320 total
[2025-01-29T13:44:03.704+0000][7][gc,age      ] GC(15) - age   5:    1725520 bytes,   15279840 total
[2025-01-29T13:44:03.704+0000][7][gc,age      ] GC(15) - age   6:     410376 bytes,   15690216 total
[2025-01-29T13:44:03.704+0000][7][gc,age      ] GC(15) - age   7:     292456 bytes,   15982672 total
[2025-01-29T13:44:03.704+0000][7][gc,age      ] GC(15) - age   8:     247792 bytes,   16230464 total
[2025-01-29T13:44:03.704+0000][7][gc,age      ] GC(15) - age   9:    1205904 bytes,   17436368 total
[2025-01-29T13:44:03.704+0000][7][gc,age      ] GC(15) - age  10:    1504176 bytes,   18940544 total
[2025-01-29T13:44:03.704+0000][7][gc,age      ] GC(15) - age  11:    1874152 bytes,   20814696 total
[2025-01-29T13:44:03.704+0000][7][gc,phases   ] GC(15)   Pre Evacuate Collection Set: 0.1ms
[2025-01-29T13:44:03.704+0000][7][gc,phases   ] GC(15)   Merge Heap Roots: 0.1ms
[2025-01-29T13:44:03.704+0000][7][gc,phases   ] GC(15)   Evacuate Collection Set: 29.0ms
[2025-01-29T13:44:03.704+0000][7][gc,phases   ] GC(15)   Post Evacuate Collection Set: 1.4ms
[2025-01-29T13:44:03.704+0000][7][gc,phases   ] GC(15)   Other: 0.3ms
[2025-01-29T13:44:03.704+0000][7][gc,heap     ] GC(15) Eden regions: 35->0(33)
[2025-01-29T13:44:03.704+0000][7][gc,heap     ] GC(15) Survivor regions: 3->5(5)
[2025-01-29T13:44:03.704+0000][7][gc,heap     ] GC(15) Old regions: 3->4
[2025-01-29T13:44:03.704+0000][7][gc,heap     ] GC(15) Archive regions: 2->2
[2025-01-29T13:44:03.704+0000][7][gc,heap     ] GC(15) Humongous regions: 0->0
[2025-01-29T13:44:03.704+0000][7][gc,metaspace] GC(15) Metaspace: 30008K(32000K)->30008K(32000K) NonClass: 26251K(27648K)->26251K(27648K) Class: 3757K(4352K)->3757K(4352K)
[2025-01-29T13:44:03.704+0000][7][gc          ] GC(15) Pause Young (Normal) (G1 Evacuation Pause) 163M->37M(256M) 30.911ms
[2025-01-29T13:44:03.704+0000][7][gc,cpu      ] GC(15) User=0.09s Sys=0.01s Real=0.03s
[2025-01-29T13:44:03.704+0000][7][safepoint   ] Safepoint "G1CollectForAllocation", Time since last: 183456475 ns, Reaching safepoint: 4032424 ns, At safepoint: 31047389 ns, Total: 35079813 ns
[2025-01-29T13:44:04.704+0000][7][safepoint   ] Safepoint "Cleanup", Time since last: 1000140430 ns, Reaching safepoint: 236319 ns, At safepoint: 4866 ns, Total: 241185 ns
[2025-01-29T13:44:05.112+0000][7][gc,start    ] GC(16) Pause Young (Normal) (G1 Evacuation Pause)
[2025-01-29T13:44:05.112+0000][7][gc,task     ] GC(16) Using 6 workers of 8 for evacuation
[2025-01-29T13:44:05.112+0000][7][gc,age      ] GC(16) Desired survivor size 10485760 bytes, new threshold 1 (max threshold 15)
[2025-01-29T13:44:05.136+0000][7][gc,age      ] GC(16) Age table with threshold 1 (max threshold 15)
[2025-01-29T13:44:05.136+0000][7][gc,age      ] GC(16) - age   1:   17187752 bytes,   17187752 total
[2025-01-29T13:44:05.137+0000][7][gc,phases   ] GC(16)   Pre Evacuate Collection Set: 0.1ms
[2025-01-29T13:44:05.137+0000][7][gc,phases   ] GC(16)   Merge Heap Roots: 0.1ms
[2025-01-29T13:44:05.137+0000][7][gc,phases   ] GC(16)   Evacuate Collection Set: 23.4ms
[2025-01-29T13:44:05.137+0000][7][gc,phases   ] GC(16)   Post Evacuate Collection Set: 1.0ms
[2025-01-29T13:44:05.137+0000][7][gc,phases   ] GC(16)   Other: 0.3ms
[2025-01-29T13:44:05.137+0000][7][gc,heap     ] GC(16) Eden regions: 33->0(30)
[2025-01-29T13:44:05.137+0000][7][gc,heap     ] GC(16) Survivor regions: 5->5(5)
[2025-01-29T13:44:05.137+0000][7][gc,heap     ] GC(16) Old regions: 4->9
[2025-01-29T13:44:05.137+0000][7][gc,heap     ] GC(16) Archive regions: 2->2
[2025-01-29T13:44:05.137+0000][7][gc,heap     ] GC(16) Humongous regions: 0->0
[2025-01-29T13:44:05.137+0000][7][gc,metaspace] GC(16) Metaspace: 30082K(32000K)->30082K(32000K) NonClass: 26315K(27648K)->26315K(27648K) Class: 3766K(4352K)->3766K(4352K)
[2025-01-29T13:44:05.137+0000][7][gc          ] GC(16) Pause Young (Normal) (G1 Evacuation Pause) 169M->55M(256M) 25.012ms
[2025-01-29T13:44:05.137+0000][7][gc,cpu      ] GC(16) User=0.12s Sys=0.00s Real=0.02s
[2025-01-29T13:44:05.137+0000][7][safepoint   ] Safepoint "G1CollectForAllocation", Time since last: 407037916 ns, Reaching safepoint: 114676 ns, At safepoint: 25156962 ns, Total: 25271638 ns
[2025-01-29T13:44:05.474+0000][7][gc,start    ] GC(17) Pause Young (Concurrent Start) (Metadata GC Threshold)
[2025-01-29T13:44:05.474+0000][7][gc,task     ] GC(17) Using 6 workers of 8 for evacuation
[2025-01-29T13:44:05.474+0000][7][gc,age      ] GC(17) Desired survivor size 10485760 bytes, new threshold 1 (max threshold 15)
[2025-01-29T13:44:05.486+0000][7][gc,age      ] GC(17) Age table with threshold 1 (max threshold 15)
[2025-01-29T13:44:05.486+0000][7][gc,age      ] GC(17) - age   1:    5321848 bytes,    5321848 total
[2025-01-29T13:44:05.486+0000][7][gc,phases   ] GC(17)   Pre Evacuate Collection Set: 0.2ms
[2025-01-29T13:44:05.486+0000][7][gc,phases   ] GC(17)   Merge Heap Roots: 0.1ms
[2025-01-29T13:44:05.486+0000][7][gc,phases   ] GC(17)   Evacuate Collection Set: 10.8ms
[2025-01-29T13:44:05.486+0000][7][gc,phases   ] GC(17)   Post Evacuate Collection Set: 0.9ms
[2025-01-29T13:44:05.486+0000][7][gc,phases   ] GC(17)   Other: 0.3ms
[2025-01-29T13:44:05.486+0000][7][gc,heap     ] GC(17) Eden regions: 8->0(22)
[2025-01-29T13:44:05.486+0000][7][gc,heap     ] GC(17) Survivor regions: 5->2(5)
[2025-01-29T13:44:05.486+0000][7][gc,heap     ] GC(17) Old regions: 9->13
[2025-01-29T13:44:05.486+0000][7][gc,heap     ] GC(17) Archive regions: 2->2
[2025-01-29T13:44:05.486+0000][7][gc,heap     ] GC(17) Humongous regions: 0->0
[2025-01-29T13:44:05.486+0000][7][gc,metaspace] GC(17) Metaspace: 33659K(35920K)->33659K(35920K) NonClass: 29303K(30928K)->29303K(30928K) Class: 4356K(4992K)->4356K(4992K)
[2025-01-29T13:44:05.486+0000][7][gc          ] GC(17) Pause Young (Concurrent Start) (Metadata GC Threshold) 85M->60M(256M) 12.371ms
[2025-01-29T13:44:05.486+0000][7][gc,cpu      ] GC(17) User=0.05s Sys=0.00s Real=0.01s
[2025-01-29T13:44:05.486+0000][7][gc          ] GC(18) Concurrent Cycle
[2025-01-29T13:44:05.486+0000][7][gc,marking  ] GC(18) Concurrent Clear Claimed Marks
[2025-01-29T13:44:05.486+0000][7][gc,marking  ] GC(18) Concurrent Clear Claimed Marks 0.090ms
[2025-01-29T13:44:05.486+0000][7][gc,marking  ] GC(18) Concurrent Scan Root Regions
[2025-01-29T13:44:05.487+0000][7][safepoint   ] Safepoint "CollectForMetadataAllocation", Time since last: 336990393 ns, Reaching safepoint: 174133 ns, At safepoint: 12646516 ns, Total: 12820649 ns
[2025-01-29T13:44:05.496+0000][7][gc,marking  ] GC(18) Concurrent Scan Root Regions 9.332ms
[2025-01-29T13:44:05.496+0000][7][gc,marking  ] GC(18) Concurrent Mark (11.203s)
[2025-01-29T13:44:05.496+0000][7][gc,marking  ] GC(18) Concurrent Mark From Roots
[2025-01-29T13:44:05.496+0000][7][gc,task     ] GC(18) Using 2 workers of 2 for marking
[2025-01-29T13:44:05.508+0000][7][safepoint   ] Safepoint "CollectForMetadataAllocation", Time since last: 21399564 ns, Reaching safepoint: 217939 ns, At safepoint: 305924 ns, Total: 523863 ns
[2025-01-29T13:44:05.548+0000][7][safepoint   ] Safepoint "CollectForMetadataAllocation", Time since last: 27808276 ns, Reaching safepoint: 12020355 ns, At safepoint: 187205 ns, Total: 12207560 ns
[2025-01-29T13:44:05.557+0000][7][gc,marking  ] GC(18) Concurrent Mark From Roots 61.215ms
[2025-01-29T13:44:05.557+0000][7][gc,marking  ] GC(18) Concurrent Preclean
[2025-01-29T13:44:05.557+0000][7][gc,marking  ] GC(18) Concurrent Preclean 0.146ms
[2025-01-29T13:44:05.557+0000][7][gc,marking  ] GC(18) Concurrent Mark (11.203s, 11.265s) 61.428ms
[2025-01-29T13:44:05.558+0000][7][gc,start    ] GC(18) Pause Remark
[2025-01-29T13:44:05.561+0000][7][gc          ] GC(18) Pause Remark 63M->63M(256M) 3.111ms
[2025-01-29T13:44:05.561+0000][7][gc,cpu      ] GC(18) User=0.01s Sys=0.00s Real=0.00s
[2025-01-29T13:44:05.561+0000][7][safepoint   ] Safepoint "G1Concurrent", Time since last: 8881150 ns, Reaching safepoint: 246879 ns, At safepoint: 3204871 ns, Total: 3451750 ns
[2025-01-29T13:44:05.561+0000][7][gc,marking  ] GC(18) Concurrent Rebuild Remembered Sets
[2025-01-29T13:44:05.602+0000][7][gc,marking  ] GC(18) Concurrent Rebuild Remembered Sets 41.275ms
[2025-01-29T13:44:05.603+0000][7][gc,start    ] GC(18) Pause Cleanup
[2025-01-29T13:44:05.603+0000][7][gc          ] GC(18) Pause Cleanup 65M->65M(256M) 0.178ms
[2025-01-29T13:44:05.603+0000][7][gc,cpu      ] GC(18) User=0.00s Sys=0.00s Real=0.00s
[2025-01-29T13:44:05.603+0000][7][safepoint   ] Safepoint "G1Concurrent", Time since last: 41365319 ns, Reaching safepoint: 615518 ns, At safepoint: 286750 ns, Total: 902268 ns
[2025-01-29T13:44:05.603+0000][7][gc,marking  ] GC(18) Concurrent Cleanup for Next Mark
[2025-01-29T13:44:05.604+0000][7][gc,marking  ] GC(18) Concurrent Cleanup for Next Mark 0.488ms
[2025-01-29T13:44:05.604+0000][7][gc          ] GC(18) Concurrent Cycle 117.292ms
[2025-01-29T13:44:05.797+0000][7][gc,start    ] GC(19) Pause Young (Concurrent Start) (G1 Evacuation Pause)
[2025-01-29T13:44:05.797+0000][7][gc,task     ] GC(19) Using 6 workers of 8 for evacuation
[2025-01-29T13:44:05.797+0000][7][gc,age      ] GC(19) Desired survivor size 6291456 bytes, new threshold 15 (max threshold 15)
[2025-01-29T13:44:05.812+0000][7][gc,age      ] GC(19) Age table with threshold 15 (max threshold 15)
[2025-01-29T13:44:05.812+0000][7][gc,age      ] GC(19) - age   1:     546448 bytes,     546448 total
[2025-01-29T13:44:05.812+0000][7][gc,age      ] GC(19) - age   2:    5276288 bytes,    5822736 total
[2025-01-29T13:44:05.812+0000][7][gc,phases   ] GC(19)   Pre Evacuate Collection Set: 0.2ms
[2025-01-29T13:44:05.812+0000][7][gc,phases   ] GC(19)   Merge Heap Roots: 0.1ms
[2025-01-29T13:44:05.812+0000][7][gc,phases   ] GC(19)   Evacuate Collection Set: 13.8ms
[2025-01-29T13:44:05.812+0000][7][gc,phases   ] GC(19)   Post Evacuate Collection Set: 0.7ms
[2025-01-29T13:44:05.812+0000][7][gc,phases   ] GC(19)   Other: 0.3ms
[2025-01-29T13:44:05.812+0000][7][gc,heap     ] GC(19) Eden regions: 22->0(24)
[2025-01-29T13:44:05.812+0000][7][gc,heap     ] GC(19) Survivor regions: 2->2(3)
[2025-01-29T13:44:05.812+0000][7][gc,heap     ] GC(19) Old regions: 13->13
[2025-01-29T13:44:05.813+0000][7][gc,heap     ] GC(19) Archive regions: 2->2
[2025-01-29T13:44:05.813+0000][7][gc,heap     ] GC(19) Humongous regions: 0->0
[2025-01-29T13:44:05.813+0000][7][gc,metaspace] GC(19) Metaspace: 35671K(38016K)->35671K(38016K) NonClass: 31118K(32768K)->31118K(32768K) Class: 4553K(5248K)->4553K(5248K)
[2025-01-29T13:44:05.813+0000][7][gc          ] GC(19) Pause Young (Concurrent Start) (G1 Evacuation Pause) 148M->60M(256M) 15.419ms
[2025-01-29T13:44:05.813+0000][7][gc,cpu      ] GC(19) User=0.03s Sys=0.00s Real=0.02s
[2025-01-29T13:44:05.813+0000][7][gc          ] GC(20) Concurrent Cycle
[2025-01-29T13:44:05.813+0000][7][gc,marking  ] GC(20) Concurrent Clear Claimed Marks
[2025-01-29T13:44:05.813+0000][7][gc,marking  ] GC(20) Concurrent Clear Claimed Marks 0.091ms
[2025-01-29T13:44:05.813+0000][7][gc,marking  ] GC(20) Concurrent Scan Root Regions
[2025-01-29T13:44:05.813+0000][7][safepoint   ] Safepoint "G1CollectForAllocation", Time since last: 193967880 ns, Reaching safepoint: 125108 ns, At safepoint: 15666184 ns, Total: 15791292 ns
[2025-01-29T13:44:05.819+0000][7][gc,marking  ] GC(20) Concurrent Scan Root Regions 6.509ms
[2025-01-29T13:44:05.819+0000][7][gc,marking  ] GC(20) Concurrent Mark (11.527s)
[2025-01-29T13:44:05.819+0000][7][gc,marking  ] GC(20) Concurrent Mark From Roots
[2025-01-29T13:44:05.819+0000][7][gc,task     ] GC(20) Using 2 workers of 2 for marking
[2025-01-29T13:44:05.894+0000][7][gc,marking  ] GC(20) Concurrent Mark From Roots 74.181ms
[2025-01-29T13:44:05.894+0000][7][gc,marking  ] GC(20) Concurrent Preclean
[2025-01-29T13:44:05.894+0000][7][gc,marking  ] GC(20) Concurrent Preclean 0.183ms
[2025-01-29T13:44:05.894+0000][7][gc,marking  ] GC(20) Concurrent Mark (11.527s, 11.601s) 74.439ms
[2025-01-29T13:44:05.894+0000][7][gc,start    ] GC(20) Pause Remark
[2025-01-29T13:44:05.899+0000][7][gc          ] GC(20) Pause Remark 84M->84M(256M) 4.403ms
[2025-01-29T13:44:05.899+0000][7][gc,cpu      ] GC(20) User=0.01s Sys=0.00s Real=0.00s
[2025-01-29T13:44:05.899+0000][7][safepoint   ] Safepoint "G1Concurrent", Time since last: 81084678 ns, Reaching safepoint: 187624 ns, At safepoint: 4546668 ns, Total: 4734292 ns
[2025-01-29T13:44:05.899+0000][7][gc,marking  ] GC(20) Concurrent Rebuild Remembered Sets
[2025-01-29T13:44:05.939+0000][7][gc,marking  ] GC(20) Concurrent Rebuild Remembered Sets 40.325ms
[2025-01-29T13:44:05.939+0000][7][gc,start    ] GC(20) Pause Cleanup
[2025-01-29T13:44:05.939+0000][7][gc          ] GC(20) Pause Cleanup 88M->88M(256M) 0.127ms
[2025-01-29T13:44:05.939+0000][7][gc,cpu      ] GC(20) User=0.00s Sys=0.00s Real=0.00s
[2025-01-29T13:44:05.939+0000][7][safepoint   ] Safepoint "G1Concurrent", Time since last: 40482381 ns, Reaching safepoint: 128063 ns, At safepoint: 202484 ns, Total: 330547 ns
[2025-01-29T13:44:05.939+0000][7][gc,marking  ] GC(20) Concurrent Cleanup for Next Mark
[2025-01-29T13:44:05.940+0000][7][gc,marking  ] GC(20) Concurrent Cleanup for Next Mark 0.226ms
[2025-01-29T13:44:05.940+0000][7][gc          ] GC(20) Concurrent Cycle 127.063ms
[2025-01-29T13:44:07.038+0000][7][gc,start    ] GC(21) Pause Young (Normal) (G1 Evacuation Pause)
[2025-01-29T13:44:07.038+0000][7][gc,task     ] GC(21) Using 6 workers of 8 for evacuation
[2025-01-29T13:44:07.038+0000][7][gc,age      ] GC(21) Desired survivor size 8388608 bytes, new threshold 15 (max threshold 15)
[2025-01-29T13:44:07.046+0000][7][gc,age      ] GC(21) Age table with threshold 15 (max threshold 15)
[2025-01-29T13:44:07.046+0000][7][gc,age      ] GC(21) - age   1:    5195352 bytes,    5195352 total
[2025-01-29T13:44:07.046+0000][7][gc,age      ] GC(21) - age   2:     493584 bytes,    5688936 total
[2025-01-29T13:44:07.046+0000][7][gc,age      ] GC(21) - age   3:    5255224 bytes,   10944160 total
[2025-01-29T13:44:07.047+0000][7][gc,phases   ] GC(21)   Pre Evacuate Collection Set: 0.3ms
[2025-01-29T13:44:07.047+0000][7][gc,phases   ] GC(21)   Merge Heap Roots: 0.2ms
[2025-01-29T13:44:07.047+0000][7][gc,phases   ] GC(21)   Evacuate Collection Set: 5.7ms
[2025-01-29T13:44:07.047+0000][7][gc,phases   ] GC(21)   Post Evacuate Collection Set: 1.7ms
[2025-01-29T13:44:07.047+0000][7][gc,phases   ] GC(21)   Other: 0.2ms
[2025-01-29T13:44:07.047+0000][7][gc,heap     ] GC(21) Eden regions: 24->0(25)
[2025-01-29T13:44:07.047+0000][7][gc,heap     ] GC(21) Survivor regions: 2->3(4)
[2025-01-29T13:44:07.047+0000][7][gc,heap     ] GC(21) Old regions: 13->13
[2025-01-29T13:44:07.047+0000][7][gc,heap     ] GC(21) Archive regions: 2->2
[2025-01-29T13:44:07.047+0000][7][gc,heap     ] GC(21) Humongous regions: 0->0
[2025-01-29T13:44:07.047+0000][7][gc,metaspace] GC(21) Metaspace: 49492K(52480K)->49492K(52480K) NonClass: 42925K(45056K)->42925K(45056K) Class: 6567K(7424K)->6567K(7424K)
[2025-01-29T13:44:07.047+0000][7][gc          ] GC(21) Pause Young (Normal) (G1 Evacuation Pause) 156M->65M(256M) 8.212ms
[2025-01-29T13:44:07.047+0000][7][gc,cpu      ] GC(21) User=0.04s Sys=0.00s Real=0.01s
[2025-01-29T13:44:07.047+0000][7][safepoint   ] Safepoint "G1CollectForAllocation", Time since last: 1098593151 ns, Reaching safepoint: 307752 ns, At safepoint: 8326222 ns, Total: 8633974 ns
[2025-01-29T13:44:07.497+0000][7][gc,start    ] GC(22) Pause Young (Normal) (G1 Evacuation Pause)
[2025-01-29T13:44:07.497+0000][7][gc,task     ] GC(22) Using 6 workers of 8 for evacuation
[2025-01-29T13:44:07.497+0000][7][gc,age      ] GC(22) Desired survivor size 8388608 bytes, new threshold 3 (max threshold 15)
[2025-01-29T13:44:07.505+0000][7][gc,age      ] GC(22) Age table with threshold 3 (max threshold 15)
[2025-01-29T13:44:07.505+0000][7][gc,age      ] GC(22) - age   1:     789624 bytes,     789624 total
[2025-01-29T13:44:07.505+0000][7][gc,age      ] GC(22) - age   2:    4978744 bytes,    5768368 total
[2025-01-29T13:44:07.505+0000][7][gc,age      ] GC(22) - age   3:     492944 bytes,    6261312 total
[2025-01-29T13:44:07.505+0000][7][gc,phases   ] GC(22)   Pre Evacuate Collection Set: 0.2ms
[2025-01-29T13:44:07.505+0000][7][gc,phases   ] GC(22)   Merge Heap Roots: 0.1ms
[2025-01-29T13:44:07.505+0000][7][gc,phases   ] GC(22)   Evacuate Collection Set: 5.9ms
[2025-01-29T13:44:07.505+0000][7][gc,phases   ] GC(22)   Post Evacuate Collection Set: 1.2ms
[2025-01-29T13:44:07.505+0000][7][gc,phases   ] GC(22)   Other: 0.2ms
[2025-01-29T13:44:07.505+0000][7][gc,heap     ] GC(22) Eden regions: 25->0(26)
[2025-01-29T13:44:07.505+0000][7][gc,heap     ] GC(22) Survivor regions: 3->2(4)
[2025-01-29T13:44:07.505+0000][7][gc,heap     ] GC(22) Old regions: 13->14
[2025-01-29T13:44:07.505+0000][7][gc,heap     ] GC(22) Archive regions: 2->2
[2025-01-29T13:44:07.505+0000][7][gc,heap     ] GC(22) Humongous regions: 0->0
[2025-01-29T13:44:07.505+0000][7][gc,metaspace] GC(22) Metaspace: 51748K(54912K)->51748K(54912K) NonClass: 44825K(47104K)->44825K(47104K) Class: 6922K(7808K)->6922K(7808K)
[2025-01-29T13:44:07.505+0000][7][gc          ] GC(22) Pause Young (Normal) (G1 Evacuation Pause) 165M->65M(256M) 7.771ms
[2025-01-29T13:44:07.505+0000][7][gc,cpu      ] GC(22) User=0.04s Sys=0.01s Real=0.01s
[2025-01-29T13:44:07.505+0000][7][safepoint   ] Safepoint "G1CollectForAllocation", Time since last: 450690862 ns, Reaching safepoint: 261438 ns, At safepoint: 7872320 ns, Total: 8133758 ns
[2025-01-29T13:44:08.469+0000][7][safepoint   ] Safepoint "ICBufferFull", Time since last: 963212547 ns, Reaching safepoint: 384470 ns, At safepoint: 29819 ns, Total: 414289 ns
[2025-01-29T13:44:09.037+0000][7][gc,start    ] GC(23) Pause Young (Concurrent Start) (Metadata GC Threshold)
[2025-01-29T13:44:09.037+0000][7][gc,task     ] GC(23) Using 6 workers of 8 for evacuation
[2025-01-29T13:44:09.037+0000][7][gc,age      ] GC(23) Desired survivor size 8388608 bytes, new threshold 15 (max threshold 15)
[2025-01-29T13:44:09.051+0000][7][gc,age      ] GC(23) Age table with threshold 15 (max threshold 15)
[2025-01-29T13:44:09.051+0000][7][gc,age      ] GC(23) - age   1:    5976064 bytes,    5976064 total
[2025-01-29T13:44:09.051+0000][7][gc,age      ] GC(23) - age   2:     741424 bytes,    6717488 total
[2025-01-29T13:44:09.051+0000][7][gc,age      ] GC(23) - age   3:    4975136 bytes,   11692624 total
[2025-01-29T13:44:09.051+0000][7][gc,age      ] GC(23) - age   4:     492720 bytes,   12185344 total
[2025-01-29T13:44:09.051+0000][7][gc,phases   ] GC(23)   Pre Evacuate Collection Set: 0.4ms
[2025-01-29T13:44:09.051+0000][7][gc,phases   ] GC(23)   Merge Heap Roots: 0.2ms
[2025-01-29T13:44:09.051+0000][7][gc,phases   ] GC(23)   Evacuate Collection Set: 11.3ms
[2025-01-29T13:44:09.051+0000][7][gc,phases   ] GC(23)   Post Evacuate Collection Set: 2.0ms
[2025-01-29T13:44:09.051+0000][7][gc,phases   ] GC(23)   Other: 0.4ms
[2025-01-29T13:44:09.051+0000][7][gc,heap     ] GC(23) Eden regions: 20->0(26)
[2025-01-29T13:44:09.051+0000][7][gc,heap     ] GC(23) Survivor regions: 2->4(4)
[2025-01-29T13:44:09.051+0000][7][gc,heap     ] GC(23) Old regions: 14->14
[2025-01-29T13:44:09.051+0000][7][gc,heap     ] GC(23) Archive regions: 2->2
[2025-01-29T13:44:09.051+0000][7][gc,heap     ] GC(23) Humongous regions: 0->0
[2025-01-29T13:44:09.051+0000][7][gc,metaspace] GC(23) Metaspace: 60646K(63788K)->60646K(63788K) NonClass: 52672K(54956K)->52672K(54956K) Class: 7973K(8832K)->7973K(8832K)
[2025-01-29T13:44:09.051+0000][7][gc          ] GC(23) Pause Young (Concurrent Start) (Metadata GC Threshold) 145M->71M(256M) 14.499ms
[2025-01-29T13:44:09.051+0000][7][gc,cpu      ] GC(23) User=0.09s Sys=0.00s Real=0.02s
[2025-01-29T13:44:09.051+0000][7][gc          ] GC(24) Concurrent Cycle
[2025-01-29T13:44:09.051+0000][7][gc,marking  ] GC(24) Concurrent Clear Claimed Marks
[2025-01-29T13:44:09.051+0000][7][gc,marking  ] GC(24) Concurrent Clear Claimed Marks 0.118ms
[2025-01-29T13:44:09.051+0000][7][gc,marking  ] GC(24) Concurrent Scan Root Regions
[2025-01-29T13:44:09.051+0000][7][safepoint   ] Safepoint "CollectForMetadataAllocation", Time since last: 565354433 ns, Reaching safepoint: 2364869 ns, At safepoint: 14859198 ns, Total: 17224067 ns
[2025-01-29T13:44:09.060+0000][7][gc,marking  ] GC(24) Concurrent Scan Root Regions 8.496ms
[2025-01-29T13:44:09.060+0000][7][gc,marking  ] GC(24) Concurrent Mark (14.768s)
[2025-01-29T13:44:09.060+0000][7][gc,marking  ] GC(24) Concurrent Mark From Roots
[2025-01-29T13:44:09.060+0000][7][gc,task     ] GC(24) Using 2 workers of 2 for marking
[2025-01-29T13:44:09.068+0000][7][safepoint   ] Safepoint "CollectForMetadataAllocation", Time since last: 15563837 ns, Reaching safepoint: 459107 ns, At safepoint: 152333 ns, Total: 611440 ns
[2025-01-29T13:44:09.100+0000][7][safepoint   ] Safepoint "CollectForMetadataAllocation", Time since last: 31452540 ns, Reaching safepoint: 385625 ns, At safepoint: 304663 ns, Total: 690288 ns
[2025-01-29T13:44:09.118+0000][7][gc,marking  ] GC(24) Concurrent Mark From Roots 58.182ms
[2025-01-29T13:44:09.118+0000][7][gc,marking  ] GC(24) Concurrent Preclean
[2025-01-29T13:44:09.118+0000][7][gc,marking  ] GC(24) Concurrent Preclean 0.228ms
[2025-01-29T13:44:09.118+0000][7][gc,marking  ] GC(24) Concurrent Mark (14.768s, 14.826s) 58.494ms
[2025-01-29T13:44:09.119+0000][7][gc,start    ] GC(24) Pause Remark
[2025-01-29T13:44:09.121+0000][7][gc          ] GC(24) Pause Remark 79M->79M(256M) 2.612ms
[2025-01-29T13:44:09.121+0000][7][gc,cpu      ] GC(24) User=0.01s Sys=0.01s Real=0.01s
[2025-01-29T13:44:09.121+0000][7][safepoint   ] Safepoint "G1Concurrent", Time since last: 18760241 ns, Reaching safepoint: 146762 ns, At safepoint: 2751662 ns, Total: 2898424 ns
[2025-01-29T13:44:09.121+0000][7][gc,marking  ] GC(24) Concurrent Rebuild Remembered Sets
[2025-01-29T13:44:09.155+0000][7][gc,marking  ] GC(24) Concurrent Rebuild Remembered Sets 33.530ms
[2025-01-29T13:44:09.156+0000][7][gc,start    ] GC(24) Pause Cleanup
[2025-01-29T13:44:09.156+0000][7][gc          ] GC(24) Pause Cleanup 83M->83M(256M) 0.180ms
[2025-01-29T13:44:09.156+0000][7][gc,cpu      ] GC(24) User=0.00s Sys=0.00s Real=0.00s
[2025-01-29T13:44:09.156+0000][7][safepoint   ] Safepoint "G1Concurrent", Time since last: 33761765 ns, Reaching safepoint: 883412 ns, At safepoint: 261173 ns, Total: 1144585 ns
[2025-01-29T13:44:09.156+0000][7][gc,marking  ] GC(24) Concurrent Cleanup for Next Mark
[2025-01-29T13:44:09.157+0000][7][gc,marking  ] GC(24) Concurrent Cleanup for Next Mark 0.309ms
[2025-01-29T13:44:09.157+0000][7][gc          ] GC(24) Concurrent Cycle 105.472ms
[2025-01-29T13:44:10.212+0000][7][safepoint   ] Safepoint "Cleanup", Time since last: 1055268055 ns, Reaching safepoint: 391323 ns, At safepoint: 20979 ns, Total: 412302 ns
[2025-01-29T13:44:10.801+0000][7][gc,start    ] GC(25) Pause Young (Concurrent Start) (G1 Evacuation Pause)
[2025-01-29T13:44:10.801+0000][7][gc,task     ] GC(25) Using 6 workers of 8 for evacuation
[2025-01-29T13:44:10.801+0000][7][gc,age      ] GC(25) Desired survivor size 8388608 bytes, new threshold 3 (max threshold 15)
[2025-01-29T13:44:10.813+0000][7][gc,age      ] GC(25) Age table with threshold 3 (max threshold 15)
[2025-01-29T13:44:10.813+0000][7][gc,age      ] GC(25) - age   1:    5701744 bytes,    5701744 total
[2025-01-29T13:44:10.813+0000][7][gc,age      ] GC(25) - age   2:    5880216 bytes,   11581960 total
[2025-01-29T13:44:10.813+0000][7][gc,age      ] GC(25) - age   3:     735048 bytes,   12317008 total
[2025-01-29T13:44:10.813+0000][7][gc,phases   ] GC(25)   Pre Evacuate Collection Set: 0.3ms
[2025-01-29T13:44:10.813+0000][7][gc,phases   ] GC(25)   Merge Heap Roots: 0.2ms
[2025-01-29T13:44:10.813+0000][7][gc,phases   ] GC(25)   Evacuate Collection Set: 10.2ms
[2025-01-29T13:44:10.813+0000][7][gc,phases   ] GC(25)   Post Evacuate Collection Set: 1.3ms
[2025-01-29T13:44:10.813+0000][7][gc,phases   ] GC(25)   Other: 0.3ms
[2025-01-29T13:44:10.813+0000][7][gc,heap     ] GC(25) Eden regions: 26->0(25)
[2025-01-29T13:44:10.813+0000][7][gc,heap     ] GC(25) Survivor regions: 4->4(4)
[2025-01-29T13:44:10.813+0000][7][gc,heap     ] GC(25) Old regions: 14->16
[2025-01-29T13:44:10.813+0000][7][gc,heap     ] GC(25) Archive regions: 2->2
[2025-01-29T13:44:10.813+0000][7][gc,heap     ] GC(25) Humongous regions: 0->0
[2025-01-29T13:44:10.813+0000][7][gc,metaspace] GC(25) Metaspace: 76658K(80400K)->76658K(80400K) NonClass: 66369K(69060K)->66369K(69060K) Class: 10288K(11340K)->10288K(11340K)
[2025-01-29T13:44:10.813+0000][7][gc          ] GC(25) Pause Young (Concurrent Start) (G1 Evacuation Pause) 175M->77M(256M) 12.250ms
[2025-01-29T13:44:10.813+0000][7][gc,cpu      ] GC(25) User=0.08s Sys=0.00s Real=0.02s
[2025-01-29T13:44:10.813+0000][7][safepoint   ] Safepoint "G1CollectForAllocation", Time since last: 588636800 ns, Reaching safepoint: 217716 ns, At safepoint: 12379837 ns, Total: 12597553 ns
[2025-01-29T13:44:10.813+0000][7][gc          ] GC(26) Concurrent Cycle
[2025-01-29T13:44:10.813+0000][7][gc,marking  ] GC(26) Concurrent Clear Claimed Marks
[2025-01-29T13:44:10.813+0000][7][gc,marking  ] GC(26) Concurrent Clear Claimed Marks 0.109ms
[2025-01-29T13:44:10.813+0000][7][gc,marking  ] GC(26) Concurrent Scan Root Regions
[2025-01-29T13:44:10.827+0000][7][gc,marking  ] GC(26) Concurrent Scan Root Regions 13.394ms
[2025-01-29T13:44:10.827+0000][7][gc,marking  ] GC(26) Concurrent Mark (16.535s)
[2025-01-29T13:44:10.827+0000][7][gc,marking  ] GC(26) Concurrent Mark From Roots
[2025-01-29T13:44:10.827+0000][7][gc,task     ] GC(26) Using 2 workers of 2 for marking
[2025-01-29T13:44:10.882+0000][7][gc,marking  ] GC(26) Concurrent Mark From Roots 55.418ms
[2025-01-29T13:44:10.882+0000][7][gc,marking  ] GC(26) Concurrent Preclean
[2025-01-29T13:44:10.882+0000][7][gc,marking  ] GC(26) Concurrent Preclean 0.161ms
[2025-01-29T13:44:10.882+0000][7][gc,marking  ] GC(26) Concurrent Mark (16.535s, 16.590s) 55.633ms
[2025-01-29T13:44:10.883+0000][7][gc,start    ] GC(26) Pause Remark
[2025-01-29T13:44:10.885+0000][7][gc          ] GC(26) Pause Remark 87M->87M(256M) 2.574ms
[2025-01-29T13:44:10.886+0000][7][gc,cpu      ] GC(26) User=0.01s Sys=0.00s Real=0.00s
[2025-01-29T13:44:10.886+0000][7][safepoint   ] Safepoint "G1Concurrent", Time since last: 69393181 ns, Reaching safepoint: 251459 ns, At safepoint: 2725816 ns, Total: 2977275 ns
[2025-01-29T13:44:10.886+0000][7][gc,marking  ] GC(26) Concurrent Rebuild Remembered Sets
[2025-01-29T13:44:10.923+0000][7][gc,marking  ] GC(26) Concurrent Rebuild Remembered Sets 37.419ms
[2025-01-29T13:44:10.924+0000][7][gc,start    ] GC(26) Pause Cleanup
[2025-01-29T13:44:10.924+0000][7][gc          ] GC(26) Pause Cleanup 91M->91M(256M) 0.159ms
[2025-01-29T13:44:10.924+0000][7][gc,cpu      ] GC(26) User=0.00s Sys=0.00s Real=0.00s
[2025-01-29T13:44:10.924+0000][7][safepoint   ] Safepoint "G1Concurrent", Time since last: 37866699 ns, Reaching safepoint: 333548 ns, At safepoint: 213725 ns, Total: 547273 ns
[2025-01-29T13:44:10.924+0000][7][gc,marking  ] GC(26) Concurrent Cleanup for Next Mark
[2025-01-29T13:44:10.924+0000][7][gc,marking  ] GC(26) Concurrent Cleanup for Next Mark 0.269ms
[2025-01-29T13:44:10.924+0000][7][gc          ] GC(26) Concurrent Cycle 111.096ms
[2025-01-29T13:44:11.925+0000][7][safepoint   ] Safepoint "Cleanup", Time since last: 1000260724 ns, Reaching safepoint: 382831 ns, At safepoint: 51156 ns, Total: 433987 ns
[2025-01-29T13:44:12.926+0000][7][safepoint   ] Safepoint "Cleanup", Time since last: 1000630610 ns, Reaching safepoint: 631807 ns, At safepoint: 6000 ns, Total: 637807 ns
[2025-01-29T13:44:14.927+0000][7][safepoint   ] Safepoint "Cleanup", Time since last: 2000841771 ns, Reaching safepoint: 198222 ns, At safepoint: 23042 ns, Total: 221264 ns
[2025-01-29T13:44:15.927+0000][7][safepoint   ] Safepoint "Cleanup", Time since last: 1000164371 ns, Reaching safepoint: 135917 ns, At safepoint: 19446 ns, Total: 155363 ns
[2025-01-29T13:44:16.928+0000][7][safepoint   ] Safepoint "Cleanup", Time since last: 1000184040 ns, Reaching safepoint: 227301 ns, At safepoint: 16803 ns, Total: 244104 ns
[2025-01-29T13:44:17.928+0000][7][safepoint   ] Safepoint "Cleanup", Time since last: 1000217932 ns, Reaching safepoint: 292879 ns, At safepoint: 38247 ns, Total: 331126 ns
[2025-01-29T13:44:18.929+0000][7][safepoint   ] Safepoint "Cleanup", Time since last: 1000251280 ns, Reaching safepoint: 254402 ns, At safepoint: 29494 ns, Total: 283896 ns
[2025-01-29T13:44:21.930+0000][7][safepoint   ] Safepoint "Cleanup", Time since last: 3000693651 ns, Reaching safepoint: 502133 ns, At safepoint: 126279 ns, Total: 628412 ns
[2025-01-29T13:44:22.931+0000][7][safepoint   ] Safepoint "Cleanup", Time since last: 1000253698 ns, Reaching safepoint: 351556 ns, At safepoint: 44768 ns, Total: 396324 ns
[2025-01-29T13:44:25.932+0000][7][safepoint   ] Safepoint "Cleanup", Time since last: 3000608381 ns, Reaching safepoint: 166818 ns, At safepoint: 23701 ns, Total: 190519 ns
[2025-01-29T13:44:31.933+0000][7][safepoint   ] Safepoint "Cleanup", Time since last: 6000821661 ns, Reaching safepoint: 222369 ns, At safepoint: 39601 ns, Total: 261970 ns
[2025-01-29T13:44:36.934+0000][7][safepoint   ] Safepoint "Cleanup", Time since last: 5000795574 ns, Reaching safepoint: 193478 ns, At safepoint: 3750 ns, Total: 197228 ns
[2025-01-29T13:44:37.934+0000][7][safepoint   ] Safepoint "Cleanup", Time since last: 1000314353 ns, Reaching safepoint: 297853 ns, At safepoint: 41205 ns, Total: 339058 ns
[2025-01-29T13:44:39.936+0000][7][safepoint   ] Safepoint "Cleanup", Time since last: 2001604761 ns, Reaching safepoint: 166267 ns, At safepoint: 5240 ns, Total: 171507 ns
[2025-01-29T13:44:41.937+0000][7][safepoint   ] Safepoint "Cleanup", Time since last: 2000379361 ns, Reaching safepoint: 284679 ns, At safepoint: 43785 ns, Total: 328464 ns
[2025-01-29T13:44:42.937+0000][7][safepoint   ] Safepoint "Cleanup", Time since last: 1000199078 ns, Reaching safepoint: 226594 ns, At safepoint: 23368 ns, Total: 249962 ns
[2025-01-29T13:44:45.938+0000][7][safepoint   ] Safepoint "Cleanup", Time since last: 3000399244 ns, Reaching safepoint: 218028 ns, At safepoint: 20873 ns, Total: 238901 ns
[2025-01-29T13:44:59.940+0000][7][safepoint   ] Safepoint "Cleanup", Time since last: 14002438559 ns, Reaching safepoint: 240924 ns, At safepoint: 23596 ns, Total: 264520 ns
[2025-01-29T13:45:04.942+0000][7][safepoint   ] Safepoint "Cleanup", Time since last: 5000930074 ns, Reaching safepoint: 289379 ns, At safepoint: 37652 ns, Total: 327031 ns
[2025-01-29T13:45:06.942+0000][7][safepoint   ] Safepoint "Cleanup", Time since last: 2000241896 ns, Reaching safepoint: 134832 ns, At safepoint: 18002 ns, Total: 152834 ns
[2025-01-29T13:45:07.942+0000][7][safepoint   ] Safepoint "Cleanup", Time since last: 1000180916 ns, Reaching safepoint: 159292 ns, At safepoint: 17969 ns, Total: 177261 ns
[2025-01-29T13:45:08.942+0000][7][safepoint   ] Safepoint "Cleanup", Time since last: 1000142500 ns, Reaching safepoint: 165860 ns, At safepoint: 6655 ns, Total: 172515 ns
[2025-01-29T13:45:11.860+0000][7][gc,start    ] GC(27) Pause Young (Normal) (G1 Evacuation Pause)
[2025-01-29T13:45:11.860+0000][7][gc,task     ] GC(27) Using 6 workers of 8 for evacuation
[2025-01-29T13:45:11.860+0000][7][gc,age      ] GC(27) Desired survivor size 8388608 bytes, new threshold 2 (max threshold 15)
[2025-01-29T13:45:11.888+0000][7][gc,age      ] GC(27) Age table with threshold 2 (max threshold 15)
[2025-01-29T13:45:11.888+0000][7][gc,age      ] GC(27) - age   1:    4076688 bytes,    4076688 total
[2025-01-29T13:45:11.888+0000][7][gc,age      ] GC(27) - age   2:    5135272 bytes,    9211960 total
[2025-01-29T13:45:11.888+0000][7][gc,phases   ] GC(27)   Pre Evacuate Collection Set: 0.3ms
[2025-01-29T13:45:11.888+0000][7][gc,phases   ] GC(27)   Merge Heap Roots: 0.4ms
[2025-01-29T13:45:11.888+0000][7][gc,phases   ] GC(27)   Evacuate Collection Set: 24.2ms
[2025-01-29T13:45:11.888+0000][7][gc,phases   ] GC(27)   Post Evacuate Collection Set: 2.8ms
[2025-01-29T13:45:11.888+0000][7][gc,phases   ] GC(27)   Other: 0.4ms
[2025-01-29T13:45:11.888+0000][7][gc,heap     ] GC(27) Eden regions: 25->0(26)
[2025-01-29T13:45:11.888+0000][7][gc,heap     ] GC(27) Survivor regions: 4->3(4)
[2025-01-29T13:45:11.888+0000][7][gc,heap     ] GC(27) Old regions: 16->17
[2025-01-29T13:45:11.888+0000][7][gc,heap     ] GC(27) Archive regions: 2->2
[2025-01-29T13:45:11.888+0000][7][gc,heap     ] GC(27) Humongous regions: 0->0
[2025-01-29T13:45:11.888+0000][7][gc,metaspace] GC(27) Metaspace: 88288K(92432K)->88288K(92432K) NonClass: 76313K(79300K)->76313K(79300K) Class: 11974K(13132K)->11974K(13132K)
[2025-01-29T13:45:11.888+0000][7][gc          ] GC(27) Pause Young (Normal) (G1 Evacuation Pause) 177M->81M(256M) 28.232ms
[2025-01-29T13:45:11.888+0000][7][gc,cpu      ] GC(27) User=0.13s Sys=0.01s Real=0.03s
[2025-01-29T13:45:11.888+0000][7][safepoint   ] Safepoint "G1CollectForAllocation", Time since last: 2916904262 ns, Reaching safepoint: 602357 ns, At safepoint: 28496381 ns, Total: 29098738 ns
[2025-01-29T13:45:12.889+0000][7][safepoint   ] Safepoint "Cleanup", Time since last: 1000166764 ns, Reaching safepoint: 206956 ns, At safepoint: 27713 ns, Total: 234669 ns
[2025-01-29T13:45:18.738+0000][7][safepoint   ] Safepoint "Cleanup", Time since last: 5848757720 ns, Reaching safepoint: 176869 ns, At safepoint: 23584 ns, Total: 200453 ns
[2025-01-29T13:45:19.738+0000][7][safepoint   ] Safepoint "Cleanup", Time since last: 1000266517 ns, Reaching safepoint: 318383 ns, At safepoint: 53718 ns, Total: 372101 ns
[2025-01-29T13:45:21.740+0000][7][safepoint   ] Safepoint "Cleanup", Time since last: 2001280876 ns, Reaching safepoint: 295063 ns, At safepoint: 9935 ns, Total: 304998 ns
[2025-01-29T13:45:22.741+0000][7][safepoint   ] Safepoint "Cleanup", Time since last: 1000227615 ns, Reaching safepoint: 533651 ns, At safepoint: 47181 ns, Total: 580832 ns
[2025-01-29T13:45:31.743+0000][7][safepoint   ] Safepoint "Cleanup", Time since last: 9002102363 ns, Reaching safepoint: 249773 ns, At safepoint: 30854 ns, Total: 280627 ns
[2025-01-29T13:45:32.744+0000][7][safepoint   ] Safepoint "Cleanup", Time since last: 1000185724 ns, Reaching safepoint: 285063 ns, At safepoint: 57167 ns, Total: 342230 ns
[2025-01-29T13:45:42.746+0000][7][safepoint   ] Safepoint "Cleanup", Time since last: 10002012883 ns, Reaching safepoint: 256479 ns, At safepoint: 40720 ns, Total: 297199 ns
[2025-01-29T13:45:49.748+0000][7][safepoint   ] Safepoint "Cleanup", Time since last: 7001933066 ns, Reaching safepoint: 243606 ns, At safepoint: 9623 ns, Total: 253229 ns
[2025-01-29T13:45:52.749+0000][7][safepoint   ] Safepoint "Cleanup", Time since last: 3000840584 ns, Reaching safepoint: 332306 ns, At safepoint: 48835 ns, Total: 381141 ns
[2025-01-29T13:45:53.750+0000][7][safepoint   ] Safepoint "Cleanup", Time since last: 1000250923 ns, Reaching safepoint: 335360 ns, At safepoint: 62050 ns, Total: 397410 ns
[2025-01-29T13:45:54.750+0000][7][safepoint   ] Safepoint "Cleanup", Time since last: 1000154449 ns, Reaching safepoint: 176103 ns, At safepoint: 19554 ns, Total: 195657 ns
[2025-01-29T13:46:01.752+0000][7][safepoint   ] Safepoint "Cleanup", Time since last: 7001345145 ns, Reaching safepoint: 367882 ns, At safepoint: 33839 ns, Total: 401721 ns
[2025-01-29T13:46:07.759+0000][7][safepoint   ] Safepoint "Cleanup", Time since last: 6006654481 ns, Reaching safepoint: 348476 ns, At safepoint: 30839 ns, Total: 379315 ns
[2025-01-29T13:46:11.760+0000][7][safepoint   ] Safepoint "Cleanup", Time since last: 4000826015 ns, Reaching safepoint: 319392 ns, At safepoint: 23912 ns, Total: 343304 ns
[2025-01-29T13:46:12.761+0000][7][safepoint   ] Safepoint "Cleanup", Time since last: 1000224592 ns, Reaching safepoint: 374151 ns, At safepoint: 59393 ns, Total: 433544 ns
[2025-01-29T13:46:17.763+0000][7][safepoint   ] Safepoint "Cleanup", Time since last: 5001975981 ns, Reaching safepoint: 191097 ns, At safepoint: 41417 ns, Total: 232514 ns
[2025-01-29T13:46:18.763+0000][7][safepoint   ] Safepoint "Cleanup", Time since last: 1000352133 ns, Reaching safepoint: 308172 ns, At safepoint: 13469 ns, Total: 321641 ns
[2025-01-29T13:46:19.764+0000][7][safepoint   ] Safepoint "Cleanup", Time since last: 1000221141 ns, Reaching safepoint: 186311 ns, At safepoint: 30610 ns, Total: 216921 ns
[2025-01-29T13:46:22.765+0000][7][safepoint   ] Safepoint "Cleanup", Time since last: 3000835770 ns, Reaching safepoint: 377093 ns, At safepoint: 47872 ns, Total: 424965 ns
[2025-01-29T13:46:30.767+0000][7][safepoint   ] Safepoint "Cleanup", Time since last: 8001430569 ns, Reaching safepoint: 452155 ns, At safepoint: 62564 ns, Total: 514719 ns
[2025-01-29T13:46:31.767+0000][7][safepoint   ] Safepoint "Cleanup", Time since last: 1000196692 ns, Reaching safepoint: 194567 ns, At safepoint: 20174 ns, Total: 214741 ns
[2025-01-29T13:46:37.771+0000][7][safepoint   ] Safepoint "Cleanup", Time since last: 6003943644 ns, Reaching safepoint: 246273 ns, At safepoint: 14513 ns, Total: 260786 ns
[2025-01-29T13:46:38.772+0000][7][safepoint   ] Safepoint "Cleanup", Time since last: 1000313651 ns, Reaching safepoint: 288390 ns, At safepoint: 52941 ns, Total: 341331 ns
[2025-01-29T13:46:42.773+0000][7][safepoint   ] Safepoint "Cleanup", Time since last: 4000941019 ns, Reaching safepoint: 209691 ns, At safepoint: 24948 ns, Total: 234639 ns
[2025-01-29T13:46:48.775+0000][7][safepoint   ] Safepoint "Cleanup", Time since last: 6000965722 ns, Reaching safepoint: 437885 ns, At safepoint: 59991 ns, Total: 497876 ns
[2025-01-29T13:46:53.777+0000][7][safepoint   ] Safepoint "Cleanup", Time since last: 5001153509 ns, Reaching safepoint: 799958 ns, At safepoint: 185966 ns, Total: 985924 ns
[2025-01-29T13:46:57.778+0000][7][safepoint   ] Safepoint "Cleanup", Time since last: 4001123321 ns, Reaching safepoint: 403594 ns, At safepoint: 79176 ns, Total: 482770 ns
[2025-01-29T13:47:11.781+0000][7][safepoint   ] Safepoint "Cleanup", Time since last: 14002864694 ns, Reaching safepoint: 218135 ns, At safepoint: 19082 ns, Total: 237217 ns
[2025-01-29T13:47:12.782+0000][7][safepoint   ] Safepoint "Cleanup", Time since last: 1000325204 ns, Reaching safepoint: 409083 ns, At safepoint: 48189 ns, Total: 457272 ns
[2025-01-29T13:47:17.783+0000][7][safepoint   ] Safepoint "Cleanup", Time since last: 5000947888 ns, Reaching safepoint: 342661 ns, At safepoint: 38318 ns, Total: 380979 ns
[2025-01-29T13:47:19.784+0000][7][safepoint   ] Safepoint "Cleanup", Time since last: 2000601518 ns, Reaching safepoint: 290172 ns, At safepoint: 48112 ns, Total: 338284 ns
[2025-01-29T13:47:22.785+0000][7][safepoint   ] Safepoint "Cleanup", Time since last: 3000629524 ns, Reaching safepoint: 323401 ns, At safepoint: 47337 ns, Total: 370738 ns
[2025-01-29T13:47:27.786+0000][7][safepoint   ] Safepoint "Cleanup", Time since last: 5000913294 ns, Reaching safepoint: 298343 ns, At safepoint: 10959 ns, Total: 309302 ns
[2025-01-29T13:47:42.790+0000][7][safepoint   ] Safepoint "Cleanup", Time since last: 15003179056 ns, Reaching safepoint: 383552 ns, At safepoint: 21136 ns, Total: 404688 ns
[2025-01-29T13:47:57.793+0000][7][safepoint   ] Safepoint "Cleanup", Time since last: 15002777444 ns, Reaching safepoint: 451248 ns, At safepoint: 70322 ns, Total: 521570 ns
[2025-01-29T13:48:07.795+0000][7][safepoint   ] Safepoint "Cleanup", Time since last: 10001739078 ns, Reaching safepoint: 150772 ns, At safepoint: 20335 ns, Total: 171107 ns
[2025-01-29T13:48:11.796+0000][7][safepoint   ] Safepoint "Cleanup", Time since last: 4001009009 ns, Reaching safepoint: 312556 ns, At safepoint: 89791 ns, Total: 402347 ns
[2025-01-29T13:48:12.797+0000][7][safepoint   ] Safepoint "Cleanup", Time since last: 1000256238 ns, Reaching safepoint: 383201 ns, At safepoint: 51708 ns, Total: 434909 ns
[2025-01-29T13:48:14.797+0000][7][safepoint   ] Safepoint "Cleanup", Time since last: 2000354454 ns, Reaching safepoint: 173420 ns, At safepoint: 24116 ns, Total: 197536 ns
[2025-01-29T13:48:19.799+0000][7][safepoint   ] Safepoint "Cleanup", Time since last: 5001011622 ns, Reaching safepoint: 188167 ns, At safepoint: 20863 ns, Total: 209030 ns
[2025-01-29T13:48:42.804+0000][7][safepoint   ] Safepoint "Cleanup", Time since last: 23004903027 ns, Reaching safepoint: 514210 ns, At safepoint: 11667 ns, Total: 525877 ns
[2025-01-29T13:49:02.808+0000][7][safepoint   ] Safepoint "Cleanup", Time since last: 20004055723 ns, Reaching safepoint: 421619 ns, At safepoint: 39452 ns, Total: 461071 ns
[2025-01-29T13:49:03.809+0000][7][safepoint   ] Safepoint "Cleanup", Time since last: 1000215309 ns, Reaching safepoint: 218999 ns, At safepoint: 33572 ns, Total: 252571 ns
[2025-01-29T13:49:12.811+0000][7][safepoint   ] Safepoint "Cleanup", Time since last: 9001814411 ns, Reaching safepoint: 297332 ns, At safepoint: 50711 ns, Total: 348043 ns
[2025-01-29T13:49:19.813+0000][7][safepoint   ] Safepoint "Cleanup", Time since last: 7001440310 ns, Reaching safepoint: 502384 ns, At safepoint: 60599 ns, Total: 562983 ns
[2025-01-29T13:49:27.815+0000][7][safepoint   ] Safepoint "Cleanup", Time since last: 8001246126 ns, Reaching safepoint: 262922 ns, At safepoint: 41956 ns, Total: 304878 ns
[2025-01-29T13:49:42.818+0000][7][safepoint   ] Safepoint "Cleanup", Time since last: 15003347776 ns, Reaching safepoint: 341444 ns, At safepoint: 48677 ns, Total: 390121 ns
[2025-01-29T13:49:49.819+0000][7][safepoint   ] Safepoint "Cleanup", Time since last: 7000983957 ns, Reaching safepoint: 164372 ns, At safepoint: 19066 ns, Total: 183438 ns
[2025-01-29T13:50:19.825+0000][7][safepoint   ] Safepoint "Cleanup", Time since last: 30004846528 ns, Reaching safepoint: 280860 ns, At safepoint: 29890 ns, Total: 310750 ns
[2025-01-29T13:50:36.827+0000][7][safepoint   ] Safepoint "Cleanup", Time since last: 17002272933 ns, Reaching safepoint: 232806 ns, At safepoint: 28466 ns, Total: 261272 ns
[2025-01-29T13:51:02.410+0000][7][gc,start    ] GC(28) Pause Young (Normal) (G1 Evacuation Pause)
[2025-01-29T13:51:02.410+0000][7][gc,task     ] GC(28) Using 6 workers of 8 for evacuation
[2025-01-29T13:51:02.410+0000][7][gc,age      ] GC(28) Desired survivor size 8388608 bytes, new threshold 2 (max threshold 15)
[2025-01-29T13:51:02.435+0000][7][gc,age      ] GC(28) Age table with threshold 2 (max threshold 15)
[2025-01-29T13:51:02.435+0000][7][gc,age      ] GC(28) - age   1:     427680 bytes,     427680 total
[2025-01-29T13:51:02.435+0000][7][gc,age      ] GC(28) - age   2:    3921744 bytes,    4349424 total
[2025-01-29T13:51:02.435+0000][7][gc,phases   ] GC(28)   Pre Evacuate Collection Set: 0.5ms
[2025-01-29T13:51:02.435+0000][7][gc,phases   ] GC(28)   Merge Heap Roots: 0.5ms
[2025-01-29T13:51:02.435+0000][7][gc,phases   ] GC(28)   Evacuate Collection Set: 21.6ms
[2025-01-29T13:51:02.435+0000][7][gc,phases   ] GC(28)   Post Evacuate Collection Set: 2.3ms
[2025-01-29T13:51:02.435+0000][7][gc,phases   ] GC(28)   Other: 0.5ms
[2025-01-29T13:51:02.435+0000][7][gc,heap     ] GC(28) Eden regions: 26->0(26)
[2025-01-29T13:51:02.435+0000][7][gc,heap     ] GC(28) Survivor regions: 3->2(4)
[2025-01-29T13:51:02.435+0000][7][gc,heap     ] GC(28) Old regions: 17->19
[2025-01-29T13:51:02.435+0000][7][gc,heap     ] GC(28) Archive regions: 2->2
[2025-01-29T13:51:02.435+0000][7][gc,heap     ] GC(28) Humongous regions: 0->0
[2025-01-29T13:51:02.435+0000][7][gc,metaspace] GC(28) Metaspace: 90208K(94480K)->90208K(94480K) NonClass: 78019K(81092K)->78019K(81092K) Class: 12188K(13388K)->12188K(13388K)
[2025-01-29T13:51:02.436+0000][7][gc          ] GC(28) Pause Young (Normal) (G1 Evacuation Pause) 185M->82M(256M) 25.521ms
[2025-01-29T13:51:02.436+0000][7][gc,cpu      ] GC(28) User=0.14s Sys=0.00s Real=0.02s
[2025-01-29T13:51:02.436+0000][7][safepoint   ] Safepoint "G1CollectForAllocation", Time since last: 25582085791 ns, Reaching safepoint: 469333 ns, At safepoint: 25837313 ns, Total: 26306646 ns
[2025-01-29T13:51:03.436+0000][7][safepoint   ] Safepoint "Cleanup", Time since last: 1000266930 ns, Reaching safepoint: 227114 ns, At safepoint: 20570 ns, Total: 247684 ns
[2025-01-29T13:51:08.438+0000][7][safepoint   ] Safepoint "Cleanup", Time since last: 5001247825 ns, Reaching safepoint: 495574 ns, At safepoint: 69473 ns, Total: 565047 ns
[2025-01-29T13:51:13.439+0000][7][safepoint   ] Safepoint "Cleanup", Time since last: 5000872501 ns, Reaching safepoint: 185362 ns, At safepoint: 48521 ns, Total: 233883 ns
[2025-01-29T13:52:20.451+0000][7][safepoint   ] Safepoint "Cleanup", Time since last: 67011356915 ns, Reaching safepoint: 390700 ns, At safepoint: 64403 ns, Total: 455103 ns
[2025-01-29T13:53:17.462+0000][7][safepoint   ] Safepoint "Cleanup", Time since last: 57009822111 ns, Reaching safepoint: 232973 ns, At safepoint: 32413 ns, Total: 265386 ns
[2025-01-29T13:53:18.462+0000][7][safepoint   ] Safepoint "Cleanup", Time since last: 1000261245 ns, Reaching safepoint: 300339 ns, At safepoint: 44280 ns, Total: 344619 ns
[2025-01-29T13:53:20.464+0000][7][safepoint   ] Safepoint "Cleanup", Time since last: 2000707752 ns, Reaching safepoint: 398363 ns, At safepoint: 49472 ns, Total: 447835 ns
[2025-01-29T13:54:08.472+0000][7][safepoint   ] Safepoint "Cleanup", Time since last: 48008180317 ns, Reaching safepoint: 386518 ns, At safepoint: 46259 ns, Total: 432777 ns
[2025-01-29T13:54:11.473+0000][7][safepoint   ] Safepoint "Cleanup", Time since last: 3000667288 ns, Reaching safepoint: 233211 ns, At safepoint: 83638 ns, Total: 316849 ns
[2025-01-29T13:54:12.474+0000][7][safepoint   ] Safepoint "Cleanup", Time since last: 1000236658 ns, Reaching safepoint: 402475 ns, At safepoint: 48374 ns, Total: 450849 ns
[2025-01-29T13:54:15.475+0000][7][safepoint   ] Safepoint "Cleanup", Time since last: 3000572507 ns, Reaching safepoint: 390175 ns, At safepoint: 54390 ns, Total: 444565 ns
[2025-01-29T13:54:16.475+0000][7][safepoint   ] Safepoint "Cleanup", Time since last: 1000235942 ns, Reaching safepoint: 284687 ns, At safepoint: 40585 ns, Total: 325272 ns
[2025-01-29T13:54:22.477+0000][7][safepoint   ] Safepoint "Cleanup", Time since last: 6001124425 ns, Reaching safepoint: 485668 ns, At safepoint: 47042 ns, Total: 532710 ns
[2025-01-29T13:54:23.478+0000][7][safepoint   ] Safepoint "Cleanup", Time since last: 1000230185 ns, Reaching safepoint: 342196 ns, At safepoint: 43376 ns, Total: 385572 ns
[2025-01-29T13:54:26.478+0000][7][safepoint   ] Safepoint "Cleanup", Time since last: 3000495731 ns, Reaching safepoint: 247626 ns, At safepoint: 32395 ns, Total: 280021 ns
[2025-01-29T13:54:27.480+0000][7][safepoint   ] Safepoint "Cleanup", Time since last: 1001021349 ns, Reaching safepoint: 727486 ns, At safepoint: 18140 ns, Total: 745626 ns
[2025-01-29T13:54:28.481+0000][7][safepoint   ] Safepoint "Cleanup", Time since last: 1000306948 ns, Reaching safepoint: 361034 ns, At safepoint: 19021 ns, Total: 380055 ns
[2025-01-29T13:54:42.484+0000][7][safepoint   ] Safepoint "Cleanup", Time since last: 14003256100 ns, Reaching safepoint: 262191 ns, At safepoint: 27997 ns, Total: 290188 ns
[2025-01-29T13:55:12.494+0000][7][safepoint   ] Safepoint "Cleanup", Time since last: 30009447013 ns, Reaching safepoint: 180516 ns, At safepoint: 7712 ns, Total: 188228 ns
[2025-01-29T13:55:15.093+0000][7][safepoint   ] Safepoint "Cleanup", Time since last: 2598969602 ns, Reaching safepoint: 335385 ns, At safepoint: 29501 ns, Total: 364886 ns
[2025-01-29T13:55:50.101+0000][7][safepoint   ] Safepoint "Cleanup", Time since last: 35007251776 ns, Reaching safepoint: 421370 ns, At safepoint: 48101 ns, Total: 469471 ns
[2025-01-29T13:56:03.104+0000][7][safepoint   ] Safepoint "Cleanup", Time since last: 13002610758 ns, Reaching safepoint: 401805 ns, At safepoint: 51625 ns, Total: 453430 ns
[2025-01-29T13:56:12.106+0000][7][safepoint   ] Safepoint "Cleanup", Time since last: 9002240799 ns, Reaching safepoint: 291576 ns, At safepoint: 40504 ns, Total: 332080 ns
[2025-01-29T13:56:13.107+0000][7][safepoint   ] Safepoint "Cleanup", Time since last: 1000384625 ns, Reaching safepoint: 616088 ns, At safepoint: 80599 ns, Total: 696687 ns
[2025-01-29T13:56:16.108+0000][7][safepoint   ] Safepoint "Cleanup", Time since last: 3000740413 ns, Reaching safepoint: 308961 ns, At safepoint: 52709 ns, Total: 361670 ns
[2025-01-29T13:56:31.110+0000][7][safepoint   ] Safepoint "Cleanup", Time since last: 15001894728 ns, Reaching safepoint: 141446 ns, At safepoint: 15389 ns, Total: 156835 ns
[2025-01-29T13:57:12.118+0000][7][safepoint   ] Safepoint "Cleanup", Time since last: 41008602663 ns, Reaching safepoint: 329196 ns, At safepoint: 32184 ns, Total: 361380 ns
[2025-01-29T13:57:13.119+0000][7][safepoint   ] Safepoint "Cleanup", Time since last: 1000752974 ns, Reaching safepoint: 264781 ns, At safepoint: 27641 ns, Total: 292422 ns
[2025-01-29T13:57:22.693+0000][7][gc,start    ] GC(29) Pause Young (Concurrent Start) (G1 Evacuation Pause)
[2025-01-29T13:57:22.693+0000][7][gc,task     ] GC(29) Using 6 workers of 8 for evacuation
[2025-01-29T13:57:22.693+0000][7][gc,age      ] GC(29) Desired survivor size 8388608 bytes, new threshold 15 (max threshold 15)
[2025-01-29T13:57:22.703+0000][7][gc,age      ] GC(29) Age table with threshold 15 (max threshold 15)
[2025-01-29T13:57:22.703+0000][7][gc,age      ] GC(29) - age   1:       8152 bytes,       8152 total
[2025-01-29T13:57:22.703+0000][7][gc,age      ] GC(29) - age   2:     369856 bytes,     378008 total
[2025-01-29T13:57:22.703+0000][7][gc,age      ] GC(29) - age   3:    3613960 bytes,    3991968 total
[2025-01-29T13:57:22.703+0000][7][gc,phases   ] GC(29)   Pre Evacuate Collection Set: 0.4ms
[2025-01-29T13:57:22.703+0000][7][gc,phases   ] GC(29)   Merge Heap Roots: 0.1ms
[2025-01-29T13:57:22.703+0000][7][gc,phases   ] GC(29)   Evacuate Collection Set: 7.3ms
[2025-01-29T13:57:22.703+0000][7][gc,phases   ] GC(29)   Post Evacuate Collection Set: 1.9ms
[2025-01-29T13:57:22.703+0000][7][gc,phases   ] GC(29)   Other: 0.5ms
[2025-01-29T13:57:22.703+0000][7][gc,heap     ] GC(29) Eden regions: 26->0(27)
[2025-01-29T13:57:22.703+0000][7][gc,heap     ] GC(29) Survivor regions: 2->2(4)
[2025-01-29T13:57:22.703+0000][7][gc,heap     ] GC(29) Old regions: 19->19
[2025-01-29T13:57:22.703+0000][7][gc,heap     ] GC(29) Archive regions: 2->2
[2025-01-29T13:57:22.703+0000][7][gc,heap     ] GC(29) Humongous regions: 0->0
[2025-01-29T13:57:22.703+0000][7][gc,metaspace] GC(29) Metaspace: 90261K(94480K)->90261K(94480K) NonClass: 78072K(81092K)->78072K(81092K) Class: 12188K(13388K)->12188K(13388K)
[2025-01-29T13:57:22.704+0000][7][gc          ] GC(29) Pause Young (Concurrent Start) (G1 Evacuation Pause) 186M->81M(256M) 10.334ms
[2025-01-29T13:57:22.704+0000][7][gc,cpu      ] GC(29) User=0.04s Sys=0.00s Real=0.01s
[2025-01-29T13:57:22.704+0000][7][gc          ] GC(30) Concurrent Cycle
[2025-01-29T13:57:22.704+0000][7][safepoint   ] Safepoint "G1CollectForAllocation", Time since last: 9573684314 ns, Reaching safepoint: 270171 ns, At safepoint: 10569692 ns, Total: 10839863 ns
[2025-01-29T13:57:22.704+0000][7][gc,marking  ] GC(30) Concurrent Clear Claimed Marks
[2025-01-29T13:57:22.704+0000][7][gc,marking  ] GC(30) Concurrent Clear Claimed Marks 0.154ms
[2025-01-29T13:57:22.704+0000][7][gc,marking  ] GC(30) Concurrent Scan Root Regions
[2025-01-29T13:57:22.712+0000][7][gc,marking  ] GC(30) Concurrent Scan Root Regions 7.669ms
[2025-01-29T13:57:22.712+0000][7][gc,marking  ] GC(30) Concurrent Mark (808.423s)
[2025-01-29T13:57:22.712+0000][7][gc,marking  ] GC(30) Concurrent Mark From Roots
[2025-01-29T13:57:22.712+0000][7][gc,task     ] GC(30) Using 2 workers of 2 for marking
[2025-01-29T13:57:22.816+0000][7][gc,marking  ] GC(30) Concurrent Mark From Roots 104.356ms
[2025-01-29T13:57:22.816+0000][7][gc,marking  ] GC(30) Concurrent Preclean
[2025-01-29T13:57:22.817+0000][7][gc,marking  ] GC(30) Concurrent Preclean 1.172ms
[2025-01-29T13:57:22.817+0000][7][gc,marking  ] GC(30) Concurrent Mark (808.423s, 808.528s) 105.654ms
[2025-01-29T13:57:22.818+0000][7][gc,start    ] GC(30) Pause Remark
[2025-01-29T13:57:22.836+0000][7][gc          ] GC(30) Pause Remark 82M->82M(256M) 18.535ms
[2025-01-29T13:57:22.836+0000][7][gc,cpu      ] GC(30) User=0.06s Sys=0.02s Real=0.01s
[2025-01-29T13:57:22.836+0000][7][safepoint   ] Safepoint "G1Concurrent", Time since last: 113683727 ns, Reaching safepoint: 272421 ns, At safepoint: 18844658 ns, Total: 19117079 ns
[2025-01-29T13:57:22.839+0000][7][gc,marking  ] GC(30) Concurrent Rebuild Remembered Sets
[2025-01-29T13:57:22.907+0000][7][gc,marking  ] GC(30) Concurrent Rebuild Remembered Sets 67.652ms
[2025-01-29T13:57:22.908+0000][7][gc,start    ] GC(30) Pause Cleanup
[2025-01-29T13:57:22.908+0000][7][gc          ] GC(30) Pause Cleanup 82M->82M(256M) 0.199ms
[2025-01-29T13:57:22.908+0000][7][gc,cpu      ] GC(30) User=0.00s Sys=0.00s Real=0.00s
[2025-01-29T13:57:22.908+0000][7][safepoint   ] Safepoint "G1Concurrent", Time since last: 70629197 ns, Reaching safepoint: 610859 ns, At safepoint: 273792 ns, Total: 884651 ns
[2025-01-29T13:57:22.908+0000][7][gc,marking  ] GC(30) Concurrent Cleanup for Next Mark
[2025-01-29T13:57:22.909+0000][7][gc,marking  ] GC(30) Concurrent Cleanup for Next Mark 0.676ms
[2025-01-29T13:57:22.909+0000][7][gc          ] GC(30) Concurrent Cycle 205.117ms
[2025-01-29T13:57:23.908+0000][7][safepoint   ] Safepoint "Cleanup", Time since last: 1000233229 ns, Reaching safepoint: 201829 ns, At safepoint: 6628 ns, Total: 208457 ns
[2025-01-29T13:57:27.909+0000][7][safepoint   ] Safepoint "Cleanup", Time since last: 4000624562 ns, Reaching safepoint: 199551 ns, At safepoint: 7920 ns, Total: 207471 ns
[2025-01-29T13:57:31.910+0000][7][safepoint   ] Safepoint "Cleanup", Time since last: 4000837327 ns, Reaching safepoint: 164262 ns, At safepoint: 19011 ns, Total: 183273 ns
[2025-01-29T13:57:42.913+0000][7][safepoint   ] Safepoint "Cleanup", Time since last: 11002291726 ns, Reaching safepoint: 500987 ns, At safepoint: 67812 ns, Total: 568799 ns
[2025-01-29T13:58:11.919+0000][7][safepoint   ] Safepoint "Cleanup", Time since last: 29005234306 ns, Reaching safepoint: 480925 ns, At safepoint: 51612 ns, Total: 532537 ns
[2025-01-29T13:58:12.919+0000][7][safepoint   ] Safepoint "Cleanup", Time since last: 1000245195 ns, Reaching safepoint: 227701 ns, At safepoint: 28315 ns, Total: 256016 ns
[2025-01-29T13:58:28.922+0000][7][safepoint   ] Safepoint "Cleanup", Time since last: 16002763233 ns, Reaching safepoint: 191887 ns, At safepoint: 21331 ns, Total: 213218 ns
[2025-01-29T13:58:42.925+0000][7][safepoint   ] Safepoint "Cleanup", Time since last: 14002739165 ns, Reaching safepoint: 187476 ns, At safepoint: 23540 ns, Total: 211016 ns
[2025-01-29T13:59:07.928+0000][7][safepoint   ] Safepoint "Cleanup", Time since last: 25004439142 ns, Reaching safepoint: 233387 ns, At safepoint: 32097 ns, Total: 265484 ns
[2025-01-29T13:59:12.931+0000][7][safepoint   ] Safepoint "Cleanup", Time since last: 5002183213 ns, Reaching safepoint: 650694 ns, At safepoint: 25439 ns, Total: 676133 ns
[2025-01-29T13:59:13.938+0000][7][safepoint   ] Safepoint "Cleanup", Time since last: 1005866684 ns, Reaching safepoint: 566581 ns, At safepoint: 72318 ns, Total: 638899 ns
[2025-01-29T13:59:42.946+0000][7][safepoint   ] Safepoint "Cleanup", Time since last: 29006342463 ns, Reaching safepoint: 304309 ns, At safepoint: 43061 ns, Total: 347370 ns
[2025-01-29T14:01:12.962+0000][7][safepoint   ] Safepoint "Cleanup", Time since last: 90016814601 ns, Reaching safepoint: 467570 ns, At safepoint: 42533 ns, Total: 510103 ns
[2025-01-29T14:02:12.977+0000][7][safepoint   ] Safepoint "Cleanup", Time since last: 60014933820 ns, Reaching safepoint: 462025 ns, At safepoint: 57185 ns, Total: 519210 ns
[2025-01-29T14:02:22.980+0000][7][safepoint   ] Safepoint "Cleanup", Time since last: 10002182749 ns, Reaching safepoint: 446963 ns, At safepoint: 56442 ns, Total: 503405 ns
[2025-01-29T14:02:27.981+0000][7][safepoint   ] Safepoint "Cleanup", Time since last: 5001283591 ns, Reaching safepoint: 169187 ns, At safepoint: 22411 ns, Total: 191598 ns
[2025-01-29T14:02:31.982+0000][7][safepoint   ] Safepoint "Cleanup", Time since last: 4000781317 ns, Reaching safepoint: 174585 ns, At safepoint: 27776 ns, Total: 202361 ns
[2025-01-29T14:02:42.984+0000][7][safepoint   ] Safepoint "Cleanup", Time since last: 11002347931 ns, Reaching safepoint: 240001 ns, At safepoint: 31842 ns, Total: 271843 ns
[2025-01-29T14:03:12.994+0000][7][safepoint   ] Safepoint "Cleanup", Time since last: 30005715857 ns, Reaching safepoint: 323480 ns, At safepoint: 48277 ns, Total: 371757 ns
[2025-01-29T14:03:33.999+0000][7][safepoint   ] Safepoint "Cleanup", Time since last: 21004373407 ns, Reaching safepoint: 443368 ns, At safepoint: 58266 ns, Total: 501634 ns
[2025-01-29T14:03:42.998+0000][7][safepoint   ] Safepoint "Cleanup", Time since last: 9002018384 ns, Reaching safepoint: 590026 ns, At safepoint: 71928 ns, Total: 661954 ns
[2025-01-29T14:03:50.000+0000][7][safepoint   ] Safepoint "Cleanup", Time since last: 7001398222 ns, Reaching safepoint: 354104 ns, At safepoint: 44904 ns, Total: 399008 ns
[2025-01-29T14:04:03.064+0000][7][gc,start    ] GC(31) Pause Young (Normal) (G1 Evacuation Pause)
[2025-01-29T14:04:03.064+0000][7][gc,task     ] GC(31) Using 6 workers of 8 for evacuation
[2025-01-29T14:04:03.064+0000][7][gc,age      ] GC(31) Desired survivor size 8388608 bytes, new threshold 15 (max threshold 15)
[2025-01-29T14:04:03.087+0000][7][gc,age      ] GC(31) Age table with threshold 15 (max threshold 15)
[2025-01-29T14:04:03.087+0000][7][gc,age      ] GC(31) - age   1:      31376 bytes,      31376 total
[2025-01-29T14:04:03.087+0000][7][gc,age      ] GC(31) - age   2:       1480 bytes,      32856 total
[2025-01-29T14:04:03.087+0000][7][gc,age      ] GC(31) - age   3:     366368 bytes,     399224 total
[2025-01-29T14:04:03.087+0000][7][gc,age      ] GC(31) - age   4:    3590504 bytes,    3989728 total
[2025-01-29T14:04:03.087+0000][7][gc,phases   ] GC(31)   Pre Evacuate Collection Set: 0.4ms
[2025-01-29T14:04:03.087+0000][7][gc,phases   ] GC(31)   Merge Heap Roots: 0.4ms
[2025-01-29T14:04:03.087+0000][7][gc,phases   ] GC(31)   Evacuate Collection Set: 18.1ms
[2025-01-29T14:04:03.087+0000][7][gc,phases   ] GC(31)   Post Evacuate Collection Set: 3.9ms
[2025-01-29T14:04:03.087+0000][7][gc,phases   ] GC(31)   Other: 0.7ms
[2025-01-29T14:04:03.087+0000][7][gc,heap     ] GC(31) Eden regions: 27->0(27)
[2025-01-29T14:04:03.087+0000][7][gc,heap     ] GC(31) Survivor regions: 2->2(4)
[2025-01-29T14:04:03.087+0000][7][gc,heap     ] GC(31) Old regions: 19->19
[2025-01-29T14:04:03.087+0000][7][gc,heap     ] GC(31) Archive regions: 2->2
[2025-01-29T14:04:03.088+0000][7][gc,heap     ] GC(31) Humongous regions: 0->0
[2025-01-29T14:04:03.088+0000][7][gc,metaspace] GC(31) Metaspace: 90268K(94736K)->90268K(94736K) NonClass: 78086K(81348K)->78086K(81348K) Class: 12181K(13388K)->12181K(13388K)
[2025-01-29T14:04:03.088+0000][7][gc          ] GC(31) Pause Young (Normal) (G1 Evacuation Pause) 189M->81M(256M) 23.723ms
[2025-01-29T14:04:03.088+0000][7][gc,cpu      ] GC(31) User=0.12s Sys=0.00s Real=0.03s
[2025-01-29T14:04:03.088+0000][7][safepoint   ] Safepoint "G1CollectForAllocation", Time since last: 13063295210 ns, Reaching safepoint: 763211 ns, At safepoint: 24061276 ns, Total: 24824487 ns
[2025-01-29T14:04:04.089+0000][7][safepoint   ] Safepoint "Cleanup", Time since last: 1000377762 ns, Reaching safepoint: 636183 ns, At safepoint: 96155 ns, Total: 732338 ns
[2025-01-29T14:04:13.090+0000][7][safepoint   ] Safepoint "Cleanup", Time since last: 9001728389 ns, Reaching safepoint: 292672 ns, At safepoint: 29553 ns, Total: 322225 ns
[2025-01-29T14:04:29.095+0000][7][safepoint   ] Safepoint "Cleanup", Time since last: 16004994257 ns, Reaching safepoint: 144661 ns, At safepoint: 4502 ns, Total: 149163 ns
[2025-01-29T14:04:36.097+0000][7][safepoint   ] Safepoint "Cleanup", Time since last: 7001405309 ns, Reaching safepoint: 125684 ns, At safepoint: 20257 ns, Total: 145941 ns
[2025-01-29T14:05:13.104+0000][7][safepoint   ] Safepoint "Cleanup", Time since last: 37007733163 ns, Reaching safepoint: 293922 ns, At safepoint: 5732 ns, Total: 299654 ns
[2025-01-29T14:06:13.114+0000][7][safepoint   ] Safepoint "Cleanup", Time since last: 60011289172 ns, Reaching safepoint: 182212 ns, At safepoint: 15644 ns, Total: 197856 ns
[2025-01-29T14:07:13.127+0000][7][safepoint   ] Safepoint "Cleanup", Time since last: 60012545733 ns, Reaching safepoint: 423420 ns, At safepoint: 54153 ns, Total: 477573 ns
[2025-01-29T14:08:13.141+0000][7][safepoint   ] Safepoint "Cleanup", Time since last: 60013308781 ns, Reaching safepoint: 167472 ns, At safepoint: 20020 ns, Total: 187492 ns
[2025-01-29T14:09:05.152+0000][7][safepoint   ] Safepoint "Cleanup", Time since last: 52011217217 ns, Reaching safepoint: 269325 ns, At safepoint: 19498 ns, Total: 288823 ns
[2025-01-29T14:09:12.153+0000][7][safepoint   ] Safepoint "Cleanup", Time since last: 7001529709 ns, Reaching safepoint: 269033 ns, At safepoint: 39678 ns, Total: 308711 ns
[2025-01-29T14:09:13.154+0000][7][safepoint   ] Safepoint "Cleanup", Time since last: 1000174465 ns, Reaching safepoint: 120053 ns, At safepoint: 5192 ns, Total: 125245 ns
[2025-01-29T14:09:43.161+0000][7][safepoint   ] Safepoint "Cleanup", Time since last: 30006577732 ns, Reaching safepoint: 224725 ns, At safepoint: 18254 ns, Total: 242979 ns
[2025-01-29T14:09:52.163+0000][7][safepoint   ] Safepoint "Cleanup", Time since last: 9001753918 ns, Reaching safepoint: 298081 ns, At safepoint: 41389 ns, Total: 339470 ns
[2025-01-29T14:10:13.167+0000][7][safepoint   ] Safepoint "Cleanup", Time since last: 21004007496 ns, Reaching safepoint: 382043 ns, At safepoint: 42011 ns, Total: 424054 ns
[2025-01-29T14:10:38.473+0000][7][gc,start    ] GC(32) Pause Young (Concurrent Start) (G1 Evacuation Pause)
[2025-01-29T14:10:38.473+0000][7][gc,task     ] GC(32) Using 6 workers of 8 for evacuation
[2025-01-29T14:10:38.473+0000][7][gc,age      ] GC(32) Desired survivor size 8388608 bytes, new threshold 15 (max threshold 15)
[2025-01-29T14:10:38.488+0000][7][gc,age      ] GC(32) Age table with threshold 15 (max threshold 15)
[2025-01-29T14:10:38.488+0000][7][gc,age      ] GC(32) - age   1:      10800 bytes,      10800 total
[2025-01-29T14:10:38.488+0000][7][gc,age      ] GC(32) - age   2:      18736 bytes,      29536 total
[2025-01-29T14:10:38.488+0000][7][gc,age      ] GC(32) - age   3:       1152 bytes,      30688 total
[2025-01-29T14:10:38.488+0000][7][gc,age      ] GC(32) - age   4:     366328 bytes,     397016 total
[2025-01-29T14:10:38.488+0000][7][gc,age      ] GC(32) - age   5:    3590360 bytes,    3987376 total
[2025-01-29T14:10:38.488+0000][7][gc,phases   ] GC(32)   Pre Evacuate Collection Set: 0.7ms
[2025-01-29T14:10:38.488+0000][7][gc,phases   ] GC(32)   Merge Heap Roots: 0.5ms
[2025-01-29T14:10:38.488+0000][7][gc,phases   ] GC(32)   Evacuate Collection Set: 10.7ms
[2025-01-29T14:10:38.488+0000][7][gc,phases   ] GC(32)   Post Evacuate Collection Set: 3.3ms
[2025-01-29T14:10:38.489+0000][7][gc,phases   ] GC(32)   Other: 0.7ms
[2025-01-29T14:10:38.489+0000][7][gc,heap     ] GC(32) Eden regions: 27->0(29)
[2025-01-29T14:10:38.489+0000][7][gc,heap     ] GC(32) Survivor regions: 2->1(4)
[2025-01-29T14:10:38.489+0000][7][gc,heap     ] GC(32) Old regions: 19->19
[2025-01-29T14:10:38.489+0000][7][gc,heap     ] GC(32) Archive regions: 2->2
[2025-01-29T14:10:38.489+0000][7][gc,heap     ] GC(32) Humongous regions: 0->0
[2025-01-29T14:10:38.489+0000][7][gc,metaspace] GC(32) Metaspace: 90339K(94736K)->90339K(94736K) NonClass: 78158K(81348K)->78158K(81348K) Class: 12181K(13388K)->12181K(13388K)
[2025-01-29T14:10:38.489+0000][7][gc          ] GC(32) Pause Young (Concurrent Start) (G1 Evacuation Pause) 189M->80M(256M) 16.151ms
[2025-01-29T14:10:38.489+0000][7][gc,cpu      ] GC(32) User=0.07s Sys=0.01s Real=0.01s
[2025-01-29T14:10:38.489+0000][7][gc          ] GC(33) Concurrent Cycle
[2025-01-29T14:10:38.489+0000][7][gc,marking  ] GC(33) Concurrent Clear Claimed Marks
[2025-01-29T14:10:38.489+0000][7][safepoint   ] Safepoint "G1CollectForAllocation", Time since last: 25304302972 ns, Reaching safepoint: 521938 ns, At safepoint: 16486097 ns, Total: 17008035 ns
[2025-01-29T14:10:38.489+0000][7][gc,marking  ] GC(33) Concurrent Clear Claimed Marks 0.167ms
[2025-01-29T14:10:38.489+0000][7][gc,marking  ] GC(33) Concurrent Scan Root Regions
[2025-01-29T14:10:38.505+0000][7][gc,marking  ] GC(33) Concurrent Scan Root Regions 16.051ms
[2025-01-29T14:10:38.505+0000][7][gc,marking  ] GC(33) Concurrent Mark (1604.222s)
[2025-01-29T14:10:38.505+0000][7][gc,marking  ] GC(33) Concurrent Mark From Roots
[2025-01-29T14:10:38.505+0000][7][gc,task     ] GC(33) Using 2 workers of 2 for marking
[2025-01-29T14:10:38.610+0000][7][gc,marking  ] GC(33) Concurrent Mark From Roots 104.814ms
[2025-01-29T14:10:38.610+0000][7][gc,marking  ] GC(33) Concurrent Preclean
[2025-01-29T14:10:38.610+0000][7][gc,marking  ] GC(33) Concurrent Preclean 0.189ms
[2025-01-29T14:10:38.610+0000][7][gc,marking  ] GC(33) Concurrent Mark (1604.222s, 1604.327s) 105.076ms
[2025-01-29T14:10:38.611+0000][7][gc,start    ] GC(33) Pause Remark
[2025-01-29T14:10:38.616+0000][7][gc          ] GC(33) Pause Remark 82M->82M(256M) 5.055ms
[2025-01-29T14:10:38.616+0000][7][gc,cpu      ] GC(33) User=0.03s Sys=0.00s Real=0.01s
[2025-01-29T14:10:38.616+0000][7][safepoint   ] Safepoint "G1Concurrent", Time since last: 121699140 ns, Reaching safepoint: 348711 ns, At safepoint: 5176232 ns, Total: 5524943 ns
[2025-01-29T14:10:38.616+0000][7][gc,marking  ] GC(33) Concurrent Rebuild Remembered Sets
[2025-01-29T14:10:38.677+0000][7][gc,marking  ] GC(33) Concurrent Rebuild Remembered Sets 61.160ms
[2025-01-29T14:10:38.678+0000][7][gc,start    ] GC(33) Pause Cleanup
[2025-01-29T14:10:38.679+0000][7][gc          ] GC(33) Pause Cleanup 82M->82M(256M) 0.274ms
[2025-01-29T14:10:38.679+0000][7][gc,cpu      ] GC(33) User=0.00s Sys=0.00s Real=0.00s
[2025-01-29T14:10:38.679+0000][7][safepoint   ] Safepoint "G1Concurrent", Time since last: 61501608 ns, Reaching safepoint: 593549 ns, At safepoint: 396398 ns, Total: 989947 ns
[2025-01-29T14:10:38.679+0000][7][gc,marking  ] GC(33) Concurrent Cleanup for Next Mark
[2025-01-29T14:10:38.682+0000][7][gc,marking  ] GC(33) Concurrent Cleanup for Next Mark 2.912ms
[2025-01-29T14:10:38.682+0000][7][gc          ] GC(33) Concurrent Cycle 192.897ms
[2025-01-29T14:11:12.686+0000][7][safepoint   ] Safepoint "Cleanup", Time since last: 34006739262 ns, Reaching safepoint: 430599 ns, At safepoint: 43744 ns, Total: 474343 ns
[2025-01-29T14:11:13.687+0000][7][safepoint   ] Safepoint "Cleanup", Time since last: 1000233403 ns, Reaching safepoint: 409830 ns, At safepoint: 56893 ns, Total: 466723 ns
[2025-01-29T14:12:12.700+0000][7][safepoint   ] Safepoint "Cleanup", Time since last: 59012467331 ns, Reaching safepoint: 601786 ns, At safepoint: 55000 ns, Total: 656786 ns
[2025-01-29T14:12:13.700+0000][7][safepoint   ] Safepoint "Cleanup", Time since last: 1000237189 ns, Reaching safepoint: 182491 ns, At safepoint: 21945 ns, Total: 204436 ns
[2025-01-29T14:12:33.710+0000][7][safepoint   ] Safepoint "Cleanup", Time since last: 20009956222 ns, Reaching safepoint: 274778 ns, At safepoint: 30880 ns, Total: 305658 ns
[2025-01-29T14:12:42.712+0000][7][safepoint   ] Safepoint "Cleanup", Time since last: 9001311069 ns, Reaching safepoint: 286912 ns, At safepoint: 26227 ns, Total: 313139 ns
[2025-01-29T14:13:02.717+0000][7][safepoint   ] Safepoint "Cleanup", Time since last: 20004003174 ns, Reaching safepoint: 583279 ns, At safepoint: 62547 ns, Total: 645826 ns
[2025-01-29T14:13:08.721+0000][7][safepoint   ] Safepoint "Cleanup", Time since last: 6005133840 ns, Reaching safepoint: 337361 ns, At safepoint: 98111 ns, Total: 435472 ns
[2025-01-29T14:13:13.722+0000][7][safepoint   ] Safepoint "Cleanup", Time since last: 5000860098 ns, Reaching safepoint: 201779 ns, At safepoint: 21497 ns, Total: 223276 ns
[2025-01-29T14:14:46.751+0000][7][safepoint   ] Safepoint "Cleanup", Time since last: 93027988704 ns, Reaching safepoint: 209117 ns, At safepoint: 29066 ns, Total: 238183 ns
[2025-01-29T14:15:13.755+0000][7][safepoint   ] Safepoint "Cleanup", Time since last: 27005421134 ns, Reaching safepoint: 192473 ns, At safepoint: 26675 ns, Total: 219148 ns
[2025-01-29T14:15:42.765+0000][7][safepoint   ] Safepoint "Cleanup", Time since last: 29010422589 ns, Reaching safepoint: 706546 ns, At safepoint: 63585 ns, Total: 770131 ns
[2025-01-29T14:16:13.774+0000][7][safepoint   ] Safepoint "Cleanup", Time since last: 31008149595 ns, Reaching safepoint: 905252 ns, At safepoint: 56996 ns, Total: 962248 ns
[2025-01-29T14:17:11.787+0000][7][safepoint   ] Safepoint "Cleanup", Time since last: 58014201466 ns, Reaching safepoint: 321904 ns, At safepoint: 10948 ns, Total: 332852 ns
[2025-01-29T14:17:13.787+0000][7][safepoint   ] Safepoint "Cleanup", Time since last: 2000383422 ns, Reaching safepoint: 172287 ns, At safepoint: 23921 ns, Total: 196208 ns
[2025-01-29T14:17:52.658+0000][7][gc,start    ] GC(34) Pause Young (Normal) (G1 Evacuation Pause)
[2025-01-29T14:17:52.658+0000][7][gc,task     ] GC(34) Using 6 workers of 8 for evacuation
[2025-01-29T14:17:52.658+0000][7][gc,age      ] GC(34) Desired survivor size 8388608 bytes, new threshold 15 (max threshold 15)
[2025-01-29T14:17:52.666+0000][7][gc,age      ] GC(34) Age table with threshold 15 (max threshold 15)
[2025-01-29T14:17:52.666+0000][7][gc,age      ] GC(34) - age   1:      18632 bytes,      18632 total
[2025-01-29T14:17:52.666+0000][7][gc,age      ] GC(34) - age   2:       4008 bytes,      22640 total
[2025-01-29T14:17:52.666+0000][7][gc,age      ] GC(34) - age   3:      15696 bytes,      38336 total
[2025-01-29T14:17:52.666+0000][7][gc,age      ] GC(34) - age   4:       1152 bytes,      39488 total
[2025-01-29T14:17:52.666+0000][7][gc,age      ] GC(34) - age   5:     366232 bytes,     405720 total
[2025-01-29T14:17:52.666+0000][7][gc,age      ] GC(34) - age   6:    3590264 bytes,    3995984 total
[2025-01-29T14:17:52.666+0000][7][gc,phases   ] GC(34)   Pre Evacuate Collection Set: 0.1ms
[2025-01-29T14:17:52.666+0000][7][gc,phases   ] GC(34)   Merge Heap Roots: 0.1ms
[2025-01-29T14:17:52.666+0000][7][gc,phases   ] GC(34)   Evacuate Collection Set: 5.9ms
[2025-01-29T14:17:52.666+0000][7][gc,phases   ] GC(34)   Post Evacuate Collection Set: 1.4ms
[2025-01-29T14:17:52.666+0000][7][gc,phases   ] GC(34)   Other: 0.3ms
[2025-01-29T14:17:52.666+0000][7][gc,heap     ] GC(34) Eden regions: 29->0(29)
[2025-01-29T14:17:52.666+0000][7][gc,heap     ] GC(34) Survivor regions: 1->2(4)
[2025-01-29T14:17:52.666+0000][7][gc,heap     ] GC(34) Old regions: 19->19
[2025-01-29T14:17:52.666+0000][7][gc,heap     ] GC(34) Archive regions: 2->2
[2025-01-29T14:17:52.666+0000][7][gc,heap     ] GC(34) Humongous regions: 0->0
[2025-01-29T14:17:52.666+0000][7][gc,metaspace] GC(34) Metaspace: 90417K(94736K)->90417K(94736K) NonClass: 78234K(81348K)->78234K(81348K) Class: 12183K(13388K)->12183K(13388K)
[2025-01-29T14:17:52.666+0000][7][gc          ] GC(34) Pause Young (Normal) (G1 Evacuation Pause) 196M->81M(256M) 7.948ms
[2025-01-29T14:17:52.666+0000][7][gc,cpu      ] GC(34) User=0.04s Sys=0.00s Real=0.00s
[2025-01-29T14:17:52.666+0000][7][safepoint   ] Safepoint "G1CollectForAllocation", Time since last: 38871083336 ns, Reaching safepoint: 143389 ns, At safepoint: 8106995 ns, Total: 8250384 ns
[2025-01-29T14:18:12.671+0000][7][safepoint   ] Safepoint "Cleanup", Time since last: 20005204947 ns, Reaching safepoint: 254789 ns, At safepoint: 7430 ns, Total: 262219 ns
[2025-01-29T14:18:13.672+0000][7][safepoint   ] Safepoint "Cleanup", Time since last: 1000363452 ns, Reaching safepoint: 289268 ns, At safepoint: 18230 ns, Total: 307498 ns
[2025-01-29T14:20:28.699+0000][7][safepoint   ] Safepoint "Cleanup", Time since last: 135028741035 ns, Reaching safepoint: 295465 ns, At safepoint: 7327 ns, Total: 302792 ns
[2025-01-29T14:21:14.710+0000][7][safepoint   ] Safepoint "Cleanup", Time since last: 46009087721 ns, Reaching safepoint: 324014 ns, At safepoint: 76608 ns, Total: 400622 ns
[2025-01-29T14:23:14.734+0000][7][safepoint   ] Safepoint "Cleanup", Time since last: 120024764434 ns, Reaching safepoint: 284400 ns, At safepoint: 36628 ns, Total: 321028 ns
[2025-01-29T14:24:50.752+0000][7][safepoint   ] Safepoint "Cleanup", Time since last: 96018435400 ns, Reaching safepoint: 171566 ns, At safepoint: 16229 ns, Total: 187795 ns
[2025-01-29T14:25:04.178+0000][7][gc,start    ] GC(35) Pause Young (Concurrent Start) (G1 Evacuation Pause)
[2025-01-29T14:25:04.178+0000][7][gc,task     ] GC(35) Using 6 workers of 8 for evacuation
[2025-01-29T14:25:04.178+0000][7][gc,age      ] GC(35) Desired survivor size 8388608 bytes, new threshold 15 (max threshold 15)
[2025-01-29T14:25:04.184+0000][7][gc,age      ] GC(35) Age table with threshold 15 (max threshold 15)
[2025-01-29T14:25:04.184+0000][7][gc,age      ] GC(35) - age   1:       9832 bytes,       9832 total
[2025-01-29T14:25:04.184+0000][7][gc,age      ] GC(35) - age   2:       4240 bytes,      14072 total
[2025-01-29T14:25:04.184+0000][7][gc,age      ] GC(35) - age   3:       3608 bytes,      17680 total
[2025-01-29T14:25:04.184+0000][7][gc,age      ] GC(35) - age   4:      15608 bytes,      33288 total
[2025-01-29T14:25:04.184+0000][7][gc,age      ] GC(35) - age   5:       1152 bytes,      34440 total
[2025-01-29T14:25:04.184+0000][7][gc,age      ] GC(35) - age   6:     366232 bytes,     400672 total
[2025-01-29T14:25:04.184+0000][7][gc,age      ] GC(35) - age   7:    3590224 bytes,    3990896 total
[2025-01-29T14:25:04.184+0000][7][gc,phases   ] GC(35)   Pre Evacuate Collection Set: 0.3ms
[2025-01-29T14:25:04.184+0000][7][gc,phases   ] GC(35)   Merge Heap Roots: 0.1ms
[2025-01-29T14:25:04.184+0000][7][gc,phases   ] GC(35)   Evacuate Collection Set: 3.8ms
[2025-01-29T14:25:04.184+0000][7][gc,phases   ] GC(35)   Post Evacuate Collection Set: 1.4ms
[2025-01-29T14:25:04.184+0000][7][gc,phases   ] GC(35)   Other: 0.4ms
[2025-01-29T14:25:04.184+0000][7][gc,heap     ] GC(35) Eden regions: 29->0(29)
[2025-01-29T14:25:04.184+0000][7][gc,heap     ] GC(35) Survivor regions: 2->2(4)
[2025-01-29T14:25:04.184+0000][7][gc,heap     ] GC(35) Old regions: 19->19
[2025-01-29T14:25:04.184+0000][7][gc,heap     ] GC(35) Archive regions: 2->2
[2025-01-29T14:25:04.184+0000][7][gc,heap     ] GC(35) Humongous regions: 0->0
[2025-01-29T14:25:04.184+0000][7][gc,metaspace] GC(35) Metaspace: 90435K(94736K)->90435K(94736K) NonClass: 78252K(81348K)->78252K(81348K) Class: 12183K(13388K)->12183K(13388K)
[2025-01-29T14:25:04.184+0000][7][gc          ] GC(35) Pause Young (Concurrent Start) (G1 Evacuation Pause) 197M->81M(256M) 6.099ms
[2025-01-29T14:25:04.184+0000][7][gc,cpu      ] GC(35) User=0.02s Sys=0.01s Real=0.01s
[2025-01-29T14:25:04.184+0000][7][gc          ] GC(36) Concurrent Cycle
[2025-01-29T14:25:04.184+0000][7][gc,marking  ] GC(36) Concurrent Clear Claimed Marks
[2025-01-29T14:25:04.184+0000][7][safepoint   ] Safepoint "G1CollectForAllocation", Time since last: 13425738338 ns, Reaching safepoint: 262867 ns, At safepoint: 6232122 ns, Total: 6494989 ns
[2025-01-29T14:25:04.185+0000][7][gc,marking  ] GC(36) Concurrent Clear Claimed Marks 0.107ms
[2025-01-29T14:25:04.185+0000][7][gc,marking  ] GC(36) Concurrent Scan Root Regions
[2025-01-29T14:25:04.193+0000][7][gc,marking  ] GC(36) Concurrent Scan Root Regions 8.239ms
[2025-01-29T14:25:04.193+0000][7][gc,marking  ] GC(36) Concurrent Mark (2469.918s)
[2025-01-29T14:25:04.193+0000][7][gc,marking  ] GC(36) Concurrent Mark From Roots
[2025-01-29T14:25:04.193+0000][7][gc,task     ] GC(36) Using 2 workers of 2 for marking
[2025-01-29T14:25:04.324+0000][7][gc,marking  ] GC(36) Concurrent Mark From Roots 130.719ms
[2025-01-29T14:25:04.324+0000][7][gc,marking  ] GC(36) Concurrent Preclean
[2025-01-29T14:25:04.324+0000][7][gc,marking  ] GC(36) Concurrent Preclean 0.322ms
[2025-01-29T14:25:04.324+0000][7][gc,marking  ] GC(36) Concurrent Mark (2469.918s, 2470.049s) 131.211ms
[2025-01-29T14:25:04.325+0000][7][gc,start    ] GC(36) Pause Remark
[2025-01-29T14:25:04.330+0000][7][gc          ] GC(36) Pause Remark 83M->83M(256M) 5.805ms
[2025-01-29T14:25:04.330+0000][7][gc,cpu      ] GC(36) User=0.03s Sys=0.00s Real=0.00s
[2025-01-29T14:25:04.330+0000][7][safepoint   ] Safepoint "G1Concurrent", Time since last: 139806529 ns, Reaching safepoint: 262349 ns, At safepoint: 5943846 ns, Total: 6206195 ns
[2025-01-29T14:25:04.331+0000][7][gc,marking  ] GC(36) Concurrent Rebuild Remembered Sets
[2025-01-29T14:25:04.383+0000][7][gc,marking  ] GC(36) Concurrent Rebuild Remembered Sets 52.118ms
[2025-01-29T14:25:04.383+0000][7][gc,start    ] GC(36) Pause Cleanup
[2025-01-29T14:25:04.384+0000][7][gc          ] GC(36) Pause Cleanup 83M->83M(256M) 0.375ms
[2025-01-29T14:25:04.384+0000][7][gc,cpu      ] GC(36) User=0.00s Sys=0.00s Real=0.00s
[2025-01-29T14:25:04.384+0000][7][safepoint   ] Safepoint "G1Concurrent", Time since last: 52323408 ns, Reaching safepoint: 309968 ns, At safepoint: 488476 ns, Total: 798444 ns
[2025-01-29T14:25:04.384+0000][7][gc,marking  ] GC(36) Concurrent Cleanup for Next Mark
[2025-01-29T14:25:04.385+0000][7][gc,marking  ] GC(36) Concurrent Cleanup for Next Mark 1.130ms
[2025-01-29T14:25:04.385+0000][7][gc          ] GC(36) Concurrent Cycle 200.420ms
[2025-01-29T14:25:39.389+0000][7][safepoint   ] Safepoint "Cleanup", Time since last: 35005832762 ns, Reaching safepoint: 248338 ns, At safepoint: 23669 ns, Total: 272007 ns
[2025-01-29T14:25:42.390+0000][7][safepoint   ] Safepoint "Cleanup", Time since last: 3000580604 ns, Reaching safepoint: 303741 ns, At safepoint: 42972 ns, Total: 346713 ns
[2025-01-29T14:26:14.397+0000][7][safepoint   ] Safepoint "Cleanup", Time since last: 32006104958 ns, Reaching safepoint: 266436 ns, At safepoint: 23019 ns, Total: 289455 ns
[2025-01-29T14:27:12.408+0000][7][safepoint   ] Safepoint "Cleanup", Time since last: 58010539290 ns, Reaching safepoint: 204201 ns, At safepoint: 20821 ns, Total: 225022 ns
[2025-01-29T14:27:14.408+0000][7][safepoint   ] Safepoint "Cleanup", Time since last: 2000438118 ns, Reaching safepoint: 290785 ns, At safepoint: 42535 ns, Total: 333320 ns
[2025-01-29T14:28:42.426+0000][7][safepoint   ] Safepoint "Cleanup", Time since last: 88017493721 ns, Reaching safepoint: 454780 ns, At safepoint: 61431 ns, Total: 516211 ns
[2025-01-29T14:28:48.427+0000][7][safepoint   ] Safepoint "Cleanup", Time since last: 6001286659 ns, Reaching safepoint: 225631 ns, At safepoint: 9017 ns, Total: 234648 ns
[2025-01-29T14:28:58.429+0000][7][safepoint   ] Safepoint "Cleanup", Time since last: 10001591873 ns, Reaching safepoint: 199463 ns, At safepoint: 4814 ns, Total: 204277 ns
[2025-01-29T14:29:15.433+0000][7][safepoint   ] Safepoint "Cleanup", Time since last: 17002991826 ns, Reaching safepoint: 580268 ns, At safepoint: 55561 ns, Total: 635829 ns
[2025-01-29T14:30:15.445+0000][7][safepoint   ] Safepoint "Cleanup", Time since last: 60011554690 ns, Reaching safepoint: 559544 ns, At safepoint: 16502 ns, Total: 576046 ns
[2025-01-29T14:32:11.396+0000][7][gc,start    ] GC(37) Pause Young (Normal) (G1 Evacuation Pause)
[2025-01-29T14:32:11.396+0000][7][gc,task     ] GC(37) Using 6 workers of 8 for evacuation
[2025-01-29T14:32:11.397+0000][7][gc,age      ] GC(37) Desired survivor size 8388608 bytes, new threshold 15 (max threshold 15)
[2025-01-29T14:32:11.415+0000][7][gc,age      ] GC(37) Age table with threshold 15 (max threshold 15)
[2025-01-29T14:32:11.415+0000][7][gc,age      ] GC(37) - age   1:       7576 bytes,       7576 total
[2025-01-29T14:32:11.415+0000][7][gc,age      ] GC(37) - age   2:       2744 bytes,      10320 total
[2025-01-29T14:32:11.415+0000][7][gc,age      ] GC(37) - age   3:       4032 bytes,      14352 total
[2025-01-29T14:32:11.415+0000][7][gc,age      ] GC(37) - age   4:       3608 bytes,      17960 total
[2025-01-29T14:32:11.415+0000][7][gc,age      ] GC(37) - age   5:      15608 bytes,      33568 total
[2025-01-29T14:32:11.415+0000][7][gc,age      ] GC(37) - age   6:       1152 bytes,      34720 total
[2025-01-29T14:32:11.415+0000][7][gc,age      ] GC(37) - age   7:     366232 bytes,     400952 total
[2025-01-29T14:32:11.415+0000][7][gc,age      ] GC(37) - age   8:    3590224 bytes,    3991176 total
[2025-01-29T14:32:11.415+0000][7][gc,phases   ] GC(37)   Pre Evacuate Collection Set: 0.7ms
[2025-01-29T14:32:11.415+0000][7][gc,phases   ] GC(37)   Merge Heap Roots: 0.7ms
[2025-01-29T14:32:11.415+0000][7][gc,phases   ] GC(37)   Evacuate Collection Set: 13.3ms
[2025-01-29T14:32:11.415+0000][7][gc,phases   ] GC(37)   Post Evacuate Collection Set: 3.4ms
[2025-01-29T14:32:11.415+0000][7][gc,phases   ] GC(37)   Other: 0.6ms
[2025-01-29T14:32:11.415+0000][7][gc,heap     ] GC(37) Eden regions: 29->0(29)
[2025-01-29T14:32:11.415+0000][7][gc,heap     ] GC(37) Survivor regions: 2->2(4)
[2025-01-29T14:32:11.415+0000][7][gc,heap     ] GC(37) Old regions: 19->19
[2025-01-29T14:32:11.415+0000][7][gc,heap     ] GC(37) Archive regions: 2->2
[2025-01-29T14:32:11.415+0000][7][gc,heap     ] GC(37) Humongous regions: 0->0
[2025-01-29T14:32:11.415+0000][7][gc,metaspace] GC(37) Metaspace: 90489K(94992K)->90489K(94992K) NonClass: 78305K(81604K)->78305K(81604K) Class: 12183K(13388K)->12183K(13388K)
[2025-01-29T14:32:11.415+0000][7][gc          ] GC(37) Pause Young (Normal) (G1 Evacuation Pause) 197M->81M(256M) 18.823ms
[2025-01-29T14:32:11.415+0000][7][gc,cpu      ] GC(37) User=0.08s Sys=0.00s Real=0.02s
[2025-01-29T14:32:11.415+0000][7][safepoint   ] Safepoint "G1CollectForAllocation", Time since last: 115953031912 ns, Reaching safepoint: 398705 ns, At safepoint: 19037819 ns, Total: 19436524 ns
[2025-01-29T14:32:35.431+0000][7][safepoint   ] Safepoint "Cleanup", Time since last: 24015128031 ns, Reaching safepoint: 238551 ns, At safepoint: 6366 ns, Total: 244917 ns
[2025-01-29T14:32:42.432+0000][7][safepoint   ] Safepoint "Cleanup", Time since last: 7001350950 ns, Reaching safepoint: 354104 ns, At safepoint: 39214 ns, Total: 393318 ns
[2025-01-29T14:33:35.445+0000][7][safepoint   ] Safepoint "Cleanup", Time since last: 53012112077 ns, Reaching safepoint: 403417 ns, At safepoint: 57887 ns, Total: 461304 ns
[2025-01-29T14:34:35.458+0000][7][safepoint   ] Safepoint "Cleanup", Time since last: 60013531940 ns, Reaching safepoint: 506502 ns, At safepoint: 33129 ns, Total: 539631 ns
[2025-01-29T14:34:42.460+0000][7][safepoint   ] Safepoint "Cleanup", Time since last: 7001010386 ns, Reaching safepoint: 311328 ns, At safepoint: 32558 ns, Total: 343886 ns
[2025-01-29T14:35:42.472+0000][7][safepoint   ] Safepoint "Cleanup", Time since last: 60012412174 ns, Reaching safepoint: 393045 ns, At safepoint: 53629 ns, Total: 446674 ns
[2025-01-29T14:36:42.493+0000][7][safepoint   ] Safepoint "Cleanup", Time since last: 60020619856 ns, Reaching safepoint: 302291 ns, At safepoint: 35890 ns, Total: 338181 ns
[2025-01-29T14:36:46.494+0000][7][safepoint   ] Safepoint "Cleanup", Time since last: 4000795556 ns, Reaching safepoint: 180058 ns, At safepoint: 20292 ns, Total: 200350 ns
[2025-01-29T14:39:24.935+0000][7][gc,start    ] GC(38) Pause Young (Concurrent Start) (G1 Evacuation Pause)
[2025-01-29T14:39:24.935+0000][7][gc,task     ] GC(38) Using 6 workers of 8 for evacuation
[2025-01-29T14:39:24.935+0000][7][gc,age      ] GC(38) Desired survivor size 8388608 bytes, new threshold 15 (max threshold 15)
[2025-01-29T14:39:24.945+0000][7][gc,age      ] GC(38) Age table with threshold 15 (max threshold 15)
[2025-01-29T14:39:24.945+0000][7][gc,age      ] GC(38) - age   1:      11480 bytes,      11480 total
[2025-01-29T14:39:24.945+0000][7][gc,age      ] GC(38) - age   2:       1912 bytes,      13392 total
[2025-01-29T14:39:24.945+0000][7][gc,age      ] GC(38) - age   3:       2616 bytes,      16008 total
[2025-01-29T14:39:24.945+0000][7][gc,age      ] GC(38) - age   4:       4032 bytes,      20040 total
[2025-01-29T14:39:24.945+0000][7][gc,age      ] GC(38) - age   5:       3608 bytes,      23648 total
[2025-01-29T14:39:24.945+0000][7][gc,age      ] GC(38) - age   6:      15608 bytes,      39256 total
[2025-01-29T14:39:24.945+0000][7][gc,age      ] GC(38) - age   7:       1152 bytes,      40408 total
[2025-01-29T14:39:24.945+0000][7][gc,age      ] GC(38) - age   8:     366232 bytes,     406640 total
[2025-01-29T14:39:24.945+0000][7][gc,age      ] GC(38) - age   9:    3590224 bytes,    3996864 total
[2025-01-29T14:39:24.945+0000][7][gc,phases   ] GC(38)   Pre Evacuate Collection Set: 0.6ms
[2025-01-29T14:39:24.945+0000][7][gc,phases   ] GC(38)   Merge Heap Roots: 0.3ms
[2025-01-29T14:39:24.945+0000][7][gc,phases   ] GC(38)   Evacuate Collection Set: 6.4ms
[2025-01-29T14:39:24.945+0000][7][gc,phases   ] GC(38)   Post Evacuate Collection Set: 1.7ms
[2025-01-29T14:39:24.945+0000][7][gc,phases   ] GC(38)   Other: 0.6ms
[2025-01-29T14:39:24.945+0000][7][gc,heap     ] GC(38) Eden regions: 29->0(29)
[2025-01-29T14:39:24.945+0000][7][gc,heap     ] GC(38) Survivor regions: 2->2(4)
[2025-01-29T14:39:24.945+0000][7][gc,heap     ] GC(38) Old regions: 19->19
[2025-01-29T14:39:24.945+0000][7][gc,heap     ] GC(38) Archive regions: 2->2
[2025-01-29T14:39:24.945+0000][7][gc,heap     ] GC(38) Humongous regions: 0->0
[2025-01-29T14:39:24.945+0000][7][gc,metaspace] GC(38) Metaspace: 90522K(94992K)->90522K(94992K) NonClass: 78339K(81604K)->78339K(81604K) Class: 12183K(13388K)->12183K(13388K)
[2025-01-29T14:39:24.945+0000][7][gc          ] GC(38) Pause Young (Concurrent Start) (G1 Evacuation Pause) 197M->81M(256M) 9.607ms
[2025-01-29T14:39:24.945+0000][7][gc,cpu      ] GC(38) User=0.04s Sys=0.00s Real=0.01s
[2025-01-29T14:39:24.945+0000][7][safepoint   ] Safepoint "G1CollectForAllocation", Time since last: 158440997545 ns, Reaching safepoint: 362289 ns, At safepoint: 9769366 ns, Total: 10131655 ns
[2025-01-29T14:39:24.945+0000][7][gc          ] GC(39) Concurrent Cycle
[2025-01-29T14:39:24.945+0000][7][gc,marking  ] GC(39) Concurrent Clear Claimed Marks
[2025-01-29T14:39:24.945+0000][7][gc,marking  ] GC(39) Concurrent Clear Claimed Marks 0.147ms
[2025-01-29T14:39:24.945+0000][7][gc,marking  ] GC(39) Concurrent Scan Root Regions
[2025-01-29T14:39:24.954+0000][7][gc,marking  ] GC(39) Concurrent Scan Root Regions 8.329ms
[2025-01-29T14:39:24.954+0000][7][gc,marking  ] GC(39) Concurrent Mark (3330.682s)
[2025-01-29T14:39:24.954+0000][7][gc,marking  ] GC(39) Concurrent Mark From Roots
[2025-01-29T14:39:24.954+0000][7][gc,task     ] GC(39) Using 2 workers of 2 for marking
[2025-01-29T14:39:25.033+0000][7][gc,marking  ] GC(39) Concurrent Mark From Roots 79.344ms
[2025-01-29T14:39:25.033+0000][7][gc,marking  ] GC(39) Concurrent Preclean
[2025-01-29T14:39:25.033+0000][7][gc,marking  ] GC(39) Concurrent Preclean 0.195ms
[2025-01-29T14:39:25.033+0000][7][gc,marking  ] GC(39) Concurrent Mark (3330.682s, 3330.762s) 79.604ms
[2025-01-29T14:39:25.034+0000][7][gc,start    ] GC(39) Pause Remark
[2025-01-29T14:39:25.041+0000][7][gc          ] GC(39) Pause Remark 83M->83M(256M) 6.761ms
[2025-01-29T14:39:25.041+0000][7][gc,cpu      ] GC(39) User=0.04s Sys=0.00s Real=0.01s
[2025-01-29T14:39:25.041+0000][7][safepoint   ] Safepoint "G1Concurrent", Time since last: 88375663 ns, Reaching safepoint: 358351 ns, At safepoint: 6944050 ns, Total: 7302401 ns
[2025-01-29T14:39:25.041+0000][7][gc,marking  ] GC(39) Concurrent Rebuild Remembered Sets
[2025-01-29T14:39:25.094+0000][7][gc,marking  ] GC(39) Concurrent Rebuild Remembered Sets 53.452ms
[2025-01-29T14:39:25.095+0000][7][gc,start    ] GC(39) Pause Cleanup
[2025-01-29T14:39:25.095+0000][7][gc          ] GC(39) Pause Cleanup 83M->83M(256M) 0.197ms
[2025-01-29T14:39:25.095+0000][7][gc,cpu      ] GC(39) User=0.00s Sys=0.00s Real=0.00s
[2025-01-29T14:39:25.095+0000][7][safepoint   ] Safepoint "G1Concurrent", Time since last: 53691054 ns, Reaching safepoint: 359068 ns, At safepoint: 272422 ns, Total: 631490 ns
[2025-01-29T14:39:25.095+0000][7][gc,marking  ] GC(39) Concurrent Cleanup for Next Mark
[2025-01-29T14:39:25.097+0000][7][gc,marking  ] GC(39) Concurrent Cleanup for Next Mark 1.431ms
[2025-01-29T14:39:25.097+0000][7][gc          ] GC(39) Concurrent Cycle 151.498ms
[2025-01-29T14:39:36.098+0000][7][safepoint   ] Safepoint "Cleanup", Time since last: 11002503555 ns, Reaching safepoint: 523381 ns, At safepoint: 66575 ns, Total: 589956 ns
[2025-01-29T14:40:36.109+0000][7][safepoint   ] Safepoint "Cleanup", Time since last: 60010881940 ns, Reaching safepoint: 578955 ns, At safepoint: 11830 ns, Total: 590785 ns
[2025-01-29T14:41:36.121+0000][7][safepoint   ] Safepoint "Cleanup", Time since last: 60012240554 ns, Reaching safepoint: 318709 ns, At safepoint: 35088 ns, Total: 353797 ns
[2025-01-29T14:42:36.132+0000][7][safepoint   ] Safepoint "Cleanup", Time since last: 60010495195 ns, Reaching safepoint: 591113 ns, At safepoint: 42832 ns, Total: 633945 ns
[2025-01-29T14:43:36.140+0000][7][safepoint   ] Safepoint "Cleanup", Time since last: 60009290071 ns, Reaching safepoint: 280687 ns, At safepoint: 31448 ns, Total: 312135 ns
[2025-01-29T14:44:13.147+0000][7][safepoint   ] Safepoint "Cleanup", Time since last: 37007484564 ns, Reaching safepoint: 354865 ns, At safepoint: 52885 ns, Total: 407750 ns
[2025-01-29T14:44:36.153+0000][7][safepoint   ] Safepoint "Cleanup", Time since last: 23005235224 ns, Reaching safepoint: 292109 ns, At safepoint: 13542 ns, Total: 305651 ns
[2025-01-29T14:44:43.155+0000][7][safepoint   ] Safepoint "Cleanup", Time since last: 7001415782 ns, Reaching safepoint: 384754 ns, At safepoint: 42264 ns, Total: 427018 ns
[2025-01-29T14:45:37.168+0000][7][safepoint   ] Safepoint "Cleanup", Time since last: 54012559602 ns, Reaching safepoint: 570263 ns, At safepoint: 148861 ns, Total: 719124 ns
[2025-01-29T14:46:13.176+0000][7][safepoint   ] Safepoint "Cleanup", Time since last: 36006996756 ns, Reaching safepoint: 457416 ns, At safepoint: 47760 ns, Total: 505176 ns
[2025-01-29T14:46:31.362+0000][7][gc,start    ] GC(40) Pause Young (Normal) (G1 Evacuation Pause)
[2025-01-29T14:46:31.362+0000][7][gc,task     ] GC(40) Using 6 workers of 8 for evacuation
[2025-01-29T14:46:31.362+0000][7][gc,age      ] GC(40) Desired survivor size 8388608 bytes, new threshold 15 (max threshold 15)
[2025-01-29T14:46:31.384+0000][7][gc,age      ] GC(40) Age table with threshold 15 (max threshold 15)
[2025-01-29T14:46:31.384+0000][7][gc,age      ] GC(40) - age   1:       6440 bytes,       6440 total
[2025-01-29T14:46:31.384+0000][7][gc,age      ] GC(40) - age   2:       4688 bytes,      11128 total
[2025-01-29T14:46:31.384+0000][7][gc,age      ] GC(40) - age   3:       1504 bytes,      12632 total
[2025-01-29T14:46:31.384+0000][7][gc,age      ] GC(40) - age   4:       2616 bytes,      15248 total
[2025-01-29T14:46:31.384+0000][7][gc,age      ] GC(40) - age   5:       4032 bytes,      19280 total
[2025-01-29T14:46:31.384+0000][7][gc,age      ] GC(40) - age   6:       3512 bytes,      22792 total
[2025-01-29T14:46:31.384+0000][7][gc,age      ] GC(40) - age   7:      15608 bytes,      38400 total
[2025-01-29T14:46:31.384+0000][7][gc,age      ] GC(40) - age   8:       1152 bytes,      39552 total
[2025-01-29T14:46:31.384+0000][7][gc,age      ] GC(40) - age   9:     366232 bytes,     405784 total
[2025-01-29T14:46:31.384+0000][7][gc,age      ] GC(40) - age  10:    3590224 bytes,    3996008 total
[2025-01-29T14:46:31.384+0000][7][gc,phases   ] GC(40)   Pre Evacuate Collection Set: 1.1ms
[2025-01-29T14:46:31.384+0000][7][gc,phases   ] GC(40)   Merge Heap Roots: 0.4ms
[2025-01-29T14:46:31.384+0000][7][gc,phases   ] GC(40)   Evacuate Collection Set: 15.1ms
[2025-01-29T14:46:31.384+0000][7][gc,phases   ] GC(40)   Post Evacuate Collection Set: 5.1ms
[2025-01-29T14:46:31.384+0000][7][gc,phases   ] GC(40)   Other: 0.6ms
[2025-01-29T14:46:31.384+0000][7][gc,heap     ] GC(40) Eden regions: 29->0(29)
[2025-01-29T14:46:31.384+0000][7][gc,heap     ] GC(40) Survivor regions: 2->2(4)
[2025-01-29T14:46:31.384+0000][7][gc,heap     ] GC(40) Old regions: 19->19
[2025-01-29T14:46:31.384+0000][7][gc,heap     ] GC(40) Archive regions: 2->2
[2025-01-29T14:46:31.384+0000][7][gc,heap     ] GC(40) Humongous regions: 0->0
[2025-01-29T14:46:31.384+0000][7][gc,metaspace] GC(40) Metaspace: 90548K(94992K)->90548K(94992K) NonClass: 78365K(81604K)->78365K(81604K) Class: 12183K(13388K)->12183K(13388K)
[2025-01-29T14:46:31.384+0000][7][gc          ] GC(40) Pause Young (Normal) (G1 Evacuation Pause) 197M->81M(256M) 22.488ms
[2025-01-29T14:46:31.385+0000][7][gc,cpu      ] GC(40) User=0.09s Sys=0.00s Real=0.02s
[2025-01-29T14:46:31.385+0000][7][safepoint   ] Safepoint "G1CollectForAllocation", Time since last: 18185802827 ns, Reaching safepoint: 459171 ns, At safepoint: 22736344 ns, Total: 23195515 ns
[2025-01-29T14:46:36.386+0000][7][safepoint   ] Safepoint "Cleanup", Time since last: 5001324049 ns, Reaching safepoint: 457505 ns, At safepoint: 64538 ns, Total: 522043 ns
[2025-01-29T14:46:43.388+0000][7][safepoint   ] Safepoint "Cleanup", Time since last: 7001520878 ns, Reaching safepoint: 478175 ns, At safepoint: 56823 ns, Total: 534998 ns
[2025-01-29T14:47:13.395+0000][7][safepoint   ] Safepoint "Cleanup", Time since last: 30006088076 ns, Reaching safepoint: 512871 ns, At safepoint: 71293 ns, Total: 584164 ns
[2025-01-29T14:47:36.400+0000][7][safepoint   ] Safepoint "Cleanup", Time since last: 23004827663 ns, Reaching safepoint: 485048 ns, At safepoint: 14826 ns, Total: 499874 ns
[2025-01-29T14:47:43.404+0000][7][safepoint   ] Safepoint "Cleanup", Time since last: 7003595432 ns, Reaching safepoint: 454455 ns, At safepoint: 53822 ns, Total: 508277 ns
[2025-01-29T14:47:55.407+0000][7][safepoint   ] Safepoint "Cleanup", Time since last: 12002515914 ns, Reaching safepoint: 587460 ns, At safepoint: 94687 ns, Total: 682147 ns
[2025-01-29T14:48:21.413+0000][7][safepoint   ] Safepoint "Cleanup", Time since last: 26005736739 ns, Reaching safepoint: 293250 ns, At safepoint: 6042 ns, Total: 299292 ns
[2025-01-29T14:48:37.417+0000][7][safepoint   ] Safepoint "Cleanup", Time since last: 16003373623 ns, Reaching safepoint: 413952 ns, At safepoint: 54313 ns, Total: 468265 ns
[2025-01-29T14:49:13.426+0000][7][safepoint   ] Safepoint "Cleanup", Time since last: 36008320342 ns, Reaching safepoint: 679129 ns, At safepoint: 68887 ns, Total: 748016 ns
[2025-01-29T14:49:37.434+0000][7][safepoint   ] Safepoint "Cleanup", Time since last: 24007956355 ns, Reaching safepoint: 133902 ns, At safepoint: 18629 ns, Total: 152531 ns
[2025-01-29T14:50:37.446+0000][7][safepoint   ] Safepoint "Cleanup", Time since last: 60012351668 ns, Reaching safepoint: 246038 ns, At safepoint: 45311 ns, Total: 291349 ns
[2025-01-29T14:53:42.464+0000][7][gc,start    ] GC(41) Pause Young (Concurrent Start) (G1 Evacuation Pause)
[2025-01-29T14:53:42.464+0000][7][gc,task     ] GC(41) Using 6 workers of 8 for evacuation
[2025-01-29T14:53:42.464+0000][7][gc,age      ] GC(41) Desired survivor size 8388608 bytes, new threshold 15 (max threshold 15)
[2025-01-29T14:53:42.479+0000][7][gc,age      ] GC(41) Age table with threshold 15 (max threshold 15)
[2025-01-29T14:53:42.479+0000][7][gc,age      ] GC(41) - age   1:      11072 bytes,      11072 total
[2025-01-29T14:53:42.479+0000][7][gc,age      ] GC(41) - age   2:       1024 bytes,      12096 total
[2025-01-29T14:53:42.479+0000][7][gc,age      ] GC(41) - age   3:       4488 bytes,      16584 total
[2025-01-29T14:53:42.479+0000][7][gc,age      ] GC(41) - age   4:       1504 bytes,      18088 total
[2025-01-29T14:53:42.479+0000][7][gc,age      ] GC(41) - age   5:       2520 bytes,      20608 total
[2025-01-29T14:53:42.479+0000][7][gc,age      ] GC(41) - age   6:       4032 bytes,      24640 total
[2025-01-29T14:53:42.479+0000][7][gc,age      ] GC(41) - age   7:       3472 bytes,      28112 total
[2025-01-29T14:53:42.479+0000][7][gc,age      ] GC(41) - age   8:      15608 bytes,      43720 total
[2025-01-29T14:53:42.479+0000][7][gc,age      ] GC(41) - age   9:       1152 bytes,      44872 total
[2025-01-29T14:53:42.479+0000][7][gc,age      ] GC(41) - age  10:     366232 bytes,     411104 total
[2025-01-29T14:53:42.479+0000][7][gc,age      ] GC(41) - age  11:    3590224 bytes,    4001328 total
[2025-01-29T14:53:42.479+0000][7][gc,phases   ] GC(41)   Pre Evacuate Collection Set: 1.1ms
[2025-01-29T14:53:42.479+0000][7][gc,phases   ] GC(41)   Merge Heap Roots: 0.4ms
[2025-01-29T14:53:42.479+0000][7][gc,phases   ] GC(41)   Evacuate Collection Set: 10.0ms
[2025-01-29T14:53:42.479+0000][7][gc,phases   ] GC(41)   Post Evacuate Collection Set: 3.1ms
[2025-01-29T14:53:42.479+0000][7][gc,phases   ] GC(41)   Other: 0.6ms
[2025-01-29T14:53:42.479+0000][7][gc,heap     ] GC(41) Eden regions: 29->0(29)
[2025-01-29T14:53:42.479+0000][7][gc,heap     ] GC(41) Survivor regions: 2->2(4)
[2025-01-29T14:53:42.479+0000][7][gc,heap     ] GC(41) Old regions: 19->19
[2025-01-29T14:53:42.479+0000][7][gc,heap     ] GC(41) Archive regions: 2->2
[2025-01-29T14:53:42.479+0000][7][gc,heap     ] GC(41) Humongous regions: 0->0
[2025-01-29T14:53:42.479+0000][7][gc,metaspace] GC(41) Metaspace: 90635K(94992K)->90635K(94992K) NonClass: 78451K(81604K)->78451K(81604K) Class: 12183K(13388K)->12183K(13388K)
[2025-01-29T14:53:42.480+0000][7][gc          ] GC(41) Pause Young (Concurrent Start) (G1 Evacuation Pause) 197M->81M(256M) 15.341ms
[2025-01-29T14:53:42.480+0000][7][gc,cpu      ] GC(41) User=0.06s Sys=0.00s Real=0.01s
[2025-01-29T14:53:42.480+0000][7][safepoint   ] Safepoint "G1CollectForAllocation", Time since last: 185019026804 ns, Reaching safepoint: 590129 ns, At safepoint: 15580138 ns, Total: 16170267 ns
[2025-01-29T14:53:42.480+0000][7][gc          ] GC(42) Concurrent Cycle
[2025-01-29T14:53:42.480+0000][7][gc,marking  ] GC(42) Concurrent Clear Claimed Marks
[2025-01-29T14:53:42.480+0000][7][gc,marking  ] GC(42) Concurrent Clear Claimed Marks 0.182ms
[2025-01-29T14:53:42.480+0000][7][gc,marking  ] GC(42) Concurrent Scan Root Regions
[2025-01-29T14:53:42.490+0000][7][gc,marking  ] GC(42) Concurrent Scan Root Regions 9.893ms
[2025-01-29T14:53:42.490+0000][7][gc,marking  ] GC(42) Concurrent Mark (4188.225s)
[2025-01-29T14:53:42.490+0000][7][gc,marking  ] GC(42) Concurrent Mark From Roots
[2025-01-29T14:53:42.490+0000][7][gc,task     ] GC(42) Using 2 workers of 2 for marking
[2025-01-29T14:53:42.601+0000][7][gc,marking  ] GC(42) Concurrent Mark From Roots 110.683ms
[2025-01-29T14:53:42.601+0000][7][gc,marking  ] GC(42) Concurrent Preclean
[2025-01-29T14:53:42.601+0000][7][gc,marking  ] GC(42) Concurrent Preclean 0.208ms
[2025-01-29T14:53:42.601+0000][7][gc,marking  ] GC(42) Concurrent Mark (4188.225s, 4188.336s) 110.964ms
[2025-01-29T14:53:42.602+0000][7][gc,start    ] GC(42) Pause Remark
[2025-01-29T14:53:42.606+0000][7][gc          ] GC(42) Pause Remark 81M->81M(256M) 4.209ms
[2025-01-29T14:53:42.606+0000][7][gc,cpu      ] GC(42) User=0.02s Sys=0.00s Real=0.01s
[2025-01-29T14:53:42.606+0000][7][safepoint   ] Safepoint "G1Concurrent", Time since last: 121598370 ns, Reaching safepoint: 302442 ns, At safepoint: 4338091 ns, Total: 4640533 ns
[2025-01-29T14:53:42.606+0000][7][gc,marking  ] GC(42) Concurrent Rebuild Remembered Sets
[2025-01-29T14:53:42.672+0000][7][gc,marking  ] GC(42) Concurrent Rebuild Remembered Sets 65.759ms
[2025-01-29T14:53:42.673+0000][7][gc,start    ] GC(42) Pause Cleanup
[2025-01-29T14:53:42.673+0000][7][gc          ] GC(42) Pause Cleanup 83M->83M(256M) 0.301ms
[2025-01-29T14:53:42.673+0000][7][gc,cpu      ] GC(42) User=0.00s Sys=0.00s Real=0.00s
[2025-01-29T14:53:42.673+0000][7][safepoint   ] Safepoint "G1Concurrent", Time since last: 66068758 ns, Reaching safepoint: 620488 ns, At safepoint: 440675 ns, Total: 1061163 ns
[2025-01-29T14:53:42.673+0000][7][gc,marking  ] GC(42) Concurrent Cleanup for Next Mark
[2025-01-29T14:53:42.674+0000][7][gc,marking  ] GC(42) Concurrent Cleanup for Next Mark 1.018ms
[2025-01-29T14:53:42.674+0000][7][gc          ] GC(42) Concurrent Cycle 194.480ms
[2025-01-29T14:56:11.711+0000][7][safepoint   ] Safepoint "Cleanup", Time since last: 149037902493 ns, Reaching safepoint: 203183 ns, At safepoint: 17530 ns, Total: 220713 ns
[2025-01-29T14:56:21.713+0000][7][safepoint   ] Safepoint "Cleanup", Time since last: 10001802664 ns, Reaching safepoint: 151003 ns, At safepoint: 21878 ns, Total: 172881 ns
[2025-01-29T14:56:37.721+0000][7][safepoint   ] Safepoint "Cleanup", Time since last: 16007267443 ns, Reaching safepoint: 517561 ns, At safepoint: 72389 ns, Total: 589950 ns
[2025-01-29T14:56:42.723+0000][7][safepoint   ] Safepoint "Cleanup", Time since last: 5001352942 ns, Reaching safepoint: 456774 ns, At safepoint: 54295 ns, Total: 511069 ns
[2025-01-29T14:57:12.728+0000][7][safepoint   ] Safepoint "Cleanup", Time since last: 30005720848 ns, Reaching safepoint: 176369 ns, At safepoint: 19990 ns, Total: 196359 ns
[2025-01-29T14:58:37.745+0000][7][safepoint   ] Safepoint "Cleanup", Time since last: 85016531830 ns, Reaching safepoint: 315428 ns, At safepoint: 33930 ns, Total: 349358 ns
[2025-01-29T14:59:12.752+0000][7][safepoint   ] Safepoint "Cleanup", Time since last: 35007471079 ns, Reaching safepoint: 126894 ns, At safepoint: 3512 ns, Total: 130406 ns
[2025-01-29T15:00:37.781+0000][7][safepoint   ] Safepoint "Cleanup", Time since last: 85028375935 ns, Reaching safepoint: 646284 ns, At safepoint: 73126 ns, Total: 719410 ns
[2025-01-29T15:00:53.192+0000][7][gc,start    ] GC(43) Pause Young (Normal) (G1 Evacuation Pause)
[2025-01-29T15:00:53.192+0000][7][gc,task     ] GC(43) Using 6 workers of 8 for evacuation
[2025-01-29T15:00:53.192+0000][7][gc,age      ] GC(43) Desired survivor size 8388608 bytes, new threshold 15 (max threshold 15)
[2025-01-29T15:00:53.209+0000][7][gc,age      ] GC(43) Age table with threshold 15 (max threshold 15)
[2025-01-29T15:00:53.209+0000][7][gc,age      ] GC(43) - age   1:       7040 bytes,       7040 total
[2025-01-29T15:00:53.209+0000][7][gc,age      ] GC(43) - age   2:       2400 bytes,       9440 total
[2025-01-29T15:00:53.209+0000][7][gc,age      ] GC(43) - age   3:        488 bytes,       9928 total
[2025-01-29T15:00:53.209+0000][7][gc,age      ] GC(43) - age   4:       4488 bytes,      14416 total
[2025-01-29T15:00:53.209+0000][7][gc,age      ] GC(43) - age   5:       1504 bytes,      15920 total
[2025-01-29T15:00:53.209+0000][7][gc,age      ] GC(43) - age   6:       2384 bytes,      18304 total
[2025-01-29T15:00:53.209+0000][7][gc,age      ] GC(43) - age   7:       4032 bytes,      22336 total
[2025-01-29T15:00:53.209+0000][7][gc,age      ] GC(43) - age   8:       3472 bytes,      25808 total
[2025-01-29T15:00:53.209+0000][7][gc,age      ] GC(43) - age   9:      15608 bytes,      41416 total
[2025-01-29T15:00:53.209+0000][7][gc,age      ] GC(43) - age  10:       1152 bytes,      42568 total
[2025-01-29T15:00:53.209+0000][7][gc,age      ] GC(43) - age  11:     366232 bytes,     408800 total
[2025-01-29T15:00:53.209+0000][7][gc,age      ] GC(43) - age  12:    3590224 bytes,    3999024 total
[2025-01-29T15:00:53.209+0000][7][gc,phases   ] GC(43)   Pre Evacuate Collection Set: 0.6ms
[2025-01-29T15:00:53.209+0000][7][gc,phases   ] GC(43)   Merge Heap Roots: 0.5ms
[2025-01-29T15:00:53.209+0000][7][gc,phases   ] GC(43)   Evacuate Collection Set: 12.2ms
[2025-01-29T15:00:53.209+0000][7][gc,phases   ] GC(43)   Post Evacuate Collection Set: 3.0ms
[2025-01-29T15:00:53.209+0000][7][gc,phases   ] GC(43)   Other: 0.6ms
[2025-01-29T15:00:53.209+0000][7][gc,heap     ] GC(43) Eden regions: 29->0(29)
[2025-01-29T15:00:53.209+0000][7][gc,heap     ] GC(43) Survivor regions: 2->2(4)
[2025-01-29T15:00:53.209+0000][7][gc,heap     ] GC(43) Old regions: 19->19
[2025-01-29T15:00:53.209+0000][7][gc,heap     ] GC(43) Archive regions: 2->2
[2025-01-29T15:00:53.209+0000][7][gc,heap     ] GC(43) Humongous regions: 0->0
[2025-01-29T15:00:53.209+0000][7][gc,metaspace] GC(43) Metaspace: 90651K(94992K)->90651K(94992K) NonClass: 78468K(81604K)->78468K(81604K) Class: 12183K(13388K)->12183K(13388K)
[2025-01-29T15:00:53.209+0000][7][gc          ] GC(43) Pause Young (Normal) (G1 Evacuation Pause) 197M->81M(256M) 17.154ms
[2025-01-29T15:00:53.209+0000][7][gc,cpu      ] GC(43) User=0.07s Sys=0.00s Real=0.02s
[2025-01-29T15:00:53.209+0000][7][safepoint   ] Safepoint "G1CollectForAllocation", Time since last: 15410479856 ns, Reaching safepoint: 468869 ns, At safepoint: 17382829 ns, Total: 17851698 ns
[2025-01-29T15:01:43.220+0000][7][safepoint   ] Safepoint "Cleanup", Time since last: 50011035953 ns, Reaching safepoint: 395788 ns, At safepoint: 11367 ns, Total: 407155 ns
[2025-01-29T15:03:38.244+0000][7][safepoint   ] Safepoint "Cleanup", Time since last: 115024539279 ns, Reaching safepoint: 438795 ns, At safepoint: 54540 ns, Total: 493335 ns
[2025-01-29T15:03:43.246+0000][7][safepoint   ] Safepoint "Cleanup", Time since last: 5001283959 ns, Reaching safepoint: 356324 ns, At safepoint: 106821 ns, Total: 463145 ns
[2025-01-29T15:04:26.256+0000][7][safepoint   ] Safepoint "Cleanup", Time since last: 43009984938 ns, Reaching safepoint: 279784 ns, At safepoint: 5944 ns, Total: 285728 ns
[2025-01-29T15:05:38.271+0000][7][safepoint   ] Safepoint "Cleanup", Time since last: 72015915364 ns, Reaching safepoint: 307491 ns, At safepoint: 5151 ns, Total: 312642 ns
[2025-01-29T15:07:43.295+0000][7][safepoint   ] Safepoint "Cleanup", Time since last: 125025958543 ns, Reaching safepoint: 576609 ns, At safepoint: 71326 ns, Total: 647935 ns
[2025-01-29T15:08:01.303+0000][7][gc,start    ] GC(44) Pause Young (Concurrent Start) (G1 Evacuation Pause)
[2025-01-29T15:08:01.303+0000][7][gc,task     ] GC(44) Using 6 workers of 8 for evacuation
[2025-01-29T15:08:01.303+0000][7][gc,age      ] GC(44) Desired survivor size 8388608 bytes, new threshold 15 (max threshold 15)
[2025-01-29T15:08:01.319+0000][7][gc,age      ] GC(44) Age table with threshold 15 (max threshold 15)
[2025-01-29T15:08:01.319+0000][7][gc,age      ] GC(44) - age   1:       6760 bytes,       6760 total
[2025-01-29T15:08:01.319+0000][7][gc,age      ] GC(44) - age   2:       1496 bytes,       8256 total
[2025-01-29T15:08:01.319+0000][7][gc,age      ] GC(44) - age   3:       2200 bytes,      10456 total
[2025-01-29T15:08:01.319+0000][7][gc,age      ] GC(44) - age   4:        488 bytes,      10944 total
[2025-01-29T15:08:01.319+0000][7][gc,age      ] GC(44) - age   5:       4488 bytes,      15432 total
[2025-01-29T15:08:01.319+0000][7][gc,age      ] GC(44) - age   6:       1504 bytes,      16936 total
[2025-01-29T15:08:01.319+0000][7][gc,age      ] GC(44) - age   7:       2344 bytes,      19280 total
[2025-01-29T15:08:01.319+0000][7][gc,age      ] GC(44) - age   8:       4032 bytes,      23312 total
[2025-01-29T15:08:01.319+0000][7][gc,age      ] GC(44) - age   9:       3472 bytes,      26784 total
[2025-01-29T15:08:01.319+0000][7][gc,age      ] GC(44) - age  10:      15608 bytes,      42392 total
[2025-01-29T15:08:01.319+0000][7][gc,age      ] GC(44) - age  11:       1152 bytes,      43544 total
[2025-01-29T15:08:01.319+0000][7][gc,age      ] GC(44) - age  12:     366232 bytes,     409776 total
[2025-01-29T15:08:01.319+0000][7][gc,age      ] GC(44) - age  13:    3590224 bytes,    4000000 total
[2025-01-29T15:08:01.319+0000][7][gc,phases   ] GC(44)   Pre Evacuate Collection Set: 0.8ms
[2025-01-29T15:08:01.319+0000][7][gc,phases   ] GC(44)   Merge Heap Roots: 0.3ms
[2025-01-29T15:08:01.319+0000][7][gc,phases   ] GC(44)   Evacuate Collection Set: 10.8ms
[2025-01-29T15:08:01.319+0000][7][gc,phases   ] GC(44)   Post Evacuate Collection Set: 3.3ms
[2025-01-29T15:08:01.319+0000][7][gc,phases   ] GC(44)   Other: 0.6ms
[2025-01-29T15:08:01.319+0000][7][gc,heap     ] GC(44) Eden regions: 29->0(29)
[2025-01-29T15:08:01.319+0000][7][gc,heap     ] GC(44) Survivor regions: 2->2(4)
[2025-01-29T15:08:01.319+0000][7][gc,heap     ] GC(44) Old regions: 19->19
[2025-01-29T15:08:01.319+0000][7][gc,heap     ] GC(44) Archive regions: 2->2
[2025-01-29T15:08:01.319+0000][7][gc,heap     ] GC(44) Humongous regions: 0->0
[2025-01-29T15:08:01.319+0000][7][gc,metaspace] GC(44) Metaspace: 90657K(94992K)->90657K(94992K) NonClass: 78474K(81604K)->78474K(81604K) Class: 12183K(13388K)->12183K(13388K)
[2025-01-29T15:08:01.319+0000][7][gc          ] GC(44) Pause Young (Concurrent Start) (G1 Evacuation Pause) 197M->81M(256M) 16.084ms
[2025-01-29T15:08:01.319+0000][7][gc,cpu      ] GC(44) User=0.06s Sys=0.01s Real=0.02s
[2025-01-29T15:08:01.319+0000][7][safepoint   ] Safepoint "G1CollectForAllocation", Time since last: 18007041068 ns, Reaching safepoint: 629252 ns, At safepoint: 16331563 ns, Total: 16960815 ns
[2025-01-29T15:08:01.319+0000][7][gc          ] GC(45) Concurrent Cycle
[2025-01-29T15:08:01.319+0000][7][gc,marking  ] GC(45) Concurrent Clear Claimed Marks
[2025-01-29T15:08:01.319+0000][7][gc,marking  ] GC(45) Concurrent Clear Claimed Marks 0.184ms
[2025-01-29T15:08:01.319+0000][7][gc,marking  ] GC(45) Concurrent Scan Root Regions
[2025-01-29T15:08:01.330+0000][7][gc,marking  ] GC(45) Concurrent Scan Root Regions 10.193ms
[2025-01-29T15:08:01.330+0000][7][gc,marking  ] GC(45) Concurrent Mark (5047.072s)
[2025-01-29T15:08:01.330+0000][7][gc,marking  ] GC(45) Concurrent Mark From Roots
[2025-01-29T15:08:01.330+0000][7][gc,task     ] GC(45) Using 2 workers of 2 for marking
[2025-01-29T15:08:01.441+0000][7][gc,marking  ] GC(45) Concurrent Mark From Roots 111.249ms
[2025-01-29T15:08:01.441+0000][7][gc,marking  ] GC(45) Concurrent Preclean
[2025-01-29T15:08:01.441+0000][7][gc,marking  ] GC(45) Concurrent Preclean 0.184ms
[2025-01-29T15:08:01.441+0000][7][gc,marking  ] GC(45) Concurrent Mark (5047.072s, 5047.183s) 111.498ms
[2025-01-29T15:08:01.442+0000][7][gc,start    ] GC(45) Pause Remark
[2025-01-29T15:08:01.446+0000][7][gc          ] GC(45) Pause Remark 83M->83M(256M) 4.344ms
[2025-01-29T15:08:01.446+0000][7][gc,cpu      ] GC(45) User=0.02s Sys=0.00s Real=0.00s
[2025-01-29T15:08:01.446+0000][7][safepoint   ] Safepoint "G1Concurrent", Time since last: 122187933 ns, Reaching safepoint: 258767 ns, At safepoint: 4469542 ns, Total: 4728309 ns
[2025-01-29T15:08:01.446+0000][7][gc,marking  ] GC(45) Concurrent Rebuild Remembered Sets
[2025-01-29T15:08:01.497+0000][7][gc,marking  ] GC(45) Concurrent Rebuild Remembered Sets 50.585ms
[2025-01-29T15:08:01.497+0000][7][gc,start    ] GC(45) Pause Cleanup
[2025-01-29T15:08:01.497+0000][7][gc          ] GC(45) Pause Cleanup 83M->83M(256M) 0.170ms
[2025-01-29T15:08:01.497+0000][7][gc,cpu      ] GC(45) User=0.00s Sys=0.00s Real=0.00s
[2025-01-29T15:08:01.497+0000][7][safepoint   ] Safepoint "G1Concurrent", Time since last: 50930298 ns, Reaching safepoint: 211741 ns, At safepoint: 238947 ns, Total: 450688 ns
[2025-01-29T15:08:01.498+0000][7][gc,marking  ] GC(45) Concurrent Cleanup for Next Mark
[2025-01-29T15:08:01.499+0000][7][gc,marking  ] GC(45) Concurrent Cleanup for Next Mark 1.057ms
[2025-01-29T15:08:01.499+0000][7][gc          ] GC(45) Concurrent Cycle 179.459ms
[2025-01-29T15:09:43.522+0000][7][safepoint   ] Safepoint "Cleanup", Time since last: 102022024020 ns, Reaching safepoint: 333912 ns, At safepoint: 11697 ns, Total: 345609 ns
[2025-01-29T15:10:38.530+0000][7][safepoint   ] Safepoint "Cleanup", Time since last: 55011383344 ns, Reaching safepoint: 560258 ns, At safepoint: 62050 ns, Total: 622308 ns
[2025-01-29T15:11:38.542+0000][7][safepoint   ] Safepoint "Cleanup", Time since last: 60012124495 ns, Reaching safepoint: 637321 ns, At safepoint: 79014 ns, Total: 716335 ns
[2025-01-29T15:13:11.562+0000][7][safepoint   ] Safepoint "Cleanup", Time since last: 93020394546 ns, Reaching safepoint: 576500 ns, At safepoint: 91294 ns, Total: 667794 ns
[2025-01-29T15:13:38.567+0000][7][safepoint   ] Safepoint "Cleanup", Time since last: 27005545281 ns, Reaching safepoint: 357580 ns, At safepoint: 40282 ns, Total: 397862 ns
[2025-01-29T15:14:12.573+0000][7][safepoint   ] Safepoint "Cleanup", Time since last: 34006973794 ns, Reaching safepoint: 449734 ns, At safepoint: 59885 ns, Total: 509619 ns
[2025-01-29T15:14:38.578+0000][7][safepoint   ] Safepoint "Cleanup", Time since last: 26004836224 ns, Reaching safepoint: 410251 ns, At safepoint: 74795 ns, Total: 485046 ns
[2025-01-29T15:15:02.583+0000][7][safepoint   ] Safepoint "Cleanup", Time since last: 24004492871 ns, Reaching safepoint: 516518 ns, At safepoint: 79449 ns, Total: 595967 ns
[2025-01-29T15:15:07.596+0000][7][gc,start    ] GC(46) Pause Young (Normal) (G1 Evacuation Pause)
[2025-01-29T15:15:07.596+0000][7][gc,task     ] GC(46) Using 6 workers of 8 for evacuation
[2025-01-29T15:15:07.596+0000][7][gc,age      ] GC(46) Desired survivor size 8388608 bytes, new threshold 15 (max threshold 15)
[2025-01-29T15:15:07.609+0000][7][gc,age      ] GC(46) Age table with threshold 15 (max threshold 15)
[2025-01-29T15:15:07.609+0000][7][gc,age      ] GC(46) - age   1:       7200 bytes,       7200 total
[2025-01-29T15:15:07.609+0000][7][gc,age      ] GC(46) - age   2:       1080 bytes,       8280 total
[2025-01-29T15:15:07.609+0000][7][gc,age      ] GC(46) - age   3:       1048 bytes,       9328 total
[2025-01-29T15:15:07.609+0000][7][gc,age      ] GC(46) - age   4:       2200 bytes,      11528 total
[2025-01-29T15:15:07.609+0000][7][gc,age      ] GC(46) - age   5:        488 bytes,      12016 total
[2025-01-29T15:15:07.609+0000][7][gc,age      ] GC(46) - age   6:       4488 bytes,      16504 total
[2025-01-29T15:15:07.609+0000][7][gc,age      ] GC(46) - age   7:       1504 bytes,      18008 total
[2025-01-29T15:15:07.609+0000][7][gc,age      ] GC(46) - age   8:       2344 bytes,      20352 total
[2025-01-29T15:15:07.609+0000][7][gc,age      ] GC(46) - age   9:       4032 bytes,      24384 total
[2025-01-29T15:15:07.609+0000][7][gc,age      ] GC(46) - age  10:       3472 bytes,      27856 total
[2025-01-29T15:15:07.609+0000][7][gc,age      ] GC(46) - age  11:      15608 bytes,      43464 total
[2025-01-29T15:15:07.609+0000][7][gc,age      ] GC(46) - age  12:       1152 bytes,      44616 total
[2025-01-29T15:15:07.609+0000][7][gc,age      ] GC(46) - age  13:     366232 bytes,     410848 total
[2025-01-29T15:15:07.609+0000][7][gc,age      ] GC(46) - age  14:    3590224 bytes,    4001072 total
[2025-01-29T15:15:07.610+0000][7][gc,phases   ] GC(46)   Pre Evacuate Collection Set: 0.4ms
[2025-01-29T15:15:07.610+0000][7][gc,phases   ] GC(46)   Merge Heap Roots: 0.3ms
[2025-01-29T15:15:07.610+0000][7][gc,phases   ] GC(46)   Evacuate Collection Set: 9.5ms
[2025-01-29T15:15:07.610+0000][7][gc,phases   ] GC(46)   Post Evacuate Collection Set: 2.7ms
[2025-01-29T15:15:07.610+0000][7][gc,phases   ] GC(46)   Other: 0.6ms
[2025-01-29T15:15:07.610+0000][7][gc,heap     ] GC(46) Eden regions: 29->0(29)
[2025-01-29T15:15:07.610+0000][7][gc,heap     ] GC(46) Survivor regions: 2->2(4)
[2025-01-29T15:15:07.610+0000][7][gc,heap     ] GC(46) Old regions: 19->19
[2025-01-29T15:15:07.610+0000][7][gc,heap     ] GC(46) Archive regions: 2->2
[2025-01-29T15:15:07.610+0000][7][gc,heap     ] GC(46) Humongous regions: 0->0
[2025-01-29T15:15:07.610+0000][7][gc,metaspace] GC(46) Metaspace: 90693K(94992K)->90693K(94992K) NonClass: 78510K(81604K)->78510K(81604K) Class: 12183K(13388K)->12183K(13388K)
[2025-01-29T15:15:07.610+0000][7][gc          ] GC(46) Pause Young (Normal) (G1 Evacuation Pause) 197M->81M(256M) 13.554ms
[2025-01-29T15:15:07.610+0000][7][gc,cpu      ] GC(46) User=0.06s Sys=0.00s Real=0.01s
[2025-01-29T15:15:07.610+0000][7][safepoint   ] Safepoint "G1CollectForAllocation", Time since last: 5012454250 ns, Reaching safepoint: 527697 ns, At safepoint: 14084997 ns, Total: 14612694 ns
[2025-01-29T15:16:01.621+0000][7][safepoint   ] Safepoint "Cleanup", Time since last: 54011728151 ns, Reaching safepoint: 345414 ns, At safepoint: 49638 ns, Total: 395052 ns
[2025-01-29T15:16:38.635+0000][7][safepoint   ] Safepoint "Cleanup", Time since last: 37007717150 ns, Reaching safepoint: 835518 ns, At safepoint: 108204 ns, Total: 943722 ns
[2025-01-29T15:17:38.656+0000][7][safepoint   ] Safepoint "Cleanup", Time since last: 60020731947 ns, Reaching safepoint: 263286 ns, At safepoint: 27334 ns, Total: 290620 ns
[2025-01-29T15:17:42.658+0000][7][safepoint   ] Safepoint "Cleanup", Time since last: 4000804863 ns, Reaching safepoint: 523244 ns, At safepoint: 70668 ns, Total: 593912 ns
[2025-01-29T15:18:12.662+0000][7][safepoint   ] Safepoint "Cleanup", Time since last: 30004447669 ns, Reaching safepoint: 326058 ns, At safepoint: 22140 ns, Total: 348198 ns
[2025-01-29T15:19:12.689+0000][7][safepoint   ] Safepoint "Cleanup", Time since last: 60027164722 ns, Reaching safepoint: 242933 ns, At safepoint: 31785 ns, Total: 274718 ns
[2025-01-29T15:19:38.695+0000][7][safepoint   ] Safepoint "Cleanup", Time since last: 26005930705 ns, Reaching safepoint: 141318 ns, At safepoint: 21437 ns, Total: 162755 ns
[2025-01-29T15:20:38.717+0000][7][safepoint   ] Safepoint "Cleanup", Time since last: 60022766864 ns, Reaching safepoint: 179409 ns, At safepoint: 18061 ns, Total: 197470 ns
[2025-01-29T15:20:42.718+0000][7][safepoint   ] Safepoint "Cleanup", Time since last: 4000666383 ns, Reaching safepoint: 151731 ns, At safepoint: 20113 ns, Total: 171844 ns
[2025-01-29T15:21:38.736+0000][7][safepoint   ] Safepoint "Cleanup", Time since last: 56017623474 ns, Reaching safepoint: 188684 ns, At safepoint: 18569 ns, Total: 207253 ns
[2025-01-29T15:22:19.022+0000][7][gc,start    ] GC(47) Pause Young (Concurrent Start) (G1 Evacuation Pause)
[2025-01-29T15:22:19.022+0000][7][gc,task     ] GC(47) Using 6 workers of 8 for evacuation
[2025-01-29T15:22:19.022+0000][7][gc,age      ] GC(47) Desired survivor size 8388608 bytes, new threshold 15 (max threshold 15)
[2025-01-29T15:22:19.030+0000][7][gc,age      ] GC(47) Age table with threshold 15 (max threshold 15)
[2025-01-29T15:22:19.030+0000][7][gc,age      ] GC(47) - age   1:       6168 bytes,       6168 total
[2025-01-29T15:22:19.030+0000][7][gc,age      ] GC(47) - age   2:       1544 bytes,       7712 total
[2025-01-29T15:22:19.030+0000][7][gc,age      ] GC(47) - age   3:       1080 bytes,       8792 total
[2025-01-29T15:22:19.030+0000][7][gc,age      ] GC(47) - age   4:       1048 bytes,       9840 total
[2025-01-29T15:22:19.030+0000][7][gc,age      ] GC(47) - age   5:       2200 bytes,      12040 total
[2025-01-29T15:22:19.030+0000][7][gc,age      ] GC(47) - age   6:        488 bytes,      12528 total
[2025-01-29T15:22:19.030+0000][7][gc,age      ] GC(47) - age   7:       4488 bytes,      17016 total
[2025-01-29T15:22:19.030+0000][7][gc,age      ] GC(47) - age   8:       1504 bytes,      18520 total
[2025-01-29T15:22:19.030+0000][7][gc,age      ] GC(47) - age   9:       2344 bytes,      20864 total
[2025-01-29T15:22:19.030+0000][7][gc,age      ] GC(47) - age  10:       4032 bytes,      24896 total
[2025-01-29T15:22:19.030+0000][7][gc,age      ] GC(47) - age  11:       3472 bytes,      28368 total
[2025-01-29T15:22:19.030+0000][7][gc,age      ] GC(47) - age  12:      15608 bytes,      43976 total
[2025-01-29T15:22:19.030+0000][7][gc,age      ] GC(47) - age  13:       1152 bytes,      45128 total
[2025-01-29T15:22:19.030+0000][7][gc,age      ] GC(47) - age  14:     366232 bytes,     411360 total
[2025-01-29T15:22:19.030+0000][7][gc,age      ] GC(47) - age  15:    3590224 bytes,    4001584 total
[2025-01-29T15:22:19.030+0000][7][gc,phases   ] GC(47)   Pre Evacuate Collection Set: 0.3ms
[2025-01-29T15:22:19.030+0000][7][gc,phases   ] GC(47)   Merge Heap Roots: 0.1ms
[2025-01-29T15:22:19.030+0000][7][gc,phases   ] GC(47)   Evacuate Collection Set: 6.1ms
[2025-01-29T15:22:19.030+0000][7][gc,phases   ] GC(47)   Post Evacuate Collection Set: 1.5ms
[2025-01-29T15:22:19.030+0000][7][gc,phases   ] GC(47)   Other: 0.4ms
[2025-01-29T15:22:19.030+0000][7][gc,heap     ] GC(47) Eden regions: 29->0(29)
[2025-01-29T15:22:19.030+0000][7][gc,heap     ] GC(47) Survivor regions: 2->2(4)
[2025-01-29T15:22:19.030+0000][7][gc,heap     ] GC(47) Old regions: 19->19
[2025-01-29T15:22:19.030+0000][7][gc,heap     ] GC(47) Archive regions: 2->2
[2025-01-29T15:22:19.030+0000][7][gc,heap     ] GC(47) Humongous regions: 0->0
[2025-01-29T15:22:19.030+0000][7][gc,metaspace] GC(47) Metaspace: 90746K(94992K)->90746K(94992K) NonClass: 78562K(81604K)->78562K(81604K) Class: 12183K(13388K)->12183K(13388K)
[2025-01-29T15:22:19.030+0000][7][gc          ] GC(47) Pause Young (Concurrent Start) (G1 Evacuation Pause) 197M->81M(256M) 8.604ms
[2025-01-29T15:22:19.030+0000][7][gc,cpu      ] GC(47) User=0.03s Sys=0.01s Real=0.00s
[2025-01-29T15:22:19.031+0000][7][gc          ] GC(48) Concurrent Cycle
[2025-01-29T15:22:19.031+0000][7][gc,marking  ] GC(48) Concurrent Clear Claimed Marks
[2025-01-29T15:22:19.031+0000][7][safepoint   ] Safepoint "G1CollectForAllocation", Time since last: 40286812307 ns, Reaching safepoint: 252289 ns, At safepoint: 8819734 ns, Total: 9072023 ns
[2025-01-29T15:22:19.031+0000][7][gc,marking  ] GC(48) Concurrent Clear Claimed Marks 0.114ms
[2025-01-29T15:22:19.031+0000][7][gc,marking  ] GC(48) Concurrent Scan Root Regions
[2025-01-29T15:22:19.036+0000][7][gc,marking  ] GC(48) Concurrent Scan Root Regions 5.262ms
[2025-01-29T15:22:19.036+0000][7][gc,marking  ] GC(48) Concurrent Mark (5904.783s)
[2025-01-29T15:22:19.036+0000][7][gc,marking  ] GC(48) Concurrent Mark From Roots
[2025-01-29T15:22:19.036+0000][7][gc,task     ] GC(48) Using 2 workers of 2 for marking
[2025-01-29T15:22:19.117+0000][7][gc,marking  ] GC(48) Concurrent Mark From Roots 80.727ms
[2025-01-29T15:22:19.117+0000][7][gc,marking  ] GC(48) Concurrent Preclean
[2025-01-29T15:22:19.117+0000][7][gc,marking  ] GC(48) Concurrent Preclean 0.191ms
[2025-01-29T15:22:19.117+0000][7][gc,marking  ] GC(48) Concurrent Mark (5904.783s, 5904.864s) 80.976ms
[2025-01-29T15:22:19.117+0000][7][gc,start    ] GC(48) Pause Remark
[2025-01-29T15:22:19.121+0000][7][gc          ] GC(48) Pause Remark 81M->81M(256M) 3.874ms
[2025-01-29T15:22:19.121+0000][7][gc,cpu      ] GC(48) User=0.02s Sys=0.00s Real=0.00s
[2025-01-29T15:22:19.121+0000][7][safepoint   ] Safepoint "G1Concurrent", Time since last: 86485461 ns, Reaching safepoint: 221859 ns, At safepoint: 3981165 ns, Total: 4203024 ns
[2025-01-29T15:22:19.121+0000][7][gc,marking  ] GC(48) Concurrent Rebuild Remembered Sets
[2025-01-29T15:22:19.168+0000][7][gc,marking  ] GC(48) Concurrent Rebuild Remembered Sets 46.792ms
[2025-01-29T15:22:19.168+0000][7][gc,start    ] GC(48) Pause Cleanup
[2025-01-29T15:22:19.169+0000][7][gc          ] GC(48) Pause Cleanup 81M->81M(256M) 0.132ms
[2025-01-29T15:22:19.169+0000][7][gc,cpu      ] GC(48) User=0.00s Sys=0.00s Real=0.00s
[2025-01-29T15:22:19.169+0000][7][safepoint   ] Safepoint "G1Concurrent", Time since last: 46983521 ns, Reaching safepoint: 184971 ns, At safepoint: 197585 ns, Total: 382556 ns
[2025-01-29T15:22:19.169+0000][7][gc,marking  ] GC(48) Concurrent Cleanup for Next Mark
[2025-01-29T15:22:19.169+0000][7][gc,marking  ] GC(48) Concurrent Cleanup for Next Mark 0.458ms
[2025-01-29T15:22:19.169+0000][7][gc          ] GC(48) Concurrent Cycle 138.665ms
[2025-01-29T15:22:39.172+0000][7][safepoint   ] Safepoint "Cleanup", Time since last: 20003497998 ns, Reaching safepoint: 351408 ns, At safepoint: 15953 ns, Total: 367361 ns
[2025-01-29T15:22:43.173+0000][7][safepoint   ] Safepoint "Cleanup", Time since last: 4000848546 ns, Reaching safepoint: 476207 ns, At safepoint: 65342 ns, Total: 541549 ns
[2025-01-29T15:23:13.183+0000][7][safepoint   ] Safepoint "Cleanup", Time since last: 30009894393 ns, Reaching safepoint: 476120 ns, At safepoint: 58356 ns, Total: 534476 ns
[2025-01-29T15:26:13.229+0000][7][safepoint   ] Safepoint "Cleanup", Time since last: 180045899240 ns, Reaching safepoint: 308042 ns, At safepoint: 29208 ns, Total: 337250 ns
[2025-01-29T15:26:43.250+0000][7][safepoint   ] Safepoint "Cleanup", Time since last: 30006489418 ns, Reaching safepoint: 442436 ns, At safepoint: 50361 ns, Total: 492797 ns
[2025-01-29T15:28:39.263+0000][7][safepoint   ] Safepoint "Cleanup", Time since last: 116025573326 ns, Reaching safepoint: 425682 ns, At safepoint: 39816 ns, Total: 465498 ns
[2025-01-29T15:29:12.272+0000][7][safepoint   ] Safepoint "Cleanup", Time since last: 33008274177 ns, Reaching safepoint: 918737 ns, At safepoint: 61324 ns, Total: 980061 ns
[2025-01-29T15:29:29.249+0000][7][gc,start    ] GC(49) Pause Young (Normal) (G1 Evacuation Pause)
[2025-01-29T15:29:29.249+0000][7][gc,task     ] GC(49) Using 6 workers of 8 for evacuation
[2025-01-29T15:29:29.249+0000][7][gc,age      ] GC(49) Desired survivor size 8388608 bytes, new threshold 15 (max threshold 15)
[2025-01-29T15:29:29.261+0000][7][gc,age      ] GC(49) Age table with threshold 15 (max threshold 15)
[2025-01-29T15:29:29.261+0000][7][gc,age      ] GC(49) - age   1:       8192 bytes,       8192 total
[2025-01-29T15:29:29.261+0000][7][gc,age      ] GC(49) - age   2:        656 bytes,       8848 total
[2025-01-29T15:29:29.261+0000][7][gc,age      ] GC(49) - age   3:       1208 bytes,      10056 total
[2025-01-29T15:29:29.261+0000][7][gc,age      ] GC(49) - age   4:       1080 bytes,      11136 total
[2025-01-29T15:29:29.261+0000][7][gc,age      ] GC(49) - age   5:       1048 bytes,      12184 total
[2025-01-29T15:29:29.261+0000][7][gc,age      ] GC(49) - age   6:       2200 bytes,      14384 total
[2025-01-29T15:29:29.261+0000][7][gc,age      ] GC(49) - age   7:        488 bytes,      14872 total
[2025-01-29T15:29:29.261+0000][7][gc,age      ] GC(49) - age   8:       4488 bytes,      19360 total
[2025-01-29T15:29:29.261+0000][7][gc,age      ] GC(49) - age   9:       1504 bytes,      20864 total
[2025-01-29T15:29:29.261+0000][7][gc,age      ] GC(49) - age  10:       2344 bytes,      23208 total
[2025-01-29T15:29:29.261+0000][7][gc,age      ] GC(49) - age  11:       4032 bytes,      27240 total
[2025-01-29T15:29:29.261+0000][7][gc,age      ] GC(49) - age  12:       3472 bytes,      30712 total
[2025-01-29T15:29:29.261+0000][7][gc,age      ] GC(49) - age  13:      15608 bytes,      46320 total
[2025-01-29T15:29:29.261+0000][7][gc,age      ] GC(49) - age  14:       1152 bytes,      47472 total
[2025-01-29T15:29:29.261+0000][7][gc,age      ] GC(49) - age  15:     366232 bytes,     413704 total
[2025-01-29T15:29:29.261+0000][7][gc,phases   ] GC(49)   Pre Evacuate Collection Set: 0.2ms
[2025-01-29T15:29:29.261+0000][7][gc,phases   ] GC(49)   Merge Heap Roots: 0.1ms
[2025-01-29T15:29:29.261+0000][7][gc,phases   ] GC(49)   Evacuate Collection Set: 9.9ms
[2025-01-29T15:29:29.261+0000][7][gc,phases   ] GC(49)   Post Evacuate Collection Set: 1.8ms
[2025-01-29T15:29:29.261+0000][7][gc,phases   ] GC(49)   Other: 0.3ms
[2025-01-29T15:29:29.261+0000][7][gc,heap     ] GC(49) Eden regions: 29->0(30)
[2025-01-29T15:29:29.261+0000][7][gc,heap     ] GC(49) Survivor regions: 2->1(4)
[2025-01-29T15:29:29.261+0000][7][gc,heap     ] GC(49) Old regions: 19->20
[2025-01-29T15:29:29.261+0000][7][gc,heap     ] GC(49) Archive regions: 2->2
[2025-01-29T15:29:29.261+0000][7][gc,heap     ] GC(49) Humongous regions: 0->0
[2025-01-29T15:29:29.261+0000][7][gc,metaspace] GC(49) Metaspace: 90802K(95248K)->90802K(95248K) NonClass: 78619K(81860K)->78619K(81860K) Class: 12183K(13388K)->12183K(13388K)
[2025-01-29T15:29:29.261+0000][7][gc          ] GC(49) Pause Young (Normal) (G1 Evacuation Pause) 197M->81M(256M) 12.461ms
[2025-01-29T15:29:29.261+0000][7][gc,cpu      ] GC(49) User=0.05s Sys=0.01s Real=0.02s
[2025-01-29T15:29:29.261+0000][7][safepoint   ] Safepoint "G1CollectForAllocation", Time since last: 16976443057 ns, Reaching safepoint: 172454 ns, At safepoint: 12576339 ns, Total: 12748793 ns
[2025-01-29T15:29:39.264+0000][7][safepoint   ] Safepoint "Cleanup", Time since last: 10001888307 ns, Reaching safepoint: 498328 ns, At safepoint: 58130 ns, Total: 556458 ns
[2025-01-29T15:30:32.273+0000][7][safepoint   ] Safepoint "Cleanup", Time since last: 53009471585 ns, Reaching safepoint: 345034 ns, At safepoint: 44086 ns, Total: 389120 ns
[2025-01-29T15:30:39.275+0000][7][safepoint   ] Safepoint "Cleanup", Time since last: 7001916450 ns, Reaching safepoint: 305737 ns, At safepoint: 43165 ns, Total: 348902 ns
[2025-01-29T15:30:52.278+0000][7][safepoint   ] Safepoint "Cleanup", Time since last: 13003073188 ns, Reaching safepoint: 287390 ns, At safepoint: 44783 ns, Total: 332173 ns
[2025-01-29T15:31:33.291+0000][7][safepoint   ] Safepoint "Cleanup", Time since last: 41012851391 ns, Reaching safepoint: 196345 ns, At safepoint: 21433 ns, Total: 217778 ns
[2025-01-29T15:31:39.292+0000][7][safepoint   ] Safepoint "Cleanup", Time since last: 6001263615 ns, Reaching safepoint: 128301 ns, At safepoint: 18384 ns, Total: 146685 ns
[2025-01-29T15:32:40.598+0000][7][safepoint   ] Safepoint "Cleanup", Time since last: 61302164682 ns, Reaching safepoint: 578957 ns, At safepoint: 62207 ns, Total: 641164 ns
[2025-01-29T15:36:55.709+0000][7][gc,start    ] GC(50) Pause Young (Concurrent Start) (G1 Evacuation Pause)
[2025-01-29T15:36:55.709+0000][7][gc,task     ] GC(50) Using 6 workers of 8 for evacuation
[2025-01-29T15:36:55.710+0000][7][gc,age      ] GC(50) Desired survivor size 8388608 bytes, new threshold 15 (max threshold 15)
[2025-01-29T15:36:55.717+0000][7][gc,age      ] GC(50) Age table with threshold 15 (max threshold 15)
[2025-01-29T15:36:55.718+0000][7][gc,age      ] GC(50) - age   1:       6304 bytes,       6304 total
[2025-01-29T15:36:55.718+0000][7][gc,age      ] GC(50) - age   2:       2544 bytes,       8848 total
[2025-01-29T15:36:55.718+0000][7][gc,age      ] GC(50) - age   3:        624 bytes,       9472 total
[2025-01-29T15:36:55.718+0000][7][gc,age      ] GC(50) - age   4:       1208 bytes,      10680 total
[2025-01-29T15:36:55.718+0000][7][gc,age      ] GC(50) - age   5:       1080 bytes,      11760 total
[2025-01-29T15:36:55.718+0000][7][gc,age      ] GC(50) - age   6:       1048 bytes,      12808 total
[2025-01-29T15:36:55.718+0000][7][gc,age      ] GC(50) - age   7:       2200 bytes,      15008 total
[2025-01-29T15:36:55.718+0000][7][gc,age      ] GC(50) - age   8:        488 bytes,      15496 total
[2025-01-29T15:36:55.718+0000][7][gc,age      ] GC(50) - age   9:       4488 bytes,      19984 total
[2025-01-29T15:36:55.718+0000][7][gc,age      ] GC(50) - age  10:       1504 bytes,      21488 total
[2025-01-29T15:36:55.718+0000][7][gc,age      ] GC(50) - age  11:       2344 bytes,      23832 total
[2025-01-29T15:36:55.718+0000][7][gc,age      ] GC(50) - age  12:       4032 bytes,      27864 total
[2025-01-29T15:36:55.718+0000][7][gc,age      ] GC(50) - age  13:       3472 bytes,      31336 total
[2025-01-29T15:36:55.718+0000][7][gc,age      ] GC(50) - age  14:      15608 bytes,      46944 total
[2025-01-29T15:36:55.718+0000][7][gc,age      ] GC(50) - age  15:       1152 bytes,      48096 total
[2025-01-29T15:36:55.718+0000][7][gc,phases   ] GC(50)   Pre Evacuate Collection Set: 0.7ms
[2025-01-29T15:36:55.718+0000][7][gc,phases   ] GC(50)   Merge Heap Roots: 0.2ms
[2025-01-29T15:36:55.718+0000][7][gc,phases   ] GC(50)   Evacuate Collection Set: 5.2ms
[2025-01-29T15:36:55.718+0000][7][gc,phases   ] GC(50)   Post Evacuate Collection Set: 1.6ms
[2025-01-29T15:36:55.718+0000][7][gc,phases   ] GC(50)   Other: 0.8ms
[2025-01-29T15:36:55.718+0000][7][gc,heap     ] GC(50) Eden regions: 30->0(30)
[2025-01-29T15:36:55.718+0000][7][gc,heap     ] GC(50) Survivor regions: 1->1(4)
[2025-01-29T15:36:55.718+0000][7][gc,heap     ] GC(50) Old regions: 20->20
[2025-01-29T15:36:55.718+0000][7][gc,heap     ] GC(50) Archive regions: 2->2
[2025-01-29T15:36:55.718+0000][7][gc,heap     ] GC(50) Humongous regions: 0->0
[2025-01-29T15:36:55.718+0000][7][gc,metaspace] GC(50) Metaspace: 90819K(95248K)->90819K(95248K) NonClass: 78636K(81860K)->78636K(81860K) Class: 12183K(13388K)->12183K(13388K)
[2025-01-29T15:36:55.718+0000][7][gc          ] GC(50) Pause Young (Concurrent Start) (G1 Evacuation Pause) 201M->81M(256M) 8.532ms
[2025-01-29T15:36:55.718+0000][7][gc,cpu      ] GC(50) User=0.02s Sys=0.01s Real=0.01s
[2025-01-29T15:36:55.718+0000][7][safepoint   ] Safepoint "G1CollectForAllocation", Time since last: 255117785264 ns, Reaching safepoint: 318627 ns, At safepoint: 8773055 ns, Total: 9091682 ns
[2025-01-29T15:36:55.718+0000][7][gc          ] GC(51) Concurrent Cycle
[2025-01-29T15:36:55.718+0000][7][gc,marking  ] GC(51) Concurrent Clear Claimed Marks
[2025-01-29T15:36:55.718+0000][7][gc,marking  ] GC(51) Concurrent Clear Claimed Marks 0.177ms
[2025-01-29T15:36:55.718+0000][7][gc,marking  ] GC(51) Concurrent Scan Root Regions
[2025-01-29T15:36:55.724+0000][7][gc,marking  ] GC(51) Concurrent Scan Root Regions 5.431ms
[2025-01-29T15:36:55.724+0000][7][gc,marking  ] GC(51) Concurrent Mark (6781.477s)
[2025-01-29T15:36:55.724+0000][7][gc,marking  ] GC(51) Concurrent Mark From Roots
[2025-01-29T15:36:55.724+0000][7][gc,task     ] GC(51) Using 2 workers of 2 for marking
[2025-01-29T15:36:55.806+0000][7][gc,marking  ] GC(51) Concurrent Mark From Roots 81.849ms
[2025-01-29T15:36:55.806+0000][7][gc,marking  ] GC(51) Concurrent Preclean
[2025-01-29T15:36:55.806+0000][7][gc,marking  ] GC(51) Concurrent Preclean 0.221ms
[2025-01-29T15:36:55.806+0000][7][gc,marking  ] GC(51) Concurrent Mark (6781.477s, 6781.559s) 82.138ms
[2025-01-29T15:36:55.806+0000][7][gc,start    ] GC(51) Pause Remark
[2025-01-29T15:36:55.925+0000][7][gc          ] GC(51) Pause Remark 81M->81M(256M) 118.247ms
[2025-01-29T15:36:55.925+0000][7][gc,cpu      ] GC(51) User=0.61s Sys=0.01s Real=0.11s
[2025-01-29T15:36:55.925+0000][7][safepoint   ] Safepoint "G1Concurrent", Time since last: 88066454 ns, Reaching safepoint: 238713 ns, At safepoint: 118427320 ns, Total: 118666033 ns
[2025-01-29T15:36:55.928+0000][7][gc,marking  ] GC(51) Concurrent Rebuild Remembered Sets
[2025-01-29T15:36:56.016+0000][7][gc,marking  ] GC(51) Concurrent Rebuild Remembered Sets 87.458ms
[2025-01-29T15:36:56.055+0000][7][gc,start    ] GC(51) Pause Cleanup
[2025-01-29T15:36:56.056+0000][7][gc          ] GC(51) Pause Cleanup 81M->81M(256M) 0.281ms
[2025-01-29T15:36:56.056+0000][7][gc,cpu      ] GC(51) User=0.00s Sys=0.00s Real=0.01s
[2025-01-29T15:36:56.056+0000][7][safepoint   ] Safepoint "G1Concurrent", Time since last: 90997802 ns, Reaching safepoint: 39528683 ns, At safepoint: 404469 ns, Total: 39933152 ns
[2025-01-29T15:36:56.056+0000][7][gc,marking  ] GC(51) Concurrent Cleanup for Next Mark
[2025-01-29T15:36:56.057+0000][7][gc,marking  ] GC(51) Concurrent Cleanup for Next Mark 1.212ms
[2025-01-29T15:36:56.057+0000][7][gc          ] GC(51) Concurrent Cycle 339.063ms
[2025-01-29T15:36:57.056+0000][7][safepoint   ] Safepoint "Cleanup", Time since last: 1000234983 ns, Reaching safepoint: 269855 ns, At safepoint: 20844 ns, Total: 290699 ns
[2025-01-29T15:37:12.058+0000][7][safepoint   ] Safepoint "Cleanup", Time since last: 15002305662 ns, Reaching safepoint: 272065 ns, At safepoint: 40799 ns, Total: 312864 ns
[2025-01-29T15:37:13.059+0000][7][safepoint   ] Safepoint "Cleanup", Time since last: 1000218563 ns, Reaching safepoint: 200456 ns, At safepoint: 22613 ns, Total: 223069 ns
[2025-01-29T15:37:14.060+0000][7][safepoint   ] Safepoint "Cleanup", Time since last: 1000229260 ns, Reaching safepoint: 422308 ns, At safepoint: 89069 ns, Total: 511377 ns
[2025-01-29T15:37:41.065+0000][7][safepoint   ] Safepoint "Cleanup", Time since last: 27004757944 ns, Reaching safepoint: 442424 ns, At safepoint: 67336 ns, Total: 509760 ns
[2025-01-29T15:38:12.072+0000][7][safepoint   ] Safepoint "Cleanup", Time since last: 31007053817 ns, Reaching safepoint: 423113 ns, At safepoint: 44058 ns, Total: 467171 ns
[2025-01-29T15:38:13.072+0000][7][safepoint   ] Safepoint "Cleanup", Time since last: 1000180612 ns, Reaching safepoint: 194097 ns, At safepoint: 22468 ns, Total: 216565 ns
[2025-01-29T15:38:41.078+0000][7][safepoint   ] Safepoint "Cleanup", Time since last: 28006564550 ns, Reaching safepoint: 273436 ns, At safepoint: 22952 ns, Total: 296388 ns
[2025-01-29T15:40:41.115+0000][7][safepoint   ] Safepoint "Cleanup", Time since last: 120037082842 ns, Reaching safepoint: 737575 ns, At safepoint: 57667 ns, Total: 795242 ns
[2025-01-29T15:43:13.154+0000][7][safepoint   ] Safepoint "Cleanup", Time since last: 152038187068 ns, Reaching safepoint: 193462 ns, At safepoint: 7229 ns, Total: 200691 ns
[2025-01-29T15:44:12.171+0000][7][safepoint   ] Safepoint "Cleanup", Time since last: 59017689845 ns, Reaching safepoint: 286121 ns, At safepoint: 29582 ns, Total: 315703 ns
[2025-01-29T15:44:20.982+0000][7][gc,start    ] GC(52) Pause Young (Normal) (G1 Evacuation Pause)
[2025-01-29T15:44:20.982+0000][7][gc,task     ] GC(52) Using 6 workers of 8 for evacuation
[2025-01-29T15:44:20.982+0000][7][gc,age      ] GC(52) Desired survivor size 8388608 bytes, new threshold 15 (max threshold 15)
[2025-01-29T15:44:20.989+0000][7][gc,age      ] GC(52) Age table with threshold 15 (max threshold 15)
[2025-01-29T15:44:20.989+0000][7][gc,age      ] GC(52) - age   1:       7992 bytes,       7992 total
[2025-01-29T15:44:20.989+0000][7][gc,age      ] GC(52) - age   2:        888 bytes,       8880 total
[2025-01-29T15:44:20.989+0000][7][gc,age      ] GC(52) - age   3:       2336 bytes,      11216 total
[2025-01-29T15:44:20.989+0000][7][gc,age      ] GC(52) - age   4:        424 bytes,      11640 total
[2025-01-29T15:44:20.989+0000][7][gc,age      ] GC(52) - age   5:       1208 bytes,      12848 total
[2025-01-29T15:44:20.989+0000][7][gc,age      ] GC(52) - age   6:        984 bytes,      13832 total
[2025-01-29T15:44:20.989+0000][7][gc,age      ] GC(52) - age   7:       1048 bytes,      14880 total
[2025-01-29T15:44:20.989+0000][7][gc,age      ] GC(52) - age   8:       2200 bytes,      17080 total
[2025-01-29T15:44:20.989+0000][7][gc,age      ] GC(52) - age   9:        488 bytes,      17568 total
[2025-01-29T15:44:20.989+0000][7][gc,age      ] GC(52) - age  10:       4488 bytes,      22056 total
[2025-01-29T15:44:20.989+0000][7][gc,age      ] GC(52) - age  11:       1504 bytes,      23560 total
[2025-01-29T15:44:20.989+0000][7][gc,age      ] GC(52) - age  12:       2344 bytes,      25904 total
[2025-01-29T15:44:20.989+0000][7][gc,age      ] GC(52) - age  13:       4032 bytes,      29936 total
[2025-01-29T15:44:20.989+0000][7][gc,age      ] GC(52) - age  14:       3472 bytes,      33408 total
[2025-01-29T15:44:20.989+0000][7][gc,age      ] GC(52) - age  15:      15608 bytes,      49016 total
[2025-01-29T15:44:20.989+0000][7][gc,phases   ] GC(52)   Pre Evacuate Collection Set: 0.3ms
[2025-01-29T15:44:20.989+0000][7][gc,phases   ] GC(52)   Merge Heap Roots: 0.4ms
[2025-01-29T15:44:20.989+0000][7][gc,phases   ] GC(52)   Evacuate Collection Set: 2.5ms
[2025-01-29T15:44:20.989+0000][7][gc,phases   ] GC(52)   Post Evacuate Collection Set: 2.6ms
[2025-01-29T15:44:20.989+0000][7][gc,phases   ] GC(52)   Other: 1.1ms
[2025-01-29T15:44:20.989+0000][7][gc,heap     ] GC(52) Eden regions: 30->0(30)
[2025-01-29T15:44:20.989+0000][7][gc,heap     ] GC(52) Survivor regions: 1->1(4)
[2025-01-29T15:44:20.989+0000][7][gc,heap     ] GC(52) Old regions: 20->20
[2025-01-29T15:44:20.989+0000][7][gc,heap     ] GC(52) Archive regions: 2->2
[2025-01-29T15:44:20.989+0000][7][gc,heap     ] GC(52) Humongous regions: 0->0
[2025-01-29T15:44:20.989+0000][7][gc,metaspace] GC(52) Metaspace: 90845K(95248K)->90845K(95248K) NonClass: 78665K(81860K)->78665K(81860K) Class: 12179K(13388K)->12179K(13388K)
[2025-01-29T15:44:20.989+0000][7][gc          ] GC(52) Pause Young (Normal) (G1 Evacuation Pause) 201M->81M(256M) 7.081ms
[2025-01-29T15:44:20.989+0000][7][gc,cpu      ] GC(52) User=0.02s Sys=0.00s Real=0.00s
[2025-01-29T15:44:20.989+0000][7][safepoint   ] Safepoint "G1CollectForAllocation", Time since last: 8810473608 ns, Reaching safepoint: 640271 ns, At safepoint: 7464335 ns, Total: 8104606 ns
[2025-01-29T15:45:43.007+0000][7][safepoint   ] Safepoint "Cleanup", Time since last: 82016331210 ns, Reaching safepoint: 393720 ns, At safepoint: 22679 ns, Total: 416399 ns
[2025-01-29T15:46:42.018+0000][7][safepoint   ] Safepoint "Cleanup", Time since last: 59011203786 ns, Reaching safepoint: 232880 ns, At safepoint: 27850 ns, Total: 260730 ns
[2025-01-29T15:47:42.028+0000][7][safepoint   ] Safepoint "Cleanup", Time since last: 60010892515 ns, Reaching safepoint: 186589 ns, At safepoint: 16891 ns, Total: 203480 ns
[2025-01-29T15:48:13.035+0000][7][safepoint   ] Safepoint "Cleanup", Time since last: 31006073723 ns, Reaching safepoint: 359717 ns, At safepoint: 47488 ns, Total: 407205 ns
[2025-01-29T15:49:13.049+0000][7][safepoint   ] Safepoint "Cleanup", Time since last: 60013737208 ns, Reaching safepoint: 310647 ns, At safepoint: 37475 ns, Total: 348122 ns
[2025-01-29T15:50:13.060+0000][7][safepoint   ] Safepoint "Cleanup", Time since last: 60011312844 ns, Reaching safepoint: 408505 ns, At safepoint: 47474 ns, Total: 455979 ns
[2025-01-29T15:50:42.065+0000][7][safepoint   ] Safepoint "Cleanup", Time since last: 29005035610 ns, Reaching safepoint: 248284 ns, At safepoint: 8644 ns, Total: 256928 ns
[2025-01-29T15:50:43.065+0000][7][safepoint   ] Safepoint "Cleanup", Time since last: 1000165435 ns, Reaching safepoint: 233163 ns, At safepoint: 24207 ns, Total: 257370 ns
[2025-01-29T15:51:13.070+0000][7][safepoint   ] Safepoint "Cleanup", Time since last: 30004818485 ns, Reaching safepoint: 328577 ns, At safepoint: 77339 ns, Total: 405916 ns
[2025-01-29T15:51:42.075+0000][7][safepoint   ] Safepoint "Cleanup", Time since last: 29004678295 ns, Reaching safepoint: 368099 ns, At safepoint: 14203 ns, Total: 382302 ns
[2025-01-29T15:51:43.076+0000][7][safepoint   ] Safepoint "Cleanup", Time since last: 1000287775 ns, Reaching safepoint: 223584 ns, At safepoint: 40194 ns, Total: 263778 ns
[2025-01-29T15:51:45.033+0000][7][gc,start    ] GC(53) Pause Young (Concurrent Start) (G1 Evacuation Pause)
[2025-01-29T15:51:45.033+0000][7][gc,task     ] GC(53) Using 6 workers of 8 for evacuation
[2025-01-29T15:51:45.033+0000][7][gc,age      ] GC(53) Desired survivor size 8388608 bytes, new threshold 15 (max threshold 15)
[2025-01-29T15:51:45.038+0000][7][gc,age      ] GC(53) Age table with threshold 15 (max threshold 15)
[2025-01-29T15:51:45.038+0000][7][gc,age      ] GC(53) - age   1:       7144 bytes,       7144 total
[2025-01-29T15:51:45.038+0000][7][gc,age      ] GC(53) - age   2:       2800 bytes,       9944 total
[2025-01-29T15:51:45.038+0000][7][gc,age      ] GC(53) - age   3:        688 bytes,      10632 total
[2025-01-29T15:51:45.038+0000][7][gc,age      ] GC(53) - age   4:       2336 bytes,      12968 total
[2025-01-29T15:51:45.038+0000][7][gc,age      ] GC(53) - age   5:        424 bytes,      13392 total
[2025-01-29T15:51:45.038+0000][7][gc,age      ] GC(53) - age   6:       1208 bytes,      14600 total
[2025-01-29T15:51:45.038+0000][7][gc,age      ] GC(53) - age   7:        944 bytes,      15544 total
[2025-01-29T15:51:45.038+0000][7][gc,age      ] GC(53) - age   8:       1048 bytes,      16592 total
[2025-01-29T15:51:45.038+0000][7][gc,age      ] GC(53) - age   9:       2104 bytes,      18696 total
[2025-01-29T15:51:45.038+0000][7][gc,age      ] GC(53) - age  10:        488 bytes,      19184 total
[2025-01-29T15:51:45.038+0000][7][gc,age      ] GC(53) - age  11:       4488 bytes,      23672 total
[2025-01-29T15:51:45.038+0000][7][gc,age      ] GC(53) - age  12:       1504 bytes,      25176 total
[2025-01-29T15:51:45.038+0000][7][gc,age      ] GC(53) - age  13:       2344 bytes,      27520 total
[2025-01-29T15:51:45.038+0000][7][gc,age      ] GC(53) - age  14:       4032 bytes,      31552 total
[2025-01-29T15:51:45.038+0000][7][gc,age      ] GC(53) - age  15:       3472 bytes,      35024 total
[2025-01-29T15:51:45.039+0000][7][gc,phases   ] GC(53)   Pre Evacuate Collection Set: 0.4ms
[2025-01-29T15:51:45.039+0000][7][gc,phases   ] GC(53)   Merge Heap Roots: 0.1ms
[2025-01-29T15:51:45.039+0000][7][gc,phases   ] GC(53)   Evacuate Collection Set: 2.5ms
[2025-01-29T15:51:45.039+0000][7][gc,phases   ] GC(53)   Post Evacuate Collection Set: 1.5ms
[2025-01-29T15:51:45.039+0000][7][gc,phases   ] GC(53)   Other: 0.7ms
[2025-01-29T15:51:45.039+0000][7][gc,heap     ] GC(53) Eden regions: 30->0(30)
[2025-01-29T15:51:45.039+0000][7][gc,heap     ] GC(53) Survivor regions: 1->1(4)
[2025-01-29T15:51:45.039+0000][7][gc,heap     ] GC(53) Old regions: 20->20
[2025-01-29T15:51:45.039+0000][7][gc,heap     ] GC(53) Archive regions: 2->2
[2025-01-29T15:51:45.039+0000][7][gc,heap     ] GC(53) Humongous regions: 0->0
[2025-01-29T15:51:45.039+0000][7][gc,metaspace] GC(53) Metaspace: 90931K(95248K)->90931K(95248K) NonClass: 78751K(81860K)->78751K(81860K) Class: 12179K(13388K)->12179K(13388K)
[2025-01-29T15:51:45.039+0000][7][gc          ] GC(53) Pause Young (Concurrent Start) (G1 Evacuation Pause) 201M->81M(256M) 5.475ms
[2025-01-29T15:51:45.039+0000][7][gc,cpu      ] GC(53) User=0.01s Sys=0.00s Real=0.00s
[2025-01-29T15:51:45.039+0000][7][gc          ] GC(54) Concurrent Cycle
[2025-01-29T15:51:45.039+0000][7][safepoint   ] Safepoint "G1CollectForAllocation", Time since last: 1957361798 ns, Reaching safepoint: 208628 ns, At safepoint: 5698683 ns, Total: 5907311 ns
[2025-01-29T15:51:45.039+0000][7][gc,marking  ] GC(54) Concurrent Clear Claimed Marks
[2025-01-29T15:51:45.039+0000][7][gc,marking  ] GC(54) Concurrent Clear Claimed Marks 0.143ms
[2025-01-29T15:51:45.039+0000][7][gc,marking  ] GC(54) Concurrent Scan Root Regions
[2025-01-29T15:51:45.042+0000][7][gc,marking  ] GC(54) Concurrent Scan Root Regions 2.579ms
[2025-01-29T15:51:45.042+0000][7][gc,marking  ] GC(54) Concurrent Mark (7670.801s)
[2025-01-29T15:51:45.042+0000][7][gc,marking  ] GC(54) Concurrent Mark From Roots
[2025-01-29T15:51:45.042+0000][7][gc,task     ] GC(54) Using 2 workers of 2 for marking
[2025-01-29T15:51:45.159+0000][7][gc,marking  ] GC(54) Concurrent Mark From Roots 116.864ms
[2025-01-29T15:51:45.159+0000][7][gc,marking  ] GC(54) Concurrent Preclean
[2025-01-29T15:51:45.159+0000][7][gc,marking  ] GC(54) Concurrent Preclean 0.335ms
[2025-01-29T15:51:45.159+0000][7][gc,marking  ] GC(54) Concurrent Mark (7670.801s, 7670.918s) 117.310ms
[2025-01-29T15:51:45.159+0000][7][gc,start    ] GC(54) Pause Remark
[2025-01-29T15:51:45.165+0000][7][gc          ] GC(54) Pause Remark 81M->81M(256M) 5.419ms
[2025-01-29T15:51:45.165+0000][7][gc,cpu      ] GC(54) User=0.00s Sys=0.02s Real=0.01s
[2025-01-29T15:51:45.165+0000][7][safepoint   ] Safepoint "G1Concurrent", Time since last: 120253546 ns, Reaching safepoint: 200702 ns, At safepoint: 5546007 ns, Total: 5746709 ns
[2025-01-29T15:51:45.165+0000][7][gc,marking  ] GC(54) Concurrent Rebuild Remembered Sets
[2025-01-29T15:51:45.214+0000][7][gc,marking  ] GC(54) Concurrent Rebuild Remembered Sets 48.780ms
[2025-01-29T15:51:45.214+0000][7][gc,start    ] GC(54) Pause Cleanup
[2025-01-29T15:51:45.214+0000][7][gc          ] GC(54) Pause Cleanup 81M->81M(256M) 0.193ms
[2025-01-29T15:51:45.214+0000][7][gc,cpu      ] GC(54) User=0.00s Sys=0.00s Real=0.00s
[2025-01-29T15:51:45.214+0000][7][safepoint   ] Safepoint "G1Concurrent", Time since last: 48995514 ns, Reaching safepoint: 240256 ns, At safepoint: 263857 ns, Total: 504113 ns
[2025-01-29T15:51:45.214+0000][7][gc,marking  ] GC(54) Concurrent Cleanup for Next Mark
[2025-01-29T15:51:45.215+0000][7][gc,marking  ] GC(54) Concurrent Cleanup for Next Mark 0.514ms
[2025-01-29T15:51:45.215+0000][7][gc          ] GC(54) Concurrent Cycle 176.137ms
[2025-01-29T15:52:42.224+0000][7][safepoint   ] Safepoint "Cleanup", Time since last: 57009610674 ns, Reaching safepoint: 347915 ns, At safepoint: 31480 ns, Total: 379395 ns
[2025-01-29T15:53:13.229+0000][7][safepoint   ] Safepoint "Cleanup", Time since last: 31005185182 ns, Reaching safepoint: 350941 ns, At safepoint: 33663 ns, Total: 384604 ns
[2025-01-29T15:53:42.242+0000][7][safepoint   ] Safepoint "Cleanup", Time since last: 29012787763 ns, Reaching safepoint: 182927 ns, At safepoint: 24162 ns, Total: 207089 ns
[2025-01-29T15:54:42.252+0000][7][safepoint   ] Safepoint "Cleanup", Time since last: 60010589157 ns, Reaching safepoint: 606958 ns, At safepoint: 13417 ns, Total: 620375 ns
[2025-01-29T15:54:43.252+0000][7][safepoint   ] Safepoint "Cleanup", Time since last: 1000245844 ns, Reaching safepoint: 205347 ns, At safepoint: 23329 ns, Total: 228676 ns
[2025-01-29T15:57:43.303+0000][7][safepoint   ] Safepoint "Cleanup", Time since last: 180053451533 ns, Reaching safepoint: 264504 ns, At safepoint: 28046 ns, Total: 292550 ns
[2025-01-29T15:58:13.311+0000][7][safepoint   ] Safepoint "Cleanup", Time since last: 30005425976 ns, Reaching safepoint: 238726 ns, At safepoint: 22080 ns, Total: 260806 ns
[2025-01-29T15:59:09.773+0000][7][gc,start    ] GC(55) Pause Young (Normal) (G1 Evacuation Pause)
[2025-01-29T15:59:09.773+0000][7][gc,task     ] GC(55) Using 6 workers of 8 for evacuation
[2025-01-29T15:59:09.774+0000][7][gc,age      ] GC(55) Desired survivor size 8388608 bytes, new threshold 15 (max threshold 15)
[2025-01-29T15:59:09.783+0000][7][gc,age      ] GC(55) Age table with threshold 15 (max threshold 15)
[2025-01-29T15:59:09.783+0000][7][gc,age      ] GC(55) - age   1:      30952 bytes,      30952 total
[2025-01-29T15:59:09.783+0000][7][gc,age      ] GC(55) - age   2:       1784 bytes,      32736 total
[2025-01-29T15:59:09.783+0000][7][gc,age      ] GC(55) - age   3:       2376 bytes,      35112 total
[2025-01-29T15:59:09.783+0000][7][gc,age      ] GC(55) - age   4:        688 bytes,      35800 total
[2025-01-29T15:59:09.783+0000][7][gc,age      ] GC(55) - age   5:       2336 bytes,      38136 total
[2025-01-29T15:59:09.783+0000][7][gc,age      ] GC(55) - age   6:        424 bytes,      38560 total
[2025-01-29T15:59:09.784+0000][7][gc,age      ] GC(55) - age   7:       1208 bytes,      39768 total
[2025-01-29T15:59:09.784+0000][7][gc,age      ] GC(55) - age   8:        944 bytes,      40712 total
[2025-01-29T15:59:09.784+0000][7][gc,age      ] GC(55) - age   9:       1048 bytes,      41760 total
[2025-01-29T15:59:09.784+0000][7][gc,age      ] GC(55) - age  10:       2064 bytes,      43824 total
[2025-01-29T15:59:09.784+0000][7][gc,age      ] GC(55) - age  11:        488 bytes,      44312 total
[2025-01-29T15:59:09.784+0000][7][gc,age      ] GC(55) - age  12:       4488 bytes,      48800 total
[2025-01-29T15:59:09.784+0000][7][gc,age      ] GC(55) - age  13:       1504 bytes,      50304 total
[2025-01-29T15:59:09.784+0000][7][gc,age      ] GC(55) - age  14:       2344 bytes,      52648 total
[2025-01-29T15:59:09.784+0000][7][gc,age      ] GC(55) - age  15:       4032 bytes,      56680 total
[2025-01-29T15:59:09.784+0000][7][gc,phases   ] GC(55)   Pre Evacuate Collection Set: 1.2ms
[2025-01-29T15:59:09.784+0000][7][gc,phases   ] GC(55)   Merge Heap Roots: 0.5ms
[2025-01-29T15:59:09.784+0000][7][gc,phases   ] GC(55)   Evacuate Collection Set: 5.1ms
[2025-01-29T15:59:09.784+0000][7][gc,phases   ] GC(55)   Post Evacuate Collection Set: 3.3ms
[2025-01-29T15:59:09.784+0000][7][gc,phases   ] GC(55)   Other: 0.9ms
[2025-01-29T15:59:09.784+0000][7][gc,heap     ] GC(55) Eden regions: 30->0(30)
[2025-01-29T15:59:09.784+0000][7][gc,heap     ] GC(55) Survivor regions: 1->1(4)
[2025-01-29T15:59:09.784+0000][7][gc,heap     ] GC(55) Old regions: 20->20
[2025-01-29T15:59:09.784+0000][7][gc,heap     ] GC(55) Archive regions: 2->2
[2025-01-29T15:59:09.784+0000][7][gc,heap     ] GC(55) Humongous regions: 0->0
[2025-01-29T15:59:09.784+0000][7][gc,metaspace] GC(55) Metaspace: 91042K(95504K)->91042K(95504K) NonClass: 78862K(82116K)->78862K(82116K) Class: 12179K(13388K)->12179K(13388K)
[2025-01-29T15:59:09.784+0000][7][gc          ] GC(55) Pause Young (Normal) (G1 Evacuation Pause) 201M->81M(256M) 11.128ms
[2025-01-29T15:59:09.784+0000][7][gc,cpu      ] GC(55) User=0.03s Sys=0.00s Real=0.01s
[2025-01-29T15:59:09.784+0000][7][safepoint   ] Safepoint "G1CollectForAllocation", Time since last: 56460750319 ns, Reaching safepoint: 408887 ns, At safepoint: 11463414 ns, Total: 11872301 ns
[2025-01-29T15:59:12.785+0000][7][safepoint   ] Safepoint "Cleanup", Time since last: 3000764571 ns, Reaching safepoint: 359782 ns, At safepoint: 100356 ns, Total: 460138 ns
[2025-01-29T15:59:42.878+0000][7][safepoint   ] Safepoint "Cleanup", Time since last: 30092539100 ns, Reaching safepoint: 251504 ns, At safepoint: 30771 ns, Total: 282275 ns
[2025-01-29T16:01:40.904+0000][7][safepoint   ] Safepoint "Cleanup", Time since last: 118026389738 ns, Reaching safepoint: 332019 ns, At safepoint: 22807 ns, Total: 354826 ns
[2025-01-29T16:02:42.915+0000][7][safepoint   ] Safepoint "Cleanup", Time since last: 62010693089 ns, Reaching safepoint: 597108 ns, At safepoint: 56945 ns, Total: 654053 ns
[2025-01-29T16:06:36.226+0000][7][gc,start    ] GC(56) Pause Young (Concurrent Start) (G1 Evacuation Pause)
[2025-01-29T16:06:36.226+0000][7][gc,task     ] GC(56) Using 6 workers of 8 for evacuation
[2025-01-29T16:06:36.226+0000][7][gc,age      ] GC(56) Desired survivor size 8388608 bytes, new threshold 15 (max threshold 15)
[2025-01-29T16:06:36.236+0000][7][gc,age      ] GC(56) Age table with threshold 15 (max threshold 15)
[2025-01-29T16:06:36.236+0000][7][gc,age      ] GC(56) - age   1:       6040 bytes,       6040 total
[2025-01-29T16:06:36.236+0000][7][gc,age      ] GC(56) - age   2:      25488 bytes,      31528 total
[2025-01-29T16:06:36.236+0000][7][gc,age      ] GC(56) - age   3:       1584 bytes,      33112 total
[2025-01-29T16:06:36.236+0000][7][gc,age      ] GC(56) - age   4:       2128 bytes,      35240 total
[2025-01-29T16:06:36.236+0000][7][gc,age      ] GC(56) - age   5:        688 bytes,      35928 total
[2025-01-29T16:06:36.236+0000][7][gc,age      ] GC(56) - age   6:       2336 bytes,      38264 total
[2025-01-29T16:06:36.236+0000][7][gc,age      ] GC(56) - age   7:        424 bytes,      38688 total
[2025-01-29T16:06:36.236+0000][7][gc,age      ] GC(56) - age   8:       1208 bytes,      39896 total
[2025-01-29T16:06:36.236+0000][7][gc,age      ] GC(56) - age   9:        944 bytes,      40840 total
[2025-01-29T16:06:36.236+0000][7][gc,age      ] GC(56) - age  10:       1048 bytes,      41888 total
[2025-01-29T16:06:36.236+0000][7][gc,age      ] GC(56) - age  11:       2064 bytes,      43952 total
[2025-01-29T16:06:36.236+0000][7][gc,age      ] GC(56) - age  12:        488 bytes,      44440 total
[2025-01-29T16:06:36.236+0000][7][gc,age      ] GC(56) - age  13:       4488 bytes,      48928 total
[2025-01-29T16:06:36.236+0000][7][gc,age      ] GC(56) - age  14:       1504 bytes,      50432 total
[2025-01-29T16:06:36.236+0000][7][gc,age      ] GC(56) - age  15:       2344 bytes,      52776 total
[2025-01-29T16:06:36.236+0000][7][gc,phases   ] GC(56)   Pre Evacuate Collection Set: 0.6ms
[2025-01-29T16:06:36.236+0000][7][gc,phases   ] GC(56)   Merge Heap Roots: 0.4ms
[2025-01-29T16:06:36.236+0000][7][gc,phases   ] GC(56)   Evacuate Collection Set: 5.9ms
[2025-01-29T16:06:36.236+0000][7][gc,phases   ] GC(56)   Post Evacuate Collection Set: 2.0ms
[2025-01-29T16:06:36.236+0000][7][gc,phases   ] GC(56)   Other: 1.0ms
[2025-01-29T16:06:36.236+0000][7][gc,heap     ] GC(56) Eden regions: 30->0(30)
[2025-01-29T16:06:36.236+0000][7][gc,heap     ] GC(56) Survivor regions: 1->1(4)
[2025-01-29T16:06:36.236+0000][7][gc,heap     ] GC(56) Old regions: 20->20
[2025-01-29T16:06:36.236+0000][7][gc,heap     ] GC(56) Archive regions: 2->2
[2025-01-29T16:06:36.236+0000][7][gc,heap     ] GC(56) Humongous regions: 0->0
[2025-01-29T16:06:36.236+0000][7][gc,metaspace] GC(56) Metaspace: 91042K(95504K)->91042K(95504K) NonClass: 78862K(82116K)->78862K(82116K) Class: 12179K(13388K)->12179K(13388K)
[2025-01-29T16:06:36.236+0000][7][gc          ] GC(56) Pause Young (Concurrent Start) (G1 Evacuation Pause) 201M->81M(256M) 10.235ms
[2025-01-29T16:06:36.236+0000][7][gc,cpu      ] GC(56) User=0.01s Sys=0.01s Real=0.01s
[2025-01-29T16:06:36.237+0000][7][safepoint   ] Safepoint "G1CollectForAllocation", Time since last: 233310323878 ns, Reaching safepoint: 739338 ns, At safepoint: 10621124 ns, Total: 11360462 ns
[2025-01-29T16:06:36.237+0000][7][gc          ] GC(57) Concurrent Cycle
[2025-01-29T16:06:36.237+0000][7][gc,marking  ] GC(57) Concurrent Clear Claimed Marks
[2025-01-29T16:06:36.237+0000][7][gc,marking  ] GC(57) Concurrent Clear Claimed Marks 0.209ms
[2025-01-29T16:06:36.237+0000][7][gc,marking  ] GC(57) Concurrent Scan Root Regions
[2025-01-29T16:06:36.244+0000][7][gc,marking  ] GC(57) Concurrent Scan Root Regions 7.193ms
[2025-01-29T16:06:36.244+0000][7][gc,marking  ] GC(57) Concurrent Mark (8562.007s)
[2025-01-29T16:06:36.244+0000][7][gc,marking  ] GC(57) Concurrent Mark From Roots
[2025-01-29T16:06:36.244+0000][7][gc,task     ] GC(57) Using 2 workers of 2 for marking
[2025-01-29T16:06:36.363+0000][7][gc,marking  ] GC(57) Concurrent Mark From Roots 118.673ms
[2025-01-29T16:06:36.363+0000][7][gc,marking  ] GC(57) Concurrent Preclean
[2025-01-29T16:06:36.363+0000][7][gc,marking  ] GC(57) Concurrent Preclean 0.310ms
[2025-01-29T16:06:36.363+0000][7][gc,marking  ] GC(57) Concurrent Mark (8562.007s, 8562.126s) 119.131ms
[2025-01-29T16:06:36.364+0000][7][gc,start    ] GC(57) Pause Remark
[2025-01-29T16:06:36.371+0000][7][gc          ] GC(57) Pause Remark 81M->81M(256M) 6.620ms
[2025-01-29T16:06:36.371+0000][7][gc,cpu      ] GC(57) User=0.04s Sys=0.00s Real=0.01s
[2025-01-29T16:06:36.371+0000][7][safepoint   ] Safepoint "G1Concurrent", Time since last: 126942902 ns, Reaching safepoint: 369608 ns, At safepoint: 6780471 ns, Total: 7150079 ns
[2025-01-29T16:06:36.371+0000][7][gc,marking  ] GC(57) Concurrent Rebuild Remembered Sets
[2025-01-29T16:06:36.418+0000][7][gc,marking  ] GC(57) Concurrent Rebuild Remembered Sets 46.968ms
[2025-01-29T16:06:36.418+0000][7][gc,start    ] GC(57) Pause Cleanup
[2025-01-29T16:06:36.418+0000][7][gc          ] GC(57) Pause Cleanup 81M->81M(256M) 0.123ms
[2025-01-29T16:06:36.418+0000][7][gc,cpu      ] GC(57) User=0.00s Sys=0.00s Real=0.00s
[2025-01-29T16:06:36.418+0000][7][safepoint   ] Safepoint "G1Concurrent", Time since last: 47158240 ns, Reaching safepoint: 210563 ns, At safepoint: 198987 ns, Total: 409550 ns
[2025-01-29T16:06:36.418+0000][7][gc,marking  ] GC(57) Concurrent Cleanup for Next Mark
[2025-01-29T16:06:36.419+0000][7][gc,marking  ] GC(57) Concurrent Cleanup for Next Mark 0.849ms
[2025-01-29T16:06:36.419+0000][7][gc          ] GC(57) Concurrent Cycle 182.474ms
[2025-01-29T16:07:09.425+0000][7][safepoint   ] Safepoint "Cleanup", Time since last: 33007190617 ns, Reaching safepoint: 262272 ns, At safepoint: 37014 ns, Total: 299286 ns
[2025-01-29T16:07:09.934+0000][7][gc,heap,exit] Heap
[2025-01-29T16:07:09.934+0000][7][gc,heap,exit]  garbage-first heap   total 262144K, used 99552K [0x00000000f0000000, 0x0000000100000000)
[2025-01-29T16:07:09.934+0000][7][gc,heap,exit]   region size 4096K, 6 young (24576K), 1 survivors (4096K)
[2025-01-29T16:07:09.934+0000][7][gc,heap,exit]  Metaspace       used 91190K, capacity 94446K, committed 95504K, reserved 1132544K
[2025-01-29T16:07:09.934+0000][7][gc,heap,exit]   class space    used 12209K, capacity 13232K, committed 13388K, reserved 1048576K
