[2025-01-29T16:58:05.211+0000][7][gc] Using G1
[2025-01-29T16:58:05.694+0000][7][gc,init] Version: 15.0.1+9 (release)
[2025-01-29T16:58:05.694+0000][7][gc,init] CPUs: 8 total, 8 available
[2025-01-29T16:58:05.694+0000][7][gc,init] Memory: 15868M
[2025-01-29T16:58:05.694+0000][7][gc,init] Large Page Support: Disabled
[2025-01-29T16:58:05.694+0000][7][gc,init] NUMA Support: Disabled
[2025-01-29T16:58:05.694+0000][7][gc,init] Compressed Oops: Enabled (32-bit)
[2025-01-29T16:58:05.694+0000][7][gc,init] Heap Region Size: 4M
[2025-01-29T16:58:05.694+0000][7][gc,init] Heap Min Capacity: 256M
[2025-01-29T16:58:05.694+0000][7][gc,init] Heap Initial Capacity: 256M
[2025-01-29T16:58:05.694+0000][7][gc,init] Heap Max Capacity: 256M
[2025-01-29T16:58:05.694+0000][7][gc,init] Pre-touch: Enabled
[2025-01-29T16:58:05.694+0000][7][gc,init] Parallel Workers: 8
[2025-01-29T16:58:05.694+0000][7][gc,init] Concurrent Workers: 2
[2025-01-29T16:58:05.694+0000][7][gc,init] Concurrent Refinement Workers: 8
[2025-01-29T16:58:05.694+0000][7][gc,init] Periodic GC: Disabled
[2025-01-29T16:58:05.694+0000][7][gc,cds ] Mark closed archive regions in map: [0x00000000ffc00000, 0x00000000ffc7bff8]
[2025-01-29T16:58:05.694+0000][7][gc,cds ] Mark open archive regions in map: [0x00000000ffb00000, 0x00000000ffb51ff8]
[2025-01-29T16:58:05.695+0000][7][gc,metaspace] CDS archive(s) mapped at: [0x0000000800000000-0x0000000800b2a000-0x0000000800b2a000), size 11706368, SharedBaseAddress: 0x0000000800000000, ArchiveRelocationMode: 0.
[2025-01-29T16:58:05.695+0000][7][gc,metaspace] Compressed class space mapped at: 0x0000000800b2c000-0x0000000840b2c000, size: 1073741824
[2025-01-29T16:58:05.695+0000][7][gc,metaspace] Narrow klass base: 0x0000000800000000, Narrow klass shift: 3, Narrow klass range: 0x100000000
[2025-01-29T16:58:07.534+0000][7][safepoint   ] Safepoint "Cleanup", Time since last: 1812426319 ns, Reaching safepoint: 3342327 ns, At safepoint: 42767 ns, Total: 3385094 ns
[2025-01-29T16:58:08.110+0000][7][gc,start    ] GC(0) Pause Young (Normal) (G1 Evacuation Pause)
[2025-01-29T16:58:08.124+0000][7][gc,task     ] GC(0) Using 6 workers of 8 for evacuation
[2025-01-29T16:58:08.124+0000][7][gc,age      ] GC(0) Desired survivor size 2097152 bytes, new threshold 15 (max threshold 15)
[2025-01-29T16:58:08.131+0000][7][gc,age      ] GC(0) Age table with threshold 15 (max threshold 15)
[2025-01-29T16:58:08.131+0000][7][gc,age      ] GC(0) - age   1:    3618544 bytes,    3618544 total
[2025-01-29T16:58:08.131+0000][7][gc,phases   ] GC(0)   Pre Evacuate Collection Set: 0.2ms
[2025-01-29T16:58:08.131+0000][7][gc,phases   ] GC(0)   Merge Heap Roots: 0.2ms
[2025-01-29T16:58:08.131+0000][7][gc,phases   ] GC(0)   Evacuate Collection Set: 6.1ms
[2025-01-29T16:58:08.131+0000][7][gc,phases   ] GC(0)   Post Evacuate Collection Set: 1.0ms
[2025-01-29T16:58:08.131+0000][7][gc,phases   ] GC(0)   Other: 14.2ms
[2025-01-29T16:58:08.131+0000][7][gc,heap     ] GC(0) Eden regions: 5->0(5)
[2025-01-29T16:58:08.131+0000][7][gc,heap     ] GC(0) Survivor regions: 0->1(1)
[2025-01-29T16:58:08.131+0000][7][gc,heap     ] GC(0) Old regions: 0->0
[2025-01-29T16:58:08.131+0000][7][gc,heap     ] GC(0) Archive regions: 2->2
[2025-01-29T16:58:08.131+0000][7][gc,heap     ] GC(0) Humongous regions: 0->0
[2025-01-29T16:58:08.131+0000][7][gc,metaspace] GC(0) Metaspace: 6448K(8960K)->6448K(8960K) NonClass: 5744K(7936K)->5744K(7936K) Class: 703K(1024K)->703K(1024K)
[2025-01-29T16:58:08.131+0000][7][gc          ] GC(0) Pause Young (Normal) (G1 Evacuation Pause) 23M->7M(256M) 21.648ms
[2025-01-29T16:58:08.132+0000][7][gc,cpu      ] GC(0) User=0.03s Sys=0.01s Real=0.02s
[2025-01-29T16:58:08.132+0000][7][safepoint   ] Safepoint "G1CollectForAllocation", Time since last: 574806874 ns, Reaching safepoint: 752801 ns, At safepoint: 21785476 ns, Total: 22538277 ns
[2025-01-29T16:58:09.718+0000][7][safepoint   ] Safepoint "Cleanup", Time since last: 1580567042 ns, Reaching safepoint: 240592 ns, At safepoint: 13889 ns, Total: 254481 ns
[2025-01-29T16:58:10.719+0000][7][safepoint   ] Safepoint "Cleanup", Time since last: 1001138996 ns, Reaching safepoint: 294568 ns, At safepoint: 45902 ns, Total: 340470 ns
[2025-01-29T16:58:10.879+0000][7][gc,start    ] GC(1) Pause Young (Normal) (G1 Evacuation Pause)
[2025-01-29T16:58:10.879+0000][7][gc,task     ] GC(1) Using 6 workers of 8 for evacuation
[2025-01-29T16:58:10.879+0000][7][gc,age      ] GC(1) Desired survivor size 2097152 bytes, new threshold 1 (max threshold 15)
[2025-01-29T16:58:10.890+0000][7][gc,age      ] GC(1) Age table with threshold 1 (max threshold 15)
[2025-01-29T16:58:10.890+0000][7][gc,age      ] GC(1) - age   1:    2049160 bytes,    2049160 total
[2025-01-29T16:58:10.890+0000][7][gc,phases   ] GC(1)   Pre Evacuate Collection Set: 0.1ms
[2025-01-29T16:58:10.890+0000][7][gc,phases   ] GC(1)   Merge Heap Roots: 0.0ms
[2025-01-29T16:58:10.890+0000][7][gc,phases   ] GC(1)   Evacuate Collection Set: 10.4ms
[2025-01-29T16:58:10.890+0000][7][gc,phases   ] GC(1)   Post Evacuate Collection Set: 0.7ms
[2025-01-29T16:58:10.890+0000][7][gc,phases   ] GC(1)   Other: 0.3ms
[2025-01-29T16:58:10.890+0000][7][gc,heap     ] GC(1) Eden regions: 5->0(11)
[2025-01-29T16:58:10.890+0000][7][gc,heap     ] GC(1) Survivor regions: 1->1(1)
[2025-01-29T16:58:10.890+0000][7][gc,heap     ] GC(1) Old regions: 0->1
[2025-01-29T16:58:10.890+0000][7][gc,heap     ] GC(1) Archive regions: 2->2
[2025-01-29T16:58:10.890+0000][7][gc,heap     ] GC(1) Humongous regions: 0->0
[2025-01-29T16:58:10.890+0000][7][gc,metaspace] GC(1) Metaspace: 11805K(12288K)->11805K(12288K) NonClass: 10390K(10752K)->10390K(10752K) Class: 1415K(1536K)->1415K(1536K)
[2025-01-29T16:58:10.890+0000][7][gc          ] GC(1) Pause Young (Normal) (G1 Evacuation Pause) 27M->9M(256M) 11.605ms
[2025-01-29T16:58:10.890+0000][7][gc,cpu      ] GC(1) User=0.02s Sys=0.00s Real=0.02s
[2025-01-29T16:58:10.891+0000][7][safepoint   ] Safepoint "G1CollectForAllocation", Time since last: 159234247 ns, Reaching safepoint: 190712 ns, At safepoint: 11752138 ns, Total: 11942850 ns
[2025-01-29T16:58:11.892+0000][7][safepoint   ] Safepoint "Cleanup", Time since last: 1000356340 ns, Reaching safepoint: 776742 ns, At safepoint: 93950 ns, Total: 870692 ns
[2025-01-29T16:58:12.900+0000][7][safepoint   ] Safepoint "Cleanup", Time since last: 1007851095 ns, Reaching safepoint: 230941 ns, At safepoint: 41818 ns, Total: 272759 ns
[2025-01-29T16:58:13.499+0000][7][gc,start    ] GC(2) Pause Young (Normal) (G1 Evacuation Pause)
[2025-01-29T16:58:13.499+0000][7][gc,task     ] GC(2) Using 6 workers of 8 for evacuation
[2025-01-29T16:58:13.499+0000][7][gc,age      ] GC(2) Desired survivor size 4194304 bytes, new threshold 15 (max threshold 15)
[2025-01-29T16:58:13.540+0000][7][gc,age      ] GC(2) Age table with threshold 15 (max threshold 15)
[2025-01-29T16:58:13.540+0000][7][gc,age      ] GC(2) - age   1:    1760696 bytes,    1760696 total
[2025-01-29T16:58:13.540+0000][7][gc,age      ] GC(2) - age   2:    1950576 bytes,    3711272 total
[2025-01-29T16:58:13.540+0000][7][gc,phases   ] GC(2)   Pre Evacuate Collection Set: 0.1ms
[2025-01-29T16:58:13.540+0000][7][gc,phases   ] GC(2)   Merge Heap Roots: 0.0ms
[2025-01-29T16:58:13.540+0000][7][gc,phases   ] GC(2)   Evacuate Collection Set: 33.2ms
[2025-01-29T16:58:13.540+0000][7][gc,phases   ] GC(2)   Post Evacuate Collection Set: 6.9ms
[2025-01-29T16:58:13.540+0000][7][gc,phases   ] GC(2)   Other: 0.3ms
[2025-01-29T16:58:13.540+0000][7][gc,heap     ] GC(2) Eden regions: 11->0(36)
[2025-01-29T16:58:13.540+0000][7][gc,heap     ] GC(2) Survivor regions: 1->1(2)
[2025-01-29T16:58:13.540+0000][7][gc,heap     ] GC(2) Old regions: 1->1
[2025-01-29T16:58:13.540+0000][7][gc,heap     ] GC(2) Archive regions: 2->2
[2025-01-29T16:58:13.540+0000][7][gc,heap     ] GC(2) Humongous regions: 0->0
[2025-01-29T16:58:13.540+0000][7][gc,metaspace] GC(2) Metaspace: 14479K(14848K)->14479K(14848K) NonClass: 12805K(13056K)->12805K(13056K) Class: 1674K(1792K)->1674K(1792K)
[2025-01-29T16:58:13.540+0000][7][gc          ] GC(2) Pause Young (Normal) (G1 Evacuation Pause) 53M->10M(256M) 40.542ms
[2025-01-29T16:58:13.540+0000][7][gc,cpu      ] GC(2) User=0.04s Sys=0.01s Real=0.04s
[2025-01-29T16:58:13.540+0000][7][safepoint   ] Safepoint "G1CollectForAllocation", Time since last: 599141052 ns, Reaching safepoint: 140065 ns, At safepoint: 40664491 ns, Total: 40804556 ns
[2025-01-29T16:58:14.877+0000][7][safepoint   ] Safepoint "Cleanup", Time since last: 1304928171 ns, Reaching safepoint: 31959615 ns, At safepoint: 13015 ns, Total: 31972630 ns
[2025-01-29T16:58:15.119+0000][7][safepoint   ] Safepoint "ICBufferFull", Time since last: 242168715 ns, Reaching safepoint: 160793 ns, At safepoint: 17109 ns, Total: 177902 ns
[2025-01-29T16:58:15.147+0000][7][safepoint   ] Safepoint "ICBufferFull", Time since last: 28017945 ns, Reaching safepoint: 105042 ns, At safepoint: 5165 ns, Total: 110207 ns
[2025-01-29T16:58:15.164+0000][7][safepoint   ] Safepoint "ICBufferFull", Time since last: 15741586 ns, Reaching safepoint: 540837 ns, At safepoint: 5644 ns, Total: 546481 ns
[2025-01-29T16:58:15.168+0000][7][safepoint   ] Safepoint "ICBufferFull", Time since last: 3997447 ns, Reaching safepoint: 276701 ns, At safepoint: 3964 ns, Total: 280665 ns
[2025-01-29T16:58:15.219+0000][7][safepoint   ] Safepoint "ICBufferFull", Time since last: 50596828 ns, Reaching safepoint: 161813 ns, At safepoint: 3551 ns, Total: 165364 ns
[2025-01-29T16:58:15.273+0000][7][safepoint   ] Safepoint "ICBufferFull", Time since last: 37342555 ns, Reaching safepoint: 16697824 ns, At safepoint: 53757 ns, Total: 16751581 ns
[2025-01-29T16:58:15.284+0000][7][safepoint   ] Safepoint "ICBufferFull", Time since last: 10862339 ns, Reaching safepoint: 446653 ns, At safepoint: 10737 ns, Total: 457390 ns
[2025-01-29T16:58:15.301+0000][7][safepoint   ] Safepoint "ICBufferFull", Time since last: 16329742 ns, Reaching safepoint: 218329 ns, At safepoint: 5739 ns, Total: 224068 ns
[2025-01-29T16:58:15.318+0000][7][safepoint   ] Safepoint "ICBufferFull", Time since last: 17016692 ns, Reaching safepoint: 198882 ns, At safepoint: 3601 ns, Total: 202483 ns
[2025-01-29T16:58:15.356+0000][7][safepoint   ] Safepoint "ICBufferFull", Time since last: 38278316 ns, Reaching safepoint: 219288 ns, At safepoint: 10041 ns, Total: 229329 ns
[2025-01-29T16:58:15.379+0000][7][safepoint   ] Safepoint "ICBufferFull", Time since last: 7337132 ns, Reaching safepoint: 15497592 ns, At safepoint: 37723 ns, Total: 15535315 ns
[2025-01-29T16:58:15.391+0000][7][safepoint   ] Safepoint "ICBufferFull", Time since last: 11650064 ns, Reaching safepoint: 128873 ns, At safepoint: 4583 ns, Total: 133456 ns
[2025-01-29T16:58:15.413+0000][7][safepoint   ] Safepoint "ICBufferFull", Time since last: 21895131 ns, Reaching safepoint: 174431 ns, At safepoint: 3669 ns, Total: 178100 ns
[2025-01-29T16:58:15.422+0000][7][safepoint   ] Safepoint "ICBufferFull", Time since last: 9219431 ns, Reaching safepoint: 186386 ns, At safepoint: 4895 ns, Total: 191281 ns
[2025-01-29T16:58:15.434+0000][7][safepoint   ] Safepoint "ICBufferFull", Time since last: 11463992 ns, Reaching safepoint: 204482 ns, At safepoint: 3747 ns, Total: 208229 ns
[2025-01-29T16:58:15.449+0000][7][safepoint   ] Safepoint "ICBufferFull", Time since last: 15152790 ns, Reaching safepoint: 223287 ns, At safepoint: 5843 ns, Total: 229130 ns
[2025-01-29T16:58:15.478+0000][7][safepoint   ] Safepoint "ICBufferFull", Time since last: 20277912 ns, Reaching safepoint: 8323142 ns, At safepoint: 52670 ns, Total: 8375812 ns
[2025-01-29T16:58:15.507+0000][7][safepoint   ] Safepoint "ICBufferFull", Time since last: 24268860 ns, Reaching safepoint: 4404233 ns, At safepoint: 43833 ns, Total: 4448066 ns
[2025-01-29T16:58:15.533+0000][7][safepoint   ] Safepoint "ICBufferFull", Time since last: 25841485 ns, Reaching safepoint: 121076 ns, At safepoint: 5009 ns, Total: 126085 ns
[2025-01-29T16:58:15.538+0000][7][safepoint   ] Safepoint "ICBufferFull", Time since last: 4954145 ns, Reaching safepoint: 216506 ns, At safepoint: 6368 ns, Total: 222874 ns
[2025-01-29T16:58:15.545+0000][7][safepoint   ] Safepoint "ICBufferFull", Time since last: 6626647 ns, Reaching safepoint: 118546 ns, At safepoint: 4263 ns, Total: 122809 ns
[2025-01-29T16:58:15.553+0000][7][safepoint   ] Safepoint "ICBufferFull", Time since last: 8576516 ns, Reaching safepoint: 142302 ns, At safepoint: 5561 ns, Total: 147863 ns
[2025-01-29T16:58:15.615+0000][7][safepoint   ] Safepoint "ICBufferFull", Time since last: 32647834 ns, Reaching safepoint: 28561541 ns, At safepoint: 12659 ns, Total: 28574200 ns
[2025-01-29T16:58:15.616+0000][7][safepoint   ] Safepoint "ICBufferFull", Time since last: 1749753 ns, Reaching safepoint: 76572 ns, At safepoint: 4263 ns, Total: 80835 ns
[2025-01-29T16:58:15.633+0000][7][safepoint   ] Safepoint "ICBufferFull", Time since last: 16054692 ns, Reaching safepoint: 126986 ns, At safepoint: 4366 ns, Total: 131352 ns
[2025-01-29T16:58:15.697+0000][7][safepoint   ] Safepoint "ICBufferFull", Time since last: 15573358 ns, Reaching safepoint: 49031873 ns, At safepoint: 58898 ns, Total: 49090771 ns
[2025-01-29T16:58:15.701+0000][7][safepoint   ] Safepoint "ICBufferFull", Time since last: 3401543 ns, Reaching safepoint: 76486 ns, At safepoint: 3985 ns, Total: 80471 ns
[2025-01-29T16:58:15.702+0000][7][safepoint   ] Safepoint "ICBufferFull", Time since last: 1232256 ns, Reaching safepoint: 55960 ns, At safepoint: 2369 ns, Total: 58329 ns
[2025-01-29T16:58:15.733+0000][7][safepoint   ] Safepoint "ICBufferFull", Time since last: 30537418 ns, Reaching safepoint: 186014 ns, At safepoint: 4657 ns, Total: 190671 ns
[2025-01-29T16:58:15.736+0000][7][safepoint   ] Safepoint "ICBufferFull", Time since last: 2973967 ns, Reaching safepoint: 65411 ns, At safepoint: 2882 ns, Total: 68293 ns
[2025-01-29T16:58:16.248+0000][7][safepoint   ] Safepoint "ICBufferFull", Time since last: 511537584 ns, Reaching safepoint: 315183 ns, At safepoint: 10058 ns, Total: 325241 ns
[2025-01-29T16:58:17.253+0000][7][safepoint   ] Safepoint "Cleanup", Time since last: 1004811627 ns, Reaching safepoint: 343903 ns, At safepoint: 4048 ns, Total: 347951 ns
[2025-01-29T16:58:18.547+0000][7][gc,start    ] GC(3) Pause Young (Normal) (G1 Evacuation Pause)
[2025-01-29T16:58:18.547+0000][7][gc,task     ] GC(3) Using 6 workers of 8 for evacuation
[2025-01-29T16:58:18.547+0000][7][gc,age      ] GC(3) Desired survivor size 10485760 bytes, new threshold 15 (max threshold 15)
[2025-01-29T16:58:18.568+0000][7][gc,age      ] GC(3) Age table with threshold 15 (max threshold 15)
[2025-01-29T16:58:18.568+0000][7][gc,age      ] GC(3) - age   1:    4830792 bytes,    4830792 total
[2025-01-29T16:58:18.568+0000][7][gc,age      ] GC(3) - age   2:    1681200 bytes,    6511992 total
[2025-01-29T16:58:18.568+0000][7][gc,age      ] GC(3) - age   3:    1935416 bytes,    8447408 total
[2025-01-29T16:58:18.568+0000][7][gc,phases   ] GC(3)   Pre Evacuate Collection Set: 0.1ms
[2025-01-29T16:58:18.568+0000][7][gc,phases   ] GC(3)   Merge Heap Roots: 0.0ms
[2025-01-29T16:58:18.568+0000][7][gc,phases   ] GC(3)   Evacuate Collection Set: 19.9ms
[2025-01-29T16:58:18.568+0000][7][gc,phases   ] GC(3)   Post Evacuate Collection Set: 1.1ms
[2025-01-29T16:58:18.568+0000][7][gc,phases   ] GC(3)   Other: 0.3ms
[2025-01-29T16:58:18.568+0000][7][gc,heap     ] GC(3) Eden regions: 36->0(35)
[2025-01-29T16:58:18.568+0000][7][gc,heap     ] GC(3) Survivor regions: 1->3(5)
[2025-01-29T16:58:18.568+0000][7][gc,heap     ] GC(3) Old regions: 1->1
[2025-01-29T16:58:18.568+0000][7][gc,heap     ] GC(3) Archive regions: 2->2
[2025-01-29T16:58:18.568+0000][7][gc,heap     ] GC(3) Humongous regions: 0->0
[2025-01-29T16:58:18.568+0000][7][gc,metaspace] GC(3) Metaspace: 17884K(18432K)->17884K(18432K) NonClass: 15757K(16128K)->15757K(16128K) Class: 2127K(2304K)->2127K(2304K)
[2025-01-29T16:58:18.568+0000][7][gc          ] GC(3) Pause Young (Normal) (G1 Evacuation Pause) 154M->15M(256M) 21.525ms
[2025-01-29T16:58:18.568+0000][7][gc,cpu      ] GC(3) User=0.09s Sys=0.00s Real=0.03s
[2025-01-29T16:58:18.580+0000][7][safepoint   ] Safepoint "G1CollectForAllocation", Time since last: 1293584644 ns, Reaching safepoint: 247538 ns, At safepoint: 33180748 ns, Total: 33428286 ns
[2025-01-29T16:58:19.949+0000][7][gc,start    ] GC(4) Pause Young (Normal) (G1 Evacuation Pause)
[2025-01-29T16:58:19.949+0000][7][gc,task     ] GC(4) Using 6 workers of 8 for evacuation
[2025-01-29T16:58:19.950+0000][7][gc,age      ] GC(4) Desired survivor size 10485760 bytes, new threshold 15 (max threshold 15)
[2025-01-29T16:58:19.980+0000][7][gc,age      ] GC(4) Age table with threshold 15 (max threshold 15)
[2025-01-29T16:58:19.980+0000][7][gc,age      ] GC(4) - age   1:    3095160 bytes,    3095160 total
[2025-01-29T16:58:19.980+0000][7][gc,age      ] GC(4) - age   2:    3002960 bytes,    6098120 total
[2025-01-29T16:58:19.980+0000][7][gc,age      ] GC(4) - age   3:    1681200 bytes,    7779320 total
[2025-01-29T16:58:19.980+0000][7][gc,age      ] GC(4) - age   4:    1935416 bytes,    9714736 total
[2025-01-29T16:58:19.980+0000][7][gc,phases   ] GC(4)   Pre Evacuate Collection Set: 0.1ms
[2025-01-29T16:58:19.980+0000][7][gc,phases   ] GC(4)   Merge Heap Roots: 0.1ms
[2025-01-29T16:58:19.980+0000][7][gc,phases   ] GC(4)   Evacuate Collection Set: 28.2ms
[2025-01-29T16:58:19.980+0000][7][gc,phases   ] GC(4)   Post Evacuate Collection Set: 1.9ms
[2025-01-29T16:58:19.980+0000][7][gc,phases   ] GC(4)   Other: 0.3ms
[2025-01-29T16:58:19.980+0000][7][gc,heap     ] GC(4) Eden regions: 35->0(35)
[2025-01-29T16:58:19.980+0000][7][gc,heap     ] GC(4) Survivor regions: 3->3(5)
[2025-01-29T16:58:19.980+0000][7][gc,heap     ] GC(4) Old regions: 1->1
[2025-01-29T16:58:19.980+0000][7][gc,heap     ] GC(4) Archive regions: 2->2
[2025-01-29T16:58:19.980+0000][7][gc,heap     ] GC(4) Humongous regions: 0->0
[2025-01-29T16:58:19.980+0000][7][gc,metaspace] GC(4) Metaspace: 18432K(19328K)->18432K(19328K) NonClass: 16235K(16896K)->16235K(16896K) Class: 2196K(2432K)->2196K(2432K)
[2025-01-29T16:58:19.980+0000][7][gc          ] GC(4) Pause Young (Normal) (G1 Evacuation Pause) 155M->17M(256M) 30.698ms
[2025-01-29T16:58:19.980+0000][7][gc,cpu      ] GC(4) User=0.06s Sys=0.04s Real=0.03s
[2025-01-29T16:58:19.980+0000][7][safepoint   ] Safepoint "G1CollectForAllocation", Time since last: 1369123016 ns, Reaching safepoint: 295619 ns, At safepoint: 30816438 ns, Total: 31112057 ns
[2025-01-29T16:58:20.715+0000][7][gc,start    ] GC(5) Pause Young (Normal) (G1 Evacuation Pause)
[2025-01-29T16:58:20.715+0000][7][gc,task     ] GC(5) Using 6 workers of 8 for evacuation
[2025-01-29T16:58:20.715+0000][7][gc,age      ] GC(5) Desired survivor size 10485760 bytes, new threshold 15 (max threshold 15)
[2025-01-29T16:58:20.740+0000][7][gc,age      ] GC(5) Age table with threshold 15 (max threshold 15)
[2025-01-29T16:58:20.740+0000][7][gc,age      ] GC(5) - age   1:    1509864 bytes,    1509864 total
[2025-01-29T16:58:20.740+0000][7][gc,age      ] GC(5) - age   2:    1882176 bytes,    3392040 total
[2025-01-29T16:58:20.740+0000][7][gc,age      ] GC(5) - age   3:    3001912 bytes,    6393952 total
[2025-01-29T16:58:20.740+0000][7][gc,age      ] GC(5) - age   4:    1681200 bytes,    8075152 total
[2025-01-29T16:58:20.740+0000][7][gc,age      ] GC(5) - age   5:    1935416 bytes,   10010568 total
[2025-01-29T16:58:20.740+0000][7][gc,phases   ] GC(5)   Pre Evacuate Collection Set: 0.1ms
[2025-01-29T16:58:20.740+0000][7][gc,phases   ] GC(5)   Merge Heap Roots: 0.1ms
[2025-01-29T16:58:20.740+0000][7][gc,phases   ] GC(5)   Evacuate Collection Set: 20.3ms
[2025-01-29T16:58:20.740+0000][7][gc,phases   ] GC(5)   Post Evacuate Collection Set: 4.0ms
[2025-01-29T16:58:20.740+0000][7][gc,phases   ] GC(5)   Other: 0.3ms
[2025-01-29T16:58:20.740+0000][7][gc,heap     ] GC(5) Eden regions: 35->0(35)
[2025-01-29T16:58:20.740+0000][7][gc,heap     ] GC(5) Survivor regions: 3->3(5)
[2025-01-29T16:58:20.740+0000][7][gc,heap     ] GC(5) Old regions: 1->1
[2025-01-29T16:58:20.740+0000][7][gc,heap     ] GC(5) Archive regions: 2->2
[2025-01-29T16:58:20.740+0000][7][gc,heap     ] GC(5) Humongous regions: 0->0
[2025-01-29T16:58:20.740+0000][7][gc,metaspace] GC(5) Metaspace: 18907K(19712K)->18907K(19712K) NonClass: 16636K(17152K)->16636K(17152K) Class: 2271K(2560K)->2271K(2560K)
[2025-01-29T16:58:20.740+0000][7][gc          ] GC(5) Pause Young (Normal) (G1 Evacuation Pause) 157M->17M(256M) 24.861ms
[2025-01-29T16:58:20.740+0000][7][gc,cpu      ] GC(5) User=0.07s Sys=0.01s Real=0.03s
[2025-01-29T16:58:20.740+0000][7][safepoint   ] Safepoint "G1CollectForAllocation", Time since last: 734709334 ns, Reaching safepoint: 348535 ns, At safepoint: 24980691 ns, Total: 25329226 ns
[2025-01-29T16:58:21.531+0000][7][gc,start    ] GC(6) Pause Young (Normal) (G1 Evacuation Pause)
[2025-01-29T16:58:21.531+0000][7][gc,task     ] GC(6) Using 6 workers of 8 for evacuation
[2025-01-29T16:58:21.531+0000][7][gc,age      ] GC(6) Desired survivor size 10485760 bytes, new threshold 15 (max threshold 15)
[2025-01-29T16:58:21.547+0000][7][gc,age      ] GC(6) Age table with threshold 15 (max threshold 15)
[2025-01-29T16:58:21.547+0000][7][gc,age      ] GC(6) - age   1:    1991840 bytes,    1991840 total
[2025-01-29T16:58:21.547+0000][7][gc,age      ] GC(6) - age   2:    1484800 bytes,    3476640 total
[2025-01-29T16:58:21.547+0000][7][gc,age      ] GC(6) - age   3:    1882176 bytes,    5358816 total
[2025-01-29T16:58:21.547+0000][7][gc,age      ] GC(6) - age   4:    3001912 bytes,    8360728 total
[2025-01-29T16:58:21.547+0000][7][gc,age      ] GC(6) - age   5:    1681200 bytes,   10041928 total
[2025-01-29T16:58:21.547+0000][7][gc,age      ] GC(6) - age   6:    1935416 bytes,   11977344 total
[2025-01-29T16:58:21.547+0000][7][gc,phases   ] GC(6)   Pre Evacuate Collection Set: 0.2ms
[2025-01-29T16:58:21.547+0000][7][gc,phases   ] GC(6)   Merge Heap Roots: 0.0ms
[2025-01-29T16:58:21.547+0000][7][gc,phases   ] GC(6)   Evacuate Collection Set: 13.8ms
[2025-01-29T16:58:21.547+0000][7][gc,phases   ] GC(6)   Post Evacuate Collection Set: 1.6ms
[2025-01-29T16:58:21.547+0000][7][gc,phases   ] GC(6)   Other: 0.4ms
[2025-01-29T16:58:21.547+0000][7][gc,heap     ] GC(6) Eden regions: 35->0(34)
[2025-01-29T16:58:21.547+0000][7][gc,heap     ] GC(6) Survivor regions: 3->4(5)
[2025-01-29T16:58:21.547+0000][7][gc,heap     ] GC(6) Old regions: 1->1
[2025-01-29T16:58:21.547+0000][7][gc,heap     ] GC(6) Archive regions: 2->2
[2025-01-29T16:58:21.547+0000][7][gc,heap     ] GC(6) Humongous regions: 0->0
[2025-01-29T16:58:21.547+0000][7][gc,metaspace] GC(6) Metaspace: 19198K(20224K)->19198K(20224K) NonClass: 16896K(17664K)->16896K(17664K) Class: 2302K(2560K)->2302K(2560K)
[2025-01-29T16:58:21.547+0000][7][gc          ] GC(6) Pause Young (Normal) (G1 Evacuation Pause) 157M->19M(256M) 16.120ms
[2025-01-29T16:58:21.547+0000][7][gc,cpu      ] GC(6) User=0.05s Sys=0.01s Real=0.01s
[2025-01-29T16:58:21.547+0000][7][safepoint   ] Safepoint "G1CollectForAllocation", Time since last: 790445832 ns, Reaching safepoint: 371330 ns, At safepoint: 16297190 ns, Total: 16668520 ns
[2025-01-29T16:58:22.183+0000][7][gc,start    ] GC(7) Pause Young (Normal) (G1 Evacuation Pause)
[2025-01-29T16:58:22.183+0000][7][gc,task     ] GC(7) Using 6 workers of 8 for evacuation
[2025-01-29T16:58:22.183+0000][7][gc,age      ] GC(7) Desired survivor size 10485760 bytes, new threshold 6 (max threshold 15)
[2025-01-29T16:58:22.220+0000][7][gc,age      ] GC(7) Age table with threshold 6 (max threshold 15)
[2025-01-29T16:58:22.220+0000][7][gc,age      ] GC(7) - age   1:    1154896 bytes,    1154896 total
[2025-01-29T16:58:22.220+0000][7][gc,age      ] GC(7) - age   2:    1234352 bytes,    2389248 total
[2025-01-29T16:58:22.220+0000][7][gc,age      ] GC(7) - age   3:    1484192 bytes,    3873440 total
[2025-01-29T16:58:22.220+0000][7][gc,age      ] GC(7) - age   4:    1882144 bytes,    5755584 total
[2025-01-29T16:58:22.220+0000][7][gc,age      ] GC(7) - age   5:    2997960 bytes,    8753544 total
[2025-01-29T16:58:22.220+0000][7][gc,age      ] GC(7) - age   6:    1681200 bytes,   10434744 total
[2025-01-29T16:58:22.220+0000][7][gc,phases   ] GC(7)   Pre Evacuate Collection Set: 0.0ms
[2025-01-29T16:58:22.220+0000][7][gc,phases   ] GC(7)   Merge Heap Roots: 0.0ms
[2025-01-29T16:58:22.220+0000][7][gc,phases   ] GC(7)   Evacuate Collection Set: 35.9ms
[2025-01-29T16:58:22.220+0000][7][gc,phases   ] GC(7)   Post Evacuate Collection Set: 1.0ms
[2025-01-29T16:58:22.220+0000][7][gc,phases   ] GC(7)   Other: 0.3ms
[2025-01-29T16:58:22.220+0000][7][gc,heap     ] GC(7) Eden regions: 34->0(35)
[2025-01-29T16:58:22.220+0000][7][gc,heap     ] GC(7) Survivor regions: 4->3(5)
[2025-01-29T16:58:22.220+0000][7][gc,heap     ] GC(7) Old regions: 1->2
[2025-01-29T16:58:22.220+0000][7][gc,heap     ] GC(7) Archive regions: 2->2
[2025-01-29T16:58:22.220+0000][7][gc,heap     ] GC(7) Humongous regions: 0->0
[2025-01-29T16:58:22.221+0000][7][gc,metaspace] GC(7) Metaspace: 19335K(20480K)->19335K(20480K) NonClass: 17008K(17920K)->17008K(17920K) Class: 2327K(2560K)->2327K(2560K)
[2025-01-29T16:58:22.221+0000][7][gc          ] GC(7) Pause Young (Normal) (G1 Evacuation Pause) 155M->19M(256M) 37.340ms
[2025-01-29T16:58:22.221+0000][7][gc,cpu      ] GC(7) User=0.08s Sys=0.02s Real=0.04s
[2025-01-29T16:58:22.221+0000][7][safepoint   ] Safepoint "G1CollectForAllocation", Time since last: 635575591 ns, Reaching safepoint: 278101 ns, At safepoint: 37438594 ns, Total: 37716695 ns
[2025-01-29T16:58:22.767+0000][7][gc,start    ] GC(8) Pause Young (Normal) (G1 Evacuation Pause)
[2025-01-29T16:58:22.767+0000][7][gc,task     ] GC(8) Using 6 workers of 8 for evacuation
[2025-01-29T16:58:22.768+0000][7][gc,age      ] GC(8) Desired survivor size 10485760 bytes, new threshold 15 (max threshold 15)
[2025-01-29T16:58:22.791+0000][7][gc,age      ] GC(8) Age table with threshold 15 (max threshold 15)
[2025-01-29T16:58:22.791+0000][7][gc,age      ] GC(8) - age   1:     618688 bytes,     618688 total
[2025-01-29T16:58:22.791+0000][7][gc,age      ] GC(8) - age   2:     255504 bytes,     874192 total
[2025-01-29T16:58:22.791+0000][7][gc,age      ] GC(8) - age   3:    1234352 bytes,    2108544 total
[2025-01-29T16:58:22.791+0000][7][gc,age      ] GC(8) - age   4:    1484192 bytes,    3592736 total
[2025-01-29T16:58:22.791+0000][7][gc,age      ] GC(8) - age   5:    1882144 bytes,    5474880 total
[2025-01-29T16:58:22.791+0000][7][gc,age      ] GC(8) - age   6:    2997960 bytes,    8472840 total
[2025-01-29T16:58:22.791+0000][7][gc,age      ] GC(8) - age   7:    1681200 bytes,   10154040 total
[2025-01-29T16:58:22.791+0000][7][gc,phases   ] GC(8)   Pre Evacuate Collection Set: 0.1ms
[2025-01-29T16:58:22.791+0000][7][gc,phases   ] GC(8)   Merge Heap Roots: 0.1ms
[2025-01-29T16:58:22.791+0000][7][gc,phases   ] GC(8)   Evacuate Collection Set: 22.4ms
[2025-01-29T16:58:22.791+0000][7][gc,phases   ] GC(8)   Post Evacuate Collection Set: 0.8ms
[2025-01-29T16:58:22.791+0000][7][gc,phases   ] GC(8)   Other: 0.4ms
[2025-01-29T16:58:22.791+0000][7][gc,heap     ] GC(8) Eden regions: 35->0(35)
[2025-01-29T16:58:22.791+0000][7][gc,heap     ] GC(8) Survivor regions: 3->3(5)
[2025-01-29T16:58:22.791+0000][7][gc,heap     ] GC(8) Old regions: 2->2
[2025-01-29T16:58:22.791+0000][7][gc,heap     ] GC(8) Archive regions: 2->2
[2025-01-29T16:58:22.791+0000][7][gc,heap     ] GC(8) Humongous regions: 0->0
[2025-01-29T16:58:22.791+0000][7][gc,metaspace] GC(8) Metaspace: 19555K(20608K)->19555K(20608K) NonClass: 17185K(17920K)->17185K(17920K) Class: 2369K(2688K)->2369K(2688K)
[2025-01-29T16:58:22.791+0000][7][gc          ] GC(8) Pause Young (Normal) (G1 Evacuation Pause) 159M->19M(256M) 23.828ms
[2025-01-29T16:58:22.791+0000][7][gc,cpu      ] GC(8) User=0.04s Sys=0.00s Real=0.03s
[2025-01-29T16:58:22.791+0000][7][safepoint   ] Safepoint "G1CollectForAllocation", Time since last: 546691406 ns, Reaching safepoint: 129651 ns, At safepoint: 23966319 ns, Total: 24095970 ns
[2025-01-29T16:58:23.522+0000][7][gc,start    ] GC(9) Pause Young (Normal) (G1 Evacuation Pause)
[2025-01-29T16:58:23.522+0000][7][gc,task     ] GC(9) Using 6 workers of 8 for evacuation
[2025-01-29T16:58:23.522+0000][7][gc,age      ] GC(9) Desired survivor size 10485760 bytes, new threshold 15 (max threshold 15)
[2025-01-29T16:58:23.553+0000][7][gc,age      ] GC(9) Age table with threshold 15 (max threshold 15)
[2025-01-29T16:58:23.553+0000][7][gc,age      ] GC(9) - age   1:    1028264 bytes,    1028264 total
[2025-01-29T16:58:23.553+0000][7][gc,age      ] GC(9) - age   2:     293544 bytes,    1321808 total
[2025-01-29T16:58:23.553+0000][7][gc,age      ] GC(9) - age   3:     255352 bytes,    1577160 total
[2025-01-29T16:58:23.553+0000][7][gc,age      ] GC(9) - age   4:    1234352 bytes,    2811512 total
[2025-01-29T16:58:23.553+0000][7][gc,age      ] GC(9) - age   5:    1483520 bytes,    4295032 total
[2025-01-29T16:58:23.553+0000][7][gc,age      ] GC(9) - age   6:    1881856 bytes,    6176888 total
[2025-01-29T16:58:23.553+0000][7][gc,age      ] GC(9) - age   7:    2997832 bytes,    9174720 total
[2025-01-29T16:58:23.553+0000][7][gc,age      ] GC(9) - age   8:    1681200 bytes,   10855920 total
[2025-01-29T16:58:23.553+0000][7][gc,phases   ] GC(9)   Pre Evacuate Collection Set: 0.1ms
[2025-01-29T16:58:23.553+0000][7][gc,phases   ] GC(9)   Merge Heap Roots: 0.0ms
[2025-01-29T16:58:23.553+0000][7][gc,phases   ] GC(9)   Evacuate Collection Set: 25.5ms
[2025-01-29T16:58:23.553+0000][7][gc,phases   ] GC(9)   Post Evacuate Collection Set: 5.0ms
[2025-01-29T16:58:23.553+0000][7][gc,phases   ] GC(9)   Other: 0.4ms
[2025-01-29T16:58:23.553+0000][7][gc,heap     ] GC(9) Eden regions: 35->0(35)
[2025-01-29T16:58:23.553+0000][7][gc,heap     ] GC(9) Survivor regions: 3->3(5)
[2025-01-29T16:58:23.553+0000][7][gc,heap     ] GC(9) Old regions: 2->2
[2025-01-29T16:58:23.553+0000][7][gc,heap     ] GC(9) Archive regions: 2->2
[2025-01-29T16:58:23.553+0000][7][gc,heap     ] GC(9) Humongous regions: 0->0
[2025-01-29T16:58:23.553+0000][7][gc,metaspace] GC(9) Metaspace: 19623K(20864K)->19623K(20864K) NonClass: 17240K(18176K)->17240K(18176K) Class: 2382K(2688K)->2382K(2688K)
[2025-01-29T16:58:23.553+0000][7][gc          ] GC(9) Pause Young (Normal) (G1 Evacuation Pause) 159M->20M(256M) 31.174ms
[2025-01-29T16:58:23.553+0000][7][gc,cpu      ] GC(9) User=0.04s Sys=0.01s Real=0.03s
[2025-01-29T16:58:23.554+0000][7][safepoint   ] Safepoint "G1CollectForAllocation", Time since last: 730173696 ns, Reaching safepoint: 583462 ns, At safepoint: 31397590 ns, Total: 31981052 ns
[2025-01-29T16:58:24.245+0000][7][gc,start    ] GC(10) Pause Young (Normal) (G1 Evacuation Pause)
[2025-01-29T16:58:24.245+0000][7][gc,task     ] GC(10) Using 6 workers of 8 for evacuation
[2025-01-29T16:58:24.245+0000][7][gc,age      ] GC(10) Desired survivor size 10485760 bytes, new threshold 8 (max threshold 15)
[2025-01-29T16:58:24.275+0000][7][gc,age      ] GC(10) Age table with threshold 8 (max threshold 15)
[2025-01-29T16:58:24.275+0000][7][gc,age      ] GC(10) - age   1:    2240704 bytes,    2240704 total
[2025-01-29T16:58:24.275+0000][7][gc,age      ] GC(10) - age   2:     412144 bytes,    2652848 total
[2025-01-29T16:58:24.275+0000][7][gc,age      ] GC(10) - age   3:     293480 bytes,    2946328 total
[2025-01-29T16:58:24.275+0000][7][gc,age      ] GC(10) - age   4:     255288 bytes,    3201616 total
[2025-01-29T16:58:24.275+0000][7][gc,age      ] GC(10) - age   5:    1234352 bytes,    4435968 total
[2025-01-29T16:58:24.275+0000][7][gc,age      ] GC(10) - age   6:    1482480 bytes,    5918448 total
[2025-01-29T16:58:24.275+0000][7][gc,age      ] GC(10) - age   7:    1881664 bytes,    7800112 total
[2025-01-29T16:58:24.275+0000][7][gc,age      ] GC(10) - age   8:    2997520 bytes,   10797632 total
[2025-01-29T16:58:24.275+0000][7][gc,phases   ] GC(10)   Pre Evacuate Collection Set: 0.1ms
[2025-01-29T16:58:24.275+0000][7][gc,phases   ] GC(10)   Merge Heap Roots: 0.1ms
[2025-01-29T16:58:24.275+0000][7][gc,phases   ] GC(10)   Evacuate Collection Set: 26.9ms
[2025-01-29T16:58:24.275+0000][7][gc,phases   ] GC(10)   Post Evacuate Collection Set: 2.6ms
[2025-01-29T16:58:24.275+0000][7][gc,phases   ] GC(10)   Other: 0.3ms
[2025-01-29T16:58:24.275+0000][7][gc,heap     ] GC(10) Eden regions: 35->0(35)
[2025-01-29T16:58:24.275+0000][7][gc,heap     ] GC(10) Survivor regions: 3->3(5)
[2025-01-29T16:58:24.275+0000][7][gc,heap     ] GC(10) Old regions: 2->2
[2025-01-29T16:58:24.275+0000][7][gc,heap     ] GC(10) Archive regions: 2->2
[2025-01-29T16:58:24.275+0000][7][gc,heap     ] GC(10) Humongous regions: 0->0
[2025-01-29T16:58:24.275+0000][7][gc,metaspace] GC(10) Metaspace: 20097K(21296K)->20097K(21296K) NonClass: 17645K(18608K)->17645K(18608K) Class: 2451K(2688K)->2451K(2688K)
[2025-01-29T16:58:24.275+0000][7][gc          ] GC(10) Pause Young (Normal) (G1 Evacuation Pause) 160M->21M(256M) 30.122ms
[2025-01-29T16:58:24.276+0000][7][gc,cpu      ] GC(10) User=0.03s Sys=0.01s Real=0.03s
[2025-01-29T16:58:24.276+0000][7][safepoint   ] Safepoint "G1CollectForAllocation", Time since last: 691470820 ns, Reaching safepoint: 314734 ns, At safepoint: 30224511 ns, Total: 30539245 ns
[2025-01-29T16:58:24.346+0000][7][gc,start    ] GC(11) Pause Young (Concurrent Start) (Metadata GC Threshold)
[2025-01-29T16:58:24.346+0000][7][gc,task     ] GC(11) Using 6 workers of 8 for evacuation
[2025-01-29T16:58:24.346+0000][7][gc,age      ] GC(11) Desired survivor size 10485760 bytes, new threshold 8 (max threshold 15)
[2025-01-29T16:58:24.382+0000][7][gc,age      ] GC(11) Age table with threshold 8 (max threshold 15)
[2025-01-29T16:58:24.382+0000][7][gc,age      ] GC(11) - age   1:      50824 bytes,      50824 total
[2025-01-29T16:58:24.382+0000][7][gc,age      ] GC(11) - age   2:    1730464 bytes,    1781288 total
[2025-01-29T16:58:24.382+0000][7][gc,age      ] GC(11) - age   3:     412144 bytes,    2193432 total
[2025-01-29T16:58:24.382+0000][7][gc,age      ] GC(11) - age   4:     293480 bytes,    2486912 total
[2025-01-29T16:58:24.382+0000][7][gc,age      ] GC(11) - age   5:     255288 bytes,    2742200 total
[2025-01-29T16:58:24.382+0000][7][gc,age      ] GC(11) - age   6:    1234352 bytes,    3976552 total
[2025-01-29T16:58:24.382+0000][7][gc,age      ] GC(11) - age   7:    1482480 bytes,    5459032 total
[2025-01-29T16:58:24.382+0000][7][gc,age      ] GC(11) - age   8:    1881664 bytes,    7340696 total
[2025-01-29T16:58:24.382+0000][7][gc,phases   ] GC(11)   Pre Evacuate Collection Set: 0.1ms
[2025-01-29T16:58:24.382+0000][7][gc,phases   ] GC(11)   Merge Heap Roots: 0.1ms
[2025-01-29T16:58:24.382+0000][7][gc,phases   ] GC(11)   Evacuate Collection Set: 34.7ms
[2025-01-29T16:58:24.382+0000][7][gc,phases   ] GC(11)   Post Evacuate Collection Set: 0.9ms
[2025-01-29T16:58:24.382+0000][7][gc,phases   ] GC(11)   Other: 0.5ms
[2025-01-29T16:58:24.382+0000][7][gc,heap     ] GC(11) Eden regions: 3->0(36)
[2025-01-29T16:58:24.382+0000][7][gc,heap     ] GC(11) Survivor regions: 3->2(5)
[2025-01-29T16:58:24.382+0000][7][gc,heap     ] GC(11) Old regions: 2->3
[2025-01-29T16:58:24.382+0000][7][gc,heap     ] GC(11) Archive regions: 2->2
[2025-01-29T16:58:24.382+0000][7][gc,heap     ] GC(11) Humongous regions: 0->0
[2025-01-29T16:58:24.382+0000][7][gc,metaspace] GC(11) Metaspace: 20133K(21296K)->20133K(21296K) NonClass: 17679K(18608K)->17679K(18608K) Class: 2454K(2688K)->2454K(2688K)
[2025-01-29T16:58:24.382+0000][7][gc          ] GC(11) Pause Young (Concurrent Start) (Metadata GC Threshold) 33M->21M(256M) 36.449ms
[2025-01-29T16:58:24.382+0000][7][gc,cpu      ] GC(11) User=0.04s Sys=0.01s Real=0.04s
[2025-01-29T16:58:24.382+0000][7][gc          ] GC(12) Concurrent Cycle
[2025-01-29T16:58:24.382+0000][7][gc,marking  ] GC(12) Concurrent Clear Claimed Marks
[2025-01-29T16:58:24.382+0000][7][gc,marking  ] GC(12) Concurrent Clear Claimed Marks 0.054ms
[2025-01-29T16:58:24.382+0000][7][gc,marking  ] GC(12) Concurrent Scan Root Regions
[2025-01-29T16:58:24.383+0000][7][safepoint   ] Safepoint "CollectForMetadataAllocation", Time since last: 67982712 ns, Reaching safepoint: 2054266 ns, At safepoint: 37026900 ns, Total: 39081166 ns
[2025-01-29T16:58:24.386+0000][7][gc,marking  ] GC(12) Concurrent Scan Root Regions 3.258ms
[2025-01-29T16:58:24.386+0000][7][gc,marking  ] GC(12) Concurrent Mark (19.201s)
[2025-01-29T16:58:24.386+0000][7][gc,marking  ] GC(12) Concurrent Mark From Roots
[2025-01-29T16:58:24.386+0000][7][gc,task     ] GC(12) Using 2 workers of 2 for marking
[2025-01-29T16:58:24.412+0000][7][gc,marking  ] GC(12) Concurrent Mark From Roots 26.794ms
[2025-01-29T16:58:24.412+0000][7][gc,marking  ] GC(12) Concurrent Preclean
[2025-01-29T16:58:24.413+0000][7][gc,marking  ] GC(12) Concurrent Preclean 0.107ms
[2025-01-29T16:58:24.413+0000][7][gc,marking  ] GC(12) Concurrent Mark (19.201s, 19.228s) 26.991ms
[2025-01-29T16:58:24.415+0000][7][gc,start    ] GC(12) Pause Remark
[2025-01-29T16:58:24.418+0000][7][gc          ] GC(12) Pause Remark 23M->23M(256M) 2.914ms
[2025-01-29T16:58:24.418+0000][7][gc,cpu      ] GC(12) User=0.01s Sys=0.00s Real=0.00s
[2025-01-29T16:58:24.418+0000][7][safepoint   ] Safepoint "G1Concurrent", Time since last: 30042099 ns, Reaching safepoint: 2234963 ns, At safepoint: 3019089 ns, Total: 5254052 ns
[2025-01-29T16:58:24.418+0000][7][gc,marking  ] GC(12) Concurrent Rebuild Remembered Sets
[2025-01-29T16:58:24.432+0000][7][gc,marking  ] GC(12) Concurrent Rebuild Remembered Sets 14.234ms
[2025-01-29T16:58:24.440+0000][7][gc,start    ] GC(12) Pause Cleanup
[2025-01-29T16:58:24.440+0000][7][gc          ] GC(12) Pause Cleanup 31M->31M(256M) 0.151ms
[2025-01-29T16:58:24.440+0000][7][gc,cpu      ] GC(12) User=0.00s Sys=0.00s Real=0.00s
[2025-01-29T16:58:24.440+0000][7][safepoint   ] Safepoint "G1Concurrent", Time since last: 14350284 ns, Reaching safepoint: 7516274 ns, At safepoint: 209081 ns, Total: 7725355 ns
[2025-01-29T16:58:24.440+0000][7][gc,marking  ] GC(12) Concurrent Cleanup for Next Mark
[2025-01-29T16:58:24.468+0000][7][gc,marking  ] GC(12) Concurrent Cleanup for Next Mark 28.169ms
[2025-01-29T16:58:24.468+0000][7][gc          ] GC(12) Concurrent Cycle 86.018ms
[2025-01-29T16:58:24.814+0000][7][gc,start    ] GC(13) Pause Young (Normal) (G1 Evacuation Pause)
[2025-01-29T16:58:24.817+0000][7][gc,task     ] GC(13) Using 6 workers of 8 for evacuation
[2025-01-29T16:58:24.817+0000][7][gc,age      ] GC(13) Desired survivor size 10485760 bytes, new threshold 15 (max threshold 15)
[2025-01-29T16:58:24.830+0000][7][gc,age      ] GC(13) Age table with threshold 15 (max threshold 15)
[2025-01-29T16:58:24.830+0000][7][gc,age      ] GC(13) - age   1:     528408 bytes,     528408 total
[2025-01-29T16:58:24.830+0000][7][gc,age      ] GC(13) - age   2:      35184 bytes,     563592 total
[2025-01-29T16:58:24.830+0000][7][gc,age      ] GC(13) - age   3:    1729912 bytes,    2293504 total
[2025-01-29T16:58:24.830+0000][7][gc,age      ] GC(13) - age   4:     411152 bytes,    2704656 total
[2025-01-29T16:58:24.830+0000][7][gc,age      ] GC(13) - age   5:     293480 bytes,    2998136 total
[2025-01-29T16:58:24.830+0000][7][gc,age      ] GC(13) - age   6:     255016 bytes,    3253152 total
[2025-01-29T16:58:24.830+0000][7][gc,age      ] GC(13) - age   7:    1234352 bytes,    4487504 total
[2025-01-29T16:58:24.830+0000][7][gc,age      ] GC(13) - age   8:    1482480 bytes,    5969984 total
[2025-01-29T16:58:24.830+0000][7][gc,age      ] GC(13) - age   9:    1881664 bytes,    7851648 total
[2025-01-29T16:58:24.830+0000][7][gc,phases   ] GC(13)   Pre Evacuate Collection Set: 0.1ms
[2025-01-29T16:58:24.830+0000][7][gc,phases   ] GC(13)   Merge Heap Roots: 0.1ms
[2025-01-29T16:58:24.830+0000][7][gc,phases   ] GC(13)   Evacuate Collection Set: 10.6ms
[2025-01-29T16:58:24.830+0000][7][gc,phases   ] GC(13)   Post Evacuate Collection Set: 2.6ms
[2025-01-29T16:58:24.830+0000][7][gc,phases   ] GC(13)   Other: 3.0ms
[2025-01-29T16:58:24.830+0000][7][gc,heap     ] GC(13) Eden regions: 36->0(36)
[2025-01-29T16:58:24.830+0000][7][gc,heap     ] GC(13) Survivor regions: 2->2(5)
[2025-01-29T16:58:24.830+0000][7][gc,heap     ] GC(13) Old regions: 3->3
[2025-01-29T16:58:24.830+0000][7][gc,heap     ] GC(13) Archive regions: 2->2
[2025-01-29T16:58:24.830+0000][7][gc,heap     ] GC(13) Humongous regions: 0->0
[2025-01-29T16:58:24.830+0000][7][gc,metaspace] GC(13) Metaspace: 20188K(21552K)->20188K(21552K) NonClass: 17724K(18864K)->17724K(18864K) Class: 2464K(2688K)->2464K(2688K)
[2025-01-29T16:58:24.830+0000][7][gc          ] GC(13) Pause Young (Normal) (G1 Evacuation Pause) 165M->21M(256M) 16.412ms
[2025-01-29T16:58:24.830+0000][7][gc,cpu      ] GC(13) User=0.04s Sys=0.00s Real=0.02s
[2025-01-29T16:58:24.830+0000][7][safepoint   ] Safepoint "G1CollectForAllocation", Time since last: 373671197 ns, Reaching safepoint: 228695 ns, At safepoint: 16515402 ns, Total: 16744097 ns
[2025-01-29T16:58:25.212+0000][7][gc,start    ] GC(14) Pause Young (Normal) (G1 Evacuation Pause)
[2025-01-29T16:58:25.212+0000][7][gc,task     ] GC(14) Using 6 workers of 8 for evacuation
[2025-01-29T16:58:25.212+0000][7][gc,age      ] GC(14) Desired survivor size 10485760 bytes, new threshold 15 (max threshold 15)
[2025-01-29T16:58:25.224+0000][7][gc,age      ] GC(14) Age table with threshold 15 (max threshold 15)
[2025-01-29T16:58:25.224+0000][7][gc,age      ] GC(14) - age   1:     968592 bytes,     968592 total
[2025-01-29T16:58:25.224+0000][7][gc,age      ] GC(14) - age   2:     507880 bytes,    1476472 total
[2025-01-29T16:58:25.224+0000][7][gc,age      ] GC(14) - age   3:      35184 bytes,    1511656 total
[2025-01-29T16:58:25.224+0000][7][gc,age      ] GC(14) - age   4:    1729912 bytes,    3241568 total
[2025-01-29T16:58:25.224+0000][7][gc,age      ] GC(14) - age   5:     410936 bytes,    3652504 total
[2025-01-29T16:58:25.224+0000][7][gc,age      ] GC(14) - age   6:     293480 bytes,    3945984 total
[2025-01-29T16:58:25.224+0000][7][gc,age      ] GC(14) - age   7:     254744 bytes,    4200728 total
[2025-01-29T16:58:25.224+0000][7][gc,age      ] GC(14) - age   8:    1234352 bytes,    5435080 total
[2025-01-29T16:58:25.224+0000][7][gc,age      ] GC(14) - age   9:    1482480 bytes,    6917560 total
[2025-01-29T16:58:25.224+0000][7][gc,age      ] GC(14) - age  10:    1881664 bytes,    8799224 total
[2025-01-29T16:58:25.224+0000][7][gc,phases   ] GC(14)   Pre Evacuate Collection Set: 0.1ms
[2025-01-29T16:58:25.224+0000][7][gc,phases   ] GC(14)   Merge Heap Roots: 0.1ms
[2025-01-29T16:58:25.224+0000][7][gc,phases   ] GC(14)   Evacuate Collection Set: 11.1ms
[2025-01-29T16:58:25.224+0000][7][gc,phases   ] GC(14)   Post Evacuate Collection Set: 0.8ms
[2025-01-29T16:58:25.224+0000][7][gc,phases   ] GC(14)   Other: 0.3ms
[2025-01-29T16:58:25.224+0000][7][gc,heap     ] GC(14) Eden regions: 36->0(35)
[2025-01-29T16:58:25.224+0000][7][gc,heap     ] GC(14) Survivor regions: 2->3(5)
[2025-01-29T16:58:25.224+0000][7][gc,heap     ] GC(14) Old regions: 3->3
[2025-01-29T16:58:25.224+0000][7][gc,heap     ] GC(14) Archive regions: 2->2
[2025-01-29T16:58:25.224+0000][7][gc,heap     ] GC(14) Humongous regions: 0->0
[2025-01-29T16:58:25.224+0000][7][gc,metaspace] GC(14) Metaspace: 20223K(21680K)->20223K(21680K) NonClass: 17749K(18864K)->17749K(18864K) Class: 2473K(2816K)->2473K(2816K)
[2025-01-29T16:58:25.224+0000][7][gc          ] GC(14) Pause Young (Normal) (G1 Evacuation Pause) 165M->22M(256M) 12.517ms
[2025-01-29T16:58:25.224+0000][7][gc,cpu      ] GC(14) User=0.03s Sys=0.00s Real=0.01s
[2025-01-29T16:58:25.224+0000][7][safepoint   ] Safepoint "G1CollectForAllocation", Time since last: 381244180 ns, Reaching safepoint: 172110 ns, At safepoint: 12618794 ns, Total: 12790904 ns
[2025-01-29T16:58:26.225+0000][7][safepoint   ] Safepoint "Cleanup", Time since last: 1000107208 ns, Reaching safepoint: 489485 ns, At safepoint: 54408 ns, Total: 543893 ns
[2025-01-29T16:58:27.226+0000][7][safepoint   ] Safepoint "Cleanup", Time since last: 1000370634 ns, Reaching safepoint: 416628 ns, At safepoint: 25460 ns, Total: 442088 ns
[2025-01-29T16:58:28.226+0000][7][safepoint   ] Safepoint "Cleanup", Time since last: 1000283282 ns, Reaching safepoint: 246204 ns, At safepoint: 31812 ns, Total: 278016 ns
[2025-01-29T16:58:28.403+0000][7][gc,start    ] GC(15) Pause Young (Normal) (G1 Evacuation Pause)
[2025-01-29T16:58:28.403+0000][7][gc,task     ] GC(15) Using 6 workers of 8 for evacuation
[2025-01-29T16:58:28.403+0000][7][gc,age      ] GC(15) Desired survivor size 10485760 bytes, new threshold 15 (max threshold 15)
[2025-01-29T16:58:28.429+0000][7][gc,age      ] GC(15) Age table with threshold 15 (max threshold 15)
[2025-01-29T16:58:28.429+0000][7][gc,age      ] GC(15) - age   1:   12595504 bytes,   12595504 total
[2025-01-29T16:58:28.429+0000][7][gc,age      ] GC(15) - age   2:     370080 bytes,   12965584 total
[2025-01-29T16:58:28.429+0000][7][gc,age      ] GC(15) - age   3:     507408 bytes,   13472992 total
[2025-01-29T16:58:28.429+0000][7][gc,age      ] GC(15) - age   4:      35184 bytes,   13508176 total
[2025-01-29T16:58:28.429+0000][7][gc,age      ] GC(15) - age   5:    1725488 bytes,   15233664 total
[2025-01-29T16:58:28.429+0000][7][gc,age      ] GC(15) - age   6:     410376 bytes,   15644040 total
[2025-01-29T16:58:28.429+0000][7][gc,age      ] GC(15) - age   7:     292952 bytes,   15936992 total
[2025-01-29T16:58:28.429+0000][7][gc,age      ] GC(15) - age   8:     247728 bytes,   16184720 total
[2025-01-29T16:58:28.429+0000][7][gc,age      ] GC(15) - age   9:    1231504 bytes,   17416224 total
[2025-01-29T16:58:28.429+0000][7][gc,age      ] GC(15) - age  10:    1478816 bytes,   18895040 total
[2025-01-29T16:58:28.429+0000][7][gc,age      ] GC(15) - age  11:    1874344 bytes,   20769384 total
[2025-01-29T16:58:28.429+0000][7][gc,phases   ] GC(15)   Pre Evacuate Collection Set: 0.1ms
[2025-01-29T16:58:28.429+0000][7][gc,phases   ] GC(15)   Merge Heap Roots: 0.1ms
[2025-01-29T16:58:28.429+0000][7][gc,phases   ] GC(15)   Evacuate Collection Set: 23.9ms
[2025-01-29T16:58:28.429+0000][7][gc,phases   ] GC(15)   Post Evacuate Collection Set: 1.8ms
[2025-01-29T16:58:28.429+0000][7][gc,phases   ] GC(15)   Other: 0.4ms
[2025-01-29T16:58:28.429+0000][7][gc,heap     ] GC(15) Eden regions: 35->0(33)
[2025-01-29T16:58:28.429+0000][7][gc,heap     ] GC(15) Survivor regions: 3->5(5)
[2025-01-29T16:58:28.429+0000][7][gc,heap     ] GC(15) Old regions: 3->3
[2025-01-29T16:58:28.429+0000][7][gc,heap     ] GC(15) Archive regions: 2->2
[2025-01-29T16:58:28.429+0000][7][gc,heap     ] GC(15) Humongous regions: 0->0
[2025-01-29T16:58:28.429+0000][7][gc,metaspace] GC(15) Metaspace: 29930K(31920K)->29930K(31920K) NonClass: 26189K(27568K)->26189K(27568K) Class: 3741K(4352K)->3741K(4352K)
[2025-01-29T16:58:28.429+0000][7][gc          ] GC(15) Pause Young (Normal) (G1 Evacuation Pause) 162M->35M(256M) 26.219ms
[2025-01-29T16:58:28.429+0000][7][gc,cpu      ] GC(15) User=0.11s Sys=0.00s Real=0.03s
[2025-01-29T16:58:28.429+0000][7][safepoint   ] Safepoint "G1CollectForAllocation", Time since last: 175935136 ns, Reaching safepoint: 187545 ns, At safepoint: 26343368 ns, Total: 26530913 ns
[2025-01-29T16:58:29.429+0000][7][safepoint   ] Safepoint "Cleanup", Time since last: 1000136014 ns, Reaching safepoint: 212364 ns, At safepoint: 7449 ns, Total: 219813 ns
[2025-01-29T16:58:30.119+0000][7][gc,start    ] GC(16) Pause Young (Normal) (G1 Evacuation Pause)
[2025-01-29T16:58:30.119+0000][7][gc,task     ] GC(16) Using 6 workers of 8 for evacuation
[2025-01-29T16:58:30.119+0000][7][gc,age      ] GC(16) Desired survivor size 10485760 bytes, new threshold 1 (max threshold 15)
[2025-01-29T16:58:30.194+0000][7][gc,age      ] GC(16) Age table with threshold 1 (max threshold 15)
[2025-01-29T16:58:30.194+0000][7][gc,age      ] GC(16) - age   1:   16719688 bytes,   16719688 total
[2025-01-29T16:58:30.194+0000][7][gc,phases   ] GC(16)   Pre Evacuate Collection Set: 0.1ms
[2025-01-29T16:58:30.194+0000][7][gc,phases   ] GC(16)   Merge Heap Roots: 0.1ms
[2025-01-29T16:58:30.194+0000][7][gc,phases   ] GC(16)   Evacuate Collection Set: 72.4ms
[2025-01-29T16:58:30.194+0000][7][gc,phases   ] GC(16)   Post Evacuate Collection Set: 1.8ms
[2025-01-29T16:58:30.194+0000][7][gc,phases   ] GC(16)   Other: 0.3ms
[2025-01-29T16:58:30.194+0000][7][gc,heap     ] GC(16) Eden regions: 33->0(32)
[2025-01-29T16:58:30.194+0000][7][gc,heap     ] GC(16) Survivor regions: 5->5(5)
[2025-01-29T16:58:30.194+0000][7][gc,heap     ] GC(16) Old regions: 3->8
[2025-01-29T16:58:30.194+0000][7][gc,heap     ] GC(16) Archive regions: 2->2
[2025-01-29T16:58:30.194+0000][7][gc,heap     ] GC(16) Humongous regions: 0->0
[2025-01-29T16:58:30.194+0000][7][gc,metaspace] GC(16) Metaspace: 29972K(31920K)->29972K(31920K) NonClass: 26228K(27568K)->26228K(27568K) Class: 3743K(4352K)->3743K(4352K)
[2025-01-29T16:58:30.194+0000][7][gc          ] GC(16) Pause Young (Normal) (G1 Evacuation Pause) 167M->52M(256M) 74.762ms
[2025-01-29T16:58:30.194+0000][7][gc,cpu      ] GC(16) User=0.20s Sys=0.03s Real=0.07s
[2025-01-29T16:58:30.194+0000][7][safepoint   ] Safepoint "G1CollectForAllocation", Time since last: 689818839 ns, Reaching safepoint: 130489 ns, At safepoint: 74885592 ns, Total: 75016081 ns
[2025-01-29T16:58:30.948+0000][7][gc,start    ] GC(17) Pause Young (Concurrent Start) (Metadata GC Threshold)
[2025-01-29T16:58:30.948+0000][7][gc,task     ] GC(17) Using 6 workers of 8 for evacuation
[2025-01-29T16:58:30.948+0000][7][gc,age      ] GC(17) Desired survivor size 10485760 bytes, new threshold 1 (max threshold 15)
[2025-01-29T16:58:30.974+0000][7][gc,age      ] GC(17) Age table with threshold 1 (max threshold 15)
[2025-01-29T16:58:30.974+0000][7][gc,age      ] GC(17) - age   1:    7825144 bytes,    7825144 total
[2025-01-29T16:58:30.974+0000][7][gc,phases   ] GC(17)   Pre Evacuate Collection Set: 0.2ms
[2025-01-29T16:58:30.974+0000][7][gc,phases   ] GC(17)   Merge Heap Roots: 0.0ms
[2025-01-29T16:58:30.974+0000][7][gc,phases   ] GC(17)   Evacuate Collection Set: 24.5ms
[2025-01-29T16:58:30.974+0000][7][gc,phases   ] GC(17)   Post Evacuate Collection Set: 0.8ms
[2025-01-29T16:58:30.974+0000][7][gc,phases   ] GC(17)   Other: 0.3ms
[2025-01-29T16:58:30.974+0000][7][gc,heap     ] GC(17) Eden regions: 13->0(28)
[2025-01-29T16:58:30.974+0000][7][gc,heap     ] GC(17) Survivor regions: 5->3(5)
[2025-01-29T16:58:30.974+0000][7][gc,heap     ] GC(17) Old regions: 8->12
[2025-01-29T16:58:30.974+0000][7][gc,heap     ] GC(17) Archive regions: 2->2
[2025-01-29T16:58:30.974+0000][7][gc,heap     ] GC(17) Humongous regions: 0->0
[2025-01-29T16:58:30.974+0000][7][gc,metaspace] GC(17) Metaspace: 33795K(35888K)->33795K(35888K) NonClass: 29426K(30896K)->29426K(30896K) Class: 4368K(4992K)->4368K(4992K)
[2025-01-29T16:58:30.974+0000][7][gc          ] GC(17) Pause Young (Concurrent Start) (Metadata GC Threshold) 103M->60M(256M) 25.790ms
[2025-01-29T16:58:30.974+0000][7][gc,cpu      ] GC(17) User=0.10s Sys=0.00s Real=0.03s
[2025-01-29T16:58:30.974+0000][7][gc          ] GC(18) Concurrent Cycle
[2025-01-29T16:58:30.974+0000][7][gc,marking  ] GC(18) Concurrent Clear Claimed Marks
[2025-01-29T16:58:30.974+0000][7][gc,marking  ] GC(18) Concurrent Clear Claimed Marks 0.092ms
[2025-01-29T16:58:30.974+0000][7][gc,marking  ] GC(18) Concurrent Scan Root Regions
[2025-01-29T16:58:30.974+0000][7][safepoint   ] Safepoint "CollectForMetadataAllocation", Time since last: 753464831 ns, Reaching safepoint: 277325 ns, At safepoint: 26171834 ns, Total: 26449159 ns
[2025-01-29T16:58:30.988+0000][7][gc,marking  ] GC(18) Concurrent Scan Root Regions 13.710ms
[2025-01-29T16:58:30.988+0000][7][gc,marking  ] GC(18) Concurrent Mark (25.803s)
[2025-01-29T16:58:30.988+0000][7][gc,marking  ] GC(18) Concurrent Mark From Roots
[2025-01-29T16:58:30.988+0000][7][gc,task     ] GC(18) Using 2 workers of 2 for marking
[2025-01-29T16:58:31.008+0000][7][safepoint   ] Safepoint "CollectForMetadataAllocation", Time since last: 32884354 ns, Reaching safepoint: 350280 ns, At safepoint: 596437 ns, Total: 946717 ns
[2025-01-29T16:58:31.032+0000][7][gc,marking  ] GC(18) Concurrent Mark From Roots 44.350ms
[2025-01-29T16:58:31.032+0000][7][gc,marking  ] GC(18) Concurrent Preclean
[2025-01-29T16:58:31.032+0000][7][gc,marking  ] GC(18) Concurrent Preclean 0.136ms
[2025-01-29T16:58:31.032+0000][7][gc,marking  ] GC(18) Concurrent Mark (25.803s, 25.848s) 44.566ms
[2025-01-29T16:58:31.035+0000][7][gc,start    ] GC(18) Pause Remark
[2025-01-29T16:58:31.037+0000][7][gc          ] GC(18) Pause Remark 62M->62M(256M) 2.447ms
[2025-01-29T16:58:31.037+0000][7][gc,cpu      ] GC(18) User=0.01s Sys=0.00s Real=0.00s
[2025-01-29T16:58:31.037+0000][7][safepoint   ] Safepoint "G1Concurrent", Time since last: 24462944 ns, Reaching safepoint: 2414558 ns, At safepoint: 2569548 ns, Total: 4984106 ns
[2025-01-29T16:58:31.037+0000][7][gc,marking  ] GC(18) Concurrent Rebuild Remembered Sets
[2025-01-29T16:58:31.078+0000][7][gc,marking  ] GC(18) Concurrent Rebuild Remembered Sets 40.799ms
[2025-01-29T16:58:31.079+0000][7][gc,start    ] GC(18) Pause Cleanup
[2025-01-29T16:58:31.079+0000][7][gc          ] GC(18) Pause Cleanup 64M->64M(256M) 0.224ms
[2025-01-29T16:58:31.079+0000][7][gc,cpu      ] GC(18) User=0.00s Sys=0.00s Real=0.00s
[2025-01-29T16:58:31.079+0000][7][safepoint   ] Safepoint "G1Concurrent", Time since last: 41051126 ns, Reaching safepoint: 735981 ns, At safepoint: 322023 ns, Total: 1058004 ns
[2025-01-29T16:58:31.080+0000][7][gc,marking  ] GC(18) Concurrent Cleanup for Next Mark
[2025-01-29T16:58:31.080+0000][7][gc,marking  ] GC(18) Concurrent Cleanup for Next Mark 0.561ms
[2025-01-29T16:58:31.080+0000][7][gc          ] GC(18) Concurrent Cycle 106.604ms
[2025-01-29T16:58:31.391+0000][7][gc,start    ] GC(19) Pause Young (Concurrent Start) (G1 Evacuation Pause)
[2025-01-29T16:58:31.391+0000][7][gc,task     ] GC(19) Using 6 workers of 8 for evacuation
[2025-01-29T16:58:31.391+0000][7][gc,age      ] GC(19) Desired survivor size 8388608 bytes, new threshold 15 (max threshold 15)
[2025-01-29T16:58:31.399+0000][7][gc,age      ] GC(19) Age table with threshold 15 (max threshold 15)
[2025-01-29T16:58:31.399+0000][7][gc,age      ] GC(19) - age   1:     791016 bytes,     791016 total
[2025-01-29T16:58:31.400+0000][7][gc,age      ] GC(19) - age   2:    7694016 bytes,    8485032 total
[2025-01-29T16:58:31.400+0000][7][gc,phases   ] GC(19)   Pre Evacuate Collection Set: 0.2ms
[2025-01-29T16:58:31.400+0000][7][gc,phases   ] GC(19)   Merge Heap Roots: 0.1ms
[2025-01-29T16:58:31.400+0000][7][gc,phases   ] GC(19)   Evacuate Collection Set: 6.5ms
[2025-01-29T16:58:31.400+0000][7][gc,phases   ] GC(19)   Post Evacuate Collection Set: 1.0ms
[2025-01-29T16:58:31.400+0000][7][gc,phases   ] GC(19)   Other: 1.0ms
[2025-01-29T16:58:31.400+0000][7][gc,heap     ] GC(19) Eden regions: 28->0(29)
[2025-01-29T16:58:31.400+0000][7][gc,heap     ] GC(19) Survivor regions: 3->3(4)
[2025-01-29T16:58:31.400+0000][7][gc,heap     ] GC(19) Old regions: 12->12
[2025-01-29T16:58:31.400+0000][7][gc,heap     ] GC(19) Archive regions: 2->2
[2025-01-29T16:58:31.400+0000][7][gc,heap     ] GC(19) Humongous regions: 0->0
[2025-01-29T16:58:31.400+0000][7][gc,metaspace] GC(19) Metaspace: 35939K(38172K)->35939K(38172K) NonClass: 31357K(32944K)->31357K(32944K) Class: 4581K(5228K)->4581K(5228K)
[2025-01-29T16:58:31.400+0000][7][gc          ] GC(19) Pause Young (Concurrent Start) (G1 Evacuation Pause) 172M->60M(256M) 8.928ms
[2025-01-29T16:58:31.400+0000][7][gc,cpu      ] GC(19) User=0.03s Sys=0.02s Real=0.01s
[2025-01-29T16:58:31.400+0000][7][gc          ] GC(20) Concurrent Cycle
[2025-01-29T16:58:31.400+0000][7][gc,marking  ] GC(20) Concurrent Clear Claimed Marks
[2025-01-29T16:58:31.400+0000][7][gc,marking  ] GC(20) Concurrent Clear Claimed Marks 0.088ms
[2025-01-29T16:58:31.400+0000][7][gc,marking  ] GC(20) Concurrent Scan Root Regions
[2025-01-29T16:58:31.401+0000][7][safepoint   ] Safepoint "G1CollectForAllocation", Time since last: 311399444 ns, Reaching safepoint: 271781 ns, At safepoint: 9600176 ns, Total: 9871957 ns
[2025-01-29T16:58:31.406+0000][7][gc,marking  ] GC(20) Concurrent Scan Root Regions 5.490ms
[2025-01-29T16:58:31.406+0000][7][gc,marking  ] GC(20) Concurrent Mark (26.222s)
[2025-01-29T16:58:31.406+0000][7][gc,marking  ] GC(20) Concurrent Mark From Roots
[2025-01-29T16:58:31.406+0000][7][gc,task     ] GC(20) Using 2 workers of 2 for marking
[2025-01-29T16:58:31.486+0000][7][gc,marking  ] GC(20) Concurrent Mark From Roots 79.769ms
[2025-01-29T16:58:31.486+0000][7][gc,marking  ] GC(20) Concurrent Preclean
[2025-01-29T16:58:31.486+0000][7][gc,marking  ] GC(20) Concurrent Preclean 0.144ms
[2025-01-29T16:58:31.486+0000][7][gc,marking  ] GC(20) Concurrent Mark (26.222s, 26.302s) 79.986ms
[2025-01-29T16:58:31.486+0000][7][gc,start    ] GC(20) Pause Remark
[2025-01-29T16:58:31.491+0000][7][gc          ] GC(20) Pause Remark 64M->64M(256M) 4.588ms
[2025-01-29T16:58:31.491+0000][7][gc,cpu      ] GC(20) User=0.01s Sys=0.00s Real=0.01s
[2025-01-29T16:58:31.491+0000][7][safepoint   ] Safepoint "G1Concurrent", Time since last: 85375649 ns, Reaching safepoint: 236237 ns, At safepoint: 4790234 ns, Total: 5026471 ns
[2025-01-29T16:58:31.491+0000][7][gc,marking  ] GC(20) Concurrent Rebuild Remembered Sets
[2025-01-29T16:58:31.542+0000][7][gc,marking  ] GC(20) Concurrent Rebuild Remembered Sets 50.850ms
[2025-01-29T16:58:31.542+0000][7][gc,start    ] GC(20) Pause Cleanup
[2025-01-29T16:58:31.543+0000][7][gc          ] GC(20) Pause Cleanup 66M->66M(256M) 0.149ms
[2025-01-29T16:58:31.543+0000][7][gc,cpu      ] GC(20) User=0.00s Sys=0.00s Real=0.00s
[2025-01-29T16:58:31.543+0000][7][safepoint   ] Safepoint "G1Concurrent", Time since last: 51028036 ns, Reaching safepoint: 231712 ns, At safepoint: 780120 ns, Total: 1011832 ns
[2025-01-29T16:58:31.543+0000][7][gc,marking  ] GC(20) Concurrent Cleanup for Next Mark
[2025-01-29T16:58:31.544+0000][7][gc,marking  ] GC(20) Concurrent Cleanup for Next Mark 0.337ms
[2025-01-29T16:58:31.544+0000][7][gc          ] GC(20) Concurrent Cycle 143.219ms
[2025-01-29T16:58:32.544+0000][7][safepoint   ] Safepoint "Cleanup", Time since last: 1000354840 ns, Reaching safepoint: 403905 ns, At safepoint: 38127 ns, Total: 442032 ns
[2025-01-29T16:58:33.545+0000][7][safepoint   ] Safepoint "Cleanup", Time since last: 1001109203 ns, Reaching safepoint: 431214 ns, At safepoint: 6425 ns, Total: 437639 ns
[2025-01-29T16:58:34.482+0000][7][safepoint   ] Safepoint "ICBufferFull", Time since last: 935756386 ns, Reaching safepoint: 778666 ns, At safepoint: 121554 ns, Total: 900220 ns
[2025-01-29T16:58:34.595+0000][7][gc,start    ] GC(21) Pause Young (Normal) (G1 Evacuation Pause)
[2025-01-29T16:58:34.595+0000][7][gc,task     ] GC(21) Using 6 workers of 8 for evacuation
[2025-01-29T16:58:34.595+0000][7][gc,age      ] GC(21) Desired survivor size 8388608 bytes, new threshold 2 (max threshold 15)
[2025-01-29T16:58:34.633+0000][7][gc,age      ] GC(21) Age table with threshold 2 (max threshold 15)
[2025-01-29T16:58:34.633+0000][7][gc,age      ] GC(21) - age   1:    5775480 bytes,    5775480 total
[2025-01-29T16:58:34.633+0000][7][gc,age      ] GC(21) - age   2:     707080 bytes,    6482560 total
[2025-01-29T16:58:34.633+0000][7][gc,phases   ] GC(21)   Pre Evacuate Collection Set: 0.1ms
[2025-01-29T16:58:34.633+0000][7][gc,phases   ] GC(21)   Merge Heap Roots: 0.1ms
[2025-01-29T16:58:34.633+0000][7][gc,phases   ] GC(21)   Evacuate Collection Set: 36.6ms
[2025-01-29T16:58:34.633+0000][7][gc,phases   ] GC(21)   Post Evacuate Collection Set: 1.6ms
[2025-01-29T16:58:34.633+0000][7][gc,phases   ] GC(21)   Other: 0.3ms
[2025-01-29T16:58:34.633+0000][7][gc,heap     ] GC(21) Eden regions: 29->0(29)
[2025-01-29T16:58:34.633+0000][7][gc,heap     ] GC(21) Survivor regions: 3->2(4)
[2025-01-29T16:58:34.633+0000][7][gc,heap     ] GC(21) Old regions: 12->14
[2025-01-29T16:58:34.633+0000][7][gc,heap     ] GC(21) Archive regions: 2->2
[2025-01-29T16:58:34.633+0000][7][gc,heap     ] GC(21) Humongous regions: 0->0
[2025-01-29T16:58:34.633+0000][7][gc,metaspace] GC(21) Metaspace: 51778K(54812K)->51778K(54812K) NonClass: 44849K(47024K)->44849K(47024K) Class: 6928K(7788K)->6928K(7788K)
[2025-01-29T16:58:34.633+0000][7][gc          ] GC(21) Pause Young (Normal) (G1 Evacuation Pause) 176M->66M(256M) 38.772ms
[2025-01-29T16:58:34.633+0000][7][gc,cpu      ] GC(21) User=0.11s Sys=0.00s Real=0.04s
[2025-01-29T16:58:34.634+0000][7][safepoint   ] Safepoint "G1CollectForAllocation", Time since last: 112278176 ns, Reaching safepoint: 171411 ns, At safepoint: 39359768 ns, Total: 39531179 ns
[2025-01-29T16:58:35.642+0000][7][safepoint   ] Safepoint "Cleanup", Time since last: 1007876404 ns, Reaching safepoint: 393628 ns, At safepoint: 111281 ns, Total: 504909 ns
[2025-01-29T16:58:36.672+0000][7][safepoint   ] Safepoint "Cleanup", Time since last: 1005229712 ns, Reaching safepoint: 24491490 ns, At safepoint: 19743 ns, Total: 24511233 ns
[2025-01-29T16:58:37.688+0000][7][safepoint   ] Safepoint "Cleanup", Time since last: 1003583583 ns, Reaching safepoint: 12535235 ns, At safepoint: 56972 ns, Total: 12592207 ns
[2025-01-29T16:58:37.837+0000][7][safepoint   ] Safepoint "ICBufferFull", Time since last: 146052749 ns, Reaching safepoint: 900246 ns, At safepoint: 1506563 ns, Total: 2406809 ns
[2025-01-29T16:58:38.319+0000][7][gc,start    ] GC(22) Pause Young (Normal) (G1 Evacuation Pause)
[2025-01-29T16:58:38.319+0000][7][gc,task     ] GC(22) Using 6 workers of 8 for evacuation
[2025-01-29T16:58:38.319+0000][7][gc,age      ] GC(22) Desired survivor size 8388608 bytes, new threshold 15 (max threshold 15)
[2025-01-29T16:58:38.368+0000][7][gc,age      ] GC(22) Age table with threshold 15 (max threshold 15)
[2025-01-29T16:58:38.368+0000][7][gc,age      ] GC(22) - age   1:    4430424 bytes,    4430424 total
[2025-01-29T16:58:38.368+0000][7][gc,age      ] GC(22) - age   2:    5604832 bytes,   10035256 total
[2025-01-29T16:58:38.368+0000][7][gc,age      ] GC(22) - age   3:     706904 bytes,   10742160 total
[2025-01-29T16:58:38.368+0000][7][gc,phases   ] GC(22)   Pre Evacuate Collection Set: 0.5ms
[2025-01-29T16:58:38.368+0000][7][gc,phases   ] GC(22)   Merge Heap Roots: 7.0ms
[2025-01-29T16:58:38.368+0000][7][gc,phases   ] GC(22)   Evacuate Collection Set: 38.6ms
[2025-01-29T16:58:38.368+0000][7][gc,phases   ] GC(22)   Post Evacuate Collection Set: 3.3ms
[2025-01-29T16:58:38.368+0000][7][gc,phases   ] GC(22)   Other: 0.4ms
[2025-01-29T16:58:38.368+0000][7][gc,heap     ] GC(22) Eden regions: 29->0(29)
[2025-01-29T16:58:38.368+0000][7][gc,heap     ] GC(22) Survivor regions: 2->3(4)
[2025-01-29T16:58:38.368+0000][7][gc,heap     ] GC(22) Old regions: 14->14
[2025-01-29T16:58:38.368+0000][7][gc,heap     ] GC(22) Archive regions: 2->2
[2025-01-29T16:58:38.368+0000][7][gc,heap     ] GC(22) Humongous regions: 0->0
[2025-01-29T16:58:38.368+0000][7][gc,metaspace] GC(22) Metaspace: 58096K(61468K)->58096K(61468K) NonClass: 50487K(52912K)->50487K(52912K) Class: 7609K(8556K)->7609K(8556K)
[2025-01-29T16:58:38.368+0000][7][gc          ] GC(22) Pause Young (Normal) (G1 Evacuation Pause) 182M->70M(256M) 49.821ms
[2025-01-29T16:58:38.368+0000][7][gc,cpu      ] GC(22) User=0.14s Sys=0.02s Real=0.05s
[2025-01-29T16:58:38.368+0000][7][safepoint   ] Safepoint "G1CollectForAllocation", Time since last: 480748839 ns, Reaching safepoint: 1076966 ns, At safepoint: 49922677 ns, Total: 50999643 ns
[2025-01-29T16:58:38.950+0000][7][gc,start    ] GC(23) Pause Young (Concurrent Start) (Metadata GC Threshold)
[2025-01-29T16:58:38.951+0000][7][gc,task     ] GC(23) Using 6 workers of 8 for evacuation
[2025-01-29T16:58:38.951+0000][7][gc,age      ] GC(23) Desired survivor size 8388608 bytes, new threshold 2 (max threshold 15)
[2025-01-29T16:58:38.978+0000][7][gc,age      ] GC(23) Age table with threshold 2 (max threshold 15)
[2025-01-29T16:58:38.978+0000][7][gc,age      ] GC(23) - age   1:    1519552 bytes,    1519552 total
[2025-01-29T16:58:38.978+0000][7][gc,age      ] GC(23) - age   2:    4345120 bytes,    5864672 total
[2025-01-29T16:58:38.978+0000][7][gc,phases   ] GC(23)   Pre Evacuate Collection Set: 0.2ms
[2025-01-29T16:58:38.978+0000][7][gc,phases   ] GC(23)   Merge Heap Roots: 0.1ms
[2025-01-29T16:58:38.978+0000][7][gc,phases   ] GC(23)   Evacuate Collection Set: 24.8ms
[2025-01-29T16:58:38.978+0000][7][gc,phases   ] GC(23)   Post Evacuate Collection Set: 1.7ms
[2025-01-29T16:58:38.978+0000][7][gc,phases   ] GC(23)   Other: 0.5ms
[2025-01-29T16:58:38.978+0000][7][gc,heap     ] GC(23) Eden regions: 5->0(26)
[2025-01-29T16:58:38.978+0000][7][gc,heap     ] GC(23) Survivor regions: 3->2(4)
[2025-01-29T16:58:38.978+0000][7][gc,heap     ] GC(23) Old regions: 14->16
[2025-01-29T16:58:38.978+0000][7][gc,heap     ] GC(23) Archive regions: 2->2
[2025-01-29T16:58:38.978+0000][7][gc,heap     ] GC(23) Humongous regions: 0->0
[2025-01-29T16:58:38.978+0000][7][gc,metaspace] GC(23) Metaspace: 60979K(64048K)->60979K(64048K) NonClass: 52947K(55108K)->52947K(55108K) Class: 8031K(8940K)->8031K(8940K)
[2025-01-29T16:58:38.978+0000][7][gc          ] GC(23) Pause Young (Concurrent Start) (Metadata GC Threshold) 90M->72M(256M) 27.452ms
[2025-01-29T16:58:38.978+0000][7][gc,cpu      ] GC(23) User=0.15s Sys=0.01s Real=0.03s
[2025-01-29T16:58:38.978+0000][7][gc          ] GC(24) Concurrent Cycle
[2025-01-29T16:58:38.978+0000][7][gc,marking  ] GC(24) Concurrent Clear Claimed Marks
[2025-01-29T16:58:38.978+0000][7][gc,marking  ] GC(24) Concurrent Clear Claimed Marks 0.107ms
[2025-01-29T16:58:38.978+0000][7][gc,marking  ] GC(24) Concurrent Scan Root Regions
[2025-01-29T16:58:38.978+0000][7][safepoint   ] Safepoint "CollectForMetadataAllocation", Time since last: 587013040 ns, Reaching safepoint: 461842 ns, At safepoint: 27943960 ns, Total: 28405802 ns
[2025-01-29T16:58:38.992+0000][7][gc,marking  ] GC(24) Concurrent Scan Root Regions 13.343ms
[2025-01-29T16:58:38.992+0000][7][gc,marking  ] GC(24) Concurrent Mark (33.813s)
[2025-01-29T16:58:38.992+0000][7][gc,marking  ] GC(24) Concurrent Mark From Roots
[2025-01-29T16:58:38.992+0000][7][gc,task     ] GC(24) Using 2 workers of 2 for marking
[2025-01-29T16:58:39.048+0000][7][safepoint   ] Safepoint "CollectForMetadataAllocation", Time since last: 67647179 ns, Reaching safepoint: 1517509 ns, At safepoint: 236396 ns, Total: 1753905 ns
[2025-01-29T16:58:39.137+0000][7][gc,marking  ] GC(24) Concurrent Mark From Roots 144.910ms
[2025-01-29T16:58:39.137+0000][7][gc,marking  ] GC(24) Concurrent Preclean
[2025-01-29T16:58:39.137+0000][7][gc,marking  ] GC(24) Concurrent Preclean 0.367ms
[2025-01-29T16:58:39.137+0000][7][gc,marking  ] GC(24) Concurrent Mark (33.813s, 33.958s) 145.373ms
[2025-01-29T16:58:39.137+0000][7][gc,start    ] GC(24) Pause Remark
[2025-01-29T16:58:39.142+0000][7][gc          ] GC(24) Pause Remark 80M->80M(256M) 5.124ms
[2025-01-29T16:58:39.142+0000][7][gc,cpu      ] GC(24) User=0.01s Sys=0.00s Real=0.00s
[2025-01-29T16:58:39.142+0000][7][safepoint   ] Safepoint "G1Concurrent", Time since last: 89308887 ns, Reaching safepoint: 149583 ns, At safepoint: 5279083 ns, Total: 5428666 ns
[2025-01-29T16:58:39.143+0000][7][gc,marking  ] GC(24) Concurrent Rebuild Remembered Sets
[2025-01-29T16:58:39.209+0000][7][gc,marking  ] GC(24) Concurrent Rebuild Remembered Sets 66.430ms
[2025-01-29T16:58:39.210+0000][7][gc,start    ] GC(24) Pause Cleanup
[2025-01-29T16:58:39.210+0000][7][gc          ] GC(24) Pause Cleanup 82M->82M(256M) 0.176ms
[2025-01-29T16:58:39.210+0000][7][gc,cpu      ] GC(24) User=0.00s Sys=0.00s Real=0.00s
[2025-01-29T16:58:39.210+0000][7][safepoint   ] Safepoint "G1Concurrent", Time since last: 66620211 ns, Reaching safepoint: 1109412 ns, At safepoint: 274964 ns, Total: 1384376 ns
[2025-01-29T16:58:39.211+0000][7][gc,marking  ] GC(24) Concurrent Cleanup for Next Mark
[2025-01-29T16:58:39.211+0000][7][gc,marking  ] GC(24) Concurrent Cleanup for Next Mark 0.652ms
[2025-01-29T16:58:39.211+0000][7][gc          ] GC(24) Concurrent Cycle 233.253ms
[2025-01-29T16:58:40.212+0000][7][safepoint   ] Safepoint "Cleanup", Time since last: 1000134979 ns, Reaching safepoint: 1565394 ns, At safepoint: 52365 ns, Total: 1617759 ns
[2025-01-29T16:58:42.117+0000][7][safepoint   ] Safepoint "Cleanup", Time since last: 1902602267 ns, Reaching safepoint: 1821614 ns, At safepoint: 15663 ns, Total: 1837277 ns
[2025-01-29T16:58:42.904+0000][7][gc,start    ] GC(25) Pause Young (Concurrent Start) (G1 Evacuation Pause)
[2025-01-29T16:58:42.904+0000][7][gc,task     ] GC(25) Using 6 workers of 8 for evacuation
[2025-01-29T16:58:42.904+0000][7][gc,age      ] GC(25) Desired survivor size 8388608 bytes, new threshold 15 (max threshold 15)
[2025-01-29T16:58:42.981+0000][7][gc,age      ] GC(25) Age table with threshold 15 (max threshold 15)
[2025-01-29T16:58:42.981+0000][7][gc,age      ] GC(25) - age   1:    5644640 bytes,    5644640 total
[2025-01-29T16:58:42.981+0000][7][gc,age      ] GC(25) - age   2:    1486728 bytes,    7131368 total
[2025-01-29T16:58:42.981+0000][7][gc,age      ] GC(25) - age   3:    4316952 bytes,   11448320 total
[2025-01-29T16:58:42.989+0000][7][gc,phases   ] GC(25)   Pre Evacuate Collection Set: 0.2ms
[2025-01-29T16:58:42.989+0000][7][gc,phases   ] GC(25)   Merge Heap Roots: 0.2ms
[2025-01-29T16:58:42.989+0000][7][gc,phases   ] GC(25)   Evacuate Collection Set: 48.5ms
[2025-01-29T16:58:42.989+0000][7][gc,phases   ] GC(25)   Post Evacuate Collection Set: 28.2ms
[2025-01-29T16:58:42.989+0000][7][gc,phases   ] GC(25)   Other: 7.9ms
[2025-01-29T16:58:42.989+0000][7][gc,heap     ] GC(25) Eden regions: 26->0(26)
[2025-01-29T16:58:42.989+0000][7][gc,heap     ] GC(25) Survivor regions: 2->3(4)
[2025-01-29T16:58:42.989+0000][7][gc,heap     ] GC(25) Old regions: 16->16
[2025-01-29T16:58:42.989+0000][7][gc,heap     ] GC(25) Archive regions: 2->2
[2025-01-29T16:58:42.989+0000][7][gc,heap     ] GC(25) Humongous regions: 0->0
[2025-01-29T16:58:42.989+0000][7][gc,metaspace] GC(25) Metaspace: 76667K(80328K)->76667K(80328K) NonClass: 66372K(68932K)->66372K(68932K) Class: 10294K(11396K)->10294K(11396K)
[2025-01-29T16:58:42.989+0000][7][gc          ] GC(25) Pause Young (Concurrent Start) (G1 Evacuation Pause) 176M->77M(256M) 85.409ms
[2025-01-29T16:58:42.989+0000][7][gc,cpu      ] GC(25) User=0.17s Sys=0.02s Real=0.09s
[2025-01-29T16:58:42.989+0000][7][safepoint   ] Safepoint "G1CollectForAllocation", Time since last: 786863619 ns, Reaching safepoint: 151582 ns, At safepoint: 85584694 ns, Total: 85736276 ns
[2025-01-29T16:58:42.989+0000][7][gc          ] GC(26) Concurrent Cycle
[2025-01-29T16:58:42.989+0000][7][gc,marking  ] GC(26) Concurrent Clear Claimed Marks
[2025-01-29T16:58:42.998+0000][7][gc,marking  ] GC(26) Concurrent Clear Claimed Marks 8.807ms
[2025-01-29T16:58:42.998+0000][7][gc,marking  ] GC(26) Concurrent Scan Root Regions
[2025-01-29T16:58:43.012+0000][7][gc,marking  ] GC(26) Concurrent Scan Root Regions 14.028ms
[2025-01-29T16:58:43.012+0000][7][gc,marking  ] GC(26) Concurrent Mark (37.833s)
[2025-01-29T16:58:43.012+0000][7][gc,marking  ] GC(26) Concurrent Mark From Roots
[2025-01-29T16:58:43.012+0000][7][gc,task     ] GC(26) Using 2 workers of 2 for marking
[2025-01-29T16:58:43.282+0000][7][gc,marking  ] GC(26) Concurrent Mark From Roots 269.503ms
[2025-01-29T16:58:43.282+0000][7][gc,marking  ] GC(26) Concurrent Preclean
[2025-01-29T16:58:43.282+0000][7][gc,marking  ] GC(26) Concurrent Preclean 0.257ms
[2025-01-29T16:58:43.282+0000][7][gc,marking  ] GC(26) Concurrent Mark (37.833s, 38.103s) 269.916ms
[2025-01-29T16:58:43.283+0000][7][gc,start    ] GC(26) Pause Remark
[2025-01-29T16:58:43.303+0000][7][gc          ] GC(26) Pause Remark 83M->83M(256M) 19.462ms
[2025-01-29T16:58:43.303+0000][7][gc,cpu      ] GC(26) User=0.03s Sys=0.01s Real=0.02s
[2025-01-29T16:58:43.303+0000][7][safepoint   ] Safepoint "G1Concurrent", Time since last: 293088001 ns, Reaching safepoint: 1040006 ns, At safepoint: 19631576 ns, Total: 20671582 ns
[2025-01-29T16:58:43.304+0000][7][gc,marking  ] GC(26) Concurrent Rebuild Remembered Sets
[2025-01-29T16:58:43.445+0000][7][gc,marking  ] GC(26) Concurrent Rebuild Remembered Sets 141.343ms
[2025-01-29T16:58:43.446+0000][7][gc,start    ] GC(26) Pause Cleanup
[2025-01-29T16:58:43.447+0000][7][gc          ] GC(26) Pause Cleanup 87M->87M(256M) 0.283ms
[2025-01-29T16:58:43.447+0000][7][gc,cpu      ] GC(26) User=0.00s Sys=0.00s Real=0.00s
[2025-01-29T16:58:43.447+0000][7][safepoint   ] Safepoint "G1Concurrent", Time since last: 142474881 ns, Reaching safepoint: 708190 ns, At safepoint: 398845 ns, Total: 1107035 ns
[2025-01-29T16:58:43.448+0000][7][gc,marking  ] GC(26) Concurrent Cleanup for Next Mark
[2025-01-29T16:58:43.449+0000][7][gc,marking  ] GC(26) Concurrent Cleanup for Next Mark 1.074ms
[2025-01-29T16:58:43.449+0000][7][gc          ] GC(26) Concurrent Cycle 459.783ms
[2025-01-29T16:58:44.449+0000][7][safepoint   ] Safepoint "Cleanup", Time since last: 1002132013 ns, Reaching safepoint: 333500 ns, At safepoint: 46864 ns, Total: 380364 ns
[2025-01-29T16:58:45.583+0000][7][safepoint   ] Safepoint "ICBufferFull", Time since last: 1133060946 ns, Reaching safepoint: 365489 ns, At safepoint: 29136 ns, Total: 394625 ns
[2025-01-29T16:58:46.684+0000][7][safepoint   ] Safepoint "ICBufferFull", Time since last: 1101285454 ns, Reaching safepoint: 315889 ns, At safepoint: 8930 ns, Total: 324819 ns
[2025-01-29T16:58:47.093+0000][7][gc,start    ] GC(27) Pause Young (Concurrent Start) (G1 Humongous Allocation)
[2025-01-29T16:58:47.093+0000][7][gc,task     ] GC(27) Using 6 workers of 8 for evacuation
[2025-01-29T16:58:47.094+0000][7][gc,age      ] GC(27) Desired survivor size 8388608 bytes, new threshold 3 (max threshold 15)
[2025-01-29T16:58:47.127+0000][7][gc,age      ] GC(27) Age table with threshold 3 (max threshold 15)
[2025-01-29T16:58:47.128+0000][7][gc,age      ] GC(27) - age   1:    5377616 bytes,    5377616 total
[2025-01-29T16:58:47.128+0000][7][gc,age      ] GC(27) - age   2:    5068056 bytes,   10445672 total
[2025-01-29T16:58:47.128+0000][7][gc,age      ] GC(27) - age   3:    1477264 bytes,   11922936 total
[2025-01-29T16:58:47.128+0000][7][gc,phases   ] GC(27)   Pre Evacuate Collection Set: 0.3ms
[2025-01-29T16:58:47.128+0000][7][gc,phases   ] GC(27)   Merge Heap Roots: 0.2ms
[2025-01-29T16:58:47.128+0000][7][gc,phases   ] GC(27)   Evacuate Collection Set: 29.7ms
[2025-01-29T16:58:47.128+0000][7][gc,phases   ] GC(27)   Post Evacuate Collection Set: 3.7ms
[2025-01-29T16:58:47.128+0000][7][gc,phases   ] GC(27)   Other: 0.5ms
[2025-01-29T16:58:47.128+0000][7][gc,heap     ] GC(27) Eden regions: 23->0(25)
[2025-01-29T16:58:47.128+0000][7][gc,heap     ] GC(27) Survivor regions: 3->3(4)
[2025-01-29T16:58:47.128+0000][7][gc,heap     ] GC(27) Old regions: 16->17
[2025-01-29T16:58:47.128+0000][7][gc,heap     ] GC(27) Archive regions: 2->2
[2025-01-29T16:58:47.128+0000][7][gc,heap     ] GC(27) Humongous regions: 1->1
[2025-01-29T16:58:47.128+0000][7][gc,metaspace] GC(27) Metaspace: 89444K(93768K)->89444K(93768K) NonClass: 77299K(80452K)->77299K(80452K) Class: 12145K(13316K)->12145K(13316K)
[2025-01-29T16:58:47.128+0000][7][gc          ] GC(27) Pause Young (Concurrent Start) (G1 Humongous Allocation) 173M->85M(256M) 34.702ms
[2025-01-29T16:58:47.128+0000][7][gc,cpu      ] GC(27) User=0.13s Sys=0.03s Real=0.04s
[2025-01-29T16:58:47.128+0000][7][safepoint   ] Safepoint "G1TryInitiateConcMark", Time since last: 408903371 ns, Reaching safepoint: 250683 ns, At safepoint: 34914812 ns, Total: 35165495 ns
[2025-01-29T16:58:47.129+0000][7][gc          ] GC(28) Concurrent Cycle
[2025-01-29T16:58:47.129+0000][7][gc,marking  ] GC(28) Concurrent Clear Claimed Marks
[2025-01-29T16:58:47.130+0000][7][gc,marking  ] GC(28) Concurrent Clear Claimed Marks 0.452ms
[2025-01-29T16:58:47.130+0000][7][gc,marking  ] GC(28) Concurrent Scan Root Regions
[2025-01-29T16:58:47.152+0000][7][gc,marking  ] GC(28) Concurrent Scan Root Regions 22.480ms
[2025-01-29T16:58:47.152+0000][7][gc,marking  ] GC(28) Concurrent Mark (41.973s)
[2025-01-29T16:58:47.152+0000][7][gc,marking  ] GC(28) Concurrent Mark From Roots
[2025-01-29T16:58:47.152+0000][7][gc,task     ] GC(28) Using 2 workers of 2 for marking
[2025-01-29T16:58:47.383+0000][7][gc,marking  ] GC(28) Concurrent Mark From Roots 230.870ms
[2025-01-29T16:58:47.383+0000][7][gc,marking  ] GC(28) Concurrent Preclean
[2025-01-29T16:58:47.384+0000][7][gc,marking  ] GC(28) Concurrent Preclean 0.189ms
[2025-01-29T16:58:47.384+0000][7][gc,marking  ] GC(28) Concurrent Mark (41.973s, 42.205s) 231.156ms
[2025-01-29T16:58:47.390+0000][7][gc,start    ] GC(28) Pause Remark
[2025-01-29T16:58:47.400+0000][7][gc          ] GC(28) Pause Remark 93M->93M(256M) 10.017ms
[2025-01-29T16:58:47.400+0000][7][gc,cpu      ] GC(28) User=0.03s Sys=0.00s Real=0.01s
[2025-01-29T16:58:47.400+0000][7][safepoint   ] Safepoint "G1Concurrent", Time since last: 256739875 ns, Reaching safepoint: 5141637 ns, At safepoint: 10296045 ns, Total: 15437682 ns
[2025-01-29T16:58:47.407+0000][7][gc,marking  ] GC(28) Concurrent Rebuild Remembered Sets
[2025-01-29T16:58:47.521+0000][7][gc,marking  ] GC(28) Concurrent Rebuild Remembered Sets 113.935ms
[2025-01-29T16:58:47.533+0000][7][gc,start    ] GC(28) Pause Cleanup
[2025-01-29T16:58:47.534+0000][7][gc          ] GC(28) Pause Cleanup 94M->94M(256M) 0.204ms
[2025-01-29T16:58:47.534+0000][7][gc,cpu      ] GC(28) User=0.00s Sys=0.00s Real=0.00s
[2025-01-29T16:58:47.534+0000][7][safepoint   ] Safepoint "G1Concurrent", Time since last: 120407877 ns, Reaching safepoint: 12404199 ns, At safepoint: 296945 ns, Total: 12701144 ns
[2025-01-29T16:58:47.534+0000][7][gc,marking  ] GC(28) Concurrent Cleanup for Next Mark
[2025-01-29T16:58:47.534+0000][7][gc,marking  ] GC(28) Concurrent Cleanup for Next Mark 0.537ms
[2025-01-29T16:58:47.534+0000][7][gc          ] GC(28) Concurrent Cycle 405.022ms
[2025-01-29T16:58:48.534+0000][7][safepoint   ] Safepoint "Cleanup", Time since last: 1000125778 ns, Reaching safepoint: 577094 ns, At safepoint: 54745 ns, Total: 631839 ns
[2025-01-29T16:58:49.537+0000][7][safepoint   ] Safepoint "Cleanup", Time since last: 1001999517 ns, Reaching safepoint: 276211 ns, At safepoint: 11465 ns, Total: 287676 ns
[2025-01-29T16:58:50.537+0000][7][safepoint   ] Safepoint "Cleanup", Time since last: 1000445528 ns, Reaching safepoint: 199130 ns, At safepoint: 4530 ns, Total: 203660 ns
[2025-01-29T16:58:51.538+0000][7][safepoint   ] Safepoint "Cleanup", Time since last: 1000193802 ns, Reaching safepoint: 182083 ns, At safepoint: 2707 ns, Total: 184790 ns
[2025-01-29T16:58:54.538+0000][7][safepoint   ] Safepoint "Cleanup", Time since last: 3000447053 ns, Reaching safepoint: 176372 ns, At safepoint: 11097 ns, Total: 187469 ns
[2025-01-29T16:58:55.539+0000][7][safepoint   ] Safepoint "Cleanup", Time since last: 1000196731 ns, Reaching safepoint: 275897 ns, At safepoint: 16814 ns, Total: 292711 ns
[2025-01-29T16:58:56.555+0000][7][safepoint   ] Safepoint "Cleanup", Time since last: 1015752638 ns, Reaching safepoint: 252442 ns, At safepoint: 54545 ns, Total: 306987 ns
[2025-01-29T16:58:58.178+0000][7][safepoint   ] Safepoint "Cleanup", Time since last: 1621963629 ns, Reaching safepoint: 737110 ns, At safepoint: 56448 ns, Total: 793558 ns
[2025-01-29T16:58:59.178+0000][7][safepoint   ] Safepoint "Cleanup", Time since last: 1000440650 ns, Reaching safepoint: 256243 ns, At safepoint: 28295 ns, Total: 284538 ns
[2025-01-29T16:59:09.192+0000][7][safepoint   ] Safepoint "Cleanup", Time since last: 10014080208 ns, Reaching safepoint: 294993 ns, At safepoint: 23896 ns, Total: 318889 ns
[2025-01-29T16:59:10.192+0000][7][safepoint   ] Safepoint "Cleanup", Time since last: 1000338268 ns, Reaching safepoint: 281617 ns, At safepoint: 30421 ns, Total: 312038 ns
[2025-01-29T16:59:11.193+0000][7][safepoint   ] Safepoint "Cleanup", Time since last: 1000234634 ns, Reaching safepoint: 329569 ns, At safepoint: 26965 ns, Total: 356534 ns
[2025-01-29T16:59:14.194+0000][7][safepoint   ] Safepoint "Cleanup", Time since last: 3000496610 ns, Reaching safepoint: 507873 ns, At safepoint: 96450 ns, Total: 604323 ns
[2025-01-29T16:59:15.194+0000][7][safepoint   ] Safepoint "Cleanup", Time since last: 1000216542 ns, Reaching safepoint: 284078 ns, At safepoint: 36281 ns, Total: 320359 ns
[2025-01-29T16:59:16.195+0000][7][safepoint   ] Safepoint "Cleanup", Time since last: 1000285209 ns, Reaching safepoint: 265438 ns, At safepoint: 27451 ns, Total: 292889 ns
[2025-01-29T16:59:18.196+0000][7][safepoint   ] Safepoint "Cleanup", Time since last: 2000385382 ns, Reaching safepoint: 347310 ns, At safepoint: 21539 ns, Total: 368849 ns
[2025-01-29T16:59:24.198+0000][7][safepoint   ] Safepoint "Cleanup", Time since last: 6001210595 ns, Reaching safepoint: 571896 ns, At safepoint: 123970 ns, Total: 695866 ns
[2025-01-29T16:59:25.199+0000][7][safepoint   ] Safepoint "Cleanup", Time since last: 1000568325 ns, Reaching safepoint: 575394 ns, At safepoint: 104597 ns, Total: 679991 ns
[2025-01-29T16:59:26.200+0000][7][safepoint   ] Safepoint "Cleanup", Time since last: 1000225612 ns, Reaching safepoint: 373279 ns, At safepoint: 54480 ns, Total: 427759 ns
[2025-01-29T16:59:27.201+0000][7][safepoint   ] Safepoint "Cleanup", Time since last: 1000227542 ns, Reaching safepoint: 534788 ns, At safepoint: 106397 ns, Total: 641185 ns
[2025-01-29T16:59:28.202+0000][7][safepoint   ] Safepoint "Cleanup", Time since last: 1000323809 ns, Reaching safepoint: 632972 ns, At safepoint: 135572 ns, Total: 768544 ns
[2025-01-29T16:59:32.203+0000][7][safepoint   ] Safepoint "Cleanup", Time since last: 4000917530 ns, Reaching safepoint: 400821 ns, At safepoint: 38163 ns, Total: 438984 ns
[2025-01-29T16:59:33.203+0000][7][safepoint   ] Safepoint "Cleanup", Time since last: 1000176868 ns, Reaching safepoint: 258229 ns, At safepoint: 24601 ns, Total: 282830 ns
[2025-01-29T16:59:37.215+0000][7][safepoint   ] Safepoint "Cleanup", Time since last: 4011346843 ns, Reaching safepoint: 401759 ns, At safepoint: 34280 ns, Total: 436039 ns
[2025-01-29T16:59:38.216+0000][7][safepoint   ] Safepoint "Cleanup", Time since last: 1000290199 ns, Reaching safepoint: 423015 ns, At safepoint: 75034 ns, Total: 498049 ns
[2025-01-29T16:59:39.216+0000][7][safepoint   ] Safepoint "Cleanup", Time since last: 1000389967 ns, Reaching safepoint: 392906 ns, At safepoint: 57398 ns, Total: 450304 ns
[2025-01-29T16:59:41.218+0000][7][safepoint   ] Safepoint "Cleanup", Time since last: 2000485264 ns, Reaching safepoint: 675294 ns, At safepoint: 74274 ns, Total: 749568 ns
[2025-01-29T16:59:44.219+0000][7][safepoint   ] Safepoint "Cleanup", Time since last: 3000497109 ns, Reaching safepoint: 335058 ns, At safepoint: 38205 ns, Total: 373263 ns
[2025-01-29T16:59:46.219+0000][7][safepoint   ] Safepoint "Cleanup", Time since last: 2000369886 ns, Reaching safepoint: 385226 ns, At safepoint: 33117 ns, Total: 418343 ns
[2025-01-29T16:59:47.220+0000][7][safepoint   ] Safepoint "Cleanup", Time since last: 1000234407 ns, Reaching safepoint: 566107 ns, At safepoint: 67011 ns, Total: 633118 ns
[2025-01-29T16:59:48.221+0000][7][safepoint   ] Safepoint "Cleanup", Time since last: 1000267224 ns, Reaching safepoint: 543349 ns, At safepoint: 67622 ns, Total: 610971 ns
[2025-01-29T16:59:49.222+0000][7][safepoint   ] Safepoint "Cleanup", Time since last: 1000409014 ns, Reaching safepoint: 321938 ns, At safepoint: 28398 ns, Total: 350336 ns
[2025-01-29T16:59:50.223+0000][7][safepoint   ] Safepoint "Cleanup", Time since last: 1000294106 ns, Reaching safepoint: 489112 ns, At safepoint: 63917 ns, Total: 553029 ns
[2025-01-29T16:59:59.225+0000][7][safepoint   ] Safepoint "Cleanup", Time since last: 9001341769 ns, Reaching safepoint: 588148 ns, At safepoint: 62535 ns, Total: 650683 ns
[2025-01-29T17:00:02.226+0000][7][safepoint   ] Safepoint "Cleanup", Time since last: 3000622755 ns, Reaching safepoint: 217295 ns, At safepoint: 25121 ns, Total: 242416 ns
[2025-01-29T17:00:05.227+0000][7][safepoint   ] Safepoint "Cleanup", Time since last: 3000588263 ns, Reaching safepoint: 655758 ns, At safepoint: 69208 ns, Total: 724966 ns
[2025-01-29T17:00:06.227+0000][7][safepoint   ] Safepoint "Cleanup", Time since last: 1000196759 ns, Reaching safepoint: 213301 ns, At safepoint: 25879 ns, Total: 239180 ns
[2025-01-29T17:00:09.228+0000][7][safepoint   ] Safepoint "Cleanup", Time since last: 3000610410 ns, Reaching safepoint: 524031 ns, At safepoint: 50703 ns, Total: 574734 ns
[2025-01-29T17:00:10.229+0000][7][safepoint   ] Safepoint "Cleanup", Time since last: 1000197272 ns, Reaching safepoint: 433063 ns, At safepoint: 49963 ns, Total: 483026 ns
[2025-01-29T17:00:15.230+0000][7][safepoint   ] Safepoint "Cleanup", Time since last: 5001020923 ns, Reaching safepoint: 274734 ns, At safepoint: 40407 ns, Total: 315141 ns
[2025-01-29T17:00:16.231+0000][7][safepoint   ] Safepoint "Cleanup", Time since last: 1000170445 ns, Reaching safepoint: 188555 ns, At safepoint: 32230 ns, Total: 220785 ns
[2025-01-29T17:00:18.232+0000][7][safepoint   ] Safepoint "Cleanup", Time since last: 2000454264 ns, Reaching safepoint: 638333 ns, At safepoint: 80526 ns, Total: 718859 ns
[2025-01-29T17:00:20.233+0000][7][safepoint   ] Safepoint "Cleanup", Time since last: 2000416190 ns, Reaching safepoint: 428111 ns, At safepoint: 52427 ns, Total: 480538 ns
[2025-01-29T17:00:28.235+0000][7][safepoint   ] Safepoint "Cleanup", Time since last: 8001610607 ns, Reaching safepoint: 604004 ns, At safepoint: 70999 ns, Total: 675003 ns
[2025-01-29T17:00:29.236+0000][7][safepoint   ] Safepoint "Cleanup", Time since last: 1000231122 ns, Reaching safepoint: 301075 ns, At safepoint: 31773 ns, Total: 332848 ns
[2025-01-29T17:00:30.236+0000][7][safepoint   ] Safepoint "Cleanup", Time since last: 1000186054 ns, Reaching safepoint: 281841 ns, At safepoint: 30273 ns, Total: 312114 ns
[2025-01-29T17:00:32.237+0000][7][safepoint   ] Safepoint "Cleanup", Time since last: 2000317667 ns, Reaching safepoint: 355218 ns, At safepoint: 35942 ns, Total: 391160 ns
[2025-01-29T17:00:35.238+0000][7][safepoint   ] Safepoint "Cleanup", Time since last: 3000592251 ns, Reaching safepoint: 200910 ns, At safepoint: 8456 ns, Total: 209366 ns
[2025-01-29T17:00:40.239+0000][7][safepoint   ] Safepoint "Cleanup", Time since last: 5000869852 ns, Reaching safepoint: 647408 ns, At safepoint: 41175 ns, Total: 688583 ns
[2025-01-29T17:00:45.241+0000][7][safepoint   ] Safepoint "Cleanup", Time since last: 5000964793 ns, Reaching safepoint: 643823 ns, At safepoint: 82458 ns, Total: 726281 ns
[2025-01-29T17:00:48.242+0000][7][safepoint   ] Safepoint "Cleanup", Time since last: 3000680038 ns, Reaching safepoint: 389791 ns, At safepoint: 41225 ns, Total: 431016 ns
[2025-01-29T17:00:52.243+0000][7][safepoint   ] Safepoint "Cleanup", Time since last: 4000725721 ns, Reaching safepoint: 368415 ns, At safepoint: 43750 ns, Total: 412165 ns
[2025-01-29T17:00:54.244+0000][7][safepoint   ] Safepoint "Cleanup", Time since last: 2000406733 ns, Reaching safepoint: 318308 ns, At safepoint: 30692 ns, Total: 349000 ns
[2025-01-29T17:00:55.244+0000][7][safepoint   ] Safepoint "Cleanup", Time since last: 1000219115 ns, Reaching safepoint: 260824 ns, At safepoint: 27594 ns, Total: 288418 ns
[2025-01-29T17:01:01.251+0000][7][safepoint   ] Safepoint "Cleanup", Time since last: 6006888032 ns, Reaching safepoint: 366581 ns, At safepoint: 44393 ns, Total: 410974 ns
[2025-01-29T17:01:05.252+0000][7][safepoint   ] Safepoint "Cleanup", Time since last: 4000506820 ns, Reaching safepoint: 339900 ns, At safepoint: 39539 ns, Total: 379439 ns
[2025-01-29T17:01:09.258+0000][7][safepoint   ] Safepoint "Cleanup", Time since last: 4006167618 ns, Reaching safepoint: 289730 ns, At safepoint: 33292 ns, Total: 323022 ns
[2025-01-29T17:01:16.261+0000][7][safepoint   ] Safepoint "Cleanup", Time since last: 7001578438 ns, Reaching safepoint: 439585 ns, At safepoint: 33590 ns, Total: 473175 ns
[2025-01-29T17:01:18.261+0000][7][safepoint   ] Safepoint "Cleanup", Time since last: 2000300167 ns, Reaching safepoint: 247988 ns, At safepoint: 22804 ns, Total: 270792 ns
[2025-01-29T17:01:22.262+0000][7][safepoint   ] Safepoint "Cleanup", Time since last: 4000752236 ns, Reaching safepoint: 235136 ns, At safepoint: 31052 ns, Total: 266188 ns
[2025-01-29T17:01:24.263+0000][7][safepoint   ] Safepoint "Cleanup", Time since last: 2000363381 ns, Reaching safepoint: 249254 ns, At safepoint: 31329 ns, Total: 280583 ns
[2025-01-29T17:01:26.263+0000][7][safepoint   ] Safepoint "Cleanup", Time since last: 2000294269 ns, Reaching safepoint: 278222 ns, At safepoint: 32198 ns, Total: 310420 ns
[2025-01-29T17:01:31.094+0000][7][gc,start    ] GC(29) Pause Young (Normal) (G1 Evacuation Pause)
[2025-01-29T17:01:31.094+0000][7][gc,task     ] GC(29) Using 6 workers of 8 for evacuation
[2025-01-29T17:01:31.094+0000][7][gc,age      ] GC(29) Desired survivor size 8388608 bytes, new threshold 2 (max threshold 15)
[2025-01-29T17:01:31.113+0000][7][gc,age      ] GC(29) Age table with threshold 2 (max threshold 15)
[2025-01-29T17:01:31.113+0000][7][gc,age      ] GC(29) - age   1:    2617752 bytes,    2617752 total
[2025-01-29T17:01:31.113+0000][7][gc,age      ] GC(29) - age   2:    5186936 bytes,    7804688 total
[2025-01-29T17:01:31.113+0000][7][gc,phases   ] GC(29)   Pre Evacuate Collection Set: 0.2ms
[2025-01-29T17:01:31.113+0000][7][gc,phases   ] GC(29)   Merge Heap Roots: 0.2ms
[2025-01-29T17:01:31.113+0000][7][gc,phases   ] GC(29)   Evacuate Collection Set: 14.4ms
[2025-01-29T17:01:31.113+0000][7][gc,phases   ] GC(29)   Post Evacuate Collection Set: 3.6ms
[2025-01-29T17:01:31.113+0000][7][gc,phases   ] GC(29)   Other: 0.7ms
[2025-01-29T17:01:31.113+0000][7][gc,heap     ] GC(29) Eden regions: 25->0(23)
[2025-01-29T17:01:31.113+0000][7][gc,heap     ] GC(29) Survivor regions: 3->3(4)
[2025-01-29T17:01:31.113+0000][7][gc,heap     ] GC(29) Old regions: 17->19
[2025-01-29T17:01:31.113+0000][7][gc,heap     ] GC(29) Archive regions: 2->2
[2025-01-29T17:01:31.113+0000][7][gc,heap     ] GC(29) Humongous regions: 2->2
[2025-01-29T17:01:31.113+0000][7][gc,metaspace] GC(29) Metaspace: 95472K(99656K)->95472K(99656K) NonClass: 82480K(85572K)->82480K(85572K) Class: 12992K(14084K)->12992K(14084K)
[2025-01-29T17:01:31.113+0000][7][gc          ] GC(29) Pause Young (Normal) (G1 Evacuation Pause) 189M->93M(256M) 19.110ms
[2025-01-29T17:01:31.113+0000][7][gc,cpu      ] GC(29) User=0.08s Sys=0.00s Real=0.02s
[2025-01-29T17:01:31.113+0000][7][safepoint   ] Safepoint "G1CollectForAllocation", Time since last: 4830227520 ns, Reaching safepoint: 231251 ns, At safepoint: 19354526 ns, Total: 19585777 ns
