[2025-01-29T16:23:53.216+0000][169][gc] Using G1
[2025-01-29T16:23:53.219+0000][169][gc,init] Version: 15.0.1+9 (release)
[2025-01-29T16:23:53.219+0000][169][gc,init] CPUs: 8 total, 8 available
[2025-01-29T16:23:53.219+0000][169][gc,init] Memory: 15868M
[2025-01-29T16:23:53.220+0000][169][gc,init] Large Page Support: Disabled
[2025-01-29T16:23:53.220+0000][169][gc,init] NUMA Support: Disabled
[2025-01-29T16:23:53.220+0000][169][gc,init] Compressed Oops: Enabled (32-bit)
[2025-01-29T16:23:53.220+0000][169][gc,init] Heap Region Size: 1M
[2025-01-29T16:23:53.220+0000][169][gc,init] Heap Min Capacity: 256M
[2025-01-29T16:23:53.220+0000][169][gc,init] Heap Initial Capacity: 256M
[2025-01-29T16:23:53.220+0000][169][gc,init] Heap Max Capacity: 256M
[2025-01-29T16:23:53.220+0000][169][gc,init] Pre-touch: Disabled
[2025-01-29T16:23:53.220+0000][169][gc,init] Parallel Workers: 8
[2025-01-29T16:23:53.220+0000][169][gc,init] Concurrent Workers: 2
[2025-01-29T16:23:53.220+0000][169][gc,init] Concurrent Refinement Workers: 8
[2025-01-29T16:23:53.220+0000][169][gc,init] Periodic GC: Disabled
[2025-01-29T16:23:53.220+0000][169][gc,metaspace] CDS disabled.
[2025-01-29T16:23:53.220+0000][169][gc,metaspace] Compressed class space mapped at: 0x0000000100000000-0x0000000140000000, size: 1073741824
[2025-01-29T16:23:53.220+0000][169][gc,metaspace] Narrow klass base: 0x0000000000000000, Narrow klass shift: 3, Narrow klass range: 0x140000000
[2025-01-29T16:23:53.381+0000][169][gc,heap,exit] Heap
[2025-01-29T16:23:53.381+0000][169][gc,heap,exit]  garbage-first heap   total 262144K, used 1024K [0x00000000f0000000, 0x0000000100000000)
[2025-01-29T16:23:53.381+0000][169][gc,heap,exit]   region size 1024K, 2 young (2048K), 0 survivors (0K)
[2025-01-29T16:23:53.381+0000][169][gc,heap,exit]  Metaspace       used 3403K, capacity 4480K, committed 4480K, reserved 1056768K
[2025-01-29T16:23:53.381+0000][169][gc,heap,exit]   class space    used 278K, capacity 384K, committed 384K, reserved 1048576K
